[2022-04-27T05:05:17.282+0000][0.145s] Heap region size: 1M
[2022-04-27T05:05:17.475+0000][0.338s] Using G1
[2022-04-27T05:05:17.475+0000][0.339s] Heap address: 0x00000000e0000000, size: 512 MB, Compressed Oops mode: 32-bit
[2022-04-27T05:05:17.476+0000][0.340s] Mark closed archive regions in map: [0x00000000fff00000, 0x00000000fff63ff8]
[2022-04-27T05:05:17.477+0000][0.340s] Mark open archive regions in map: [0x00000000ffe00000, 0x00000000ffe41ff8]
[2022-04-27T05:05:30.874+0000][13.738s] GC(0) Pause Young (Normal) (G1 Evacuation Pause)
[2022-04-27T05:05:30.876+0000][13.740s] GC(0) Using 8 workers of 8 for evacuation
[2022-04-27T05:05:30.889+0000][13.753s] GC(0)   Pre Evacuate Collection Set: 0.0ms
[2022-04-27T05:05:30.889+0000][13.753s] GC(0)   Evacuate Collection Set: 9.0ms
[2022-04-27T05:05:30.890+0000][13.754s] GC(0)   Post Evacuate Collection Set: 2.8ms
[2022-04-27T05:05:30.890+0000][13.754s] GC(0)   Other: 3.0ms
[2022-04-27T05:05:30.891+0000][13.754s] GC(0) Eden regions: 30->0(303)
[2022-04-27T05:05:30.891+0000][13.754s] GC(0) Survivor regions: 0->4(4)
[2022-04-27T05:05:30.891+0000][13.755s] GC(0) Old regions: 2->2
[2022-04-27T05:05:30.891+0000][13.755s] GC(0) Humongous regions: 0->0
[2022-04-27T05:05:30.892+0000][13.755s] GC(0) Metaspace: 9263K->9263K(1058816K)
[2022-04-27T05:05:30.892+0000][13.756s] GC(0) Pause Young (Normal) (G1 Evacuation Pause) 30M->4M(512M) 17.769ms
[2022-04-27T05:05:30.892+0000][13.756s] GC(0) User=0.08s Sys=0.00s Real=0.02s
[2022-04-27T05:05:37.752+0000][20.616s] GC(1) Pause Young (Concurrent Start) (Metadata GC Threshold)
[2022-04-27T05:05:37.752+0000][20.616s] GC(1) Using 8 workers of 8 for evacuation
[2022-04-27T05:05:37.768+0000][20.632s] GC(1)   Pre Evacuate Collection Set: 0.1ms
[2022-04-27T05:05:37.769+0000][20.632s] GC(1)   Evacuate Collection Set: 13.4ms
[2022-04-27T05:05:37.769+0000][20.633s] GC(1)   Post Evacuate Collection Set: 1.7ms
[2022-04-27T05:05:37.770+0000][20.633s] GC(1)   Other: 1.1ms
[2022-04-27T05:05:37.770+0000][20.634s] GC(1) Eden regions: 84->0(78)
[2022-04-27T05:05:37.771+0000][20.634s] GC(1) Survivor regions: 4->20(39)
[2022-04-27T05:05:37.771+0000][20.635s] GC(1) Old regions: 2->2
[2022-04-27T05:05:37.771+0000][20.635s] GC(1) Humongous regions: 4->4
[2022-04-27T05:05:37.772+0000][20.635s] GC(1) Metaspace: 20478K->20478K(1069056K)
[2022-04-27T05:05:37.772+0000][20.636s] GC(1) Pause Young (Concurrent Start) (Metadata GC Threshold) 91M->24M(512M) 20.054ms
[2022-04-27T05:05:37.772+0000][20.636s] GC(1) User=0.08s Sys=0.00s Real=0.02s
[2022-04-27T05:05:37.773+0000][20.637s] GC(2) Concurrent Cycle
[2022-04-27T05:05:37.773+0000][20.637s] GC(2) Concurrent Clear Claimed Marks
[2022-04-27T05:05:37.773+0000][20.637s] GC(2) Concurrent Clear Claimed Marks 0.253ms
[2022-04-27T05:05:37.774+0000][20.637s] GC(2) Concurrent Scan Root Regions
[2022-04-27T05:05:37.783+0000][20.646s] GC(2) Concurrent Scan Root Regions 8.714ms
[2022-04-27T05:05:37.783+0000][20.647s] GC(2) Concurrent Mark (20.647s)
[2022-04-27T05:05:37.783+0000][20.647s] GC(2) Concurrent Mark From Roots
[2022-04-27T05:05:37.784+0000][20.647s] GC(2) Using 2 workers of 2 for marking
[2022-04-27T05:05:37.793+0000][20.656s] GC(2) Concurrent Mark From Roots 9.310ms
[2022-04-27T05:05:37.793+0000][20.657s] GC(2) Concurrent Preclean
[2022-04-27T05:05:37.794+0000][20.657s] GC(2) Concurrent Preclean 0.504ms
[2022-04-27T05:05:37.794+0000][20.658s] GC(2) Concurrent Mark (20.647s, 20.658s) 10.954ms
[2022-04-27T05:05:37.795+0000][20.658s] GC(2) Pause Remark
[2022-04-27T05:05:37.797+0000][20.661s] GC(2) Cleaned string and symbol table, strings: 9072 processed, 0 removed, symbols: 60457 processed, 39 removed
[2022-04-27T05:05:37.798+0000][20.662s] GC(2) Pause Remark 25M->25M(512M) 3.371ms
[2022-04-27T05:05:37.798+0000][20.662s] GC(2) User=0.01s Sys=0.00s Real=0.00s
[2022-04-27T05:05:37.799+0000][20.663s] GC(2) Concurrent Rebuild Remembered Sets
[2022-04-27T05:05:37.802+0000][20.665s] GC(2) Concurrent Rebuild Remembered Sets 2.665ms
[2022-04-27T05:05:37.811+0000][20.675s] GC(2) Pause Cleanup
[2022-04-27T05:05:37.812+0000][20.675s] GC(2) Pause Cleanup 25M->25M(512M) 0.783ms
[2022-04-27T05:05:37.812+0000][20.676s] GC(2) User=0.00s Sys=0.00s Real=0.00s
[2022-04-27T05:05:37.813+0000][20.676s] GC(2) Concurrent Cleanup for Next Mark
[2022-04-27T05:05:37.814+0000][20.678s] GC(2) Concurrent Cleanup for Next Mark 1.554ms
[2022-04-27T05:05:37.815+0000][20.678s] GC(2) Concurrent Cycle 41.727ms
[2022-04-27T05:05:43.327+0000][26.190s] GC(3) Pause Young (Normal) (G1 Evacuation Pause)
[2022-04-27T05:05:43.327+0000][26.191s] GC(3) Using 8 workers of 8 for evacuation
[2022-04-27T05:05:43.339+0000][26.203s] GC(3)   Pre Evacuate Collection Set: 0.0ms
[2022-04-27T05:05:43.340+0000][26.203s] GC(3)   Evacuate Collection Set: 10.3ms
[2022-04-27T05:05:43.340+0000][26.204s] GC(3)   Post Evacuate Collection Set: 1.2ms
[2022-04-27T05:05:43.340+0000][26.204s] GC(3)   Other: 1.2ms
[2022-04-27T05:05:43.341+0000][26.205s] GC(3) Eden regions: 68->0(100)
[2022-04-27T05:05:43.341+0000][26.205s] GC(3) Survivor regions: 20->5(11)
[2022-04-27T05:05:43.342+0000][26.205s] GC(3) Old regions: 2->21
[2022-04-27T05:05:43.342+0000][26.206s] GC(3) Humongous regions: 4->4
[2022-04-27T05:05:43.342+0000][26.206s] GC(3) Metaspace: 27749K->27749K(1075200K)
[2022-04-27T05:05:43.343+0000][26.206s] GC(3) Pause Young (Normal) (G1 Evacuation Pause) 92M->27M(512M) 15.994ms
[2022-04-27T05:05:43.343+0000][26.206s] GC(3) User=0.09s Sys=0.00s Real=0.02s
[2022-04-27T05:05:49.992+0000][32.856s] GC(4) Pause Young (Concurrent Start) (Metadata GC Threshold)
[2022-04-27T05:05:49.993+0000][32.856s] GC(4) Using 8 workers of 8 for evacuation
[2022-04-27T05:05:50.006+0000][32.870s] GC(4)   Pre Evacuate Collection Set: 0.1ms
[2022-04-27T05:05:50.007+0000][32.871s] GC(4)   Evacuate Collection Set: 11.9ms
[2022-04-27T05:05:50.007+0000][32.871s] GC(4)   Post Evacuate Collection Set: 1.2ms
[2022-04-27T05:05:50.008+0000][32.872s] GC(4)   Other: 1.4ms
[2022-04-27T05:05:50.008+0000][32.872s] GC(4) Eden regions: 68->0(132)
[2022-04-27T05:05:50.009+0000][32.872s] GC(4) Survivor regions: 5->6(14)
[2022-04-27T05:05:50.009+0000][32.873s] GC(4) Old regions: 21->21
[2022-04-27T05:05:50.010+0000][32.873s] GC(4) Humongous regions: 4->4
[2022-04-27T05:05:50.010+0000][32.874s] GC(4) Metaspace: 34796K->34796K(1081344K)
[2022-04-27T05:05:50.010+0000][32.874s] GC(4) Pause Young (Concurrent Start) (Metadata GC Threshold) 95M->28M(512M) 18.562ms
[2022-04-27T05:05:50.011+0000][32.874s] GC(4) User=0.07s Sys=0.00s Real=0.02s
[2022-04-27T05:05:50.011+0000][32.875s] GC(5) Concurrent Cycle
[2022-04-27T05:05:50.012+0000][32.875s] GC(5) Concurrent Clear Claimed Marks
[2022-04-27T05:05:50.012+0000][32.875s] GC(5) Concurrent Clear Claimed Marks 0.267ms
[2022-04-27T05:05:50.012+0000][32.876s] GC(5) Concurrent Scan Root Regions
[2022-04-27T05:05:50.016+0000][32.880s] GC(5) Concurrent Scan Root Regions 3.863ms
[2022-04-27T05:05:50.017+0000][32.880s] GC(5) Concurrent Mark (32.880s)
[2022-04-27T05:05:50.017+0000][32.881s] GC(5) Concurrent Mark From Roots
[2022-04-27T05:05:50.017+0000][32.881s] GC(5) Using 2 workers of 2 for marking
[2022-04-27T05:05:50.035+0000][32.899s] GC(5) Concurrent Mark From Roots 18.443ms
[2022-04-27T05:05:50.036+0000][32.899s] GC(5) Concurrent Preclean
[2022-04-27T05:05:50.036+0000][32.900s] GC(5) Concurrent Preclean 0.480ms
[2022-04-27T05:05:50.037+0000][32.900s] GC(5) Concurrent Mark (32.880s, 32.900s) 20.032ms
[2022-04-27T05:05:50.057+0000][32.921s] GC(5) Pause Remark
[2022-04-27T05:05:50.060+0000][32.924s] GC(5) Cleaned string and symbol table, strings: 15861 processed, 27 removed, symbols: 101602 processed, 124 removed
[2022-04-27T05:05:50.061+0000][32.925s] GC(5) Pause Remark 29M->29M(512M) 4.371ms
[2022-04-27T05:05:50.062+0000][32.926s] GC(5) User=0.02s Sys=0.01s Real=0.01s
[2022-04-27T05:05:50.062+0000][32.926s] GC(5) Concurrent Rebuild Remembered Sets
[2022-04-27T05:05:50.070+0000][32.934s] GC(5) Concurrent Rebuild Remembered Sets 7.697ms
[2022-04-27T05:05:50.085+0000][32.949s] GC(5) Pause Cleanup
[2022-04-27T05:05:50.086+0000][32.950s] GC(5) Pause Cleanup 29M->29M(512M) 0.814ms
[2022-04-27T05:05:50.087+0000][32.950s] GC(5) User=0.01s Sys=0.00s Real=0.00s
[2022-04-27T05:05:50.087+0000][32.951s] GC(5) Concurrent Cleanup for Next Mark
[2022-04-27T05:05:50.089+0000][32.953s] GC(5) Concurrent Cleanup for Next Mark 1.786ms
[2022-04-27T05:05:50.089+0000][32.953s] GC(5) Concurrent Cycle 78.202ms
[2022-04-27T05:05:56.090+0000][38.954s] GC(6) Pause Young (Normal) (G1 Evacuation Pause)
[2022-04-27T05:05:56.090+0000][38.954s] GC(6) Using 8 workers of 8 for evacuation
[2022-04-27T05:05:56.099+0000][38.963s] GC(6)   Pre Evacuate Collection Set: 0.0ms
[2022-04-27T05:05:56.099+0000][38.963s] GC(6)   Evacuate Collection Set: 6.6ms
[2022-04-27T05:05:56.100+0000][38.963s] GC(6)   Post Evacuate Collection Set: 1.2ms
[2022-04-27T05:05:56.100+0000][38.964s] GC(6)   Other: 1.1ms
[2022-04-27T05:05:56.100+0000][38.964s] GC(6) Eden regions: 137->0(205)
[2022-04-27T05:05:56.101+0000][38.964s] GC(6) Survivor regions: 6->12(18)
[2022-04-27T05:05:56.101+0000][38.965s] GC(6) Old regions: 21->21
[2022-04-27T05:05:56.101+0000][38.965s] GC(6) Humongous regions: 4->4
[2022-04-27T05:05:56.102+0000][38.965s] GC(6) Metaspace: 43655K->43655K(1089536K)
[2022-04-27T05:05:56.102+0000][38.966s] GC(6) Pause Young (Normal) (G1 Evacuation Pause) 165M->35M(512M) 12.215ms
[2022-04-27T05:05:56.102+0000][38.966s] GC(6) User=0.05s Sys=0.02s Real=0.02s
[2022-04-27T05:06:12.578+0000][55.442s] GC(7) Pause Young (Normal) (G1 Evacuation Pause)
[2022-04-27T05:06:12.578+0000][55.442s] GC(7) Using 8 workers of 8 for evacuation
[2022-04-27T05:06:12.633+0000][55.497s] GC(7)   Pre Evacuate Collection Set: 0.0ms
[2022-04-27T05:06:12.634+0000][55.498s] GC(7)   Evacuate Collection Set: 43.1ms
[2022-04-27T05:06:12.635+0000][55.498s] GC(7)   Post Evacuate Collection Set: 11.3ms
[2022-04-27T05:06:12.635+0000][55.499s] GC(7)   Other: 0.9ms
[2022-04-27T05:06:12.636+0000][55.499s] GC(7) Eden regions: 205->0(260)
[2022-04-27T05:06:12.636+0000][55.499s] GC(7) Survivor regions: 12->21(28)
[2022-04-27T05:06:12.636+0000][55.500s] GC(7) Old regions: 21->21
[2022-04-27T05:06:12.637+0000][55.500s] GC(7) Humongous regions: 4->4
[2022-04-27T05:06:12.637+0000][55.500s] GC(7) Metaspace: 48747K->48747K(1093632K)
[2022-04-27T05:06:12.638+0000][55.502s] GC(7) Pause Young (Normal) (G1 Evacuation Pause) 240M->43M(512M) 60.289ms
[2022-04-27T05:06:12.639+0000][55.502s] GC(7) User=0.36s Sys=0.04s Real=0.06s
[2022-04-27T05:06:20.012+0000][62.876s] GC(8) Pause Young (Normal) (G1 Evacuation Pause)
[2022-04-27T05:06:20.013+0000][62.877s] GC(8) Using 8 workers of 8 for evacuation
[2022-04-27T05:06:20.044+0000][62.908s] GC(8)   Pre Evacuate Collection Set: 0.1ms
[2022-04-27T05:06:20.045+0000][62.908s] GC(8)   Evacuate Collection Set: 19.4ms
[2022-04-27T05:06:20.045+0000][62.909s] GC(8)   Post Evacuate Collection Set: 10.8ms
[2022-04-27T05:06:20.045+0000][62.909s] GC(8)   Other: 1.9ms
[2022-04-27T05:06:20.045+0000][62.909s] GC(8) Eden regions: 260->0(283)
[2022-04-27T05:06:20.046+0000][62.909s] GC(8) Survivor regions: 21->24(36)
[2022-04-27T05:06:20.046+0000][62.910s] GC(8) Old regions: 21->24
[2022-04-27T05:06:20.046+0000][62.910s] GC(8) Humongous regions: 4->4
[2022-04-27T05:06:20.047+0000][62.910s] GC(8) Metaspace: 49407K->49407K(1093632K)
[2022-04-27T05:06:20.047+0000][62.911s] GC(8) Pause Young (Normal) (G1 Evacuation Pause) 303M->49M(512M) 34.579ms
[2022-04-27T05:06:20.047+0000][62.911s] GC(8) User=0.18s Sys=0.00s Real=0.03s
[2022-04-27T05:06:27.879+0000][70.742s] GC(9) Pause Young (Normal) (G1 Evacuation Pause)
[2022-04-27T05:06:27.879+0000][70.743s] GC(9) Using 8 workers of 8 for evacuation
[2022-04-27T05:06:27.898+0000][70.762s] GC(9)   Pre Evacuate Collection Set: 0.0ms
[2022-04-27T05:06:27.899+0000][70.762s] GC(9)   Evacuate Collection Set: 11.1ms
[2022-04-27T05:06:27.899+0000][70.763s] GC(9)   Post Evacuate Collection Set: 7.8ms
[2022-04-27T05:06:27.899+0000][70.763s] GC(9)   Other: 0.7ms
[2022-04-27T05:06:27.899+0000][70.763s] GC(9) Eden regions: 283->0(287)
[2022-04-27T05:06:27.899+0000][70.763s] GC(9) Survivor regions: 24->20(39)
[2022-04-27T05:06:27.900+0000][70.763s] GC(9) Old regions: 24->31
[2022-04-27T05:06:27.900+0000][70.763s] GC(9) Humongous regions: 4->4
[2022-04-27T05:06:27.900+0000][70.764s] GC(9) Metaspace: 50028K->50028K(1095680K)
[2022-04-27T05:06:27.900+0000][70.764s] GC(9) Pause Young (Normal) (G1 Evacuation Pause) 332M->52M(512M) 21.483ms
[2022-04-27T05:06:27.900+0000][70.764s] GC(9) User=0.13s Sys=0.01s Real=0.02s
[2022-04-27T05:06:35.309+0000][78.173s] GC(10) Pause Young (Normal) (G1 Evacuation Pause)
[2022-04-27T05:06:35.310+0000][78.173s] GC(10) Using 8 workers of 8 for evacuation
[2022-04-27T05:06:35.345+0000][78.209s] GC(10)   Pre Evacuate Collection Set: 0.0ms
[2022-04-27T05:06:35.346+0000][78.209s] GC(10)   Evacuate Collection Set: 9.7ms
[2022-04-27T05:06:35.346+0000][78.210s] GC(10)   Post Evacuate Collection Set: 25.4ms
[2022-04-27T05:06:35.347+0000][78.210s] GC(10)   Other: 0.9ms
[2022-04-27T05:06:35.347+0000][78.210s] GC(10) Eden regions: 287->0(288)
[2022-04-27T05:06:35.347+0000][78.211s] GC(10) Survivor regions: 20->19(39)
[2022-04-27T05:06:35.347+0000][78.211s] GC(10) Old regions: 31->31
[2022-04-27T05:06:35.348+0000][78.211s] GC(10) Humongous regions: 4->4
[2022-04-27T05:06:35.348+0000][78.212s] GC(10) Metaspace: 50247K->50247K(1095680K)
[2022-04-27T05:06:35.348+0000][78.212s] GC(10) Pause Young (Normal) (G1 Evacuation Pause) 339M->52M(512M) 38.809ms
[2022-04-27T05:06:35.348+0000][78.212s] GC(10) User=0.17s Sys=0.01s Real=0.04s
[2022-04-27T05:06:42.860+0000][85.724s] GC(11) Pause Young (Normal) (G1 Evacuation Pause)
[2022-04-27T05:06:42.860+0000][85.724s] GC(11) Using 8 workers of 8 for evacuation
[2022-04-27T05:06:42.889+0000][85.752s] GC(11)   Pre Evacuate Collection Set: 0.0ms
[2022-04-27T05:06:42.889+0000][85.753s] GC(11)   Evacuate Collection Set: 16.9ms
[2022-04-27T05:06:42.889+0000][85.753s] GC(11)   Post Evacuate Collection Set: 10.7ms
[2022-04-27T05:06:42.889+0000][85.753s] GC(11)   Other: 0.8ms
[2022-04-27T05:06:42.890+0000][85.753s] GC(11) Eden regions: 288->0(287)
[2022-04-27T05:06:42.890+0000][85.754s] GC(11) Survivor regions: 19->20(39)
[2022-04-27T05:06:42.890+0000][85.754s] GC(11) Old regions: 31->31
[2022-04-27T05:06:42.890+0000][85.754s] GC(11) Humongous regions: 4->4
[2022-04-27T05:06:42.891+0000][85.754s] GC(11) Metaspace: 50421K->50421K(1095680K)
[2022-04-27T05:06:42.891+0000][85.755s] GC(11) Pause Young (Normal) (G1 Evacuation Pause) 340M->52M(512M) 31.075ms
[2022-04-27T05:06:42.891+0000][85.755s] GC(11) User=0.16s Sys=0.02s Real=0.04s
[2022-04-27T05:06:50.524+0000][93.387s] GC(12) Pause Young (Normal) (G1 Evacuation Pause)
[2022-04-27T05:06:50.524+0000][93.388s] GC(12) Using 8 workers of 8 for evacuation
[2022-04-27T05:06:50.552+0000][93.416s] GC(12)   Pre Evacuate Collection Set: 0.0ms
[2022-04-27T05:06:50.553+0000][93.417s] GC(12)   Evacuate Collection Set: 6.1ms
[2022-04-27T05:06:50.553+0000][93.417s] GC(12)   Post Evacuate Collection Set: 21.7ms
[2022-04-27T05:06:50.554+0000][93.417s] GC(12)   Other: 0.8ms
[2022-04-27T05:06:50.554+0000][93.418s] GC(12) Eden regions: 287->0(288)
[2022-04-27T05:06:50.554+0000][93.418s] GC(12) Survivor regions: 20->19(39)
[2022-04-27T05:06:50.555+0000][93.418s] GC(12) Old regions: 31->31
[2022-04-27T05:06:50.555+0000][93.418s] GC(12) Humongous regions: 4->4
[2022-04-27T05:06:50.555+0000][93.419s] GC(12) Metaspace: 50974K->50974K(1095680K)
[2022-04-27T05:06:50.555+0000][93.419s] GC(12) Pause Young (Normal) (G1 Evacuation Pause) 339M->52M(512M) 31.578ms
[2022-04-27T05:06:50.556+0000][93.419s] GC(12) User=0.16s Sys=0.00s Real=0.03s
[2022-04-27T05:06:57.643+0000][100.507s] GC(13) Pause Young (Normal) (G1 Evacuation Pause)
[2022-04-27T05:06:57.644+0000][100.508s] GC(13) Using 8 workers of 8 for evacuation
[2022-04-27T05:06:57.662+0000][100.525s] GC(13)   Pre Evacuate Collection Set: 0.0ms
[2022-04-27T05:06:57.662+0000][100.526s] GC(13)   Evacuate Collection Set: 8.3ms
[2022-04-27T05:06:57.662+0000][100.526s] GC(13)   Post Evacuate Collection Set: 9.1ms
[2022-04-27T05:06:57.663+0000][100.526s] GC(13)   Other: 0.9ms
[2022-04-27T05:06:57.663+0000][100.527s] GC(13) Eden regions: 288->0(288)
[2022-04-27T05:06:57.663+0000][100.527s] GC(13) Survivor regions: 19->19(39)
[2022-04-27T05:06:57.664+0000][100.527s] GC(13) Old regions: 31->31
[2022-04-27T05:06:57.664+0000][100.527s] GC(13) Humongous regions: 4->4
[2022-04-27T05:06:57.664+0000][100.528s] GC(13) Metaspace: 51148K->51148K(1095680K)
[2022-04-27T05:06:57.664+0000][100.528s] GC(13) Pause Young (Normal) (G1 Evacuation Pause) 340M->52M(512M) 20.878ms
[2022-04-27T05:06:57.665+0000][100.528s] GC(13) User=0.12s Sys=0.00s Real=0.02s
[2022-04-27T05:07:04.910+0000][107.773s] GC(14) Pause Young (Normal) (G1 Evacuation Pause)
[2022-04-27T05:07:04.910+0000][107.774s] GC(14) Using 8 workers of 8 for evacuation
[2022-04-27T05:07:04.930+0000][107.794s] GC(14)   Pre Evacuate Collection Set: 0.0ms
[2022-04-27T05:07:04.931+0000][107.794s] GC(14)   Evacuate Collection Set: 6.8ms
[2022-04-27T05:07:04.931+0000][107.795s] GC(14)   Post Evacuate Collection Set: 13.3ms
[2022-04-27T05:07:04.932+0000][107.795s] GC(14)   Other: 0.7ms
[2022-04-27T05:07:04.932+0000][107.796s] GC(14) Eden regions: 288->0(287)
[2022-04-27T05:07:04.932+0000][107.796s] GC(14) Survivor regions: 19->20(39)
[2022-04-27T05:07:04.933+0000][107.796s] GC(14) Old regions: 31->31
[2022-04-27T05:07:04.933+0000][107.797s] GC(14) Humongous regions: 4->4
[2022-04-27T05:07:04.933+0000][107.797s] GC(14) Metaspace: 51368K->51368K(1095680K)
[2022-04-27T05:07:04.934+0000][107.797s] GC(14) Pause Young (Normal) (G1 Evacuation Pause) 340M->53M(512M) 23.992ms
[2022-04-27T05:07:04.934+0000][107.798s] GC(14) User=0.11s Sys=0.02s Real=0.03s
[2022-04-27T05:07:11.315+0000][114.179s] GC(15) Pause Young (Normal) (G1 Evacuation Pause)
[2022-04-27T05:07:11.315+0000][114.179s] GC(15) Using 8 workers of 8 for evacuation
[2022-04-27T05:07:11.327+0000][114.191s] GC(15)   Pre Evacuate Collection Set: 0.0ms
[2022-04-27T05:07:11.328+0000][114.192s] GC(15)   Evacuate Collection Set: 5.9ms
[2022-04-27T05:07:11.328+0000][114.192s] GC(15)   Post Evacuate Collection Set: 5.8ms
[2022-04-27T05:07:11.329+0000][114.192s] GC(15)   Other: 0.8ms
[2022-04-27T05:07:11.329+0000][114.193s] GC(15) Eden regions: 287->0(286)
[2022-04-27T05:07:11.330+0000][114.193s] GC(15) Survivor regions: 20->21(39)
[2022-04-27T05:07:11.330+0000][114.194s] GC(15) Old regions: 31->31
[2022-04-27T05:07:11.330+0000][114.194s] GC(15) Humongous regions: 4->4
[2022-04-27T05:07:11.331+0000][114.194s] GC(15) Metaspace: 51751K->51751K(1095680K)
[2022-04-27T05:07:11.331+0000][114.195s] GC(15) Pause Young (Normal) (G1 Evacuation Pause) 340M->53M(512M) 16.052ms
[2022-04-27T05:07:11.331+0000][114.195s] GC(15) User=0.09s Sys=0.00s Real=0.02s
[2022-04-27T05:07:18.547+0000][121.411s] GC(16) Pause Young (Normal) (G1 Evacuation Pause)
[2022-04-27T05:07:18.547+0000][121.411s] GC(16) Using 8 workers of 8 for evacuation
[2022-04-27T05:07:18.563+0000][121.426s] GC(16)   Pre Evacuate Collection Set: 0.0ms
[2022-04-27T05:07:18.563+0000][121.427s] GC(16)   Evacuate Collection Set: 7.6ms
[2022-04-27T05:07:18.564+0000][121.427s] GC(16)   Post Evacuate Collection Set: 7.6ms
[2022-04-27T05:07:18.564+0000][121.428s] GC(16)   Other: 0.5ms
[2022-04-27T05:07:18.565+0000][121.428s] GC(16) Eden regions: 286->0(288)
[2022-04-27T05:07:18.565+0000][121.429s] GC(16) Survivor regions: 21->19(39)
[2022-04-27T05:07:18.565+0000][121.429s] GC(16) Old regions: 31->31
[2022-04-27T05:07:18.566+0000][121.429s] GC(16) Humongous regions: 7->7
[2022-04-27T05:07:18.566+0000][121.430s] GC(16) Metaspace: 52628K->52628K(1097728K)
[2022-04-27T05:07:18.566+0000][121.430s] GC(16) Pause Young (Normal) (G1 Evacuation Pause) 342M->55M(512M) 19.174ms
[2022-04-27T05:07:18.567+0000][121.430s] GC(16) User=0.11s Sys=0.00s Real=0.02s
[2022-04-27T05:07:24.233+0000][127.097s] GC(17) Pause Young (Normal) (G1 Evacuation Pause)
[2022-04-27T05:07:24.234+0000][127.097s] GC(17) Using 8 workers of 8 for evacuation
[2022-04-27T05:07:24.253+0000][127.117s] GC(17)   Pre Evacuate Collection Set: 0.0ms
[2022-04-27T05:07:24.254+0000][127.117s] GC(17)   Evacuate Collection Set: 4.8ms
[2022-04-27T05:07:24.254+0000][127.118s] GC(17)   Post Evacuate Collection Set: 14.2ms
[2022-04-27T05:07:24.254+0000][127.118s] GC(17)   Other: 0.7ms
[2022-04-27T05:07:24.255+0000][127.118s] GC(17) Eden regions: 288->0(287)
[2022-04-27T05:07:24.255+0000][127.119s] GC(17) Survivor regions: 19->20(39)
[2022-04-27T05:07:24.255+0000][127.119s] GC(17) Old regions: 31->31
[2022-04-27T05:07:24.256+0000][127.119s] GC(17) Humongous regions: 7->7
[2022-04-27T05:07:24.256+0000][127.120s] GC(17) Metaspace: 52669K->52669K(1097728K)
[2022-04-27T05:07:24.256+0000][127.120s] GC(17) Pause Young (Normal) (G1 Evacuation Pause) 343M->56M(512M) 22.842ms
[2022-04-27T05:07:24.257+0000][127.120s] GC(17) User=0.15s Sys=0.00s Real=0.02s
[2022-04-27T05:07:30.720+0000][133.583s] GC(18) Pause Young (Normal) (G1 Evacuation Pause)
[2022-04-27T05:07:30.720+0000][133.584s] GC(18) Using 8 workers of 8 for evacuation
[2022-04-27T05:07:30.735+0000][133.599s] GC(18)   Pre Evacuate Collection Set: 0.0ms
[2022-04-27T05:07:30.736+0000][133.599s] GC(18)   Evacuate Collection Set: 6.3ms
[2022-04-27T05:07:30.736+0000][133.599s] GC(18)   Post Evacuate Collection Set: 8.3ms
[2022-04-27T05:07:30.736+0000][133.600s] GC(18)   Other: 0.9ms
[2022-04-27T05:07:30.736+0000][133.600s] GC(18) Eden regions: 287->0(288)
[2022-04-27T05:07:30.736+0000][133.600s] GC(18) Survivor regions: 20->19(39)
[2022-04-27T05:07:30.737+0000][133.600s] GC(18) Old regions: 31->31
[2022-04-27T05:07:30.737+0000][133.600s] GC(18) Humongous regions: 7->7
[2022-04-27T05:07:30.737+0000][133.601s] GC(18) Metaspace: 52851K->52851K(1097728K)
[2022-04-27T05:07:30.737+0000][133.601s] GC(18) Pause Young (Normal) (G1 Evacuation Pause) 343M->55M(512M) 17.583ms
[2022-04-27T05:07:30.738+0000][133.601s] GC(18) User=0.10s Sys=0.01s Real=0.02s
[2022-04-27T05:07:40.238+0000][143.102s] GC(19) Pause Young (Normal) (G1 Evacuation Pause)
[2022-04-27T05:07:40.238+0000][143.102s] GC(19) Using 8 workers of 8 for evacuation
[2022-04-27T05:07:40.250+0000][143.114s] GC(19)   Pre Evacuate Collection Set: 0.0ms
[2022-04-27T05:07:40.251+0000][143.114s] GC(19)   Evacuate Collection Set: 5.5ms
[2022-04-27T05:07:40.251+0000][143.115s] GC(19)   Post Evacuate Collection Set: 6.3ms
[2022-04-27T05:07:40.252+0000][143.115s] GC(19)   Other: 0.5ms
[2022-04-27T05:07:40.252+0000][143.116s] GC(19) Eden regions: 288->0(283)
[2022-04-27T05:07:40.252+0000][143.116s] GC(19) Survivor regions: 19->24(39)
[2022-04-27T05:07:40.253+0000][143.116s] GC(19) Old regions: 31->31
[2022-04-27T05:07:40.253+0000][143.117s] GC(19) Humongous regions: 7->7
[2022-04-27T05:07:40.253+0000][143.117s] GC(19) Metaspace: 53488K->53488K(1097728K)
[2022-04-27T05:07:40.255+0000][143.119s] GC(19) Pause Young (Normal) (G1 Evacuation Pause) 343M->59M(512M) 17.346ms
[2022-04-27T05:07:40.256+0000][143.119s] GC(19) User=0.09s Sys=0.00s Real=0.02s
[2022-04-27T05:07:44.914+0000][147.777s] GC(20) Pause Young (Normal) (G1 Evacuation Pause)
[2022-04-27T05:07:44.914+0000][147.778s] GC(20) Using 8 workers of 8 for evacuation
[2022-04-27T05:07:44.927+0000][147.790s] GC(20)   Pre Evacuate Collection Set: 0.0ms
[2022-04-27T05:07:44.927+0000][147.791s] GC(20)   Evacuate Collection Set: 6.9ms
[2022-04-27T05:07:44.928+0000][147.791s] GC(20)   Post Evacuate Collection Set: 5.0ms
[2022-04-27T05:07:44.928+0000][147.792s] GC(20)   Other: 1.0ms
[2022-04-27T05:07:44.928+0000][147.792s] GC(20) Eden regions: 283->0(288)
[2022-04-27T05:07:44.929+0000][147.792s] GC(20) Survivor regions: 24->19(39)
[2022-04-27T05:07:44.929+0000][147.793s] GC(20) Old regions: 31->34
[2022-04-27T05:07:44.929+0000][147.793s] GC(20) Humongous regions: 7->7
[2022-04-27T05:07:44.930+0000][147.794s] GC(20) Metaspace: 53584K->53584K(1097728K)
[2022-04-27T05:07:44.930+0000][147.794s] GC(20) Pause Young (Normal) (G1 Evacuation Pause) 342M->57M(512M) 16.504ms
[2022-04-27T05:07:44.931+0000][147.794s] GC(20) User=0.09s Sys=0.00s Real=0.01s
[2022-04-27T05:07:50.043+0000][152.907s] GC(21) Pause Young (Normal) (G1 Evacuation Pause)
[2022-04-27T05:07:50.043+0000][152.907s] GC(21) Using 8 workers of 8 for evacuation
[2022-04-27T05:07:50.055+0000][152.919s] GC(21)   Pre Evacuate Collection Set: 0.0ms
[2022-04-27T05:07:50.056+0000][152.919s] GC(21)   Evacuate Collection Set: 6.0ms
[2022-04-27T05:07:50.056+0000][152.920s] GC(21)   Post Evacuate Collection Set: 5.6ms
[2022-04-27T05:07:50.057+0000][152.920s] GC(21)   Other: 0.9ms
[2022-04-27T05:07:50.057+0000][152.921s] GC(21) Eden regions: 288->0(288)
[2022-04-27T05:07:50.057+0000][152.921s] GC(21) Survivor regions: 19->19(39)
[2022-04-27T05:07:50.057+0000][152.921s] GC(21) Old regions: 34->34
[2022-04-27T05:07:50.058+0000][152.921s] GC(21) Humongous regions: 7->7
[2022-04-27T05:07:50.058+0000][152.922s] GC(21) Metaspace: 53842K->53842K(1097728K)
[2022-04-27T05:07:50.059+0000][152.922s] GC(21) Pause Young (Normal) (G1 Evacuation Pause) 345M->57M(512M) 15.743ms
[2022-04-27T05:07:50.059+0000][152.923s] GC(21) User=0.09s Sys=0.00s Real=0.01s
[2022-04-27T05:07:55.535+0000][158.399s] GC(22) Pause Young (Normal) (G1 Evacuation Pause)
[2022-04-27T05:07:55.535+0000][158.399s] GC(22) Using 8 workers of 8 for evacuation
[2022-04-27T05:07:55.550+0000][158.414s] GC(22)   Pre Evacuate Collection Set: 0.0ms
[2022-04-27T05:07:55.551+0000][158.414s] GC(22)   Evacuate Collection Set: 5.7ms
[2022-04-27T05:07:55.551+0000][158.415s] GC(22)   Post Evacuate Collection Set: 8.9ms
[2022-04-27T05:07:55.551+0000][158.415s] GC(22)   Other: 0.7ms
[2022-04-27T05:07:55.552+0000][158.415s] GC(22) Eden regions: 288->0(287)
[2022-04-27T05:07:55.552+0000][158.416s] GC(22) Survivor regions: 19->20(39)
[2022-04-27T05:07:55.552+0000][158.416s] GC(22) Old regions: 34->34
[2022-04-27T05:07:55.553+0000][158.416s] GC(22) Humongous regions: 7->7
[2022-04-27T05:07:55.553+0000][158.417s] GC(22) Metaspace: 54676K->54676K(1099776K)
[2022-04-27T05:07:55.553+0000][158.417s] GC(22) Pause Young (Normal) (G1 Evacuation Pause) 345M->58M(512M) 18.108ms
[2022-04-27T05:07:55.554+0000][158.417s] GC(22) User=0.10s Sys=0.01s Real=0.02s
[2022-04-27T05:08:05.253+0000][168.117s] GC(23) Pause Young (Normal) (G1 Evacuation Pause)
[2022-04-27T05:08:05.254+0000][168.117s] GC(23) Using 8 workers of 8 for evacuation
[2022-04-27T05:08:05.266+0000][168.130s] GC(23)   Pre Evacuate Collection Set: 0.0ms
[2022-04-27T05:08:05.267+0000][168.130s] GC(23)   Evacuate Collection Set: 4.8ms
[2022-04-27T05:08:05.267+0000][168.131s] GC(23)   Post Evacuate Collection Set: 7.3ms
[2022-04-27T05:08:05.267+0000][168.131s] GC(23)   Other: 0.7ms
[2022-04-27T05:08:05.268+0000][168.131s] GC(23) Eden regions: 287->0(286)
[2022-04-27T05:08:05.268+0000][168.132s] GC(23) Survivor regions: 20->21(39)
[2022-04-27T05:08:05.269+0000][168.132s] GC(23) Old regions: 34->34
[2022-04-27T05:08:05.269+0000][168.133s] GC(23) Humongous regions: 7->7
[2022-04-27T05:08:05.269+0000][168.133s] GC(23) Metaspace: 54740K->54740K(1099776K)
[2022-04-27T05:08:05.270+0000][168.133s] GC(23) Pause Young (Normal) (G1 Evacuation Pause) 345M->60M(512M) 16.603ms
[2022-04-27T05:08:05.270+0000][168.134s] GC(23) User=0.09s Sys=0.00s Real=0.01s
[2022-04-27T05:08:11.005+0000][173.869s] GC(24) Pause Young (Normal) (G1 Evacuation Pause)
[2022-04-27T05:08:11.006+0000][173.869s] GC(24) Using 8 workers of 8 for evacuation
[2022-04-27T05:08:11.017+0000][173.880s] GC(24)   Pre Evacuate Collection Set: 0.0ms
[2022-04-27T05:08:11.017+0000][173.881s] GC(24)   Evacuate Collection Set: 5.4ms
[2022-04-27T05:08:11.017+0000][173.881s] GC(24)   Post Evacuate Collection Set: 5.2ms
[2022-04-27T05:08:11.018+0000][173.881s] GC(24)   Other: 0.6ms
[2022-04-27T05:08:11.018+0000][173.882s] GC(24) Eden regions: 286->0(286)
[2022-04-27T05:08:11.018+0000][173.882s] GC(24) Survivor regions: 21->21(39)
[2022-04-27T05:08:11.019+0000][173.882s] GC(24) Old regions: 34->34
[2022-04-27T05:08:11.019+0000][173.883s] GC(24) Humongous regions: 7->7
[2022-04-27T05:08:11.019+0000][173.883s] GC(24) Metaspace: 54755K->54755K(1099776K)
[2022-04-27T05:08:11.020+0000][173.883s] GC(24) Pause Young (Normal) (G1 Evacuation Pause) 346M->60M(512M) 14.153ms
[2022-04-27T05:08:11.020+0000][173.884s] GC(24) User=0.06s Sys=0.02s Real=0.01s
[2022-04-27T05:08:16.229+0000][179.093s] GC(25) Pause Young (Normal) (G1 Evacuation Pause)
[2022-04-27T05:08:16.230+0000][179.093s] GC(25) Using 8 workers of 8 for evacuation
[2022-04-27T05:08:16.241+0000][179.105s] GC(25)   Pre Evacuate Collection Set: 0.0ms
[2022-04-27T05:08:16.242+0000][179.105s] GC(25)   Evacuate Collection Set: 6.5ms
[2022-04-27T05:08:16.242+0000][179.106s] GC(25)   Post Evacuate Collection Set: 4.7ms
[2022-04-27T05:08:16.242+0000][179.106s] GC(25)   Other: 0.7ms
[2022-04-27T05:08:16.243+0000][179.106s] GC(25) Eden regions: 286->0(286)
[2022-04-27T05:08:16.243+0000][179.107s] GC(25) Survivor regions: 21->21(39)
[2022-04-27T05:08:16.243+0000][179.107s] GC(25) Old regions: 34->34
[2022-04-27T05:08:16.244+0000][179.107s] GC(25) Humongous regions: 7->7
[2022-04-27T05:08:16.244+0000][179.108s] GC(25) Metaspace: 54788K->54788K(1099776K)
[2022-04-27T05:08:16.244+0000][179.108s] GC(25) Pause Young (Normal) (G1 Evacuation Pause) 346M->60M(512M) 15.124ms
[2022-04-27T05:08:16.245+0000][179.108s] GC(25) User=0.08s Sys=0.01s Real=0.02s
[2022-04-27T05:08:20.405+0000][183.269s] GC(26) Pause Young (Normal) (G1 Evacuation Pause)
[2022-04-27T05:08:20.406+0000][183.270s] GC(26) Using 8 workers of 8 for evacuation
[2022-04-27T05:08:20.423+0000][183.287s] GC(26)   Pre Evacuate Collection Set: 0.0ms
[2022-04-27T05:08:20.423+0000][183.287s] GC(26)   Evacuate Collection Set: 7.0ms
[2022-04-27T05:08:20.424+0000][183.287s] GC(26)   Post Evacuate Collection Set: 9.5ms
[2022-04-27T05:08:20.424+0000][183.288s] GC(26)   Other: 0.9ms
[2022-04-27T05:08:20.425+0000][183.288s] GC(26) Eden regions: 286->0(287)
[2022-04-27T05:08:20.425+0000][183.288s] GC(26) Survivor regions: 21->20(39)
[2022-04-27T05:08:20.425+0000][183.289s] GC(26) Old regions: 34->35
[2022-04-27T05:08:20.426+0000][183.289s] GC(26) Humongous regions: 7->7
[2022-04-27T05:08:20.426+0000][183.290s] GC(26) Metaspace: 54848K->54848K(1099776K)
[2022-04-27T05:08:20.426+0000][183.290s] GC(26) Pause Young (Normal) (G1 Evacuation Pause) 346M->59M(512M) 20.690ms
[2022-04-27T05:08:20.426+0000][183.290s] GC(26) User=0.11s Sys=0.00s Real=0.02s
[2022-04-27T05:08:24.934+0000][187.797s] GC(27) Pause Young (Normal) (G1 Evacuation Pause)
[2022-04-27T05:08:24.934+0000][187.798s] GC(27) Using 8 workers of 8 for evacuation
[2022-04-27T05:08:24.945+0000][187.809s] GC(27)   Pre Evacuate Collection Set: 0.0ms
[2022-04-27T05:08:24.946+0000][187.810s] GC(27)   Evacuate Collection Set: 4.4ms
[2022-04-27T05:08:24.946+0000][187.810s] GC(27)   Post Evacuate Collection Set: 6.6ms
[2022-04-27T05:08:24.947+0000][187.810s] GC(27)   Other: 0.9ms
[2022-04-27T05:08:24.947+0000][187.811s] GC(27) Eden regions: 287->0(288)
[2022-04-27T05:08:24.947+0000][187.811s] GC(27) Survivor regions: 20->19(39)
[2022-04-27T05:08:24.948+0000][187.811s] GC(27) Old regions: 35->35
[2022-04-27T05:08:24.948+0000][187.812s] GC(27) Humongous regions: 7->7
[2022-04-27T05:08:24.948+0000][187.812s] GC(27) Metaspace: 54978K->54978K(1099776K)
[2022-04-27T05:08:24.949+0000][187.812s] GC(27) Pause Young (Normal) (G1 Evacuation Pause) 346M->58M(512M) 14.965ms
[2022-04-27T05:08:24.949+0000][187.812s] GC(27) User=0.08s Sys=0.00s Real=0.01s
[2022-04-27T05:08:29.649+0000][192.512s] GC(28) Pause Young (Normal) (G1 Evacuation Pause)
[2022-04-27T05:08:29.649+0000][192.513s] GC(28) Using 8 workers of 8 for evacuation
[2022-04-27T05:08:29.658+0000][192.521s] GC(28)   Pre Evacuate Collection Set: 0.0ms
[2022-04-27T05:08:29.658+0000][192.522s] GC(28)   Evacuate Collection Set: 4.5ms
[2022-04-27T05:08:29.659+0000][192.522s] GC(28)   Post Evacuate Collection Set: 3.9ms
[2022-04-27T05:08:29.659+0000][192.523s] GC(28)   Other: 0.8ms
[2022-04-27T05:08:29.659+0000][192.523s] GC(28) Eden regions: 288->0(287)
[2022-04-27T05:08:29.660+0000][192.523s] GC(28) Survivor regions: 19->20(39)
[2022-04-27T05:08:29.660+0000][192.524s] GC(28) Old regions: 35->35
[2022-04-27T05:08:29.660+0000][192.524s] GC(28) Humongous regions: 7->7
[2022-04-27T05:08:29.661+0000][192.524s] GC(28) Metaspace: 55153K->55153K(1099776K)
[2022-04-27T05:08:29.661+0000][192.525s] GC(28) Pause Young (Normal) (G1 Evacuation Pause) 346M->59M(512M) 12.586ms
[2022-04-27T05:08:29.661+0000][192.525s] GC(28) User=0.07s Sys=0.00s Real=0.02s
[2022-04-27T05:08:34.068+0000][196.932s] GC(29) Pause Young (Normal) (G1 Evacuation Pause)
[2022-04-27T05:08:34.069+0000][196.932s] GC(29) Using 8 workers of 8 for evacuation
[2022-04-27T05:08:34.089+0000][196.952s] GC(29)   Pre Evacuate Collection Set: 0.0ms
[2022-04-27T05:08:34.089+0000][196.953s] GC(29)   Evacuate Collection Set: 6.7ms
[2022-04-27T05:08:34.089+0000][196.953s] GC(29)   Post Evacuate Collection Set: 12.6ms
[2022-04-27T05:08:34.090+0000][196.953s] GC(29)   Other: 1.0ms
[2022-04-27T05:08:34.090+0000][196.954s] GC(29) Eden regions: 287->0(287)
[2022-04-27T05:08:34.090+0000][196.954s] GC(29) Survivor regions: 20->20(39)
[2022-04-27T05:08:34.090+0000][196.954s] GC(29) Old regions: 35->35
[2022-04-27T05:08:34.091+0000][196.954s] GC(29) Humongous regions: 7->7
[2022-04-27T05:08:34.091+0000][196.955s] GC(29) Metaspace: 55228K->55228K(1099776K)
[2022-04-27T05:08:34.091+0000][196.955s] GC(29) Pause Young (Normal) (G1 Evacuation Pause) 346M->60M(512M) 23.029ms
[2022-04-27T05:08:34.092+0000][196.955s] GC(29) User=0.15s Sys=0.00s Real=0.03s
[2022-04-27T05:08:38.781+0000][201.645s] GC(30) Pause Young (Normal) (G1 Evacuation Pause)
[2022-04-27T05:08:38.781+0000][201.645s] GC(30) Using 8 workers of 8 for evacuation
[2022-04-27T05:08:38.790+0000][201.654s] GC(30)   Pre Evacuate Collection Set: 0.0ms
[2022-04-27T05:08:38.791+0000][201.654s] GC(30)   Evacuate Collection Set: 4.4ms
[2022-04-27T05:08:38.791+0000][201.655s] GC(30)   Post Evacuate Collection Set: 4.0ms
[2022-04-27T05:08:38.791+0000][201.655s] GC(30)   Other: 0.8ms
[2022-04-27T05:08:38.792+0000][201.655s] GC(30) Eden regions: 287->0(288)
[2022-04-27T05:08:38.792+0000][201.656s] GC(30) Survivor regions: 20->19(39)
[2022-04-27T05:08:38.793+0000][201.656s] GC(30) Old regions: 35->35
[2022-04-27T05:08:38.793+0000][201.657s] GC(30) Humongous regions: 7->7
[2022-04-27T05:08:38.793+0000][201.657s] GC(30) Metaspace: 55295K->55295K(1099776K)
[2022-04-27T05:08:38.794+0000][201.657s] GC(30) Pause Young (Normal) (G1 Evacuation Pause) 347M->59M(512M) 12.827ms
[2022-04-27T05:08:38.794+0000][201.658s] GC(30) User=0.06s Sys=0.01s Real=0.01s
[2022-04-27T05:08:42.835+0000][205.699s] GC(31) Pause Young (Normal) (G1 Evacuation Pause)
[2022-04-27T05:08:42.836+0000][205.699s] GC(31) Using 8 workers of 8 for evacuation
[2022-04-27T05:08:42.846+0000][205.709s] GC(31)   Pre Evacuate Collection Set: 0.0ms
[2022-04-27T05:08:42.846+0000][205.710s] GC(31)   Evacuate Collection Set: 5.3ms
[2022-04-27T05:08:42.846+0000][205.710s] GC(31)   Post Evacuate Collection Set: 4.6ms
[2022-04-27T05:08:42.847+0000][205.710s] GC(31)   Other: 0.5ms
[2022-04-27T05:08:42.847+0000][205.711s] GC(31) Eden regions: 288->0(287)
[2022-04-27T05:08:42.847+0000][205.711s] GC(31) Survivor regions: 19->20(39)
[2022-04-27T05:08:42.847+0000][205.711s] GC(31) Old regions: 35->36
[2022-04-27T05:08:42.848+0000][205.711s] GC(31) Humongous regions: 7->7
[2022-04-27T05:08:42.848+0000][205.712s] GC(31) Metaspace: 55334K->55334K(1099776K)
[2022-04-27T05:08:42.848+0000][205.712s] GC(31) Pause Young (Normal) (G1 Evacuation Pause) 347M->60M(512M) 12.846ms
[2022-04-27T05:08:42.848+0000][205.712s] GC(31) User=0.06s Sys=0.00s Real=0.01s
[2022-04-27T05:08:46.866+0000][209.730s] GC(32) Pause Young (Normal) (G1 Evacuation Pause)
[2022-04-27T05:08:46.867+0000][209.730s] GC(32) Using 8 workers of 8 for evacuation
[2022-04-27T05:08:46.881+0000][209.745s] GC(32)   Pre Evacuate Collection Set: 0.0ms
[2022-04-27T05:08:46.882+0000][209.745s] GC(32)   Evacuate Collection Set: 4.7ms
[2022-04-27T05:08:46.882+0000][209.746s] GC(32)   Post Evacuate Collection Set: 9.7ms
[2022-04-27T05:08:46.882+0000][209.746s] GC(32)   Other: 0.6ms
[2022-04-27T05:08:46.883+0000][209.746s] GC(32) Eden regions: 287->0(287)
[2022-04-27T05:08:46.883+0000][209.747s] GC(32) Survivor regions: 20->20(39)
[2022-04-27T05:08:46.883+0000][209.747s] GC(32) Old regions: 36->36
[2022-04-27T05:08:46.883+0000][209.747s] GC(32) Humongous regions: 7->7
[2022-04-27T05:08:46.884+0000][209.747s] GC(32) Metaspace: 55350K->55350K(1099776K)
[2022-04-27T05:08:46.884+0000][209.748s] GC(32) Pause Young (Normal) (G1 Evacuation Pause) 347M->60M(512M) 17.679ms
[2022-04-27T05:08:46.884+0000][209.748s] GC(32) User=0.09s Sys=0.02s Real=0.02s
[2022-04-27T05:08:50.987+0000][213.851s] GC(33) Pause Young (Normal) (G1 Evacuation Pause)
[2022-04-27T05:08:50.988+0000][213.851s] GC(33) Using 8 workers of 8 for evacuation
[2022-04-27T05:08:50.997+0000][213.861s] GC(33)   Pre Evacuate Collection Set: 0.0ms
[2022-04-27T05:08:50.997+0000][213.861s] GC(33)   Evacuate Collection Set: 4.0ms
[2022-04-27T05:08:50.998+0000][213.862s] GC(33)   Post Evacuate Collection Set: 5.2ms
[2022-04-27T05:08:50.998+0000][213.862s] GC(33)   Other: 0.6ms
[2022-04-27T05:08:50.999+0000][213.862s] GC(33) Eden regions: 287->0(289)
[2022-04-27T05:08:50.999+0000][213.863s] GC(33) Survivor regions: 20->18(39)
[2022-04-27T05:08:50.999+0000][213.863s] GC(33) Old regions: 36->36
[2022-04-27T05:08:51.000+0000][213.863s] GC(33) Humongous regions: 7->7
[2022-04-27T05:08:51.000+0000][213.864s] GC(33) Metaspace: 55361K->55361K(1099776K)
[2022-04-27T05:08:51.000+0000][213.864s] GC(33) Pause Young (Normal) (G1 Evacuation Pause) 347M->58M(512M) 13.163ms
[2022-04-27T05:08:51.001+0000][213.864s] GC(33) User=0.07s Sys=0.00s Real=0.02s
[2022-04-27T05:08:54.986+0000][217.850s] GC(34) Pause Young (Normal) (G1 Evacuation Pause)
[2022-04-27T05:08:54.986+0000][217.850s] GC(34) Using 8 workers of 8 for evacuation
[2022-04-27T05:08:54.995+0000][217.858s] GC(34)   Pre Evacuate Collection Set: 0.0ms
[2022-04-27T05:08:54.995+0000][217.859s] GC(34)   Evacuate Collection Set: 3.8ms
[2022-04-27T05:08:54.995+0000][217.859s] GC(34)   Post Evacuate Collection Set: 4.4ms
[2022-04-27T05:08:54.996+0000][217.859s] GC(34)   Other: 0.6ms
[2022-04-27T05:08:54.996+0000][217.860s] GC(34) Eden regions: 289->0(291)
[2022-04-27T05:08:54.997+0000][217.860s] GC(34) Survivor regions: 18->16(39)
[2022-04-27T05:08:54.997+0000][217.861s] GC(34) Old regions: 36->38
[2022-04-27T05:08:54.997+0000][217.861s] GC(34) Humongous regions: 7->7
[2022-04-27T05:08:54.997+0000][217.861s] GC(34) Metaspace: 55370K->55370K(1099776K)
[2022-04-27T05:08:54.998+0000][217.861s] GC(34) Pause Young (Normal) (G1 Evacuation Pause) 347M->58M(512M) 11.860ms
[2022-04-27T05:08:54.998+0000][217.862s] GC(34) User=0.06s Sys=0.00s Real=0.01s
[2022-04-27T05:08:59.116+0000][221.980s] GC(35) Pause Young (Normal) (G1 Evacuation Pause)
[2022-04-27T05:08:59.116+0000][221.980s] GC(35) Using 8 workers of 8 for evacuation
[2022-04-27T05:08:59.125+0000][221.988s] GC(35)   Pre Evacuate Collection Set: 0.0ms
[2022-04-27T05:08:59.125+0000][221.989s] GC(35)   Evacuate Collection Set: 3.2ms
[2022-04-27T05:08:59.125+0000][221.989s] GC(35)   Post Evacuate Collection Set: 4.4ms
[2022-04-27T05:08:59.126+0000][221.989s] GC(35)   Other: 0.9ms
[2022-04-27T05:08:59.126+0000][221.990s] GC(35) Eden regions: 291->0(292)
[2022-04-27T05:08:59.127+0000][221.990s] GC(35) Survivor regions: 16->15(39)
[2022-04-27T05:08:59.127+0000][221.991s] GC(35) Old regions: 38->38
[2022-04-27T05:08:59.127+0000][221.991s] GC(35) Humongous regions: 7->7
[2022-04-27T05:08:59.128+0000][221.991s] GC(35) Metaspace: 55377K->55377K(1099776K)
[2022-04-27T05:08:59.128+0000][221.992s] GC(35) Pause Young (Normal) (G1 Evacuation Pause) 349M->58M(512M) 11.955ms
[2022-04-27T05:08:59.128+0000][221.992s] GC(35) User=0.06s Sys=0.00s Real=0.01s
[2022-04-27T05:09:03.410+0000][226.273s] GC(36) Pause Young (Normal) (G1 Evacuation Pause)
[2022-04-27T05:09:03.410+0000][226.274s] GC(36) Using 8 workers of 8 for evacuation
[2022-04-27T05:09:03.418+0000][226.282s] GC(36)   Pre Evacuate Collection Set: 0.0ms
[2022-04-27T05:09:03.419+0000][226.282s] GC(36)   Evacuate Collection Set: 3.1ms
[2022-04-27T05:09:03.419+0000][226.283s] GC(36)   Post Evacuate Collection Set: 4.4ms
[2022-04-27T05:09:03.419+0000][226.283s] GC(36)   Other: 0.9ms
[2022-04-27T05:09:03.420+0000][226.283s] GC(36) Eden regions: 292->0(291)
[2022-04-27T05:09:03.420+0000][226.284s] GC(36) Survivor regions: 15->16(39)
[2022-04-27T05:09:03.421+0000][226.284s] GC(36) Old regions: 38->38
[2022-04-27T05:09:03.421+0000][226.285s] GC(36) Humongous regions: 7->7
[2022-04-27T05:09:03.421+0000][226.285s] GC(36) Metaspace: 55418K->55418K(1099776K)
[2022-04-27T05:09:03.422+0000][226.285s] GC(36) Pause Young (Normal) (G1 Evacuation Pause) 350M->58M(512M) 11.851ms
[2022-04-27T05:09:03.422+0000][226.286s] GC(36) User=0.04s Sys=0.01s Real=0.02s
[2022-04-27T05:09:07.250+0000][230.113s] GC(37) Pause Young (Normal) (G1 Evacuation Pause)
[2022-04-27T05:09:07.250+0000][230.114s] GC(37) Using 8 workers of 8 for evacuation
[2022-04-27T05:09:07.259+0000][230.123s] GC(37)   Pre Evacuate Collection Set: 0.0ms
[2022-04-27T05:09:07.259+0000][230.123s] GC(37)   Evacuate Collection Set: 3.5ms
[2022-04-27T05:09:07.260+0000][230.123s] GC(37)   Post Evacuate Collection Set: 5.1ms
[2022-04-27T05:09:07.260+0000][230.124s] GC(37)   Other: 0.8ms
[2022-04-27T05:09:07.260+0000][230.124s] GC(37) Eden regions: 291->0(291)
[2022-04-27T05:09:07.261+0000][230.124s] GC(37) Survivor regions: 16->16(39)
[2022-04-27T05:09:07.261+0000][230.125s] GC(37) Old regions: 38->39
[2022-04-27T05:09:07.261+0000][230.125s] GC(37) Humongous regions: 7->7
[2022-04-27T05:09:07.261+0000][230.125s] GC(37) Metaspace: 55420K->55420K(1099776K)
[2022-04-27T05:09:07.262+0000][230.125s] GC(37) Pause Young (Normal) (G1 Evacuation Pause) 349M->59M(512M) 12.138ms
[2022-04-27T05:09:07.262+0000][230.126s] GC(37) User=0.06s Sys=0.00s Real=0.02s
[2022-04-27T05:09:12.457+0000][235.321s] GC(38) Pause Young (Normal) (G1 Evacuation Pause)
[2022-04-27T05:09:12.457+0000][235.321s] GC(38) Using 8 workers of 8 for evacuation
[2022-04-27T05:09:12.465+0000][235.329s] GC(38)   Pre Evacuate Collection Set: 0.0ms
[2022-04-27T05:09:12.465+0000][235.329s] GC(38)   Evacuate Collection Set: 3.4ms
[2022-04-27T05:09:12.466+0000][235.329s] GC(38)   Post Evacuate Collection Set: 4.0ms
[2022-04-27T05:09:12.466+0000][235.330s] GC(38)   Other: 0.6ms
[2022-04-27T05:09:12.467+0000][235.330s] GC(38) Eden regions: 291->0(292)
[2022-04-27T05:09:12.467+0000][235.331s] GC(38) Survivor regions: 16->15(39)
[2022-04-27T05:09:12.467+0000][235.331s] GC(38) Old regions: 39->39
[2022-04-27T05:09:12.468+0000][235.331s] GC(38) Humongous regions: 7->7
[2022-04-27T05:09:12.468+0000][235.332s] GC(38) Metaspace: 55433K->55433K(1099776K)
[2022-04-27T05:09:12.468+0000][235.332s] GC(38) Pause Young (Normal) (G1 Evacuation Pause) 350M->58M(512M) 11.538ms
[2022-04-27T05:09:12.469+0000][235.332s] GC(38) User=0.05s Sys=0.00s Real=0.01s
[2022-04-27T05:09:16.345+0000][239.209s] GC(39) Pause Young (Normal) (G1 Evacuation Pause)
[2022-04-27T05:09:16.345+0000][239.209s] GC(39) Using 8 workers of 8 for evacuation
[2022-04-27T05:09:16.363+0000][239.227s] GC(39)   Pre Evacuate Collection Set: 0.0ms
[2022-04-27T05:09:16.363+0000][239.227s] GC(39)   Evacuate Collection Set: 10.1ms
[2022-04-27T05:09:16.364+0000][239.227s] GC(39)   Post Evacuate Collection Set: 7.3ms
[2022-04-27T05:09:16.364+0000][239.228s] GC(39)   Other: 0.9ms
[2022-04-27T05:09:16.364+0000][239.228s] GC(39) Eden regions: 292->0(290)
[2022-04-27T05:09:16.365+0000][239.228s] GC(39) Survivor regions: 15->17(39)
[2022-04-27T05:09:16.365+0000][239.229s] GC(39) Old regions: 39->39
[2022-04-27T05:09:16.365+0000][239.229s] GC(39) Humongous regions: 7->7
[2022-04-27T05:09:16.365+0000][239.229s] GC(39) Metaspace: 55449K->55449K(1099776K)
[2022-04-27T05:09:16.366+0000][239.229s] GC(39) Pause Young (Normal) (G1 Evacuation Pause) 350M->60M(512M) 20.930ms
[2022-04-27T05:09:16.366+0000][239.230s] GC(39) User=0.11s Sys=0.00s Real=0.02s
[2022-04-27T05:09:19.952+0000][242.816s] GC(40) Pause Young (Normal) (G1 Evacuation Pause)
[2022-04-27T05:09:19.952+0000][242.816s] GC(40) Using 8 workers of 8 for evacuation
[2022-04-27T05:09:19.960+0000][242.823s] GC(40)   Pre Evacuate Collection Set: 0.0ms
[2022-04-27T05:09:19.960+0000][242.824s] GC(40)   Evacuate Collection Set: 3.0ms
[2022-04-27T05:09:19.961+0000][242.824s] GC(40)   Post Evacuate Collection Set: 4.2ms
[2022-04-27T05:09:19.961+0000][242.825s] GC(40)   Other: 0.6ms
[2022-04-27T05:09:19.961+0000][242.825s] GC(40) Eden regions: 290->0(290)
[2022-04-27T05:09:19.962+0000][242.825s] GC(40) Survivor regions: 17->17(39)
[2022-04-27T05:09:19.962+0000][242.826s] GC(40) Old regions: 39->39
[2022-04-27T05:09:19.962+0000][242.826s] GC(40) Humongous regions: 7->7
[2022-04-27T05:09:19.963+0000][242.826s] GC(40) Metaspace: 55452K->55452K(1099776K)
[2022-04-27T05:09:19.963+0000][242.827s] GC(40) Pause Young (Normal) (G1 Evacuation Pause) 350M->60M(512M) 11.163ms
[2022-04-27T05:09:19.963+0000][242.827s] GC(40) User=0.05s Sys=0.00s Real=0.01s
[2022-04-27T05:09:23.828+0000][246.692s] GC(41) Pause Young (Normal) (G1 Evacuation Pause)
[2022-04-27T05:09:23.828+0000][246.692s] GC(41) Using 8 workers of 8 for evacuation
[2022-04-27T05:09:23.839+0000][246.702s] GC(41)   Pre Evacuate Collection Set: 0.0ms
[2022-04-27T05:09:23.839+0000][246.703s] GC(41)   Evacuate Collection Set: 2.9ms
[2022-04-27T05:09:23.839+0000][246.703s] GC(41)   Post Evacuate Collection Set: 7.0ms
[2022-04-27T05:09:23.840+0000][246.703s] GC(41)   Other: 0.9ms
[2022-04-27T05:09:23.840+0000][246.704s] GC(41) Eden regions: 290->0(292)
[2022-04-27T05:09:23.840+0000][246.704s] GC(41) Survivor regions: 17->15(39)
[2022-04-27T05:09:23.841+0000][246.704s] GC(41) Old regions: 39->39
[2022-04-27T05:09:23.841+0000][246.705s] GC(41) Humongous regions: 7->7
[2022-04-27T05:09:23.841+0000][246.705s] GC(41) Metaspace: 55459K->55459K(1099776K)
[2022-04-27T05:09:23.842+0000][246.705s] GC(41) Pause Young (Normal) (G1 Evacuation Pause) 350M->59M(512M) 13.659ms
[2022-04-27T05:09:23.842+0000][246.706s] GC(41) User=0.07s Sys=0.00s Real=0.02s
[2022-04-27T05:09:27.767+0000][250.630s] GC(42) Pause Young (Normal) (G1 Evacuation Pause)
[2022-04-27T05:09:27.767+0000][250.631s] GC(42) Using 8 workers of 8 for evacuation
[2022-04-27T05:09:27.775+0000][250.638s] GC(42)   Pre Evacuate Collection Set: 0.0ms
[2022-04-27T05:09:27.775+0000][250.639s] GC(42)   Evacuate Collection Set: 2.7ms
[2022-04-27T05:09:27.776+0000][250.639s] GC(42)   Post Evacuate Collection Set: 4.5ms
[2022-04-27T05:09:27.776+0000][250.639s] GC(42)   Other: 0.9ms
[2022-04-27T05:09:27.776+0000][250.640s] GC(42) Eden regions: 292->0(291)
[2022-04-27T05:09:27.777+0000][250.640s] GC(42) Survivor regions: 15->16(39)
[2022-04-27T05:09:27.777+0000][250.641s] GC(42) Old regions: 39->39
[2022-04-27T05:09:27.777+0000][250.641s] GC(42) Humongous regions: 7->7
[2022-04-27T05:09:27.777+0000][250.641s] GC(42) Metaspace: 55470K->55470K(1099776K)
[2022-04-27T05:09:27.778+0000][250.641s] GC(42) Pause Young (Normal) (G1 Evacuation Pause) 351M->60M(512M) 11.237ms
[2022-04-27T05:09:27.778+0000][250.642s] GC(42) User=0.06s Sys=0.00s Real=0.01s
[2022-04-27T05:09:31.682+0000][254.546s] GC(43) Pause Young (Normal) (G1 Evacuation Pause)
[2022-04-27T05:09:31.683+0000][254.546s] GC(43) Using 8 workers of 8 for evacuation
[2022-04-27T05:09:31.692+0000][254.556s] GC(43)   Pre Evacuate Collection Set: 0.0ms
[2022-04-27T05:09:31.692+0000][254.556s] GC(43)   Evacuate Collection Set: 2.5ms
[2022-04-27T05:09:31.693+0000][254.556s] GC(43)   Post Evacuate Collection Set: 6.7ms
[2022-04-27T05:09:31.693+0000][254.557s] GC(43)   Other: 0.8ms
[2022-04-27T05:09:31.693+0000][254.557s] GC(43) Eden regions: 291->0(291)
[2022-04-27T05:09:31.694+0000][254.557s] GC(43) Survivor regions: 16->16(39)
[2022-04-27T05:09:31.694+0000][254.558s] GC(43) Old regions: 39->39
[2022-04-27T05:09:31.694+0000][254.558s] GC(43) Humongous regions: 7->7
[2022-04-27T05:09:31.694+0000][254.558s] GC(43) Metaspace: 55481K->55481K(1099776K)
[2022-04-27T05:09:31.695+0000][254.558s] GC(43) Pause Young (Normal) (G1 Evacuation Pause) 351M->59M(512M) 12.542ms
[2022-04-27T05:09:31.695+0000][254.559s] GC(43) User=0.07s Sys=0.00s Real=0.01s
[2022-04-27T05:09:35.626+0000][258.489s] GC(44) Pause Young (Normal) (G1 Evacuation Pause)
[2022-04-27T05:09:35.626+0000][258.490s] GC(44) Using 8 workers of 8 for evacuation
[2022-04-27T05:09:35.633+0000][258.497s] GC(44)   Pre Evacuate Collection Set: 0.0ms
[2022-04-27T05:09:35.634+0000][258.497s] GC(44)   Evacuate Collection Set: 3.2ms
[2022-04-27T05:09:35.634+0000][258.498s] GC(44)   Post Evacuate Collection Set: 3.5ms
[2022-04-27T05:09:35.635+0000][258.498s] GC(44)   Other: 0.9ms
[2022-04-27T05:09:35.635+0000][258.499s] GC(44) Eden regions: 291->0(292)
[2022-04-27T05:09:35.635+0000][258.499s] GC(44) Survivor regions: 16->15(39)
[2022-04-27T05:09:35.636+0000][258.499s] GC(44) Old regions: 39->39
[2022-04-27T05:09:35.636+0000][258.500s] GC(44) Humongous regions: 7->7
[2022-04-27T05:09:35.636+0000][258.500s] GC(44) Metaspace: 55527K->55527K(1099776K)
[2022-04-27T05:09:35.637+0000][258.500s] GC(44) Pause Young (Normal) (G1 Evacuation Pause) 350M->58M(512M) 10.897ms
[2022-04-27T05:09:35.637+0000][258.501s] GC(44) User=0.05s Sys=0.00s Real=0.01s
[2022-04-27T05:09:39.449+0000][262.313s] GC(45) Pause Young (Normal) (G1 Evacuation Pause)
[2022-04-27T05:09:39.450+0000][262.313s] GC(45) Using 8 workers of 8 for evacuation
[2022-04-27T05:09:39.460+0000][262.323s] GC(45)   Pre Evacuate Collection Set: 0.0ms
[2022-04-27T05:09:39.460+0000][262.324s] GC(45)   Evacuate Collection Set: 3.4ms
[2022-04-27T05:09:39.460+0000][262.324s] GC(45)   Post Evacuate Collection Set: 6.3ms
[2022-04-27T05:09:39.461+0000][262.324s] GC(45)   Other: 0.9ms
[2022-04-27T05:09:39.461+0000][262.325s] GC(45) Eden regions: 292->0(290)
[2022-04-27T05:09:39.462+0000][262.325s] GC(45) Survivor regions: 15->17(39)
[2022-04-27T05:09:39.462+0000][262.325s] GC(45) Old regions: 39->39
[2022-04-27T05:09:39.462+0000][262.326s] GC(45) Humongous regions: 7->7
[2022-04-27T05:09:39.462+0000][262.326s] GC(45) Metaspace: 55623K->55623K(1099776K)
[2022-04-27T05:09:39.463+0000][262.326s] GC(45) Pause Young (Normal) (G1 Evacuation Pause) 350M->60M(512M) 13.531ms
[2022-04-27T05:09:39.463+0000][262.327s] GC(45) User=0.07s Sys=0.00s Real=0.02s
[2022-04-27T05:09:43.377+0000][266.241s] GC(46) Pause Young (Normal) (G1 Evacuation Pause)
[2022-04-27T05:09:43.377+0000][266.241s] GC(46) Using 8 workers of 8 for evacuation
[2022-04-27T05:09:43.387+0000][266.250s] GC(46)   Pre Evacuate Collection Set: 0.0ms
[2022-04-27T05:09:43.387+0000][266.251s] GC(46)   Evacuate Collection Set: 3.8ms
[2022-04-27T05:09:43.387+0000][266.251s] GC(46)   Post Evacuate Collection Set: 4.9ms
[2022-04-27T05:09:43.388+0000][266.252s] GC(46)   Other: 0.7ms
[2022-04-27T05:09:43.388+0000][266.252s] GC(46) Eden regions: 290->0(291)
[2022-04-27T05:09:43.389+0000][266.252s] GC(46) Survivor regions: 17->16(39)
[2022-04-27T05:09:43.389+0000][266.253s] GC(46) Old regions: 39->40
[2022-04-27T05:09:43.389+0000][266.253s] GC(46) Humongous regions: 7->7
[2022-04-27T05:09:43.390+0000][266.253s] GC(46) Metaspace: 55626K->55626K(1099776K)
[2022-04-27T05:09:43.390+0000][266.254s] GC(46) Pause Young (Normal) (G1 Evacuation Pause) 350M->60M(512M) 12.991ms
[2022-04-27T05:09:43.391+0000][266.254s] GC(46) User=0.06s Sys=0.00s Real=0.01s
[2022-04-27T05:09:46.693+0000][269.557s] GC(47) Pause Young (Normal) (G1 Evacuation Pause)
[2022-04-27T05:09:46.694+0000][269.557s] GC(47) Using 8 workers of 8 for evacuation
[2022-04-27T05:09:46.702+0000][269.566s] GC(47)   Pre Evacuate Collection Set: 0.0ms
[2022-04-27T05:09:46.702+0000][269.566s] GC(47)   Evacuate Collection Set: 3.0ms
[2022-04-27T05:09:46.703+0000][269.567s] GC(47)   Post Evacuate Collection Set: 4.5ms
[2022-04-27T05:09:46.703+0000][269.567s] GC(47)   Other: 0.9ms
[2022-04-27T05:09:46.704+0000][269.567s] GC(47) Eden regions: 291->0(290)
[2022-04-27T05:09:46.704+0000][269.568s] GC(47) Survivor regions: 16->17(39)
[2022-04-27T05:09:46.705+0000][269.568s] GC(47) Old regions: 40->40
[2022-04-27T05:09:46.705+0000][269.568s] GC(47) Humongous regions: 7->7
[2022-04-27T05:09:46.705+0000][269.569s] GC(47) Metaspace: 55637K->55637K(1099776K)
[2022-04-27T05:09:46.705+0000][269.569s] GC(47) Pause Young (Normal) (G1 Evacuation Pause) 351M->61M(512M) 12.024ms
[2022-04-27T05:09:46.706+0000][269.569s] GC(47) User=0.05s Sys=0.00s Real=0.01s
[2022-04-27T05:09:50.637+0000][273.501s] GC(48) Pause Young (Normal) (G1 Evacuation Pause)
[2022-04-27T05:09:50.637+0000][273.501s] GC(48) Using 8 workers of 8 for evacuation
[2022-04-27T05:09:50.649+0000][273.512s] GC(48)   Pre Evacuate Collection Set: 0.0ms
[2022-04-27T05:09:50.649+0000][273.513s] GC(48)   Evacuate Collection Set: 3.9ms
[2022-04-27T05:09:50.649+0000][273.513s] GC(48)   Post Evacuate Collection Set: 7.0ms
[2022-04-27T05:09:50.650+0000][273.514s] GC(48)   Other: 0.7ms
[2022-04-27T05:09:50.650+0000][273.514s] GC(48) Eden regions: 290->0(292)
[2022-04-27T05:09:50.651+0000][273.514s] GC(48) Survivor regions: 17->15(39)
[2022-04-27T05:09:50.651+0000][273.515s] GC(48) Old regions: 40->40
[2022-04-27T05:09:50.651+0000][273.515s] GC(48) Humongous regions: 7->7
[2022-04-27T05:09:50.652+0000][273.515s] GC(48) Metaspace: 55659K->55659K(1099776K)
[2022-04-27T05:09:50.652+0000][273.516s] GC(48) Pause Young (Normal) (G1 Evacuation Pause) 351M->59M(512M) 14.938ms
[2022-04-27T05:09:50.652+0000][273.516s] GC(48) User=0.08s Sys=0.00s Real=0.02s
[2022-04-27T05:09:53.977+0000][276.841s] GC(49) Pause Young (Normal) (G1 Evacuation Pause)
[2022-04-27T05:09:53.978+0000][276.841s] GC(49) Using 8 workers of 8 for evacuation
[2022-04-27T05:09:53.986+0000][276.850s] GC(49)   Pre Evacuate Collection Set: 0.0ms
[2022-04-27T05:09:53.987+0000][276.850s] GC(49)   Evacuate Collection Set: 2.8ms
[2022-04-27T05:09:53.987+0000][276.851s] GC(49)   Post Evacuate Collection Set: 5.5ms
[2022-04-27T05:09:53.988+0000][276.851s] GC(49)   Other: 0.9ms
[2022-04-27T05:09:53.988+0000][276.852s] GC(49) Eden regions: 292->0(291)
[2022-04-27T05:09:53.988+0000][276.852s] GC(49) Survivor regions: 15->16(39)
[2022-04-27T05:09:53.989+0000][276.852s] GC(49) Old regions: 40->40
[2022-04-27T05:09:53.989+0000][276.852s] GC(49) Humongous regions: 7->7
[2022-04-27T05:09:53.989+0000][276.853s] GC(49) Metaspace: 55664K->55664K(1099776K)
[2022-04-27T05:09:53.989+0000][276.853s] GC(49) Pause Young (Normal) (G1 Evacuation Pause) 351M->60M(512M) 12.045ms
[2022-04-27T05:09:53.989+0000][276.853s] GC(49) User=0.06s Sys=0.00s Real=0.01s
[2022-04-27T05:09:57.773+0000][280.637s] GC(50) Pause Young (Normal) (G1 Evacuation Pause)
[2022-04-27T05:09:57.773+0000][280.637s] GC(50) Using 8 workers of 8 for evacuation
[2022-04-27T05:09:57.780+0000][280.644s] GC(50)   Pre Evacuate Collection Set: 0.0ms
[2022-04-27T05:09:57.781+0000][280.644s] GC(50)   Evacuate Collection Set: 3.1ms
[2022-04-27T05:09:57.781+0000][280.645s] GC(50)   Post Evacuate Collection Set: 3.5ms
[2022-04-27T05:09:57.782+0000][280.645s] GC(50)   Other: 0.7ms
[2022-04-27T05:09:57.782+0000][280.646s] GC(50) Eden regions: 291->0(292)
[2022-04-27T05:09:57.782+0000][280.646s] GC(50) Survivor regions: 16->15(39)
[2022-04-27T05:09:57.783+0000][280.646s] GC(50) Old regions: 40->40
[2022-04-27T05:09:57.783+0000][280.647s] GC(50) Humongous regions: 7->7
[2022-04-27T05:09:57.784+0000][280.647s] GC(50) Metaspace: 55664K->55664K(1099776K)
[2022-04-27T05:09:57.784+0000][280.648s] GC(50) Pause Young (Normal) (G1 Evacuation Pause) 351M->60M(512M) 10.944ms
[2022-04-27T05:09:57.784+0000][280.648s] GC(50) User=0.04s Sys=0.00s Real=0.01s
[2022-04-27T05:10:01.062+0000][283.925s] GC(51) Pause Young (Normal) (G1 Evacuation Pause)
[2022-04-27T05:10:01.062+0000][283.926s] GC(51) Using 8 workers of 8 for evacuation
[2022-04-27T05:10:01.075+0000][283.939s] GC(51)   Pre Evacuate Collection Set: 0.0ms
[2022-04-27T05:10:01.075+0000][283.939s] GC(51)   Evacuate Collection Set: 6.6ms
[2022-04-27T05:10:01.076+0000][283.939s] GC(51)   Post Evacuate Collection Set: 5.8ms
[2022-04-27T05:10:01.076+0000][283.940s] GC(51)   Other: 1.0ms
[2022-04-27T05:10:01.077+0000][283.940s] GC(51) Eden regions: 292->0(289)
[2022-04-27T05:10:01.077+0000][283.941s] GC(51) Survivor regions: 15->18(39)
[2022-04-27T05:10:01.077+0000][283.941s] GC(51) Old regions: 40->40
[2022-04-27T05:10:01.078+0000][283.941s] GC(51) Humongous regions: 7->7
[2022-04-27T05:10:01.078+0000][283.942s] GC(51) Metaspace: 55665K->55665K(1099776K)
[2022-04-27T05:10:01.079+0000][283.942s] GC(51) Pause Young (Normal) (G1 Evacuation Pause) 352M->62M(512M) 16.912ms
[2022-04-27T05:10:01.079+0000][283.943s] GC(51) User=0.08s Sys=0.00s Real=0.01s
[2022-04-27T05:10:04.594+0000][287.458s] GC(52) Pause Young (Normal) (G1 Evacuation Pause)
[2022-04-27T05:10:04.595+0000][287.458s] GC(52) Using 8 workers of 8 for evacuation
[2022-04-27T05:10:04.604+0000][287.467s] GC(52)   Pre Evacuate Collection Set: 0.0ms
[2022-04-27T05:10:04.604+0000][287.468s] GC(52)   Evacuate Collection Set: 3.7ms
[2022-04-27T05:10:04.605+0000][287.468s] GC(52)   Post Evacuate Collection Set: 5.0ms
[2022-04-27T05:10:04.605+0000][287.468s] GC(52)   Other: 0.7ms
[2022-04-27T05:10:04.605+0000][287.469s] GC(52) Eden regions: 289->0(292)
[2022-04-27T05:10:04.605+0000][287.469s] GC(52) Survivor regions: 18->15(39)
[2022-04-27T05:10:04.606+0000][287.469s] GC(52) Old regions: 40->40
[2022-04-27T05:10:04.606+0000][287.470s] GC(52) Humongous regions: 7->7
[2022-04-27T05:10:04.606+0000][287.470s] GC(52) Metaspace: 55667K->55667K(1099776K)
[2022-04-27T05:10:04.606+0000][287.470s] GC(52) Pause Young (Normal) (G1 Evacuation Pause) 351M->59M(512M) 11.973ms
[2022-04-27T05:10:04.607+0000][287.470s] GC(52) User=0.06s Sys=0.00s Real=0.01s
[2022-04-27T05:10:08.579+0000][291.443s] GC(53) Pause Young (Normal) (G1 Evacuation Pause)
[2022-04-27T05:10:08.580+0000][291.443s] GC(53) Using 8 workers of 8 for evacuation
[2022-04-27T05:10:08.588+0000][291.452s] GC(53)   Pre Evacuate Collection Set: 0.0ms
[2022-04-27T05:10:08.589+0000][291.452s] GC(53)   Evacuate Collection Set: 4.4ms
[2022-04-27T05:10:08.589+0000][291.453s] GC(53)   Post Evacuate Collection Set: 4.0ms
[2022-04-27T05:10:08.589+0000][291.453s] GC(53)   Other: 0.5ms
[2022-04-27T05:10:08.590+0000][291.453s] GC(53) Eden regions: 292->0(290)
[2022-04-27T05:10:08.590+0000][291.454s] GC(53) Survivor regions: 15->17(39)
[2022-04-27T05:10:08.590+0000][291.454s] GC(53) Old regions: 40->40
[2022-04-27T05:10:08.590+0000][291.454s] GC(53) Humongous regions: 7->7
[2022-04-27T05:10:08.591+0000][291.454s] GC(53) Metaspace: 55690K->55690K(1099776K)
[2022-04-27T05:10:08.591+0000][291.455s] GC(53) Pause Young (Normal) (G1 Evacuation Pause) 351M->62M(512M) 11.609ms
[2022-04-27T05:10:08.591+0000][291.455s] GC(53) User=0.06s Sys=0.00s Real=0.02s
[2022-04-27T05:10:12.738+0000][295.601s] GC(54) Pause Young (Normal) (G1 Evacuation Pause)
[2022-04-27T05:10:12.738+0000][295.602s] GC(54) Using 8 workers of 8 for evacuation
[2022-04-27T05:10:12.747+0000][295.610s] GC(54)   Pre Evacuate Collection Set: 0.0ms
[2022-04-27T05:10:12.747+0000][295.611s] GC(54)   Evacuate Collection Set: 3.3ms
[2022-04-27T05:10:12.747+0000][295.611s] GC(54)   Post Evacuate Collection Set: 4.4ms
[2022-04-27T05:10:12.748+0000][295.611s] GC(54)   Other: 1.2ms
[2022-04-27T05:10:12.748+0000][295.612s] GC(54) Eden regions: 290->0(290)
[2022-04-27T05:10:12.748+0000][295.612s] GC(54) Survivor regions: 17->17(39)
[2022-04-27T05:10:12.749+0000][295.612s] GC(54) Old regions: 40->40
[2022-04-27T05:10:12.749+0000][295.613s] GC(54) Humongous regions: 7->7
[2022-04-27T05:10:12.749+0000][295.613s] GC(54) Metaspace: 55702K->55702K(1099776K)
[2022-04-27T05:10:12.750+0000][295.613s] GC(54) Pause Young (Normal) (G1 Evacuation Pause) 352M->62M(512M) 11.930ms
[2022-04-27T05:10:12.750+0000][295.614s] GC(54) User=0.06s Sys=0.00s Real=0.01s
[2022-04-27T05:10:16.527+0000][299.391s] GC(55) Pause Young (Normal) (G1 Evacuation Pause)
[2022-04-27T05:10:16.528+0000][299.391s] GC(55) Using 8 workers of 8 for evacuation
[2022-04-27T05:10:16.536+0000][299.399s] GC(55)   Pre Evacuate Collection Set: 0.0ms
[2022-04-27T05:10:16.536+0000][299.400s] GC(55)   Evacuate Collection Set: 3.9ms
[2022-04-27T05:10:16.536+0000][299.400s] GC(55)   Post Evacuate Collection Set: 3.6ms
[2022-04-27T05:10:16.537+0000][299.400s] GC(55)   Other: 0.9ms
[2022-04-27T05:10:16.537+0000][299.401s] GC(55) Eden regions: 290->0(291)
[2022-04-27T05:10:16.538+0000][299.401s] GC(55) Survivor regions: 17->16(39)
[2022-04-27T05:10:16.538+0000][299.402s] GC(55) Old regions: 40->40
[2022-04-27T05:10:16.538+0000][299.402s] GC(55) Humongous regions: 7->7
[2022-04-27T05:10:16.539+0000][299.402s] GC(55) Metaspace: 55745K->55745K(1099776K)
[2022-04-27T05:10:16.539+0000][299.403s] GC(55) Pause Young (Normal) (G1 Evacuation Pause) 352M->61M(512M) 11.596ms
[2022-04-27T05:10:16.539+0000][299.403s] GC(55) User=0.05s Sys=0.00s Real=0.01s
[2022-04-27T05:10:19.941+0000][302.804s] GC(56) Pause Young (Normal) (G1 Evacuation Pause)
[2022-04-27T05:10:19.941+0000][302.804s] GC(56) Using 8 workers of 8 for evacuation
[2022-04-27T05:10:19.947+0000][302.811s] GC(56)   Pre Evacuate Collection Set: 0.0ms
[2022-04-27T05:10:19.948+0000][302.812s] GC(56)   Evacuate Collection Set: 2.5ms
[2022-04-27T05:10:19.948+0000][302.812s] GC(56)   Post Evacuate Collection Set: 3.9ms
[2022-04-27T05:10:19.949+0000][302.812s] GC(56)   Other: 0.5ms
[2022-04-27T05:10:19.949+0000][302.813s] GC(56) Eden regions: 291->0(290)
[2022-04-27T05:10:19.949+0000][302.813s] GC(56) Survivor regions: 16->17(39)
[2022-04-27T05:10:19.950+0000][302.813s] GC(56) Old regions: 40->40
[2022-04-27T05:10:19.950+0000][302.814s] GC(56) Humongous regions: 7->7
[2022-04-27T05:10:19.950+0000][302.814s] GC(56) Metaspace: 55750K->55750K(1099776K)
[2022-04-27T05:10:19.951+0000][302.814s] GC(56) Pause Young (Normal) (G1 Evacuation Pause) 352M->61M(512M) 10.200ms
[2022-04-27T05:10:19.951+0000][302.815s] GC(56) User=0.05s Sys=0.00s Real=0.02s
[2022-04-27T05:10:23.165+0000][306.028s] GC(57) Pause Young (Normal) (G1 Evacuation Pause)
[2022-04-27T05:10:23.165+0000][306.029s] GC(57) Using 8 workers of 8 for evacuation
[2022-04-27T05:10:23.179+0000][306.042s] GC(57)   Pre Evacuate Collection Set: 0.0ms
[2022-04-27T05:10:23.179+0000][306.043s] GC(57)   Evacuate Collection Set: 3.4ms
[2022-04-27T05:10:23.180+0000][306.043s] GC(57)   Post Evacuate Collection Set: 10.1ms
[2022-04-27T05:10:23.180+0000][306.044s] GC(57)   Other: 0.6ms
[2022-04-27T05:10:23.180+0000][306.044s] GC(57) Eden regions: 290->0(292)
[2022-04-27T05:10:23.181+0000][306.044s] GC(57) Survivor regions: 17->15(39)
[2022-04-27T05:10:23.181+0000][306.045s] GC(57) Old regions: 40->40
[2022-04-27T05:10:23.181+0000][306.045s] GC(57) Humongous regions: 7->7
[2022-04-27T05:10:23.181+0000][306.045s] GC(57) Metaspace: 55759K->55759K(1099776K)
[2022-04-27T05:10:23.182+0000][306.045s] GC(57) Pause Young (Normal) (G1 Evacuation Pause) 351M->60M(512M) 16.974ms
[2022-04-27T05:10:23.182+0000][306.046s] GC(57) User=0.09s Sys=0.00s Real=0.02s
[2022-04-27T05:10:26.922+0000][309.786s] GC(58) Pause Young (Normal) (G1 Evacuation Pause)
[2022-04-27T05:10:26.922+0000][309.786s] GC(58) Using 8 workers of 8 for evacuation
[2022-04-27T05:10:26.930+0000][309.793s] GC(58)   Pre Evacuate Collection Set: 0.0ms
[2022-04-27T05:10:26.930+0000][309.794s] GC(58)   Evacuate Collection Set: 2.3ms
[2022-04-27T05:10:26.931+0000][309.794s] GC(58)   Post Evacuate Collection Set: 5.0ms
[2022-04-27T05:10:26.931+0000][309.795s] GC(58)   Other: 0.6ms
[2022-04-27T05:10:26.932+0000][309.795s] GC(58) Eden regions: 292->0(291)
[2022-04-27T05:10:26.932+0000][309.796s] GC(58) Survivor regions: 15->16(39)
[2022-04-27T05:10:26.932+0000][309.796s] GC(58) Old regions: 40->40
[2022-04-27T05:10:26.933+0000][309.796s] GC(58) Humongous regions: 7->7
[2022-04-27T05:10:26.933+0000][309.797s] GC(58) Metaspace: 55781K->55781K(1099776K)
[2022-04-27T05:10:26.934+0000][309.797s] GC(58) Pause Young (Normal) (G1 Evacuation Pause) 352M->61M(512M) 11.618ms
[2022-04-27T05:10:26.934+0000][309.798s] GC(58) User=0.05s Sys=0.00s Real=0.01s
[2022-04-27T05:10:30.280+0000][313.144s] GC(59) Pause Young (Normal) (G1 Evacuation Pause)
[2022-04-27T05:10:30.281+0000][313.144s] GC(59) Using 8 workers of 8 for evacuation
[2022-04-27T05:10:30.287+0000][313.151s] GC(59)   Pre Evacuate Collection Set: 0.0ms
[2022-04-27T05:10:30.288+0000][313.152s] GC(59)   Evacuate Collection Set: 3.1ms
[2022-04-27T05:10:30.288+0000][313.152s] GC(59)   Post Evacuate Collection Set: 3.4ms
[2022-04-27T05:10:30.289+0000][313.152s] GC(59)   Other: 0.7ms
[2022-04-27T05:10:30.289+0000][313.153s] GC(59) Eden regions: 291->0(292)
[2022-04-27T05:10:30.289+0000][313.153s] GC(59) Survivor regions: 16->15(39)
[2022-04-27T05:10:30.290+0000][313.153s] GC(59) Old regions: 40->41
[2022-04-27T05:10:30.290+0000][313.154s] GC(59) Humongous regions: 7->7
[2022-04-27T05:10:30.290+0000][313.154s] GC(59) Metaspace: 55829K->55829K(1099776K)
[2022-04-27T05:10:30.291+0000][313.154s] GC(59) Pause Young (Normal) (G1 Evacuation Pause) 352M->60M(512M) 10.360ms
[2022-04-27T05:10:30.291+0000][313.155s] GC(59) User=0.04s Sys=0.01s Real=0.02s
[2022-04-27T05:10:33.530+0000][316.394s] GC(60) Pause Young (Normal) (G1 Evacuation Pause)
[2022-04-27T05:10:33.531+0000][316.394s] GC(60) Using 8 workers of 8 for evacuation
[2022-04-27T05:10:33.540+0000][316.403s] GC(60)   Pre Evacuate Collection Set: 0.0ms
[2022-04-27T05:10:33.540+0000][316.404s] GC(60)   Evacuate Collection Set: 2.9ms
[2022-04-27T05:10:33.540+0000][316.404s] GC(60)   Post Evacuate Collection Set: 5.9ms
[2022-04-27T05:10:33.541+0000][316.404s] GC(60)   Other: 0.9ms
[2022-04-27T05:10:33.541+0000][316.405s] GC(60) Eden regions: 292->0(293)
[2022-04-27T05:10:33.541+0000][316.405s] GC(60) Survivor regions: 15->14(39)
[2022-04-27T05:10:33.542+0000][316.405s] GC(60) Old regions: 41->41
[2022-04-27T05:10:33.542+0000][316.406s] GC(60) Humongous regions: 7->7
[2022-04-27T05:10:33.542+0000][316.406s] GC(60) Metaspace: 55847K->55847K(1099776K)
[2022-04-27T05:10:33.543+0000][316.406s] GC(60) Pause Young (Normal) (G1 Evacuation Pause) 352M->59M(512M) 12.343ms
[2022-04-27T05:10:33.543+0000][316.406s] GC(60) User=0.07s Sys=0.01s Real=0.02s
[2022-04-27T05:10:37.003+0000][319.867s] GC(61) Pause Young (Normal) (G1 Evacuation Pause)
[2022-04-27T05:10:37.003+0000][319.867s] GC(61) Using 8 workers of 8 for evacuation
[2022-04-27T05:10:37.011+0000][319.874s] GC(61)   Pre Evacuate Collection Set: 0.0ms
[2022-04-27T05:10:37.011+0000][319.875s] GC(61)   Evacuate Collection Set: 3.0ms
[2022-04-27T05:10:37.011+0000][319.875s] GC(61)   Post Evacuate Collection Set: 3.8ms
[2022-04-27T05:10:37.012+0000][319.875s] GC(61)   Other: 0.8ms
[2022-04-27T05:10:37.012+0000][319.876s] GC(61) Eden regions: 293->0(291)
[2022-04-27T05:10:37.012+0000][319.876s] GC(61) Survivor regions: 14->16(39)
[2022-04-27T05:10:37.013+0000][319.876s] GC(61) Old regions: 41->41
[2022-04-27T05:10:37.013+0000][319.877s] GC(61) Humongous regions: 7->7
[2022-04-27T05:10:37.013+0000][319.877s] GC(61) Metaspace: 55895K->55895K(1099776K)
[2022-04-27T05:10:37.013+0000][319.877s] GC(61) Pause Young (Normal) (G1 Evacuation Pause) 352M->61M(512M) 10.533ms
[2022-04-27T05:10:37.014+0000][319.877s] GC(61) User=0.05s Sys=0.00s Real=0.01s
[2022-04-27T05:10:40.486+0000][323.349s] GC(62) Pause Young (Normal) (G1 Evacuation Pause)
[2022-04-27T05:10:40.486+0000][323.350s] GC(62) Using 8 workers of 8 for evacuation
[2022-04-27T05:10:40.494+0000][323.358s] GC(62)   Pre Evacuate Collection Set: 0.0ms
[2022-04-27T05:10:40.494+0000][323.358s] GC(62)   Evacuate Collection Set: 3.9ms
[2022-04-27T05:10:40.495+0000][323.358s] GC(62)   Post Evacuate Collection Set: 3.5ms
[2022-04-27T05:10:40.495+0000][323.359s] GC(62)   Other: 0.9ms
[2022-04-27T05:10:40.495+0000][323.359s] GC(62) Eden regions: 291->0(291)
[2022-04-27T05:10:40.496+0000][323.359s] GC(62) Survivor regions: 16->16(39)
[2022-04-27T05:10:40.496+0000][323.359s] GC(62) Old regions: 41->41
[2022-04-27T05:10:40.496+0000][323.360s] GC(62) Humongous regions: 7->7
[2022-04-27T05:10:40.496+0000][323.360s] GC(62) Metaspace: 56027K->56027K(1099776K)
[2022-04-27T05:10:40.497+0000][323.360s] GC(62) Pause Young (Normal) (G1 Evacuation Pause) 352M->61M(512M) 10.774ms
[2022-04-27T05:10:40.497+0000][323.360s] GC(62) User=0.05s Sys=0.00s Real=0.01s
[2022-04-27T05:10:43.852+0000][326.715s] GC(63) Pause Young (Normal) (G1 Evacuation Pause)
[2022-04-27T05:10:43.852+0000][326.716s] GC(63) Using 8 workers of 8 for evacuation
[2022-04-27T05:10:43.861+0000][326.725s] GC(63)   Pre Evacuate Collection Set: 0.0ms
[2022-04-27T05:10:43.861+0000][326.725s] GC(63)   Evacuate Collection Set: 3.2ms
[2022-04-27T05:10:43.862+0000][326.725s] GC(63)   Post Evacuate Collection Set: 5.4ms
[2022-04-27T05:10:43.862+0000][326.726s] GC(63)   Other: 0.7ms
[2022-04-27T05:10:43.862+0000][326.726s] GC(63) Eden regions: 291->0(289)
[2022-04-27T05:10:43.863+0000][326.726s] GC(63) Survivor regions: 16->18(39)
[2022-04-27T05:10:43.863+0000][326.727s] GC(63) Old regions: 41->41
[2022-04-27T05:10:43.863+0000][326.727s] GC(63) Humongous regions: 7->7
[2022-04-27T05:10:43.864+0000][326.727s] GC(63) Metaspace: 56077K->56077K(1099776K)
[2022-04-27T05:10:43.864+0000][326.727s] GC(63) Pause Young (Normal) (G1 Evacuation Pause) 352M->63M(512M) 12.210ms
[2022-04-27T05:10:43.864+0000][326.728s] GC(63) User=0.05s Sys=0.00s Real=0.01s
[2022-04-27T05:10:47.172+0000][330.035s] GC(64) Pause Young (Normal) (G1 Evacuation Pause)
[2022-04-27T05:10:47.172+0000][330.036s] GC(64) Using 8 workers of 8 for evacuation
[2022-04-27T05:10:47.180+0000][330.044s] GC(64)   Pre Evacuate Collection Set: 0.0ms
[2022-04-27T05:10:47.180+0000][330.044s] GC(64)   Evacuate Collection Set: 3.3ms
[2022-04-27T05:10:47.181+0000][330.044s] GC(64)   Post Evacuate Collection Set: 4.1ms
[2022-04-27T05:10:47.181+0000][330.045s] GC(64)   Other: 0.8ms
[2022-04-27T05:10:47.182+0000][330.045s] GC(64) Eden regions: 289->0(292)
[2022-04-27T05:10:47.182+0000][330.046s] GC(64) Survivor regions: 18->15(39)
[2022-04-27T05:10:47.182+0000][330.046s] GC(64) Old regions: 41->41
[2022-04-27T05:10:47.183+0000][330.046s] GC(64) Humongous regions: 7->7
[2022-04-27T05:10:47.183+0000][330.047s] GC(64) Metaspace: 56330K->56330K(1101824K)
[2022-04-27T05:10:47.183+0000][330.047s] GC(64) Pause Young (Normal) (G1 Evacuation Pause) 352M->61M(512M) 11.595ms
[2022-04-27T05:10:47.184+0000][330.047s] GC(64) User=0.05s Sys=0.00s Real=0.01s
[2022-04-27T05:10:50.446+0000][333.310s] GC(65) Pause Young (Normal) (G1 Evacuation Pause)
[2022-04-27T05:10:50.447+0000][333.310s] GC(65) Using 8 workers of 8 for evacuation
[2022-04-27T05:10:50.453+0000][333.317s] GC(65)   Pre Evacuate Collection Set: 0.0ms
[2022-04-27T05:10:50.454+0000][333.318s] GC(65)   Evacuate Collection Set: 2.6ms
[2022-04-27T05:10:50.454+0000][333.318s] GC(65)   Post Evacuate Collection Set: 3.6ms
[2022-04-27T05:10:50.455+0000][333.318s] GC(65)   Other: 0.8ms
[2022-04-27T05:10:50.455+0000][333.319s] GC(65) Eden regions: 292->0(292)
[2022-04-27T05:10:50.455+0000][333.319s] GC(65) Survivor regions: 15->15(39)
[2022-04-27T05:10:50.456+0000][333.319s] GC(65) Old regions: 41->41
[2022-04-27T05:10:50.456+0000][333.320s] GC(65) Humongous regions: 7->7
[2022-04-27T05:10:50.457+0000][333.320s] GC(65) Metaspace: 56336K->56336K(1101824K)
[2022-04-27T05:10:50.457+0000][333.321s] GC(65) Pause Young (Normal) (G1 Evacuation Pause) 353M->60M(512M) 10.591ms
[2022-04-27T05:10:50.457+0000][333.321s] GC(65) User=0.05s Sys=0.00s Real=0.01s
[2022-04-27T05:10:53.914+0000][336.777s] GC(66) Pause Young (Normal) (G1 Evacuation Pause)
[2022-04-27T05:10:53.914+0000][336.778s] GC(66) Using 8 workers of 8 for evacuation
[2022-04-27T05:10:53.926+0000][336.789s] GC(66)   Pre Evacuate Collection Set: 0.0ms
[2022-04-27T05:10:53.926+0000][336.790s] GC(66)   Evacuate Collection Set: 6.3ms
[2022-04-27T05:10:53.926+0000][336.790s] GC(66)   Post Evacuate Collection Set: 5.2ms
[2022-04-27T05:10:53.927+0000][336.790s] GC(66)   Other: 0.6ms
[2022-04-27T05:10:53.927+0000][336.790s] GC(66) Eden regions: 292->0(291)
[2022-04-27T05:10:53.927+0000][336.791s] GC(66) Survivor regions: 15->16(39)
[2022-04-27T05:10:53.927+0000][336.791s] GC(66) Old regions: 41->41
[2022-04-27T05:10:53.927+0000][336.791s] GC(66) Humongous regions: 7->7
[2022-04-27T05:10:53.928+0000][336.791s] GC(66) Metaspace: 56351K->56351K(1101824K)
[2022-04-27T05:10:53.928+0000][336.792s] GC(66) Pause Young (Normal) (G1 Evacuation Pause) 352M->62M(512M) 14.288ms
[2022-04-27T05:10:53.928+0000][336.792s] GC(66) User=0.08s Sys=0.00s Real=0.01s
[2022-04-27T05:10:57.222+0000][340.086s] GC(67) Pause Young (Normal) (G1 Evacuation Pause)
[2022-04-27T05:10:57.223+0000][340.086s] GC(67) Using 8 workers of 8 for evacuation
[2022-04-27T05:10:57.230+0000][340.093s] GC(67)   Pre Evacuate Collection Set: 0.0ms
[2022-04-27T05:10:57.230+0000][340.094s] GC(67)   Evacuate Collection Set: 3.1ms
[2022-04-27T05:10:57.230+0000][340.094s] GC(67)   Post Evacuate Collection Set: 3.3ms
[2022-04-27T05:10:57.231+0000][340.094s] GC(67)   Other: 0.9ms
[2022-04-27T05:10:57.231+0000][340.095s] GC(67) Eden regions: 291->0(292)
[2022-04-27T05:10:57.232+0000][340.095s] GC(67) Survivor regions: 16->15(39)
[2022-04-27T05:10:57.232+0000][340.096s] GC(67) Old regions: 41->41
[2022-04-27T05:10:57.232+0000][340.096s] GC(67) Humongous regions: 7->7
[2022-04-27T05:10:57.233+0000][340.096s] GC(67) Metaspace: 56360K->56360K(1101824K)
[2022-04-27T05:10:57.233+0000][340.097s] GC(67) Pause Young (Normal) (G1 Evacuation Pause) 353M->60M(512M) 10.921ms
[2022-04-27T05:10:57.233+0000][340.097s] GC(67) User=0.04s Sys=0.01s Real=0.01s
[2022-04-27T05:11:00.420+0000][343.284s] GC(68) Pause Young (Normal) (G1 Evacuation Pause)
[2022-04-27T05:11:00.420+0000][343.284s] GC(68) Using 8 workers of 8 for evacuation
[2022-04-27T05:11:00.428+0000][343.292s] GC(68)   Pre Evacuate Collection Set: 0.0ms
[2022-04-27T05:11:00.428+0000][343.292s] GC(68)   Evacuate Collection Set: 3.1ms
[2022-04-27T05:11:00.429+0000][343.292s] GC(68)   Post Evacuate Collection Set: 3.8ms
[2022-04-27T05:11:00.429+0000][343.293s] GC(68)   Other: 1.1ms
[2022-04-27T05:11:00.429+0000][343.293s] GC(68) Eden regions: 292->0(291)
[2022-04-27T05:11:00.430+0000][343.293s] GC(68) Survivor regions: 15->16(39)
[2022-04-27T05:11:00.430+0000][343.294s] GC(68) Old regions: 41->41
[2022-04-27T05:11:00.430+0000][343.294s] GC(68) Humongous regions: 7->7
[2022-04-27T05:11:00.431+0000][343.294s] GC(68) Metaspace: 56405K->56405K(1101824K)
[2022-04-27T05:11:00.431+0000][343.295s] GC(68) Pause Young (Normal) (G1 Evacuation Pause) 352M->61M(512M) 11.049ms
[2022-04-27T05:11:00.431+0000][343.295s] GC(68) User=0.04s Sys=0.00s Real=0.02s
[2022-04-27T05:11:03.657+0000][346.520s] GC(69) Pause Young (Normal) (G1 Evacuation Pause)
[2022-04-27T05:11:03.657+0000][346.521s] GC(69) Using 8 workers of 8 for evacuation
[2022-04-27T05:11:03.665+0000][346.528s] GC(69)   Pre Evacuate Collection Set: 0.0ms
[2022-04-27T05:11:03.665+0000][346.529s] GC(69)   Evacuate Collection Set: 4.0ms
[2022-04-27T05:11:03.666+0000][346.529s] GC(69)   Post Evacuate Collection Set: 3.4ms
[2022-04-27T05:11:03.666+0000][346.530s] GC(69)   Other: 0.8ms
[2022-04-27T05:11:03.666+0000][346.530s] GC(69) Eden regions: 291->0(291)
[2022-04-27T05:11:03.667+0000][346.530s] GC(69) Survivor regions: 16->16(39)
[2022-04-27T05:11:03.667+0000][346.531s] GC(69) Old regions: 41->41
[2022-04-27T05:11:03.667+0000][346.531s] GC(69) Humongous regions: 7->7
[2022-04-27T05:11:03.668+0000][346.531s] GC(69) Metaspace: 56436K->56436K(1101824K)
[2022-04-27T05:11:03.668+0000][346.532s] GC(69) Pause Young (Normal) (G1 Evacuation Pause) 352M->62M(512M) 11.530ms
[2022-04-27T05:11:03.669+0000][346.532s] GC(69) User=0.05s Sys=0.00s Real=0.01s
[2022-04-27T05:11:07.082+0000][349.946s] GC(70) Pause Young (Normal) (G1 Evacuation Pause)
[2022-04-27T05:11:07.083+0000][349.946s] GC(70) Using 8 workers of 8 for evacuation
[2022-04-27T05:11:07.094+0000][349.958s] GC(70)   Pre Evacuate Collection Set: 0.0ms
[2022-04-27T05:11:07.095+0000][349.958s] GC(70)   Evacuate Collection Set: 3.4ms
[2022-04-27T05:11:07.095+0000][349.959s] GC(70)   Post Evacuate Collection Set: 7.6ms
[2022-04-27T05:11:07.096+0000][349.959s] GC(70)   Other: 1.0ms
[2022-04-27T05:11:07.096+0000][349.960s] GC(70) Eden regions: 291->0(290)
[2022-04-27T05:11:07.096+0000][349.960s] GC(70) Survivor regions: 16->17(39)
[2022-04-27T05:11:07.097+0000][349.960s] GC(70) Old regions: 41->41
[2022-04-27T05:11:07.097+0000][349.960s] GC(70) Humongous regions: 7->7
[2022-04-27T05:11:07.097+0000][349.961s] GC(70) Metaspace: 56440K->56440K(1101824K)
[2022-04-27T05:11:07.097+0000][349.961s] GC(70) Pause Young (Normal) (G1 Evacuation Pause) 353M->62M(512M) 15.187ms
[2022-04-27T05:11:07.098+0000][349.962s] GC(70) User=0.08s Sys=0.00s Real=0.01s
[2022-04-27T05:11:10.356+0000][353.220s] GC(71) Pause Young (Normal) (G1 Evacuation Pause)
[2022-04-27T05:11:10.357+0000][353.220s] GC(71) Using 8 workers of 8 for evacuation
[2022-04-27T05:11:10.366+0000][353.229s] GC(71)   Pre Evacuate Collection Set: 0.0ms
[2022-04-27T05:11:10.366+0000][353.230s] GC(71)   Evacuate Collection Set: 3.3ms
[2022-04-27T05:11:10.367+0000][353.230s] GC(71)   Post Evacuate Collection Set: 5.3ms
[2022-04-27T05:11:10.367+0000][353.230s] GC(71)   Other: 0.9ms
[2022-04-27T05:11:10.367+0000][353.231s] GC(71) Eden regions: 290->0(291)
[2022-04-27T05:11:10.367+0000][353.231s] GC(71) Survivor regions: 17->16(39)
[2022-04-27T05:11:10.368+0000][353.231s] GC(71) Old regions: 41->41
[2022-04-27T05:11:10.368+0000][353.232s] GC(71) Humongous regions: 7->7
[2022-04-27T05:11:10.369+0000][353.232s] GC(71) Metaspace: 56440K->56440K(1101824K)
[2022-04-27T05:11:10.369+0000][353.233s] GC(71) Pause Young (Normal) (G1 Evacuation Pause) 352M->62M(512M) 12.696ms
[2022-04-27T05:11:10.369+0000][353.233s] GC(71) User=0.06s Sys=0.01s Real=0.01s
[2022-04-27T05:11:13.987+0000][356.850s] GC(72) Pause Young (Normal) (G1 Evacuation Pause)
[2022-04-27T05:11:13.987+0000][356.851s] GC(72) Using 8 workers of 8 for evacuation
[2022-04-27T05:11:14.006+0000][356.870s] GC(72)   Pre Evacuate Collection Set: 0.0ms
[2022-04-27T05:11:14.007+0000][356.870s] GC(72)   Evacuate Collection Set: 8.3ms
[2022-04-27T05:11:14.007+0000][356.871s] GC(72)   Post Evacuate Collection Set: 10.3ms
[2022-04-27T05:11:14.007+0000][356.871s] GC(72)   Other: 0.8ms
[2022-04-27T05:11:14.008+0000][356.871s] GC(72) Eden regions: 291->0(291)
[2022-04-27T05:11:14.008+0000][356.872s] GC(72) Survivor regions: 16->16(39)
[2022-04-27T05:11:14.009+0000][356.872s] GC(72) Old regions: 41->42
[2022-04-27T05:11:14.009+0000][356.873s] GC(72) Humongous regions: 7->7
[2022-04-27T05:11:14.009+0000][356.873s] GC(72) Metaspace: 56440K->56440K(1101824K)
[2022-04-27T05:11:14.009+0000][356.873s] GC(72) Pause Young (Normal) (G1 Evacuation Pause) 353M->62M(512M) 22.878ms
[2022-04-27T05:11:14.010+0000][356.873s] GC(72) User=0.14s Sys=0.00s Real=0.02s
[2022-04-27T05:11:16.879+0000][359.743s] GC(73) Pause Young (Normal) (G1 Evacuation Pause)
[2022-04-27T05:11:16.880+0000][359.743s] GC(73) Using 8 workers of 8 for evacuation
[2022-04-27T05:11:16.887+0000][359.751s] GC(73)   Pre Evacuate Collection Set: 0.0ms
[2022-04-27T05:11:16.887+0000][359.751s] GC(73)   Evacuate Collection Set: 3.3ms
[2022-04-27T05:11:16.888+0000][359.751s] GC(73)   Post Evacuate Collection Set: 3.5ms
[2022-04-27T05:11:16.888+0000][359.752s] GC(73)   Other: 0.9ms
[2022-04-27T05:11:16.889+0000][359.752s] GC(73) Eden regions: 291->0(291)
[2022-04-27T05:11:16.889+0000][359.753s] GC(73) Survivor regions: 16->16(39)
[2022-04-27T05:11:16.889+0000][359.753s] GC(73) Old regions: 42->42
[2022-04-27T05:11:16.890+0000][359.753s] GC(73) Humongous regions: 7->7
[2022-04-27T05:11:16.890+0000][359.754s] GC(73) Metaspace: 56440K->56440K(1101824K)
[2022-04-27T05:11:16.890+0000][359.754s] GC(73) Pause Young (Normal) (G1 Evacuation Pause) 353M->62M(512M) 10.930ms
[2022-04-27T05:11:16.891+0000][359.754s] GC(73) User=0.05s Sys=0.00s Real=0.01s
[2022-04-27T05:11:20.206+0000][363.069s] GC(74) Pause Young (Normal) (G1 Evacuation Pause)
[2022-04-27T05:11:20.206+0000][363.070s] GC(74) Using 8 workers of 8 for evacuation
[2022-04-27T05:11:20.216+0000][363.080s] GC(74)   Pre Evacuate Collection Set: 0.0ms
[2022-04-27T05:11:20.217+0000][363.080s] GC(74)   Evacuate Collection Set: 5.7ms
[2022-04-27T05:11:20.217+0000][363.081s] GC(74)   Post Evacuate Collection Set: 4.1ms
[2022-04-27T05:11:20.217+0000][363.081s] GC(74)   Other: 0.7ms
[2022-04-27T05:11:20.218+0000][363.081s] GC(74) Eden regions: 291->0(292)
[2022-04-27T05:11:20.218+0000][363.082s] GC(74) Survivor regions: 16->15(39)
[2022-04-27T05:11:20.218+0000][363.082s] GC(74) Old regions: 42->42
[2022-04-27T05:11:20.219+0000][363.082s] GC(74) Humongous regions: 7->7
[2022-04-27T05:11:20.219+0000][363.083s] GC(74) Metaspace: 56446K->56446K(1101824K)
[2022-04-27T05:11:20.219+0000][363.083s] GC(74) Pause Young (Normal) (G1 Evacuation Pause) 353M->61M(512M) 13.506ms
[2022-04-27T05:11:20.220+0000][363.083s] GC(74) User=0.07s Sys=0.00s Real=0.01s
[2022-04-27T05:11:23.514+0000][366.378s] GC(75) Pause Young (Normal) (G1 Evacuation Pause)
[2022-04-27T05:11:23.514+0000][366.378s] GC(75) Using 8 workers of 8 for evacuation
[2022-04-27T05:11:23.522+0000][366.386s] GC(75)   Pre Evacuate Collection Set: 0.0ms
[2022-04-27T05:11:23.523+0000][366.386s] GC(75)   Evacuate Collection Set: 3.3ms
[2022-04-27T05:11:23.523+0000][366.387s] GC(75)   Post Evacuate Collection Set: 4.1ms
[2022-04-27T05:11:23.523+0000][366.387s] GC(75)   Other: 0.9ms
[2022-04-27T05:11:23.524+0000][366.387s] GC(75) Eden regions: 292->0(291)
[2022-04-27T05:11:23.524+0000][366.388s] GC(75) Survivor regions: 15->16(39)
[2022-04-27T05:11:23.524+0000][366.388s] GC(75) Old regions: 42->42
[2022-04-27T05:11:23.525+0000][366.388s] GC(75) Humongous regions: 7->7
[2022-04-27T05:11:23.525+0000][366.389s] GC(75) Metaspace: 56446K->56446K(1101824K)
[2022-04-27T05:11:23.525+0000][366.389s] GC(75) Pause Young (Normal) (G1 Evacuation Pause) 353M->62M(512M) 11.136ms
[2022-04-27T05:11:23.525+0000][366.389s] GC(75) User=0.05s Sys=0.00s Real=0.01s
[2022-04-27T05:11:27.129+0000][369.993s] GC(76) Pause Young (Normal) (G1 Evacuation Pause)
[2022-04-27T05:11:27.129+0000][369.993s] GC(76) Using 8 workers of 8 for evacuation
[2022-04-27T05:11:27.145+0000][370.009s] GC(76)   Pre Evacuate Collection Set: 0.0ms
[2022-04-27T05:11:27.146+0000][370.009s] GC(76)   Evacuate Collection Set: 10.4ms
[2022-04-27T05:11:27.146+0000][370.010s] GC(76)   Post Evacuate Collection Set: 5.2ms
[2022-04-27T05:11:27.147+0000][370.010s] GC(76)   Other: 0.5ms
[2022-04-27T05:11:27.147+0000][370.011s] GC(76) Eden regions: 291->0(292)
[2022-04-27T05:11:27.147+0000][370.011s] GC(76) Survivor regions: 16->15(39)
[2022-04-27T05:11:27.148+0000][370.011s] GC(76) Old regions: 42->42
[2022-04-27T05:11:27.148+0000][370.012s] GC(76) Humongous regions: 7->7
[2022-04-27T05:11:27.148+0000][370.012s] GC(76) Metaspace: 56454K->56454K(1101824K)
[2022-04-27T05:11:27.149+0000][370.012s] GC(76) Pause Young (Normal) (G1 Evacuation Pause) 353M->61M(512M) 19.553ms
[2022-04-27T05:11:27.149+0000][370.013s] GC(76) User=0.11s Sys=0.00s Real=0.02s
[2022-04-27T05:11:30.544+0000][373.407s] GC(77) Pause Young (Normal) (G1 Evacuation Pause)
[2022-04-27T05:11:30.544+0000][373.408s] GC(77) Using 8 workers of 8 for evacuation
[2022-04-27T05:11:30.551+0000][373.415s] GC(77)   Pre Evacuate Collection Set: 0.0ms
[2022-04-27T05:11:30.551+0000][373.415s] GC(77)   Evacuate Collection Set: 3.1ms
[2022-04-27T05:11:30.552+0000][373.415s] GC(77)   Post Evacuate Collection Set: 3.5ms
[2022-04-27T05:11:30.552+0000][373.416s] GC(77)   Other: 0.8ms
[2022-04-27T05:11:30.552+0000][373.416s] GC(77) Eden regions: 292->0(290)
[2022-04-27T05:11:30.553+0000][373.416s] GC(77) Survivor regions: 15->17(39)
[2022-04-27T05:11:30.553+0000][373.417s] GC(77) Old regions: 42->42
[2022-04-27T05:11:30.553+0000][373.417s] GC(77) Humongous regions: 7->7
[2022-04-27T05:11:30.554+0000][373.417s] GC(77) Metaspace: 56454K->56454K(1101824K)
[2022-04-27T05:11:30.554+0000][373.417s] GC(77) Pause Young (Normal) (G1 Evacuation Pause) 353M->63M(512M) 10.291ms
[2022-04-27T05:11:30.554+0000][373.418s] GC(77) User=0.05s Sys=0.01s Real=0.01s
[2022-04-27T05:11:33.744+0000][376.608s] GC(78) Pause Young (Normal) (G1 Evacuation Pause)
[2022-04-27T05:11:33.745+0000][376.608s] GC(78) Using 8 workers of 8 for evacuation
[2022-04-27T05:11:33.752+0000][376.615s] GC(78)   Pre Evacuate Collection Set: 0.0ms
[2022-04-27T05:11:33.752+0000][376.616s] GC(78)   Evacuate Collection Set: 2.7ms
[2022-04-27T05:11:33.752+0000][376.616s] GC(78)   Post Evacuate Collection Set: 3.6ms
[2022-04-27T05:11:33.753+0000][376.617s] GC(78)   Other: 0.9ms
[2022-04-27T05:11:33.753+0000][376.617s] GC(78) Eden regions: 290->0(292)
[2022-04-27T05:11:33.754+0000][376.617s] GC(78) Survivor regions: 17->15(39)
[2022-04-27T05:11:33.754+0000][376.618s] GC(78) Old regions: 42->42
[2022-04-27T05:11:33.754+0000][376.618s] GC(78) Humongous regions: 7->7
[2022-04-27T05:11:33.755+0000][376.618s] GC(78) Metaspace: 56462K->56462K(1101824K)
[2022-04-27T05:11:33.755+0000][376.619s] GC(78) Pause Young (Normal) (G1 Evacuation Pause) 353M->62M(512M) 10.770ms
[2022-04-27T05:11:33.755+0000][376.619s] GC(78) User=0.05s Sys=0.00s Real=0.01s
[2022-04-27T05:11:37.093+0000][379.956s] GC(79) Pause Young (Normal) (G1 Evacuation Pause)
[2022-04-27T05:11:37.093+0000][379.957s] GC(79) Using 8 workers of 8 for evacuation
[2022-04-27T05:11:37.099+0000][379.963s] GC(79)   Pre Evacuate Collection Set: 0.0ms
[2022-04-27T05:11:37.100+0000][379.963s] GC(79)   Evacuate Collection Set: 2.3ms
[2022-04-27T05:11:37.100+0000][379.964s] GC(79)   Post Evacuate Collection Set: 3.5ms
[2022-04-27T05:11:37.100+0000][379.964s] GC(79)   Other: 0.7ms
[2022-04-27T05:11:37.101+0000][379.964s] GC(79) Eden regions: 292->0(292)
[2022-04-27T05:11:37.101+0000][379.965s] GC(79) Survivor regions: 15->15(39)
[2022-04-27T05:11:37.101+0000][379.965s] GC(79) Old regions: 42->42
[2022-04-27T05:11:37.102+0000][379.965s] GC(79) Humongous regions: 7->7
[2022-04-27T05:11:37.102+0000][379.966s] GC(79) Metaspace: 56464K->56464K(1101824K)
[2022-04-27T05:11:37.102+0000][379.966s] GC(79) Pause Young (Normal) (G1 Evacuation Pause) 354M->61M(512M) 9.628ms
[2022-04-27T05:11:37.103+0000][379.966s] GC(79) User=0.03s Sys=0.00s Real=0.01s
[2022-04-27T05:11:40.254+0000][383.118s] GC(80) Pause Young (Normal) (G1 Evacuation Pause)
[2022-04-27T05:11:40.255+0000][383.118s] GC(80) Using 8 workers of 8 for evacuation
[2022-04-27T05:11:40.262+0000][383.126s] GC(80)   Pre Evacuate Collection Set: 0.0ms
[2022-04-27T05:11:40.262+0000][383.126s] GC(80)   Evacuate Collection Set: 3.7ms
[2022-04-27T05:11:40.263+0000][383.126s] GC(80)   Post Evacuate Collection Set: 2.8ms
[2022-04-27T05:11:40.263+0000][383.127s] GC(80)   Other: 1.0ms
[2022-04-27T05:11:40.264+0000][383.127s] GC(80) Eden regions: 292->0(292)
[2022-04-27T05:11:40.264+0000][383.128s] GC(80) Survivor regions: 15->15(39)
[2022-04-27T05:11:40.264+0000][383.128s] GC(80) Old regions: 42->42
[2022-04-27T05:11:40.265+0000][383.128s] GC(80) Humongous regions: 7->7
[2022-04-27T05:11:40.265+0000][383.129s] GC(80) Metaspace: 56464K->56464K(1101824K)
[2022-04-27T05:11:40.265+0000][383.129s] GC(80) Pause Young (Normal) (G1 Evacuation Pause) 353M->62M(512M) 10.983ms
[2022-04-27T05:11:40.266+0000][383.129s] GC(80) User=0.05s Sys=0.00s Real=0.01s
[2022-04-27T05:11:43.143+0000][386.007s] GC(81) Pause Young (Normal) (G1 Evacuation Pause)
[2022-04-27T05:11:43.143+0000][386.007s] GC(81) Using 8 workers of 8 for evacuation
[2022-04-27T05:11:43.150+0000][386.014s] GC(81)   Pre Evacuate Collection Set: 0.0ms
[2022-04-27T05:11:43.151+0000][386.015s] GC(81)   Evacuate Collection Set: 3.1ms
[2022-04-27T05:11:43.151+0000][386.015s] GC(81)   Post Evacuate Collection Set: 3.6ms
[2022-04-27T05:11:43.152+0000][386.015s] GC(81)   Other: 0.9ms
[2022-04-27T05:11:43.152+0000][386.016s] GC(81) Eden regions: 292->0(290)
[2022-04-27T05:11:43.153+0000][386.016s] GC(81) Survivor regions: 15->17(39)
[2022-04-27T05:11:43.153+0000][386.017s] GC(81) Old regions: 42->42
[2022-04-27T05:11:43.153+0000][386.017s] GC(81) Humongous regions: 7->7
[2022-04-27T05:11:43.154+0000][386.017s] GC(81) Metaspace: 56464K->56464K(1101824K)
[2022-04-27T05:11:43.154+0000][386.018s] GC(81) Pause Young (Normal) (G1 Evacuation Pause) 354M->63M(512M) 11.057ms
[2022-04-27T05:11:43.154+0000][386.018s] GC(81) User=0.04s Sys=0.00s Real=0.01s
[2022-04-27T05:11:46.237+0000][389.100s] GC(82) Pause Young (Normal) (G1 Evacuation Pause)
[2022-04-27T05:11:46.237+0000][389.101s] GC(82) Using 8 workers of 8 for evacuation
[2022-04-27T05:11:46.245+0000][389.109s] GC(82)   Pre Evacuate Collection Set: 0.0ms
[2022-04-27T05:11:46.246+0000][389.109s] GC(82)   Evacuate Collection Set: 3.6ms
[2022-04-27T05:11:46.246+0000][389.110s] GC(82)   Post Evacuate Collection Set: 3.9ms
[2022-04-27T05:11:46.247+0000][389.110s] GC(82)   Other: 1.1ms
[2022-04-27T05:11:46.247+0000][389.111s] GC(82) Eden regions: 290->0(290)
[2022-04-27T05:11:46.247+0000][389.111s] GC(82) Survivor regions: 17->17(39)
[2022-04-27T05:11:46.248+0000][389.111s] GC(82) Old regions: 42->42
[2022-04-27T05:11:46.248+0000][389.112s] GC(82) Humongous regions: 7->7
[2022-04-27T05:11:46.249+0000][389.112s] GC(82) Metaspace: 56467K->56467K(1101824K)
[2022-04-27T05:11:46.249+0000][389.113s] GC(82) Pause Young (Normal) (G1 Evacuation Pause) 353M->64M(512M) 12.307ms
[2022-04-27T05:11:46.250+0000][389.113s] GC(82) User=0.05s Sys=0.00s Real=0.01s
[2022-04-27T05:11:49.436+0000][392.300s] GC(83) Pause Young (Normal) (G1 Evacuation Pause)
[2022-04-27T05:11:49.437+0000][392.300s] GC(83) Using 8 workers of 8 for evacuation
[2022-04-27T05:11:49.444+0000][392.308s] GC(83)   Pre Evacuate Collection Set: 0.0ms
[2022-04-27T05:11:49.445+0000][392.308s] GC(83)   Evacuate Collection Set: 3.0ms
[2022-04-27T05:11:49.445+0000][392.309s] GC(83)   Post Evacuate Collection Set: 4.0ms
[2022-04-27T05:11:49.445+0000][392.309s] GC(83)   Other: 0.8ms
[2022-04-27T05:11:49.445+0000][392.309s] GC(83) Eden regions: 290->0(291)
[2022-04-27T05:11:49.446+0000][392.309s] GC(83) Survivor regions: 17->16(39)
[2022-04-27T05:11:49.446+0000][392.310s] GC(83) Old regions: 42->42
[2022-04-27T05:11:49.446+0000][392.310s] GC(83) Humongous regions: 7->7
[2022-04-27T05:11:49.447+0000][392.310s] GC(83) Metaspace: 56469K->56469K(1101824K)
[2022-04-27T05:11:49.447+0000][392.311s] GC(83) Pause Young (Normal) (G1 Evacuation Pause) 354M->63M(512M) 10.651ms
[2022-04-27T05:11:49.447+0000][392.311s] GC(83) User=0.05s Sys=0.00s Real=0.01s
[2022-04-27T05:11:52.548+0000][395.411s] GC(84) Pause Young (Normal) (G1 Evacuation Pause)
[2022-04-27T05:11:52.548+0000][395.411s] GC(84) Using 8 workers of 8 for evacuation
[2022-04-27T05:11:52.555+0000][395.419s] GC(84)   Pre Evacuate Collection Set: 0.0ms
[2022-04-27T05:11:52.556+0000][395.420s] GC(84)   Evacuate Collection Set: 4.7ms
[2022-04-27T05:11:52.556+0000][395.420s] GC(84)   Post Evacuate Collection Set: 2.6ms
[2022-04-27T05:11:52.557+0000][395.420s] GC(84)   Other: 0.5ms
[2022-04-27T05:11:52.557+0000][395.421s] GC(84) Eden regions: 291->0(292)
[2022-04-27T05:11:52.557+0000][395.421s] GC(84) Survivor regions: 16->15(39)
[2022-04-27T05:11:52.558+0000][395.421s] GC(84) Old regions: 42->42
[2022-04-27T05:11:52.558+0000][395.422s] GC(84) Humongous regions: 7->7
[2022-04-27T05:11:52.558+0000][395.422s] GC(84) Metaspace: 56471K->56471K(1101824K)
[2022-04-27T05:11:52.558+0000][395.422s] GC(84) Pause Young (Normal) (G1 Evacuation Pause) 354M->62M(512M) 10.884ms
[2022-04-27T05:11:52.559+0000][395.422s] GC(84) User=0.04s Sys=0.00s Real=0.01s
[2022-04-27T05:11:55.155+0000][398.018s] GC(85) Pause Young (Normal) (G1 Evacuation Pause)
[2022-04-27T05:11:55.155+0000][398.019s] GC(85) Using 8 workers of 8 for evacuation
[2022-04-27T05:11:55.162+0000][398.026s] GC(85)   Pre Evacuate Collection Set: 0.0ms
[2022-04-27T05:11:55.162+0000][398.026s] GC(85)   Evacuate Collection Set: 3.1ms
[2022-04-27T05:11:55.163+0000][398.027s] GC(85)   Post Evacuate Collection Set: 3.5ms
[2022-04-27T05:11:55.163+0000][398.027s] GC(85)   Other: 0.7ms
[2022-04-27T05:11:55.164+0000][398.027s] GC(85) Eden regions: 292->0(290)
[2022-04-27T05:11:55.164+0000][398.028s] GC(85) Survivor regions: 15->17(39)
[2022-04-27T05:11:55.164+0000][398.028s] GC(85) Old regions: 42->42
[2022-04-27T05:11:55.165+0000][398.028s] GC(85) Humongous regions: 7->7
[2022-04-27T05:11:55.165+0000][398.028s] GC(85) Metaspace: 56471K->56471K(1101824K)
[2022-04-27T05:11:55.165+0000][398.029s] GC(85) Pause Young (Normal) (G1 Evacuation Pause) 354M->64M(512M) 10.208ms
[2022-04-27T05:11:55.165+0000][398.029s] GC(85) User=0.05s Sys=0.00s Real=0.01s
[2022-04-27T05:11:58.377+0000][401.240s] GC(86) Pause Young (Normal) (G1 Evacuation Pause)
[2022-04-27T05:11:58.377+0000][401.241s] GC(86) Using 8 workers of 8 for evacuation
[2022-04-27T05:11:58.384+0000][401.248s] GC(86)   Pre Evacuate Collection Set: 0.0ms
[2022-04-27T05:11:58.385+0000][401.249s] GC(86)   Evacuate Collection Set: 3.0ms
[2022-04-27T05:11:58.385+0000][401.249s] GC(86)   Post Evacuate Collection Set: 3.8ms
[2022-04-27T05:11:58.386+0000][401.249s] GC(86)   Other: 0.9ms
[2022-04-27T05:11:58.386+0000][401.250s] GC(86) Eden regions: 290->0(290)
[2022-04-27T05:11:58.387+0000][401.250s] GC(86) Survivor regions: 17->17(39)
[2022-04-27T05:11:58.387+0000][401.251s] GC(86) Old regions: 42->42
[2022-04-27T05:11:58.387+0000][401.251s] GC(86) Humongous regions: 7->7
[2022-04-27T05:11:58.388+0000][401.251s] GC(86) Metaspace: 56479K->56479K(1101824K)
[2022-04-27T05:11:58.388+0000][401.252s] GC(86) Pause Young (Normal) (G1 Evacuation Pause) 354M->63M(512M) 11.453ms
[2022-04-27T05:11:58.389+0000][401.252s] GC(86) User=0.04s Sys=0.00s Real=0.01s
[2022-04-27T05:12:01.417+0000][404.281s] GC(87) Pause Young (Normal) (G1 Evacuation Pause)
[2022-04-27T05:12:01.417+0000][404.281s] GC(87) Using 8 workers of 8 for evacuation
[2022-04-27T05:12:01.426+0000][404.289s] GC(87)   Pre Evacuate Collection Set: 0.0ms
[2022-04-27T05:12:01.426+0000][404.290s] GC(87)   Evacuate Collection Set: 2.9ms
[2022-04-27T05:12:01.427+0000][404.290s] GC(87)   Post Evacuate Collection Set: 5.1ms
[2022-04-27T05:12:01.427+0000][404.291s] GC(87)   Other: 0.8ms
[2022-04-27T05:12:01.427+0000][404.291s] GC(87) Eden regions: 290->0(291)
[2022-04-27T05:12:01.428+0000][404.291s] GC(87) Survivor regions: 17->16(39)
[2022-04-27T05:12:01.428+0000][404.292s] GC(87) Old regions: 42->43
[2022-04-27T05:12:01.428+0000][404.292s] GC(87) Humongous regions: 7->7
[2022-04-27T05:12:01.429+0000][404.292s] GC(87) Metaspace: 56479K->56479K(1101824K)
[2022-04-27T05:12:01.429+0000][404.293s] GC(87) Pause Young (Normal) (G1 Evacuation Pause) 353M->63M(512M) 11.947ms
[2022-04-27T05:12:01.429+0000][404.293s] GC(87) User=0.04s Sys=0.02s Real=0.01s
[2022-04-27T05:12:04.177+0000][407.040s] GC(88) Pause Young (Normal) (G1 Evacuation Pause)
[2022-04-27T05:12:04.177+0000][407.041s] GC(88) Using 8 workers of 8 for evacuation
[2022-04-27T05:12:04.184+0000][407.047s] GC(88)   Pre Evacuate Collection Set: 0.0ms
[2022-04-27T05:12:04.184+0000][407.048s] GC(88)   Evacuate Collection Set: 3.3ms
[2022-04-27T05:12:04.184+0000][407.048s] GC(88)   Post Evacuate Collection Set: 2.7ms
[2022-04-27T05:12:04.185+0000][407.048s] GC(88)   Other: 0.9ms
[2022-04-27T05:12:04.185+0000][407.049s] GC(88) Eden regions: 291->0(291)
[2022-04-27T05:12:04.185+0000][407.049s] GC(88) Survivor regions: 16->16(39)
[2022-04-27T05:12:04.186+0000][407.049s] GC(88) Old regions: 43->43
[2022-04-27T05:12:04.186+0000][407.050s] GC(88) Humongous regions: 7->7
[2022-04-27T05:12:04.187+0000][407.050s] GC(88) Metaspace: 56485K->56485K(1101824K)
[2022-04-27T05:12:04.187+0000][407.051s] GC(88) Pause Young (Normal) (G1 Evacuation Pause) 354M->63M(512M) 10.103ms
[2022-04-27T05:12:04.187+0000][407.051s] GC(88) User=0.05s Sys=0.00s Real=0.01s
[2022-04-27T05:12:07.194+0000][410.058s] GC(89) Pause Young (Normal) (G1 Evacuation Pause)
[2022-04-27T05:12:07.194+0000][410.058s] GC(89) Using 8 workers of 8 for evacuation
[2022-04-27T05:12:07.201+0000][410.064s] GC(89)   Pre Evacuate Collection Set: 0.0ms
[2022-04-27T05:12:07.201+0000][410.065s] GC(89)   Evacuate Collection Set: 2.4ms
[2022-04-27T05:12:07.202+0000][410.065s] GC(89)   Post Evacuate Collection Set: 3.7ms
[2022-04-27T05:12:07.202+0000][410.066s] GC(89)   Other: 0.5ms
[2022-04-27T05:12:07.202+0000][410.066s] GC(89) Eden regions: 291->0(291)
[2022-04-27T05:12:07.203+0000][410.066s] GC(89) Survivor regions: 16->16(39)
[2022-04-27T05:12:07.203+0000][410.067s] GC(89) Old regions: 43->43
[2022-04-27T05:12:07.203+0000][410.067s] GC(89) Humongous regions: 7->7
[2022-04-27T05:12:07.204+0000][410.067s] GC(89) Metaspace: 56489K->56489K(1101824K)
[2022-04-27T05:12:07.204+0000][410.068s] GC(89) Pause Young (Normal) (G1 Evacuation Pause) 354M->63M(512M) 9.829ms
[2022-04-27T05:12:07.204+0000][410.068s] GC(89) User=0.03s Sys=0.01s Real=0.01s
[2022-04-27T05:12:09.813+0000][412.676s] GC(90) Pause Young (Normal) (G1 Evacuation Pause)
[2022-04-27T05:12:09.813+0000][412.677s] GC(90) Using 8 workers of 8 for evacuation
[2022-04-27T05:12:09.819+0000][412.683s] GC(90)   Pre Evacuate Collection Set: 0.0ms
[2022-04-27T05:12:09.819+0000][412.683s] GC(90)   Evacuate Collection Set: 2.8ms
[2022-04-27T05:12:09.820+0000][412.683s] GC(90)   Post Evacuate Collection Set: 2.8ms
[2022-04-27T05:12:09.820+0000][412.683s] GC(90)   Other: 0.8ms
[2022-04-27T05:12:09.820+0000][412.684s] GC(90) Eden regions: 291->0(293)
[2022-04-27T05:12:09.820+0000][412.684s] GC(90) Survivor regions: 16->14(39)
[2022-04-27T05:12:09.821+0000][412.684s] GC(90) Old regions: 43->43
[2022-04-27T05:12:09.821+0000][412.684s] GC(90) Humongous regions: 7->7
[2022-04-27T05:12:09.821+0000][412.685s] GC(90) Metaspace: 56489K->56489K(1101824K)
[2022-04-27T05:12:09.821+0000][412.685s] GC(90) Pause Young (Normal) (G1 Evacuation Pause) 354M->61M(512M) 8.787ms
[2022-04-27T05:12:09.822+0000][412.685s] GC(90) User=0.03s Sys=0.00s Real=0.01s
[2022-04-27T05:12:12.867+0000][415.731s] GC(91) Pause Young (Normal) (G1 Evacuation Pause)
[2022-04-27T05:12:12.868+0000][415.731s] GC(91) Using 8 workers of 8 for evacuation
[2022-04-27T05:12:12.874+0000][415.738s] GC(91)   Pre Evacuate Collection Set: 0.0ms
[2022-04-27T05:12:12.875+0000][415.739s] GC(91)   Evacuate Collection Set: 2.4ms
[2022-04-27T05:12:12.875+0000][415.739s] GC(91)   Post Evacuate Collection Set: 4.1ms
[2022-04-27T05:12:12.876+0000][415.739s] GC(91)   Other: 0.5ms
[2022-04-27T05:12:12.876+0000][415.740s] GC(91) Eden regions: 293->0(291)
[2022-04-27T05:12:12.876+0000][415.740s] GC(91) Survivor regions: 14->16(39)
[2022-04-27T05:12:12.877+0000][415.740s] GC(91) Old regions: 43->43
[2022-04-27T05:12:12.877+0000][415.741s] GC(91) Humongous regions: 7->7
[2022-04-27T05:12:12.877+0000][415.741s] GC(91) Metaspace: 56489K->56489K(1101824K)
[2022-04-27T05:12:12.878+0000][415.741s] GC(91) Pause Young (Normal) (G1 Evacuation Pause) 354M->63M(512M) 10.408ms
[2022-04-27T05:12:12.878+0000][415.742s] GC(91) User=0.01s Sys=0.03s Real=0.01s
[2022-04-27T05:12:15.443+0000][418.306s] GC(92) Pause Young (Normal) (G1 Evacuation Pause)
[2022-04-27T05:12:15.443+0000][418.307s] GC(92) Using 8 workers of 8 for evacuation
[2022-04-27T05:12:15.450+0000][418.314s] GC(92)   Pre Evacuate Collection Set: 0.0ms
[2022-04-27T05:12:15.450+0000][418.314s] GC(92)   Evacuate Collection Set: 3.6ms
[2022-04-27T05:12:15.451+0000][418.314s] GC(92)   Post Evacuate Collection Set: 3.0ms
[2022-04-27T05:12:15.451+0000][418.315s] GC(92)   Other: 0.8ms
[2022-04-27T05:12:15.452+0000][418.315s] GC(92) Eden regions: 291->0(293)
[2022-04-27T05:12:15.452+0000][418.316s] GC(92) Survivor regions: 16->14(39)
[2022-04-27T05:12:15.452+0000][418.316s] GC(92) Old regions: 43->43
[2022-04-27T05:12:15.452+0000][418.316s] GC(92) Humongous regions: 7->7
[2022-04-27T05:12:15.453+0000][418.316s] GC(92) Metaspace: 56489K->56489K(1101824K)
[2022-04-27T05:12:15.453+0000][418.317s] GC(92) Pause Young (Normal) (G1 Evacuation Pause) 354M->61M(512M) 10.472ms
[2022-04-27T05:12:15.453+0000][418.317s] GC(92) User=0.04s Sys=0.01s Real=0.01s
[2022-04-27T05:12:18.706+0000][421.570s] GC(93) Pause Young (Normal) (G1 Evacuation Pause)
[2022-04-27T05:12:18.706+0000][421.570s] GC(93) Using 8 workers of 8 for evacuation
[2022-04-27T05:12:18.714+0000][421.578s] GC(93)   Pre Evacuate Collection Set: 0.0ms
[2022-04-27T05:12:18.715+0000][421.578s] GC(93)   Evacuate Collection Set: 3.1ms
[2022-04-27T05:12:18.715+0000][421.579s] GC(93)   Post Evacuate Collection Set: 4.1ms
[2022-04-27T05:12:18.715+0000][421.579s] GC(93)   Other: 0.9ms
[2022-04-27T05:12:18.716+0000][421.579s] GC(93) Eden regions: 293->0(290)
[2022-04-27T05:12:18.716+0000][421.580s] GC(93) Survivor regions: 14->17(39)
[2022-04-27T05:12:18.717+0000][421.580s] GC(93) Old regions: 43->43
[2022-04-27T05:12:18.717+0000][421.581s] GC(93) Humongous regions: 7->7
[2022-04-27T05:12:18.717+0000][421.581s] GC(93) Metaspace: 56489K->56489K(1101824K)
[2022-04-27T05:12:18.718+0000][421.581s] GC(93) Pause Young (Normal) (G1 Evacuation Pause) 354M->65M(512M) 11.827ms
[2022-04-27T05:12:18.718+0000][421.582s] GC(93) User=0.05s Sys=0.00s Real=0.01s
[2022-04-27T05:12:21.258+0000][424.122s] GC(94) Pause Young (Normal) (G1 Evacuation Pause)
[2022-04-27T05:12:21.258+0000][424.122s] GC(94) Using 8 workers of 8 for evacuation
[2022-04-27T05:12:21.266+0000][424.129s] GC(94)   Pre Evacuate Collection Set: 0.0ms
[2022-04-27T05:12:21.266+0000][424.130s] GC(94)   Evacuate Collection Set: 3.8ms
[2022-04-27T05:12:21.266+0000][424.130s] GC(94)   Post Evacuate Collection Set: 3.1ms
[2022-04-27T05:12:21.267+0000][424.130s] GC(94)   Other: 0.8ms
[2022-04-27T05:12:21.267+0000][424.131s] GC(94) Eden regions: 290->0(291)
[2022-04-27T05:12:21.267+0000][424.131s] GC(94) Survivor regions: 17->16(39)
[2022-04-27T05:12:21.268+0000][424.131s] GC(94) Old regions: 43->43
[2022-04-27T05:12:21.268+0000][424.132s] GC(94) Humongous regions: 7->7
[2022-04-27T05:12:21.268+0000][424.132s] GC(94) Metaspace: 56492K->56492K(1101824K)
[2022-04-27T05:12:21.269+0000][424.132s] GC(94) Pause Young (Normal) (G1 Evacuation Pause) 355M->63M(512M) 10.560ms
[2022-04-27T05:12:21.269+0000][424.132s] GC(94) User=0.05s Sys=0.00s Real=0.01s
[2022-04-27T05:12:24.263+0000][427.126s] GC(95) Pause Young (Normal) (G1 Evacuation Pause)
[2022-04-27T05:12:24.263+0000][427.127s] GC(95) Using 8 workers of 8 for evacuation
[2022-04-27T05:12:24.275+0000][427.139s] GC(95)   Pre Evacuate Collection Set: 0.0ms
[2022-04-27T05:12:24.275+0000][427.139s] GC(95)   Evacuate Collection Set: 5.6ms
[2022-04-27T05:12:24.276+0000][427.139s] GC(95)   Post Evacuate Collection Set: 5.6ms
[2022-04-27T05:12:24.276+0000][427.139s] GC(95)   Other: 1.0ms
[2022-04-27T05:12:24.276+0000][427.140s] GC(95) Eden regions: 291->0(289)
[2022-04-27T05:12:24.277+0000][427.140s] GC(95) Survivor regions: 16->18(39)
[2022-04-27T05:12:24.277+0000][427.141s] GC(95) Old regions: 43->43
[2022-04-27T05:12:24.277+0000][427.141s] GC(95) Humongous regions: 7->7
[2022-04-27T05:12:24.278+0000][427.141s] GC(95) Metaspace: 56497K->56497K(1101824K)
[2022-04-27T05:12:24.278+0000][427.142s] GC(95) Pause Young (Normal) (G1 Evacuation Pause) 354M->65M(512M) 15.137ms
[2022-04-27T05:12:24.278+0000][427.142s] GC(95) User=0.08s Sys=0.00s Real=0.01s
[2022-04-27T05:12:26.961+0000][429.824s] GC(96) Pause Young (Normal) (G1 Evacuation Pause)
[2022-04-27T05:12:26.961+0000][429.825s] GC(96) Using 8 workers of 8 for evacuation
[2022-04-27T05:12:26.967+0000][429.831s] GC(96)   Pre Evacuate Collection Set: 0.0ms
[2022-04-27T05:12:26.967+0000][429.831s] GC(96)   Evacuate Collection Set: 2.6ms
[2022-04-27T05:12:26.968+0000][429.832s] GC(96)   Post Evacuate Collection Set: 2.6ms
[2022-04-27T05:12:26.968+0000][429.832s] GC(96)   Other: 1.0ms
[2022-04-27T05:12:26.969+0000][429.832s] GC(96) Eden regions: 289->0(293)
[2022-04-27T05:12:26.969+0000][429.833s] GC(96) Survivor regions: 18->14(39)
[2022-04-27T05:12:26.969+0000][429.833s] GC(96) Old regions: 43->43
[2022-04-27T05:12:26.970+0000][429.833s] GC(96) Humongous regions: 7->7
[2022-04-27T05:12:26.970+0000][429.834s] GC(96) Metaspace: 56497K->56497K(1101824K)
[2022-04-27T05:12:26.970+0000][429.834s] GC(96) Pause Young (Normal) (G1 Evacuation Pause) 354M->61M(512M) 9.448ms
[2022-04-27T05:12:26.971+0000][429.834s] GC(96) User=0.03s Sys=0.00s Real=0.00s
[2022-04-27T05:12:29.988+0000][432.851s] GC(97) Pause Young (Normal) (G1 Evacuation Pause)
[2022-04-27T05:12:29.988+0000][432.851s] GC(97) Using 8 workers of 8 for evacuation
[2022-04-27T05:12:29.994+0000][432.858s] GC(97)   Pre Evacuate Collection Set: 0.0ms
[2022-04-27T05:12:29.995+0000][432.858s] GC(97)   Evacuate Collection Set: 2.7ms
[2022-04-27T05:12:29.995+0000][432.859s] GC(97)   Post Evacuate Collection Set: 3.8ms
[2022-04-27T05:12:29.995+0000][432.859s] GC(97)   Other: 0.4ms
[2022-04-27T05:12:29.995+0000][432.859s] GC(97) Eden regions: 293->0(292)
[2022-04-27T05:12:29.996+0000][432.859s] GC(97) Survivor regions: 14->15(39)
[2022-04-27T05:12:29.996+0000][432.860s] GC(97) Old regions: 43->43
[2022-04-27T05:12:29.996+0000][432.860s] GC(97) Humongous regions: 7->7
[2022-04-27T05:12:29.996+0000][432.860s] GC(97) Metaspace: 56498K->56498K(1101824K)
[2022-04-27T05:12:29.997+0000][432.860s] GC(97) Pause Young (Normal) (G1 Evacuation Pause) 354M->63M(512M) 9.038ms
[2022-04-27T05:12:29.997+0000][432.860s] GC(97) User=0.03s Sys=0.02s Real=0.01s
[2022-04-27T05:12:32.616+0000][435.479s] GC(98) Pause Young (Normal) (G1 Evacuation Pause)
[2022-04-27T05:12:32.616+0000][435.480s] GC(98) Using 8 workers of 8 for evacuation
[2022-04-27T05:12:32.623+0000][435.487s] GC(98)   Pre Evacuate Collection Set: 0.0ms
[2022-04-27T05:12:32.623+0000][435.487s] GC(98)   Evacuate Collection Set: 3.3ms
[2022-04-27T05:12:32.624+0000][435.487s] GC(98)   Post Evacuate Collection Set: 3.3ms
[2022-04-27T05:12:32.624+0000][435.488s] GC(98)   Other: 0.7ms
[2022-04-27T05:12:32.624+0000][435.488s] GC(98) Eden regions: 292->0(291)
[2022-04-27T05:12:32.625+0000][435.488s] GC(98) Survivor regions: 15->16(39)
[2022-04-27T05:12:32.625+0000][435.489s] GC(98) Old regions: 43->43
[2022-04-27T05:12:32.625+0000][435.489s] GC(98) Humongous regions: 7->7
[2022-04-27T05:12:32.625+0000][435.489s] GC(98) Metaspace: 56498K->56498K(1101824K)
[2022-04-27T05:12:32.626+0000][435.489s] GC(98) Pause Young (Normal) (G1 Evacuation Pause) 355M->64M(512M) 10.238ms
[2022-04-27T05:12:32.626+0000][435.490s] GC(98) User=0.04s Sys=0.00s Real=0.01s
[2022-04-27T05:12:35.519+0000][438.383s] GC(99) Pause Young (Normal) (G1 Evacuation Pause)
[2022-04-27T05:12:35.519+0000][438.383s] GC(99) Using 8 workers of 8 for evacuation
[2022-04-27T05:12:35.531+0000][438.394s] GC(99)   Pre Evacuate Collection Set: 0.0ms
[2022-04-27T05:12:35.531+0000][438.395s] GC(99)   Evacuate Collection Set: 3.3ms
[2022-04-27T05:12:35.531+0000][438.395s] GC(99)   Post Evacuate Collection Set: 7.6ms
[2022-04-27T05:12:35.532+0000][438.395s] GC(99)   Other: 0.7ms
[2022-04-27T05:12:35.532+0000][438.395s] GC(99) Eden regions: 291->0(292)
[2022-04-27T05:12:35.532+0000][438.396s] GC(99) Survivor regions: 16->15(39)
[2022-04-27T05:12:35.532+0000][438.396s] GC(99) Old regions: 43->43
[2022-04-27T05:12:35.532+0000][438.396s] GC(99) Humongous regions: 7->7
[2022-04-27T05:12:35.533+0000][438.396s] GC(99) Metaspace: 56498K->56498K(1101824K)
[2022-04-27T05:12:35.533+0000][438.397s] GC(99) Pause Young (Normal) (G1 Evacuation Pause) 355M->63M(512M) 13.967ms
[2022-04-27T05:12:35.533+0000][438.397s] GC(99) User=0.07s Sys=0.00s Real=0.02s
[2022-04-27T05:12:38.360+0000][441.224s] GC(100) Pause Young (Normal) (G1 Evacuation Pause)
[2022-04-27T05:12:38.361+0000][441.225s] GC(100) Using 8 workers of 8 for evacuation
[2022-04-27T05:12:38.368+0000][441.232s] GC(100)   Pre Evacuate Collection Set: 0.0ms
[2022-04-27T05:12:38.368+0000][441.232s] GC(100)   Evacuate Collection Set: 3.2ms
[2022-04-27T05:12:38.369+0000][441.232s] GC(100)   Post Evacuate Collection Set: 3.5ms
[2022-04-27T05:12:38.369+0000][441.233s] GC(100)   Other: 0.9ms
[2022-04-27T05:12:38.369+0000][441.233s] GC(100) Eden regions: 292->0(288)
[2022-04-27T05:12:38.370+0000][441.233s] GC(100) Survivor regions: 15->19(39)
[2022-04-27T05:12:38.370+0000][441.234s] GC(100) Old regions: 43->43
[2022-04-27T05:12:38.370+0000][441.234s] GC(100) Humongous regions: 7->7
[2022-04-27T05:12:38.371+0000][441.234s] GC(100) Metaspace: 56509K->56509K(1101824K)
[2022-04-27T05:12:38.371+0000][441.235s] GC(100) Pause Young (Normal) (G1 Evacuation Pause) 355M->67M(512M) 10.464ms
[2022-04-27T05:12:38.371+0000][441.235s] GC(100) User=0.04s Sys=0.01s Real=0.02s
[2022-04-27T05:12:40.817+0000][443.681s] GC(101) Pause Young (Normal) (G1 Evacuation Pause)
[2022-04-27T05:12:40.817+0000][443.681s] GC(101) Using 8 workers of 8 for evacuation
[2022-04-27T05:12:40.823+0000][443.687s] GC(101)   Pre Evacuate Collection Set: 0.0ms
[2022-04-27T05:12:40.823+0000][443.687s] GC(101)   Evacuate Collection Set: 2.6ms
[2022-04-27T05:12:40.824+0000][443.687s] GC(101)   Post Evacuate Collection Set: 2.9ms
[2022-04-27T05:12:40.824+0000][443.688s] GC(101)   Other: 0.7ms
[2022-04-27T05:12:40.824+0000][443.688s] GC(101) Eden regions: 288->0(293)
[2022-04-27T05:12:40.825+0000][443.688s] GC(101) Survivor regions: 19->14(39)
[2022-04-27T05:12:40.825+0000][443.689s] GC(101) Old regions: 43->43
[2022-04-27T05:12:40.825+0000][443.689s] GC(101) Humongous regions: 7->7
[2022-04-27T05:12:40.826+0000][443.689s] GC(101) Metaspace: 56510K->56510K(1101824K)
[2022-04-27T05:12:40.826+0000][443.689s] GC(101) Pause Young (Normal) (G1 Evacuation Pause) 355M->62M(512M) 8.900ms
[2022-04-27T05:12:40.826+0000][443.690s] GC(101) User=0.04s Sys=0.01s Real=0.01s
[2022-04-27T05:12:43.826+0000][446.690s] GC(102) Pause Young (Normal) (G1 Evacuation Pause)
[2022-04-27T05:12:43.827+0000][446.690s] GC(102) Using 8 workers of 8 for evacuation
[2022-04-27T05:12:43.834+0000][446.698s] GC(102)   Pre Evacuate Collection Set: 0.0ms
[2022-04-27T05:12:43.835+0000][446.698s] GC(102)   Evacuate Collection Set: 2.9ms
[2022-04-27T05:12:43.835+0000][446.699s] GC(102)   Post Evacuate Collection Set: 4.0ms
[2022-04-27T05:12:43.836+0000][446.699s] GC(102)   Other: 0.9ms
[2022-04-27T05:12:43.836+0000][446.700s] GC(102) Eden regions: 293->0(289)
[2022-04-27T05:12:43.836+0000][446.700s] GC(102) Survivor regions: 14->18(39)
[2022-04-27T05:12:43.837+0000][446.700s] GC(102) Old regions: 43->43
[2022-04-27T05:12:43.837+0000][446.701s] GC(102) Humongous regions: 7->7
[2022-04-27T05:12:43.837+0000][446.701s] GC(102) Metaspace: 56512K->56512K(1101824K)
[2022-04-27T05:12:43.838+0000][446.701s] GC(102) Pause Young (Normal) (G1 Evacuation Pause) 355M->65M(512M) 11.338ms
[2022-04-27T05:12:43.838+0000][446.702s] GC(102) User=0.05s Sys=0.00s Real=0.01s
[2022-04-27T05:12:46.463+0000][449.327s] GC(103) Pause Young (Normal) (G1 Evacuation Pause)
[2022-04-27T05:12:46.463+0000][449.327s] GC(103) Using 8 workers of 8 for evacuation
[2022-04-27T05:12:46.470+0000][449.334s] GC(103)   Pre Evacuate Collection Set: 0.0ms
[2022-04-27T05:12:46.471+0000][449.335s] GC(103)   Evacuate Collection Set: 3.5ms
[2022-04-27T05:12:46.471+0000][449.335s] GC(103)   Post Evacuate Collection Set: 3.1ms
[2022-04-27T05:12:46.472+0000][449.335s] GC(103)   Other: 0.8ms
[2022-04-27T05:12:46.472+0000][449.336s] GC(103) Eden regions: 289->0(291)
[2022-04-27T05:12:46.472+0000][449.336s] GC(103) Survivor regions: 18->16(39)
[2022-04-27T05:12:46.473+0000][449.337s] GC(103) Old regions: 43->43
[2022-04-27T05:12:46.473+0000][449.337s] GC(103) Humongous regions: 7->7
[2022-04-27T05:12:46.474+0000][449.337s] GC(103) Metaspace: 56538K->56538K(1101824K)
[2022-04-27T05:12:46.474+0000][449.338s] GC(103) Pause Young (Normal) (G1 Evacuation Pause) 354M->64M(512M) 11.108ms
[2022-04-27T05:12:46.474+0000][449.338s] GC(103) User=0.04s Sys=0.01s Real=0.01s
[2022-04-27T05:12:49.216+0000][452.080s] GC(104) Pause Young (Normal) (G1 Evacuation Pause)
[2022-04-27T05:12:49.217+0000][452.080s] GC(104) Using 8 workers of 8 for evacuation
[2022-04-27T05:12:49.224+0000][452.088s] GC(104)   Pre Evacuate Collection Set: 0.0ms
[2022-04-27T05:12:49.225+0000][452.088s] GC(104)   Evacuate Collection Set: 4.1ms
[2022-04-27T05:12:49.225+0000][452.088s] GC(104)   Post Evacuate Collection Set: 3.3ms
[2022-04-27T05:12:49.225+0000][452.089s] GC(104)   Other: 0.6ms
[2022-04-27T05:12:49.225+0000][452.089s] GC(104) Eden regions: 291->0(291)
[2022-04-27T05:12:49.225+0000][452.089s] GC(104) Survivor regions: 16->16(39)
[2022-04-27T05:12:49.226+0000][452.089s] GC(104) Old regions: 43->44
[2022-04-27T05:12:49.226+0000][452.089s] GC(104) Humongous regions: 7->7
[2022-04-27T05:12:49.226+0000][452.090s] GC(104) Metaspace: 56538K->56538K(1101824K)
[2022-04-27T05:12:49.226+0000][452.090s] GC(104) Pause Young (Normal) (G1 Evacuation Pause) 355M->64M(512M) 9.891ms
[2022-04-27T05:12:49.226+0000][452.090s] GC(104) User=0.05s Sys=0.00s Real=0.01s
[2022-04-27T05:12:52.263+0000][455.127s] GC(105) Pause Young (Normal) (G1 Evacuation Pause)
[2022-04-27T05:12:52.263+0000][455.127s] GC(105) Using 8 workers of 8 for evacuation
[2022-04-27T05:12:52.270+0000][455.134s] GC(105)   Pre Evacuate Collection Set: 0.0ms
[2022-04-27T05:12:52.271+0000][455.135s] GC(105)   Evacuate Collection Set: 3.1ms
[2022-04-27T05:12:52.271+0000][455.135s] GC(105)   Post Evacuate Collection Set: 3.5ms
[2022-04-27T05:12:52.272+0000][455.136s] GC(105)   Other: 1.0ms
[2022-04-27T05:12:52.272+0000][455.136s] GC(105) Eden regions: 291->0(288)
[2022-04-27T05:12:52.273+0000][455.136s] GC(105) Survivor regions: 16->19(39)
[2022-04-27T05:12:52.273+0000][455.137s] GC(105) Old regions: 44->44
[2022-04-27T05:12:52.273+0000][455.137s] GC(105) Humongous regions: 7->7
[2022-04-27T05:12:52.274+0000][455.137s] GC(105) Metaspace: 56545K->56545K(1101824K)
[2022-04-27T05:12:52.274+0000][455.138s] GC(105) Pause Young (Normal) (G1 Evacuation Pause) 355M->67M(512M) 11.006ms
[2022-04-27T05:12:52.274+0000][455.138s] GC(105) User=0.05s Sys=0.01s Real=0.01s
[2022-04-27T05:12:54.847+0000][457.710s] GC(106) Pause Young (Normal) (G1 Evacuation Pause)
[2022-04-27T05:12:54.847+0000][457.711s] GC(106) Using 8 workers of 8 for evacuation
[2022-04-27T05:12:54.853+0000][457.717s] GC(106)   Pre Evacuate Collection Set: 0.0ms
[2022-04-27T05:12:54.854+0000][457.717s] GC(106)   Evacuate Collection Set: 2.6ms
[2022-04-27T05:12:54.854+0000][457.718s] GC(106)   Post Evacuate Collection Set: 3.1ms
[2022-04-27T05:12:54.854+0000][457.718s] GC(106)   Other: 0.7ms
[2022-04-27T05:12:54.855+0000][457.719s] GC(106) Eden regions: 288->0(292)
[2022-04-27T05:12:54.855+0000][457.719s] GC(106) Survivor regions: 19->15(39)
[2022-04-27T05:12:54.856+0000][457.719s] GC(106) Old regions: 44->44
[2022-04-27T05:12:54.856+0000][457.720s] GC(106) Humongous regions: 7->7
[2022-04-27T05:12:54.856+0000][457.720s] GC(106) Metaspace: 56547K->56547K(1101824K)
[2022-04-27T05:12:54.857+0000][457.720s] GC(106) Pause Young (Normal) (G1 Evacuation Pause) 355M->63M(512M) 10.131ms
[2022-04-27T05:12:54.857+0000][457.721s] GC(106) User=0.04s Sys=0.00s Real=0.01s
[2022-04-27T05:12:57.354+0000][460.218s] GC(107) Pause Young (Normal) (G1 Evacuation Pause)
[2022-04-27T05:12:57.354+0000][460.218s] GC(107) Using 8 workers of 8 for evacuation
[2022-04-27T05:12:57.362+0000][460.225s] GC(107)   Pre Evacuate Collection Set: 0.0ms
[2022-04-27T05:12:57.362+0000][460.226s] GC(107)   Evacuate Collection Set: 3.7ms
[2022-04-27T05:12:57.362+0000][460.226s] GC(107)   Post Evacuate Collection Set: 3.1ms
[2022-04-27T05:12:57.363+0000][460.226s] GC(107)   Other: 0.8ms
[2022-04-27T05:12:57.363+0000][460.226s] GC(107) Eden regions: 292->0(291)
[2022-04-27T05:12:57.363+0000][460.227s] GC(107) Survivor regions: 15->16(39)
[2022-04-27T05:12:57.363+0000][460.227s] GC(107) Old regions: 44->44
[2022-04-27T05:12:57.363+0000][460.227s] GC(107) Humongous regions: 7->7
[2022-04-27T05:12:57.364+0000][460.227s] GC(107) Metaspace: 56548K->56548K(1101824K)
[2022-04-27T05:12:57.364+0000][460.228s] GC(107) Pause Young (Normal) (G1 Evacuation Pause) 355M->64M(512M) 10.229ms
[2022-04-27T05:12:57.364+0000][460.228s] GC(107) User=0.05s Sys=0.00s Real=0.01s
[2022-04-27T05:13:00.420+0000][463.284s] GC(108) Pause Young (Normal) (G1 Evacuation Pause)
[2022-04-27T05:13:00.421+0000][463.284s] GC(108) Using 8 workers of 8 for evacuation
[2022-04-27T05:13:00.428+0000][463.292s] GC(108)   Pre Evacuate Collection Set: 0.0ms
[2022-04-27T05:13:00.429+0000][463.292s] GC(108)   Evacuate Collection Set: 3.1ms
[2022-04-27T05:13:00.429+0000][463.293s] GC(108)   Post Evacuate Collection Set: 3.9ms
[2022-04-27T05:13:00.429+0000][463.293s] GC(108)   Other: 0.7ms
[2022-04-27T05:13:00.430+0000][463.294s] GC(108) Eden regions: 291->0(289)
[2022-04-27T05:13:00.430+0000][463.294s] GC(108) Survivor regions: 16->18(39)
[2022-04-27T05:13:00.431+0000][463.294s] GC(108) Old regions: 44->44
[2022-04-27T05:13:00.431+0000][463.295s] GC(108) Humongous regions: 7->7
[2022-04-27T05:13:00.431+0000][463.295s] GC(108) Metaspace: 56556K->56556K(1101824K)
[2022-04-27T05:13:00.432+0000][463.295s] GC(108) Pause Young (Normal) (G1 Evacuation Pause) 355M->66M(512M) 11.361ms
[2022-04-27T05:13:00.432+0000][463.296s] GC(108) User=0.04s Sys=0.00s Real=0.02s
[2022-04-27T05:13:02.803+0000][465.667s] GC(109) Pause Young (Normal) (G1 Evacuation Pause)
[2022-04-27T05:13:02.803+0000][465.667s] GC(109) Using 8 workers of 8 for evacuation
[2022-04-27T05:13:02.811+0000][465.675s] GC(109)   Pre Evacuate Collection Set: 0.0ms
[2022-04-27T05:13:02.812+0000][465.675s] GC(109)   Evacuate Collection Set: 4.5ms
[2022-04-27T05:13:02.812+0000][465.676s] GC(109)   Post Evacuate Collection Set: 3.1ms
[2022-04-27T05:13:02.813+0000][465.676s] GC(109)   Other: 0.8ms
[2022-04-27T05:13:02.813+0000][465.677s] GC(109) Eden regions: 289->0(291)
[2022-04-27T05:13:02.813+0000][465.677s] GC(109) Survivor regions: 18->16(39)
[2022-04-27T05:13:02.814+0000][465.677s] GC(109) Old regions: 44->44
[2022-04-27T05:13:02.814+0000][465.678s] GC(109) Humongous regions: 7->7
[2022-04-27T05:13:02.814+0000][465.678s] GC(109) Metaspace: 56584K->56584K(1101824K)
[2022-04-27T05:13:02.815+0000][465.678s] GC(109) Pause Young (Normal) (G1 Evacuation Pause) 355M->64M(512M) 11.581ms
[2022-04-27T05:13:02.815+0000][465.679s] GC(109) User=0.05s Sys=0.00s Real=0.01s
[2022-04-27T05:13:05.234+0000][468.098s] GC(110) Pause Young (Normal) (G1 Evacuation Pause)
[2022-04-27T05:13:05.235+0000][468.099s] GC(110) Using 8 workers of 8 for evacuation
[2022-04-27T05:13:05.244+0000][468.107s] GC(110)   Pre Evacuate Collection Set: 0.0ms
[2022-04-27T05:13:05.247+0000][468.110s] GC(110)   Evacuate Collection Set: 3.2ms
[2022-04-27T05:13:05.247+0000][468.111s] GC(110)   Post Evacuate Collection Set: 4.9ms
[2022-04-27T05:13:05.248+0000][468.111s] GC(110)   Other: 1.0ms
[2022-04-27T05:13:05.248+0000][468.112s] GC(110) Eden regions: 291->0(287)
[2022-04-27T05:13:05.248+0000][468.112s] GC(110) Survivor regions: 16->20(39)
[2022-04-27T05:13:05.249+0000][468.112s] GC(110) Old regions: 44->44
[2022-04-27T05:13:05.249+0000][468.113s] GC(110) Humongous regions: 7->7
[2022-04-27T05:13:05.250+0000][468.113s] GC(110) Metaspace: 56605K->56605K(1101824K)
[2022-04-27T05:13:05.250+0000][468.114s] GC(110) Pause Young (Normal) (G1 Evacuation Pause) 355M->68M(512M) 15.586ms
[2022-04-27T05:13:05.250+0000][468.114s] GC(110) User=0.06s Sys=0.00s Real=0.01s
[2022-04-27T05:13:07.701+0000][470.565s] GC(111) Pause Young (Normal) (G1 Evacuation Pause)
[2022-04-27T05:13:07.701+0000][470.565s] GC(111) Using 8 workers of 8 for evacuation
[2022-04-27T05:13:07.707+0000][470.570s] GC(111)   Pre Evacuate Collection Set: 0.0ms
[2022-04-27T05:13:07.707+0000][470.571s] GC(111)   Evacuate Collection Set: 2.6ms
[2022-04-27T05:13:07.707+0000][470.571s] GC(111)   Post Evacuate Collection Set: 2.7ms
[2022-04-27T05:13:07.708+0000][470.571s] GC(111)   Other: 0.5ms
[2022-04-27T05:13:07.708+0000][470.572s] GC(111) Eden regions: 287->0(291)
[2022-04-27T05:13:07.709+0000][470.572s] GC(111) Survivor regions: 20->16(39)
[2022-04-27T05:13:07.709+0000][470.573s] GC(111) Old regions: 44->44
[2022-04-27T05:13:07.709+0000][470.573s] GC(111) Humongous regions: 7->7
[2022-04-27T05:13:07.710+0000][470.573s] GC(111) Metaspace: 56615K->56615K(1101824K)
[2022-04-27T05:13:07.710+0000][470.574s] GC(111) Pause Young (Normal) (G1 Evacuation Pause) 355M->64M(512M) 9.277ms
[2022-04-27T05:13:07.711+0000][470.574s] GC(111) User=0.03s Sys=0.01s Real=0.00s
[2022-04-27T05:13:10.157+0000][473.021s] GC(112) Pause Young (Normal) (G1 Evacuation Pause)
[2022-04-27T05:13:10.157+0000][473.021s] GC(112) Using 8 workers of 8 for evacuation
[2022-04-27T05:13:10.166+0000][473.030s] GC(112)   Pre Evacuate Collection Set: 0.0ms
[2022-04-27T05:13:10.167+0000][473.030s] GC(112)   Evacuate Collection Set: 5.3ms
[2022-04-27T05:13:10.167+0000][473.030s] GC(112)   Post Evacuate Collection Set: 3.1ms
[2022-04-27T05:13:10.167+0000][473.031s] GC(112)   Other: 0.8ms
[2022-04-27T05:13:10.167+0000][473.031s] GC(112) Eden regions: 291->0(289)
[2022-04-27T05:13:10.168+0000][473.031s] GC(112) Survivor regions: 16->18(39)
[2022-04-27T05:13:10.168+0000][473.031s] GC(112) Old regions: 44->44
[2022-04-27T05:13:10.168+0000][473.032s] GC(112) Humongous regions: 7->7
[2022-04-27T05:13:10.168+0000][473.032s] GC(112) Metaspace: 56680K->56680K(1101824K)
[2022-04-27T05:13:10.169+0000][473.032s] GC(112) Pause Young (Normal) (G1 Evacuation Pause) 355M->66M(512M) 11.587ms
[2022-04-27T05:13:10.169+0000][473.033s] GC(112) User=0.06s Sys=0.00s Real=0.01s
[2022-04-27T05:13:12.531+0000][475.394s] GC(113) Pause Young (Normal) (G1 Evacuation Pause)
[2022-04-27T05:13:12.531+0000][475.395s] GC(113) Using 8 workers of 8 for evacuation
[2022-04-27T05:13:12.545+0000][475.408s] GC(113)   Pre Evacuate Collection Set: 0.0ms
[2022-04-27T05:13:12.545+0000][475.409s] GC(113)   Evacuate Collection Set: 3.9ms
[2022-04-27T05:13:12.545+0000][475.409s] GC(113)   Post Evacuate Collection Set: 9.5ms
[2022-04-27T05:13:12.546+0000][475.409s] GC(113)   Other: 0.7ms
[2022-04-27T05:13:12.546+0000][475.410s] GC(113) Eden regions: 289->0(289)
[2022-04-27T05:13:12.546+0000][475.410s] GC(113) Survivor regions: 18->18(39)
[2022-04-27T05:13:12.547+0000][475.410s] GC(113) Old regions: 44->44
[2022-04-27T05:13:12.547+0000][475.411s] GC(113) Humongous regions: 7->7
[2022-04-27T05:13:12.547+0000][475.411s] GC(113) Metaspace: 56751K->56751K(1101824K)
[2022-04-27T05:13:12.547+0000][475.411s] GC(113) Pause Young (Normal) (G1 Evacuation Pause) 355M->66M(512M) 16.916ms
[2022-04-27T05:13:12.548+0000][475.411s] GC(113) User=0.10s Sys=0.00s Real=0.02s
[2022-04-27T05:13:14.983+0000][477.847s] GC(114) Pause Young (Normal) (G1 Evacuation Pause)
[2022-04-27T05:13:14.983+0000][477.847s] GC(114) Using 8 workers of 8 for evacuation
[2022-04-27T05:13:14.990+0000][477.854s] GC(114)   Pre Evacuate Collection Set: 0.0ms
[2022-04-27T05:13:14.990+0000][477.854s] GC(114)   Evacuate Collection Set: 2.7ms
[2022-04-27T05:13:14.991+0000][477.854s] GC(114)   Post Evacuate Collection Set: 3.5ms
[2022-04-27T05:13:14.991+0000][477.855s] GC(114)   Other: 0.6ms
[2022-04-27T05:13:14.992+0000][477.855s] GC(114) Eden regions: 289->0(292)
[2022-04-27T05:13:14.992+0000][477.856s] GC(114) Survivor regions: 18->15(39)
[2022-04-27T05:13:14.992+0000][477.856s] GC(114) Old regions: 44->44
[2022-04-27T05:13:14.993+0000][477.856s] GC(114) Humongous regions: 7->7
[2022-04-27T05:13:14.993+0000][477.857s] GC(114) Metaspace: 56752K->56752K(1101824K)
[2022-04-27T05:13:14.993+0000][477.857s] GC(114) Pause Young (Normal) (G1 Evacuation Pause) 355M->64M(512M) 10.292ms
[2022-04-27T05:13:14.994+0000][477.857s] GC(114) User=0.04s Sys=0.00s Real=0.01s
[2022-04-27T05:13:17.405+0000][480.269s] GC(115) Pause Young (Normal) (G1 Evacuation Pause)
[2022-04-27T05:13:17.406+0000][480.269s] GC(115) Using 8 workers of 8 for evacuation
[2022-04-27T05:13:17.425+0000][480.289s] GC(115)   Pre Evacuate Collection Set: 0.0ms
[2022-04-27T05:13:17.425+0000][480.289s] GC(115)   Evacuate Collection Set: 8.1ms
[2022-04-27T05:13:17.426+0000][480.289s] GC(115)   Post Evacuate Collection Set: 10.5ms
[2022-04-27T05:13:17.426+0000][480.290s] GC(115)   Other: 0.9ms
[2022-04-27T05:13:17.426+0000][480.290s] GC(115) Eden regions: 292->0(289)
[2022-04-27T05:13:17.427+0000][480.290s] GC(115) Survivor regions: 15->18(39)
[2022-04-27T05:13:17.427+0000][480.290s] GC(115) Old regions: 44->44
[2022-04-27T05:13:17.427+0000][480.291s] GC(115) Humongous regions: 7->7
[2022-04-27T05:13:17.427+0000][480.291s] GC(115) Metaspace: 56752K->56752K(1101824K)
[2022-04-27T05:13:17.428+0000][480.291s] GC(115) Pause Young (Normal) (G1 Evacuation Pause) 356M->66M(512M) 22.164ms
[2022-04-27T05:13:17.428+0000][480.291s] GC(115) User=0.15s Sys=0.00s Real=0.02s
[2022-04-27T05:13:19.987+0000][482.851s] GC(116) Pause Young (Normal) (G1 Evacuation Pause)
[2022-04-27T05:13:19.988+0000][482.851s] GC(116) Using 8 workers of 8 for evacuation
[2022-04-27T05:13:19.995+0000][482.859s] GC(116)   Pre Evacuate Collection Set: 0.0ms
[2022-04-27T05:13:19.995+0000][482.859s] GC(116)   Evacuate Collection Set: 3.8ms
[2022-04-27T05:13:19.996+0000][482.859s] GC(116)   Post Evacuate Collection Set: 2.9ms
[2022-04-27T05:13:19.996+0000][482.860s] GC(116)   Other: 0.8ms
[2022-04-27T05:13:19.996+0000][482.860s] GC(116) Eden regions: 289->0(289)
[2022-04-27T05:13:19.996+0000][482.860s] GC(116) Survivor regions: 18->18(39)
[2022-04-27T05:13:19.997+0000][482.860s] GC(116) Old regions: 44->44
[2022-04-27T05:13:19.997+0000][482.861s] GC(116) Humongous regions: 7->7
[2022-04-27T05:13:19.997+0000][482.861s] GC(116) Metaspace: 56754K->56754K(1101824K)
[2022-04-27T05:13:19.998+0000][482.861s] GC(116) Pause Young (Normal) (G1 Evacuation Pause) 355M->67M(512M) 10.361ms
[2022-04-27T05:13:19.998+0000][482.862s] GC(116) User=0.04s Sys=0.00s Real=0.01s
[2022-04-27T05:13:22.307+0000][485.170s] GC(117) Pause Young (Normal) (G1 Evacuation Pause)
[2022-04-27T05:13:22.307+0000][485.171s] GC(117) Using 8 workers of 8 for evacuation
[2022-04-27T05:13:22.314+0000][485.178s] GC(117)   Pre Evacuate Collection Set: 0.0ms
[2022-04-27T05:13:22.315+0000][485.178s] GC(117)   Evacuate Collection Set: 3.7ms
[2022-04-27T05:13:22.315+0000][485.179s] GC(117)   Post Evacuate Collection Set: 3.3ms
[2022-04-27T05:13:22.315+0000][485.179s] GC(117)   Other: 0.8ms
[2022-04-27T05:13:22.316+0000][485.179s] GC(117) Eden regions: 289->0(289)
[2022-04-27T05:13:22.316+0000][485.179s] GC(117) Survivor regions: 18->18(39)
[2022-04-27T05:13:22.316+0000][485.180s] GC(117) Old regions: 44->44
[2022-04-27T05:13:22.316+0000][485.180s] GC(117) Humongous regions: 7->7
[2022-04-27T05:13:22.317+0000][485.180s] GC(117) Metaspace: 56754K->56754K(1101824K)
[2022-04-27T05:13:22.317+0000][485.180s] GC(117) Pause Young (Normal) (G1 Evacuation Pause) 356M->67M(512M) 10.217ms
[2022-04-27T05:13:22.317+0000][485.181s] GC(117) User=0.04s Sys=0.00s Real=0.01s
[2022-04-27T05:13:24.703+0000][487.566s] GC(118) Pause Young (Normal) (G1 Evacuation Pause)
[2022-04-27T05:13:24.703+0000][487.567s] GC(118) Using 8 workers of 8 for evacuation
[2022-04-27T05:13:24.711+0000][487.575s] GC(118)   Pre Evacuate Collection Set: 0.0ms
[2022-04-27T05:13:24.712+0000][487.575s] GC(118)   Evacuate Collection Set: 3.8ms
[2022-04-27T05:13:24.712+0000][487.576s] GC(118)   Post Evacuate Collection Set: 3.6ms
[2022-04-27T05:13:24.712+0000][487.576s] GC(118)   Other: 1.1ms
[2022-04-27T05:13:24.713+0000][487.576s] GC(118) Eden regions: 289->0(288)
[2022-04-27T05:13:24.713+0000][487.577s] GC(118) Survivor regions: 18->19(39)
[2022-04-27T05:13:24.713+0000][487.577s] GC(118) Old regions: 44->44
[2022-04-27T05:13:24.714+0000][487.577s] GC(118) Humongous regions: 7->7
[2022-04-27T05:13:24.714+0000][487.577s] GC(118) Metaspace: 56802K->56802K(1101824K)
[2022-04-27T05:13:24.714+0000][487.578s] GC(118) Pause Young (Normal) (G1 Evacuation Pause) 356M->68M(512M) 11.499ms
[2022-04-27T05:13:24.714+0000][487.578s] GC(118) User=0.04s Sys=0.01s Real=0.01s
[2022-04-27T05:13:27.159+0000][490.023s] GC(119) Pause Young (Normal) (G1 Evacuation Pause)
[2022-04-27T05:13:27.160+0000][490.023s] GC(119) Using 8 workers of 8 for evacuation
[2022-04-27T05:13:27.167+0000][490.031s] GC(119)   Pre Evacuate Collection Set: 0.0ms
[2022-04-27T05:13:27.167+0000][490.031s] GC(119)   Evacuate Collection Set: 3.7ms
[2022-04-27T05:13:27.168+0000][490.031s] GC(119)   Post Evacuate Collection Set: 3.2ms
[2022-04-27T05:13:27.168+0000][490.031s] GC(119)   Other: 0.7ms
[2022-04-27T05:13:27.168+0000][490.032s] GC(119) Eden regions: 288->0(289)
[2022-04-27T05:13:27.168+0000][490.032s] GC(119) Survivor regions: 19->18(39)
[2022-04-27T05:13:27.168+0000][490.032s] GC(119) Old regions: 44->44
[2022-04-27T05:13:27.169+0000][490.032s] GC(119) Humongous regions: 7->7
[2022-04-27T05:13:27.169+0000][490.033s] GC(119) Metaspace: 56802K->56802K(1101824K)
[2022-04-27T05:13:27.169+0000][490.033s] GC(119) Pause Young (Normal) (G1 Evacuation Pause) 356M->67M(512M) 9.875ms
[2022-04-27T05:13:27.170+0000][490.033s] GC(119) User=0.05s Sys=0.00s Real=0.01s
[2022-04-27T05:13:29.544+0000][492.407s] GC(120) Pause Young (Normal) (G1 Evacuation Pause)
[2022-04-27T05:13:29.544+0000][492.408s] GC(120) Using 8 workers of 8 for evacuation
[2022-04-27T05:13:29.551+0000][492.415s] GC(120)   Pre Evacuate Collection Set: 0.1ms
[2022-04-27T05:13:29.551+0000][492.415s] GC(120)   Evacuate Collection Set: 3.3ms
[2022-04-27T05:13:29.552+0000][492.415s] GC(120)   Post Evacuate Collection Set: 3.2ms
[2022-04-27T05:13:29.552+0000][492.416s] GC(120)   Other: 0.8ms
[2022-04-27T05:13:29.552+0000][492.416s] GC(120) Eden regions: 289->0(291)
[2022-04-27T05:13:29.553+0000][492.416s] GC(120) Survivor regions: 18->16(39)
[2022-04-27T05:13:29.553+0000][492.417s] GC(120) Old regions: 44->44
[2022-04-27T05:13:29.554+0000][492.417s] GC(120) Humongous regions: 7->7
[2022-04-27T05:13:29.554+0000][492.418s] GC(120) Metaspace: 56806K->56806K(1101824K)
[2022-04-27T05:13:29.554+0000][492.418s] GC(120) Pause Young (Normal) (G1 Evacuation Pause) 356M->65M(512M) 10.520ms
[2022-04-27T05:13:29.555+0000][492.418s] GC(120) User=0.03s Sys=0.01s Real=0.01s
[2022-04-27T05:13:31.943+0000][494.806s] GC(121) Pause Young (Normal) (G1 Evacuation Pause)
[2022-04-27T05:13:31.943+0000][494.807s] GC(121) Using 8 workers of 8 for evacuation
[2022-04-27T05:13:31.949+0000][494.813s] GC(121)   Pre Evacuate Collection Set: 0.0ms
[2022-04-27T05:13:31.949+0000][494.813s] GC(121)   Evacuate Collection Set: 2.7ms
[2022-04-27T05:13:31.950+0000][494.813s] GC(121)   Post Evacuate Collection Set: 2.8ms
[2022-04-27T05:13:31.950+0000][494.814s] GC(121)   Other: 0.7ms
[2022-04-27T05:13:31.950+0000][494.814s] GC(121) Eden regions: 291->0(290)
[2022-04-27T05:13:31.951+0000][494.814s] GC(121) Survivor regions: 16->17(39)
[2022-04-27T05:13:31.951+0000][494.815s] GC(121) Old regions: 44->44
[2022-04-27T05:13:31.951+0000][494.815s] GC(121) Humongous regions: 7->7
[2022-04-27T05:13:31.951+0000][494.815s] GC(121) Metaspace: 56820K->56820K(1101824K)
[2022-04-27T05:13:31.952+0000][494.815s] GC(121) Pause Young (Normal) (G1 Evacuation Pause) 356M->65M(512M) 9.233ms
[2022-04-27T05:13:31.952+0000][494.816s] GC(121) User=0.04s Sys=0.00s Real=0.01s
[2022-04-27T05:13:34.406+0000][497.270s] GC(122) Pause Young (Normal) (G1 Evacuation Pause)
[2022-04-27T05:13:34.406+0000][497.270s] GC(122) Using 8 workers of 8 for evacuation
[2022-04-27T05:13:34.424+0000][497.287s] GC(122)   Pre Evacuate Collection Set: 0.0ms
[2022-04-27T05:13:34.424+0000][497.288s] GC(122)   Evacuate Collection Set: 9.9ms
[2022-04-27T05:13:34.424+0000][497.288s] GC(122)   Post Evacuate Collection Set: 7.2ms
[2022-04-27T05:13:34.425+0000][497.288s] GC(122)   Other: 0.7ms
[2022-04-27T05:13:34.425+0000][497.288s] GC(122) Eden regions: 290->0(289)
[2022-04-27T05:13:34.425+0000][497.289s] GC(122) Survivor regions: 17->18(39)
[2022-04-27T05:13:34.425+0000][497.289s] GC(122) Old regions: 44->44
[2022-04-27T05:13:34.425+0000][497.289s] GC(122) Humongous regions: 7->7
[2022-04-27T05:13:34.426+0000][497.289s] GC(122) Metaspace: 56820K->56820K(1101824K)
[2022-04-27T05:13:34.426+0000][497.289s] GC(122) Pause Young (Normal) (G1 Evacuation Pause) 355M->67M(512M) 19.925ms
[2022-04-27T05:13:34.426+0000][497.290s] GC(122) User=0.12s Sys=0.00s Real=0.02s
[2022-04-27T05:13:36.892+0000][499.756s] GC(123) Pause Young (Normal) (G1 Evacuation Pause)
[2022-04-27T05:13:36.892+0000][499.756s] GC(123) Using 8 workers of 8 for evacuation
[2022-04-27T05:13:36.899+0000][499.763s] GC(123)   Pre Evacuate Collection Set: 0.0ms
[2022-04-27T05:13:36.900+0000][499.764s] GC(123)   Evacuate Collection Set: 3.5ms
[2022-04-27T05:13:36.900+0000][499.764s] GC(123)   Post Evacuate Collection Set: 3.1ms
[2022-04-27T05:13:36.901+0000][499.764s] GC(123)   Other: 1.0ms
[2022-04-27T05:13:36.901+0000][499.765s] GC(123) Eden regions: 289->0(289)
[2022-04-27T05:13:36.902+0000][499.765s] GC(123) Survivor regions: 18->18(39)
[2022-04-27T05:13:36.902+0000][499.766s] GC(123) Old regions: 44->45
[2022-04-27T05:13:36.902+0000][499.766s] GC(123) Humongous regions: 7->7
[2022-04-27T05:13:36.903+0000][499.766s] GC(123) Metaspace: 56820K->56820K(1101824K)
[2022-04-27T05:13:36.903+0000][499.767s] GC(123) Pause Young (Normal) (G1 Evacuation Pause) 356M->67M(512M) 11.107ms
[2022-04-27T05:13:36.903+0000][499.767s] GC(123) User=0.04s Sys=0.00s Real=0.01s
[2022-04-27T05:13:39.332+0000][502.196s] GC(124) Pause Young (Normal) (G1 Evacuation Pause)
[2022-04-27T05:13:39.333+0000][502.196s] GC(124) Using 8 workers of 8 for evacuation
[2022-04-27T05:13:39.339+0000][502.202s] GC(124)   Pre Evacuate Collection Set: 0.0ms
[2022-04-27T05:13:39.339+0000][502.203s] GC(124)   Evacuate Collection Set: 2.6ms
[2022-04-27T05:13:39.339+0000][502.203s] GC(124)   Post Evacuate Collection Set: 2.7ms
[2022-04-27T05:13:39.340+0000][502.203s] GC(124)   Other: 0.8ms
[2022-04-27T05:13:39.340+0000][502.204s] GC(124) Eden regions: 289->0(291)
[2022-04-27T05:13:39.340+0000][502.204s] GC(124) Survivor regions: 18->16(39)
[2022-04-27T05:13:39.341+0000][502.204s] GC(124) Old regions: 45->45
[2022-04-27T05:13:39.341+0000][502.205s] GC(124) Humongous regions: 7->7
[2022-04-27T05:13:39.341+0000][502.205s] GC(124) Metaspace: 56820K->56820K(1101824K)
[2022-04-27T05:13:39.342+0000][502.205s] GC(124) Pause Young (Normal) (G1 Evacuation Pause) 356M->65M(512M) 9.273ms
[2022-04-27T05:13:39.342+0000][502.206s] GC(124) User=0.04s Sys=0.00s Real=0.01s
[2022-04-27T05:13:41.884+0000][504.748s] GC(125) Pause Young (Normal) (G1 Evacuation Pause)
[2022-04-27T05:13:41.885+0000][504.748s] GC(125) Using 8 workers of 8 for evacuation
[2022-04-27T05:13:41.892+0000][504.756s] GC(125)   Pre Evacuate Collection Set: 0.0ms
[2022-04-27T05:13:41.893+0000][504.756s] GC(125)   Evacuate Collection Set: 4.0ms
[2022-04-27T05:13:41.893+0000][504.757s] GC(125)   Post Evacuate Collection Set: 3.2ms
[2022-04-27T05:13:41.894+0000][504.757s] GC(125)   Other: 0.9ms
[2022-04-27T05:13:41.894+0000][504.758s] GC(125) Eden regions: 291->0(289)
[2022-04-27T05:13:41.894+0000][504.758s] GC(125) Survivor regions: 16->18(39)
[2022-04-27T05:13:41.895+0000][504.758s] GC(125) Old regions: 45->45
[2022-04-27T05:13:41.895+0000][504.759s] GC(125) Humongous regions: 7->7
[2022-04-27T05:13:41.896+0000][504.759s] GC(125) Metaspace: 56820K->56820K(1101824K)
[2022-04-27T05:13:41.896+0000][504.760s] GC(125) Pause Young (Normal) (G1 Evacuation Pause) 356M->67M(512M) 11.735ms
[2022-04-27T05:13:41.896+0000][504.760s] GC(125) User=0.06s Sys=0.00s Real=0.01s
[2022-04-27T05:13:44.469+0000][507.333s] GC(126) Pause Young (Normal) (G1 Evacuation Pause)
[2022-04-27T05:13:44.469+0000][507.333s] GC(126) Using 8 workers of 8 for evacuation
[2022-04-27T05:13:44.478+0000][507.342s] GC(126)   Pre Evacuate Collection Set: 0.0ms
[2022-04-27T05:13:44.479+0000][507.342s] GC(126)   Evacuate Collection Set: 3.5ms
[2022-04-27T05:13:44.479+0000][507.343s] GC(126)   Post Evacuate Collection Set: 5.3ms
[2022-04-27T05:13:44.479+0000][507.343s] GC(126)   Other: 0.5ms
[2022-04-27T05:13:44.479+0000][507.343s] GC(126) Eden regions: 289->0(291)
[2022-04-27T05:13:44.480+0000][507.343s] GC(126) Survivor regions: 18->16(39)
[2022-04-27T05:13:44.480+0000][507.344s] GC(126) Old regions: 45->45
[2022-04-27T05:13:44.480+0000][507.344s] GC(126) Humongous regions: 7->7
[2022-04-27T05:13:44.481+0000][507.344s] GC(126) Metaspace: 56820K->56820K(1101824K)
[2022-04-27T05:13:44.481+0000][507.344s] GC(126) Pause Young (Normal) (G1 Evacuation Pause) 356M->65M(512M) 11.742ms
[2022-04-27T05:13:44.481+0000][507.345s] GC(126) User=0.06s Sys=0.00s Real=0.02s
[2022-04-27T05:13:46.985+0000][509.849s] GC(127) Pause Young (Normal) (G1 Evacuation Pause)
[2022-04-27T05:13:46.986+0000][509.849s] GC(127) Using 8 workers of 8 for evacuation
[2022-04-27T05:13:46.992+0000][509.856s] GC(127)   Pre Evacuate Collection Set: 0.0ms
[2022-04-27T05:13:46.993+0000][509.856s] GC(127)   Evacuate Collection Set: 3.2ms
[2022-04-27T05:13:46.993+0000][509.857s] GC(127)   Post Evacuate Collection Set: 3.0ms
[2022-04-27T05:13:46.993+0000][509.857s] GC(127)   Other: 0.9ms
[2022-04-27T05:13:46.994+0000][509.857s] GC(127) Eden regions: 291->0(290)
[2022-04-27T05:13:46.994+0000][509.858s] GC(127) Survivor regions: 16->17(39)
[2022-04-27T05:13:46.995+0000][509.858s] GC(127) Old regions: 45->45
[2022-04-27T05:13:46.995+0000][509.859s] GC(127) Humongous regions: 7->7
[2022-04-27T05:13:46.995+0000][509.859s] GC(127) Metaspace: 56823K->56823K(1101824K)
[2022-04-27T05:13:46.996+0000][509.859s] GC(127) Pause Young (Normal) (G1 Evacuation Pause) 356M->66M(512M) 10.484ms
[2022-04-27T05:13:46.996+0000][509.860s] GC(127) User=0.04s Sys=0.00s Real=0.01s
[2022-04-27T05:13:49.484+0000][512.348s] GC(128) Pause Young (Normal) (G1 Evacuation Pause)
[2022-04-27T05:13:49.484+0000][512.348s] GC(128) Using 8 workers of 8 for evacuation
[2022-04-27T05:13:49.491+0000][512.355s] GC(128)   Pre Evacuate Collection Set: 0.0ms
[2022-04-27T05:13:49.492+0000][512.355s] GC(128)   Evacuate Collection Set: 3.7ms
[2022-04-27T05:13:49.492+0000][512.356s] GC(128)   Post Evacuate Collection Set: 2.9ms
[2022-04-27T05:13:49.493+0000][512.356s] GC(128)   Other: 0.7ms
[2022-04-27T05:13:49.493+0000][512.357s] GC(128) Eden regions: 290->0(288)
[2022-04-27T05:13:49.493+0000][512.357s] GC(128) Survivor regions: 17->19(39)
[2022-04-27T05:13:49.494+0000][512.357s] GC(128) Old regions: 45->45
[2022-04-27T05:13:49.494+0000][512.358s] GC(128) Humongous regions: 7->7
[2022-04-27T05:13:49.495+0000][512.358s] GC(128) Metaspace: 56823K->56823K(1101824K)
[2022-04-27T05:13:49.495+0000][512.359s] GC(128) Pause Young (Normal) (G1 Evacuation Pause) 356M->68M(512M) 10.939ms
[2022-04-27T05:13:49.495+0000][512.359s] GC(128) User=0.05s Sys=0.00s Real=0.01s
[2022-04-27T05:13:51.850+0000][514.713s] GC(129) Pause Young (Normal) (G1 Evacuation Pause)
[2022-04-27T05:13:51.850+0000][514.714s] GC(129) Using 8 workers of 8 for evacuation
[2022-04-27T05:13:51.857+0000][514.721s] GC(129)   Pre Evacuate Collection Set: 0.0ms
[2022-04-27T05:13:51.858+0000][514.721s] GC(129)   Evacuate Collection Set: 3.9ms
[2022-04-27T05:13:51.858+0000][514.722s] GC(129)   Post Evacuate Collection Set: 3.0ms
[2022-04-27T05:13:51.858+0000][514.722s] GC(129)   Other: 0.8ms
[2022-04-27T05:13:51.858+0000][514.722s] GC(129) Eden regions: 288->0(289)
[2022-04-27T05:13:51.859+0000][514.722s] GC(129) Survivor regions: 19->18(39)
[2022-04-27T05:13:51.859+0000][514.722s] GC(129) Old regions: 45->45
[2022-04-27T05:13:51.859+0000][514.723s] GC(129) Humongous regions: 7->7
[2022-04-27T05:13:51.859+0000][514.723s] GC(129) Metaspace: 56823K->56823K(1101824K)
[2022-04-27T05:13:51.860+0000][514.723s] GC(129) Pause Young (Normal) (G1 Evacuation Pause) 356M->67M(512M) 10.052ms
[2022-04-27T05:13:51.860+0000][514.724s] GC(129) User=0.05s Sys=0.00s Real=0.01s
[2022-04-27T05:13:54.122+0000][516.986s] GC(130) Pause Young (Normal) (G1 Evacuation Pause)
[2022-04-27T05:13:54.122+0000][516.986s] GC(130) Using 8 workers of 8 for evacuation
[2022-04-27T05:13:54.129+0000][516.993s] GC(130)   Pre Evacuate Collection Set: 0.0ms
[2022-04-27T05:13:54.130+0000][516.993s] GC(130)   Evacuate Collection Set: 3.4ms
[2022-04-27T05:13:54.130+0000][516.994s] GC(130)   Post Evacuate Collection Set: 3.1ms
[2022-04-27T05:13:54.130+0000][516.994s] GC(130)   Other: 0.8ms
[2022-04-27T05:13:54.131+0000][516.994s] GC(130) Eden regions: 289->0(290)
[2022-04-27T05:13:54.131+0000][516.995s] GC(130) Survivor regions: 18->17(39)
[2022-04-27T05:13:54.131+0000][516.995s] GC(130) Old regions: 45->45
[2022-04-27T05:13:54.132+0000][516.995s] GC(130) Humongous regions: 7->7
[2022-04-27T05:13:54.132+0000][516.996s] GC(130) Metaspace: 56823K->56823K(1101824K)
[2022-04-27T05:13:54.132+0000][516.996s] GC(130) Pause Young (Normal) (G1 Evacuation Pause) 356M->67M(512M) 10.476ms
[2022-04-27T05:13:54.133+0000][516.996s] GC(130) User=0.04s Sys=0.01s Real=0.01s
[2022-04-27T05:13:56.453+0000][519.317s] GC(131) Pause Young (Normal) (G1 Evacuation Pause)
[2022-04-27T05:13:56.454+0000][519.317s] GC(131) Using 8 workers of 8 for evacuation
[2022-04-27T05:13:56.463+0000][519.326s] GC(131)   Pre Evacuate Collection Set: 0.0ms
[2022-04-27T05:13:56.463+0000][519.327s] GC(131)   Evacuate Collection Set: 4.6ms
[2022-04-27T05:13:56.464+0000][519.327s] GC(131)   Post Evacuate Collection Set: 3.8ms
[2022-04-27T05:13:56.464+0000][519.328s] GC(131)   Other: 1.0ms
[2022-04-27T05:13:56.464+0000][519.328s] GC(131) Eden regions: 290->0(289)
[2022-04-27T05:13:56.465+0000][519.328s] GC(131) Survivor regions: 17->18(39)
[2022-04-27T05:13:56.465+0000][519.329s] GC(131) Old regions: 45->45
[2022-04-27T05:13:56.465+0000][519.329s] GC(131) Humongous regions: 7->7
[2022-04-27T05:13:56.466+0000][519.329s] GC(131) Metaspace: 56823K->56823K(1101824K)
[2022-04-27T05:13:56.466+0000][519.330s] GC(131) Pause Young (Normal) (G1 Evacuation Pause) 357M->67M(512M) 13.065ms
[2022-04-27T05:13:56.467+0000][519.330s] GC(131) User=0.06s Sys=0.00s Real=0.01s
[2022-04-27T05:13:58.981+0000][521.844s] GC(132) Pause Young (Normal) (G1 Evacuation Pause)
[2022-04-27T05:13:58.981+0000][521.845s] GC(132) Using 8 workers of 8 for evacuation
[2022-04-27T05:13:58.987+0000][521.851s] GC(132)   Pre Evacuate Collection Set: 0.0ms
[2022-04-27T05:13:58.988+0000][521.852s] GC(132)   Evacuate Collection Set: 4.0ms
[2022-04-27T05:13:58.988+0000][521.852s] GC(132)   Post Evacuate Collection Set: 2.0ms
[2022-04-27T05:13:58.989+0000][521.852s] GC(132)   Other: 0.9ms
[2022-04-27T05:13:58.989+0000][521.853s] GC(132) Eden regions: 289->0(291)
[2022-04-27T05:13:58.990+0000][521.853s] GC(132) Survivor regions: 18->16(39)
[2022-04-27T05:13:58.990+0000][521.854s] GC(132) Old regions: 45->45
[2022-04-27T05:13:58.991+0000][521.854s] GC(132) Humongous regions: 7->7
[2022-04-27T05:13:58.991+0000][521.854s] GC(132) Metaspace: 56823K->56823K(1101824K)
[2022-04-27T05:13:58.991+0000][521.855s] GC(132) Pause Young (Normal) (G1 Evacuation Pause) 356M->65M(512M) 10.608ms
[2022-04-27T05:13:58.992+0000][521.855s] GC(132) User=0.04s Sys=0.00s Real=0.02s
[2022-04-27T05:14:01.309+0000][524.173s] GC(133) Pause Young (Normal) (G1 Evacuation Pause)
[2022-04-27T05:14:01.309+0000][524.173s] GC(133) Using 8 workers of 8 for evacuation
[2022-04-27T05:14:01.316+0000][524.180s] GC(133)   Pre Evacuate Collection Set: 0.0ms
[2022-04-27T05:14:01.317+0000][524.180s] GC(133)   Evacuate Collection Set: 3.6ms
[2022-04-27T05:14:01.317+0000][524.181s] GC(133)   Post Evacuate Collection Set: 2.9ms
[2022-04-27T05:14:01.318+0000][524.181s] GC(133)   Other: 0.4ms
[2022-04-27T05:14:01.318+0000][524.182s] GC(133) Eden regions: 291->0(289)
[2022-04-27T05:14:01.318+0000][524.182s] GC(133) Survivor regions: 16->18(39)
[2022-04-27T05:14:01.319+0000][524.182s] GC(133) Old regions: 45->45
[2022-04-27T05:14:01.319+0000][524.183s] GC(133) Humongous regions: 7->7
[2022-04-27T05:14:01.319+0000][524.183s] GC(133) Metaspace: 56823K->56823K(1101824K)
[2022-04-27T05:14:01.320+0000][524.183s] GC(133) Pause Young (Normal) (G1 Evacuation Pause) 356M->67M(512M) 10.378ms
[2022-04-27T05:14:01.320+0000][524.184s] GC(133) User=0.04s Sys=0.00s Real=0.01s
[2022-04-27T05:14:03.543+0000][526.406s] GC(134) Pause Young (Normal) (G1 Evacuation Pause)
[2022-04-27T05:14:03.543+0000][526.407s] GC(134) Using 8 workers of 8 for evacuation
[2022-04-27T05:14:03.550+0000][526.414s] GC(134)   Pre Evacuate Collection Set: 0.0ms
[2022-04-27T05:14:03.550+0000][526.414s] GC(134)   Evacuate Collection Set: 3.2ms
[2022-04-27T05:14:03.551+0000][526.414s] GC(134)   Post Evacuate Collection Set: 3.2ms
[2022-04-27T05:14:03.551+0000][526.415s] GC(134)   Other: 0.8ms
[2022-04-27T05:14:03.551+0000][526.415s] GC(134) Eden regions: 289->0(289)
[2022-04-27T05:14:03.552+0000][526.415s] GC(134) Survivor regions: 18->18(39)
[2022-04-27T05:14:03.552+0000][526.416s] GC(134) Old regions: 45->45
[2022-04-27T05:14:03.552+0000][526.416s] GC(134) Humongous regions: 7->7
[2022-04-27T05:14:03.553+0000][526.416s] GC(134) Metaspace: 56823K->56823K(1101824K)
[2022-04-27T05:14:03.553+0000][526.417s] GC(134) Pause Young (Normal) (G1 Evacuation Pause) 356M->67M(512M) 10.421ms
[2022-04-27T05:14:03.554+0000][526.417s] GC(134) User=0.04s Sys=0.01s Real=0.01s
[2022-04-27T05:14:05.551+0000][528.415s] GC(135) Pause Young (Normal) (G1 Evacuation Pause)
[2022-04-27T05:14:05.551+0000][528.415s] GC(135) Using 8 workers of 8 for evacuation
[2022-04-27T05:14:05.558+0000][528.422s] GC(135)   Pre Evacuate Collection Set: 0.0ms
[2022-04-27T05:14:05.559+0000][528.422s] GC(135)   Evacuate Collection Set: 3.2ms
[2022-04-27T05:14:05.559+0000][528.423s] GC(135)   Post Evacuate Collection Set: 3.0ms
[2022-04-27T05:14:05.560+0000][528.423s] GC(135)   Other: 1.0ms
[2022-04-27T05:14:05.560+0000][528.424s] GC(135) Eden regions: 289->0(290)
[2022-04-27T05:14:05.560+0000][528.424s] GC(135) Survivor regions: 18->17(39)
[2022-04-27T05:14:05.561+0000][528.424s] GC(135) Old regions: 45->45
[2022-04-27T05:14:05.561+0000][528.425s] GC(135) Humongous regions: 7->7
[2022-04-27T05:14:05.562+0000][528.425s] GC(135) Metaspace: 56823K->56823K(1101824K)
[2022-04-27T05:14:05.562+0000][528.426s] GC(135) Pause Young (Normal) (G1 Evacuation Pause) 356M->67M(512M) 11.015ms
[2022-04-27T05:14:05.562+0000][528.426s] GC(135) User=0.04s Sys=0.01s Real=0.01s
[2022-04-27T05:14:08.023+0000][530.887s] GC(136) Pause Young (Normal) (G1 Evacuation Pause)
[2022-04-27T05:14:08.024+0000][530.887s] GC(136) Using 8 workers of 8 for evacuation
[2022-04-27T05:14:08.031+0000][530.894s] GC(136)   Pre Evacuate Collection Set: 0.0ms
[2022-04-27T05:14:08.031+0000][530.895s] GC(136)   Evacuate Collection Set: 3.8ms
[2022-04-27T05:14:08.031+0000][530.895s] GC(136)   Post Evacuate Collection Set: 2.9ms
[2022-04-27T05:14:08.032+0000][530.895s] GC(136)   Other: 0.8ms
[2022-04-27T05:14:08.032+0000][530.896s] GC(136) Eden regions: 290->0(288)
[2022-04-27T05:14:08.032+0000][530.896s] GC(136) Survivor regions: 17->19(39)
[2022-04-27T05:14:08.033+0000][530.896s] GC(136) Old regions: 45->45
[2022-04-27T05:14:08.033+0000][530.897s] GC(136) Humongous regions: 7->7
[2022-04-27T05:14:08.033+0000][530.897s] GC(136) Metaspace: 56823K->56823K(1101824K)
[2022-04-27T05:14:08.034+0000][530.897s] GC(136) Pause Young (Normal) (G1 Evacuation Pause) 357M->69M(512M) 10.416ms
[2022-04-27T05:14:08.034+0000][530.897s] GC(136) User=0.04s Sys=0.00s Real=0.01s
[2022-04-27T05:14:10.318+0000][533.182s] GC(137) Pause Young (Normal) (G1 Evacuation Pause)
[2022-04-27T05:14:10.319+0000][533.182s] GC(137) Using 8 workers of 8 for evacuation
[2022-04-27T05:14:10.326+0000][533.190s] GC(137)   Pre Evacuate Collection Set: 0.0ms
[2022-04-27T05:14:10.326+0000][533.190s] GC(137)   Evacuate Collection Set: 3.8ms
[2022-04-27T05:14:10.327+0000][533.190s] GC(137)   Post Evacuate Collection Set: 3.0ms
[2022-04-27T05:14:10.327+0000][533.191s] GC(137)   Other: 1.0ms
[2022-04-27T05:14:10.328+0000][533.191s] GC(137) Eden regions: 288->0(288)
[2022-04-27T05:14:10.328+0000][533.192s] GC(137) Survivor regions: 19->19(39)
[2022-04-27T05:14:10.328+0000][533.192s] GC(137) Old regions: 45->45
[2022-04-27T05:14:10.329+0000][533.192s] GC(137) Humongous regions: 7->7
[2022-04-27T05:14:10.329+0000][533.193s] GC(137) Metaspace: 56823K->56823K(1101824K)
[2022-04-27T05:14:10.329+0000][533.193s] GC(137) Pause Young (Normal) (G1 Evacuation Pause) 357M->69M(512M) 11.180ms
[2022-04-27T05:14:10.330+0000][533.193s] GC(137) User=0.05s Sys=0.00s Real=0.01s
[2022-04-27T05:14:12.578+0000][535.442s] GC(138) Pause Young (Normal) (G1 Evacuation Pause)
[2022-04-27T05:14:12.578+0000][535.442s] GC(138) Using 8 workers of 8 for evacuation
[2022-04-27T05:14:12.585+0000][535.449s] GC(138)   Pre Evacuate Collection Set: 0.0ms
[2022-04-27T05:14:12.586+0000][535.449s] GC(138)   Evacuate Collection Set: 3.8ms
[2022-04-27T05:14:12.586+0000][535.450s] GC(138)   Post Evacuate Collection Set: 2.8ms
[2022-04-27T05:14:12.586+0000][535.450s] GC(138)   Other: 0.7ms
[2022-04-27T05:14:12.587+0000][535.450s] GC(138) Eden regions: 288->0(288)
[2022-04-27T05:14:12.587+0000][535.451s] GC(138) Survivor regions: 19->19(39)
[2022-04-27T05:14:12.587+0000][535.451s] GC(138) Old regions: 45->45
[2022-04-27T05:14:12.588+0000][535.451s] GC(138) Humongous regions: 7->7
[2022-04-27T05:14:12.588+0000][535.452s] GC(138) Metaspace: 56824K->56824K(1101824K)
[2022-04-27T05:14:12.588+0000][535.452s] GC(138) Pause Young (Normal) (G1 Evacuation Pause) 357M->68M(512M) 10.270ms
[2022-04-27T05:14:12.589+0000][535.452s] GC(138) User=0.05s Sys=0.00s Real=0.01s
[2022-04-27T05:14:14.862+0000][537.726s] GC(139) Pause Young (Normal) (G1 Evacuation Pause)
[2022-04-27T05:14:14.862+0000][537.726s] GC(139) Using 8 workers of 8 for evacuation
[2022-04-27T05:14:14.870+0000][537.733s] GC(139)   Pre Evacuate Collection Set: 0.0ms
[2022-04-27T05:14:14.870+0000][537.734s] GC(139)   Evacuate Collection Set: 3.6ms
[2022-04-27T05:14:14.871+0000][537.734s] GC(139)   Post Evacuate Collection Set: 3.2ms
[2022-04-27T05:14:14.871+0000][537.735s] GC(139)   Other: 0.9ms
[2022-04-27T05:14:14.871+0000][537.735s] GC(139) Eden regions: 288->0(288)
[2022-04-27T05:14:14.872+0000][537.735s] GC(139) Survivor regions: 19->19(39)
[2022-04-27T05:14:14.872+0000][537.736s] GC(139) Old regions: 45->45
[2022-04-27T05:14:14.873+0000][537.736s] GC(139) Humongous regions: 7->7
[2022-04-27T05:14:14.873+0000][537.737s] GC(139) Metaspace: 56824K->56824K(1101824K)
[2022-04-27T05:14:14.873+0000][537.737s] GC(139) Pause Young (Normal) (G1 Evacuation Pause) 356M->68M(512M) 11.230ms
[2022-04-27T05:14:14.874+0000][537.737s] GC(139) User=0.05s Sys=0.00s Real=0.01s
[2022-04-27T05:14:17.154+0000][540.018s] GC(140) Pause Young (Normal) (G1 Evacuation Pause)
[2022-04-27T05:14:17.155+0000][540.018s] GC(140) Using 8 workers of 8 for evacuation
[2022-04-27T05:14:17.162+0000][540.025s] GC(140)   Pre Evacuate Collection Set: 0.0ms
[2022-04-27T05:14:17.162+0000][540.026s] GC(140)   Evacuate Collection Set: 3.5ms
[2022-04-27T05:14:17.163+0000][540.026s] GC(140)   Post Evacuate Collection Set: 2.9ms
[2022-04-27T05:14:17.163+0000][540.027s] GC(140)   Other: 1.0ms
[2022-04-27T05:14:17.164+0000][540.027s] GC(140) Eden regions: 288->0(289)
[2022-04-27T05:14:17.164+0000][540.028s] GC(140) Survivor regions: 19->18(39)
[2022-04-27T05:14:17.164+0000][540.028s] GC(140) Old regions: 45->45
[2022-04-27T05:14:17.165+0000][540.028s] GC(140) Humongous regions: 7->7
[2022-04-27T05:14:17.165+0000][540.029s] GC(140) Metaspace: 56824K->56824K(1101824K)
[2022-04-27T05:14:17.165+0000][540.029s] GC(140) Pause Young (Normal) (G1 Evacuation Pause) 356M->68M(512M) 10.998ms
[2022-04-27T05:14:17.166+0000][540.029s] GC(140) User=0.05s Sys=0.00s Real=0.01s
[2022-04-27T05:14:19.437+0000][542.300s] GC(141) Pause Young (Normal) (G1 Evacuation Pause)
[2022-04-27T05:14:19.437+0000][542.301s] GC(141) Using 8 workers of 8 for evacuation
[2022-04-27T05:14:19.443+0000][542.307s] GC(141)   Pre Evacuate Collection Set: 0.0ms
[2022-04-27T05:14:19.443+0000][542.307s] GC(141)   Evacuate Collection Set: 3.4ms
[2022-04-27T05:14:19.444+0000][542.308s] GC(141)   Post Evacuate Collection Set: 2.4ms
[2022-04-27T05:14:19.444+0000][542.308s] GC(141)   Other: 0.5ms
[2022-04-27T05:14:19.445+0000][542.308s] GC(141) Eden regions: 289->0(291)
[2022-04-27T05:14:19.445+0000][542.309s] GC(141) Survivor regions: 18->16(39)
[2022-04-27T05:14:19.445+0000][542.309s] GC(141) Old regions: 45->45
[2022-04-27T05:14:19.446+0000][542.309s] GC(141) Humongous regions: 7->7
[2022-04-27T05:14:19.446+0000][542.310s] GC(141) Metaspace: 56824K->56824K(1101824K)
[2022-04-27T05:14:19.446+0000][542.310s] GC(141) Pause Young (Normal) (G1 Evacuation Pause) 357M->65M(512M) 9.602ms
[2022-04-27T05:14:19.447+0000][542.310s] GC(141) User=0.03s Sys=0.01s Real=0.01s
[2022-04-27T05:14:21.803+0000][544.666s] GC(142) Pause Young (Normal) (G1 Evacuation Pause)
[2022-04-27T05:14:21.803+0000][544.667s] GC(142) Using 8 workers of 8 for evacuation
[2022-04-27T05:14:21.812+0000][544.676s] GC(142)   Pre Evacuate Collection Set: 0.0ms
[2022-04-27T05:14:21.813+0000][544.676s] GC(142)   Evacuate Collection Set: 3.3ms
[2022-04-27T05:14:21.813+0000][544.677s] GC(142)   Post Evacuate Collection Set: 5.2ms
[2022-04-27T05:14:21.814+0000][544.677s] GC(142)   Other: 1.1ms
[2022-04-27T05:14:21.814+0000][544.678s] GC(142) Eden regions: 291->0(287)
[2022-04-27T05:14:21.814+0000][544.678s] GC(142) Survivor regions: 16->20(39)
[2022-04-27T05:14:21.815+0000][544.678s] GC(142) Old regions: 45->45
[2022-04-27T05:14:21.815+0000][544.679s] GC(142) Humongous regions: 7->7
[2022-04-27T05:14:21.816+0000][544.679s] GC(142) Metaspace: 56824K->56824K(1101824K)
[2022-04-27T05:14:21.816+0000][544.680s] GC(142) Pause Young (Normal) (G1 Evacuation Pause) 356M->70M(512M) 13.305ms
[2022-04-27T05:14:21.816+0000][544.680s] GC(142) User=0.06s Sys=0.00s Real=0.01s
[2022-04-27T05:14:23.719+0000][546.583s] GC(143) Pause Young (Normal) (G1 Evacuation Pause)
[2022-04-27T05:14:23.720+0000][546.583s] GC(143) Using 8 workers of 8 for evacuation
[2022-04-27T05:14:23.726+0000][546.589s] GC(143)   Pre Evacuate Collection Set: 0.0ms
[2022-04-27T05:14:23.726+0000][546.590s] GC(143)   Evacuate Collection Set: 3.3ms
[2022-04-27T05:14:23.727+0000][546.590s] GC(143)   Post Evacuate Collection Set: 2.2ms
[2022-04-27T05:14:23.727+0000][546.591s] GC(143)   Other: 0.9ms
[2022-04-27T05:14:23.727+0000][546.591s] GC(143) Eden regions: 287->0(292)
[2022-04-27T05:14:23.728+0000][546.591s] GC(143) Survivor regions: 20->15(39)
[2022-04-27T05:14:23.728+0000][546.592s] GC(143) Old regions: 45->45
[2022-04-27T05:14:23.729+0000][546.592s] GC(143) Humongous regions: 7->7
[2022-04-27T05:14:23.729+0000][546.593s] GC(143) Metaspace: 56824K->56824K(1101824K)
[2022-04-27T05:14:23.729+0000][546.593s] GC(143) Pause Young (Normal) (G1 Evacuation Pause) 357M->65M(512M) 9.955ms
[2022-04-27T05:14:23.730+0000][546.593s] GC(143) User=0.04s Sys=0.00s Real=0.01s
[2022-04-27T05:14:26.128+0000][548.992s] GC(144) Pause Young (Normal) (G1 Evacuation Pause)
[2022-04-27T05:14:26.128+0000][548.992s] GC(144) Using 8 workers of 8 for evacuation
[2022-04-27T05:14:26.135+0000][548.999s] GC(144)   Pre Evacuate Collection Set: 0.0ms
[2022-04-27T05:14:26.136+0000][548.999s] GC(144)   Evacuate Collection Set: 3.1ms
[2022-04-27T05:14:26.136+0000][549.000s] GC(144)   Post Evacuate Collection Set: 3.4ms
[2022-04-27T05:14:26.136+0000][549.000s] GC(144)   Other: 0.5ms
[2022-04-27T05:14:26.137+0000][549.000s] GC(144) Eden regions: 292->0(289)
[2022-04-27T05:14:26.137+0000][549.001s] GC(144) Survivor regions: 15->18(39)
[2022-04-27T05:14:26.137+0000][549.001s] GC(144) Old regions: 45->45
[2022-04-27T05:14:26.138+0000][549.002s] GC(144) Humongous regions: 7->7
[2022-04-27T05:14:26.138+0000][549.002s] GC(144) Metaspace: 56824K->56824K(1101824K)
[2022-04-27T05:14:26.139+0000][549.002s] GC(144) Pause Young (Normal) (G1 Evacuation Pause) 357M->68M(512M) 10.757ms
[2022-04-27T05:14:26.139+0000][549.003s] GC(144) User=0.04s Sys=0.00s Real=0.01s
[2022-04-27T05:14:28.204+0000][551.068s] GC(145) Pause Young (Normal) (G1 Evacuation Pause)
[2022-04-27T05:14:28.204+0000][551.068s] GC(145) Using 8 workers of 8 for evacuation
[2022-04-27T05:14:28.210+0000][551.074s] GC(145)   Pre Evacuate Collection Set: 0.0ms
[2022-04-27T05:14:28.210+0000][551.074s] GC(145)   Evacuate Collection Set: 2.6ms
[2022-04-27T05:14:28.211+0000][551.074s] GC(145)   Post Evacuate Collection Set: 2.5ms
[2022-04-27T05:14:28.211+0000][551.075s] GC(145)   Other: 0.8ms
[2022-04-27T05:14:28.211+0000][551.075s] GC(145) Eden regions: 289->0(290)
[2022-04-27T05:14:28.212+0000][551.075s] GC(145) Survivor regions: 18->17(39)
[2022-04-27T05:14:28.212+0000][551.076s] GC(145) Old regions: 45->46
[2022-04-27T05:14:28.212+0000][551.076s] GC(145) Humongous regions: 7->7
[2022-04-27T05:14:28.212+0000][551.076s] GC(145) Metaspace: 56824K->56824K(1101824K)
[2022-04-27T05:14:28.213+0000][551.076s] GC(145) Pause Young (Normal) (G1 Evacuation Pause) 357M->67M(512M) 8.849ms
[2022-04-27T05:14:28.213+0000][551.077s] GC(145) User=0.03s Sys=0.02s Real=0.01s
[2022-04-27T05:14:30.645+0000][553.509s] GC(146) Pause Young (Normal) (G1 Evacuation Pause)
[2022-04-27T05:14:30.646+0000][553.510s] GC(146) Using 8 workers of 8 for evacuation
[2022-04-27T05:14:30.654+0000][553.517s] GC(146)   Pre Evacuate Collection Set: 0.0ms
[2022-04-27T05:14:30.654+0000][553.518s] GC(146)   Evacuate Collection Set: 4.0ms
[2022-04-27T05:14:30.655+0000][553.518s] GC(146)   Post Evacuate Collection Set: 3.2ms
[2022-04-27T05:14:30.655+0000][553.519s] GC(146)   Other: 1.1ms
[2022-04-27T05:14:30.655+0000][553.519s] GC(146) Eden regions: 290->0(288)
[2022-04-27T05:14:30.656+0000][553.519s] GC(146) Survivor regions: 17->19(39)
[2022-04-27T05:14:30.656+0000][553.520s] GC(146) Old regions: 46->46
[2022-04-27T05:14:30.657+0000][553.520s] GC(146) Humongous regions: 7->7
[2022-04-27T05:14:30.657+0000][553.521s] GC(146) Metaspace: 56824K->56824K(1101824K)
[2022-04-27T05:14:30.657+0000][553.521s] GC(146) Pause Young (Normal) (G1 Evacuation Pause) 357M->69M(512M) 11.750ms
[2022-04-27T05:14:30.658+0000][553.521s] GC(146) User=0.05s Sys=0.01s Real=0.01s
[2022-04-27T05:14:33.070+0000][555.934s] GC(147) Pause Young (Normal) (G1 Evacuation Pause)
[2022-04-27T05:14:33.071+0000][555.935s] GC(147) Using 8 workers of 8 for evacuation
[2022-04-27T05:14:33.078+0000][555.942s] GC(147)   Pre Evacuate Collection Set: 0.0ms
[2022-04-27T05:14:33.079+0000][555.942s] GC(147)   Evacuate Collection Set: 3.9ms
[2022-04-27T05:14:33.079+0000][555.943s] GC(147)   Post Evacuate Collection Set: 2.8ms
[2022-04-27T05:14:33.079+0000][555.943s] GC(147)   Other: 0.9ms
[2022-04-27T05:14:33.080+0000][555.943s] GC(147) Eden regions: 288->0(288)
[2022-04-27T05:14:33.080+0000][555.944s] GC(147) Survivor regions: 19->19(39)
[2022-04-27T05:14:33.080+0000][555.944s] GC(147) Old regions: 46->46
[2022-04-27T05:14:33.081+0000][555.944s] GC(147) Humongous regions: 7->7
[2022-04-27T05:14:33.081+0000][555.944s] GC(147) Metaspace: 56824K->56824K(1101824K)
[2022-04-27T05:14:33.081+0000][555.945s] GC(147) Pause Young (Normal) (G1 Evacuation Pause) 357M->69M(512M) 10.668ms
[2022-04-27T05:14:33.081+0000][555.945s] GC(147) User=0.04s Sys=0.00s Real=0.02s
[2022-04-27T05:14:35.381+0000][558.244s] GC(148) Pause Young (Normal) (G1 Evacuation Pause)
[2022-04-27T05:14:35.381+0000][558.245s] GC(148) Using 8 workers of 8 for evacuation
[2022-04-27T05:14:35.390+0000][558.254s] GC(148)   Pre Evacuate Collection Set: 0.0ms
[2022-04-27T05:14:35.391+0000][558.255s] GC(148)   Evacuate Collection Set: 5.5ms
[2022-04-27T05:14:35.391+0000][558.255s] GC(148)   Post Evacuate Collection Set: 3.2ms
[2022-04-27T05:14:35.392+0000][558.256s] GC(148)   Other: 1.0ms
[2022-04-27T05:14:35.392+0000][558.256s] GC(148) Eden regions: 288->0(288)
[2022-04-27T05:14:35.393+0000][558.256s] GC(148) Survivor regions: 19->19(39)
[2022-04-27T05:14:35.393+0000][558.257s] GC(148) Old regions: 46->46
[2022-04-27T05:14:35.393+0000][558.257s] GC(148) Humongous regions: 7->7
[2022-04-27T05:14:35.394+0000][558.257s] GC(148) Metaspace: 56824K->56824K(1101824K)
[2022-04-27T05:14:35.394+0000][558.258s] GC(148) Pause Young (Normal) (G1 Evacuation Pause) 357M->69M(512M) 13.242ms
[2022-04-27T05:14:35.394+0000][558.258s] GC(148) User=0.05s Sys=0.00s Real=0.02s
[2022-04-27T05:14:37.816+0000][560.680s] GC(149) Pause Young (Normal) (G1 Evacuation Pause)
[2022-04-27T05:14:37.817+0000][560.681s] GC(149) Using 8 workers of 8 for evacuation
[2022-04-27T05:14:37.825+0000][560.689s] GC(149)   Pre Evacuate Collection Set: 0.0ms
[2022-04-27T05:14:37.826+0000][560.689s] GC(149)   Evacuate Collection Set: 4.1ms
[2022-04-27T05:14:37.826+0000][560.690s] GC(149)   Post Evacuate Collection Set: 3.6ms
[2022-04-27T05:14:37.826+0000][560.690s] GC(149)   Other: 1.0ms
[2022-04-27T05:14:37.827+0000][560.691s] GC(149) Eden regions: 288->0(288)
[2022-04-27T05:14:37.827+0000][560.691s] GC(149) Survivor regions: 19->19(39)
[2022-04-27T05:14:37.828+0000][560.692s] GC(149) Old regions: 46->46
[2022-04-27T05:14:37.828+0000][560.692s] GC(149) Humongous regions: 7->7
[2022-04-27T05:14:37.829+0000][560.692s] GC(149) Metaspace: 56825K->56825K(1101824K)
[2022-04-27T05:14:37.829+0000][560.693s] GC(149) Pause Young (Normal) (G1 Evacuation Pause) 357M->69M(512M) 12.543ms
[2022-04-27T05:14:37.829+0000][560.693s] GC(149) User=0.05s Sys=0.00s Real=0.01s
[2022-04-27T05:14:40.284+0000][563.148s] GC(150) Pause Young (Normal) (G1 Evacuation Pause)
[2022-04-27T05:14:40.285+0000][563.148s] GC(150) Using 8 workers of 8 for evacuation
[2022-04-27T05:14:40.297+0000][563.161s] GC(150)   Pre Evacuate Collection Set: 0.0ms
[2022-04-27T05:14:40.297+0000][563.161s] GC(150)   Evacuate Collection Set: 3.5ms
[2022-04-27T05:14:40.298+0000][563.161s] GC(150)   Post Evacuate Collection Set: 8.6ms
[2022-04-27T05:14:40.298+0000][563.162s] GC(150)   Other: 0.6ms
[2022-04-27T05:14:40.298+0000][563.162s] GC(150) Eden regions: 288->0(292)
[2022-04-27T05:14:40.299+0000][563.162s] GC(150) Survivor regions: 19->15(39)
[2022-04-27T05:14:40.299+0000][563.162s] GC(150) Old regions: 46->46
[2022-04-27T05:14:40.299+0000][563.163s] GC(150) Humongous regions: 7->7
[2022-04-27T05:14:40.299+0000][563.163s] GC(150) Metaspace: 56825K->56825K(1101824K)
[2022-04-27T05:14:40.300+0000][563.163s] GC(150) Pause Young (Normal) (G1 Evacuation Pause) 357M->65M(512M) 15.225ms
[2022-04-27T05:14:40.300+0000][563.163s] GC(150) User=0.07s Sys=0.01s Real=0.01s
[2022-04-27T05:14:42.755+0000][565.618s] GC(151) Pause Young (Normal) (G1 Evacuation Pause)
[2022-04-27T05:14:42.755+0000][565.619s] GC(151) Using 8 workers of 8 for evacuation
[2022-04-27T05:14:42.762+0000][565.625s] GC(151)   Pre Evacuate Collection Set: 0.0ms
[2022-04-27T05:14:42.762+0000][565.626s] GC(151)   Evacuate Collection Set: 4.1ms
[2022-04-27T05:14:42.763+0000][565.626s] GC(151)   Post Evacuate Collection Set: 2.1ms
[2022-04-27T05:14:42.763+0000][565.627s] GC(151)   Other: 0.9ms
[2022-04-27T05:14:42.764+0000][565.627s] GC(151) Eden regions: 292->0(291)
[2022-04-27T05:14:42.764+0000][565.628s] GC(151) Survivor regions: 15->16(39)
[2022-04-27T05:14:42.764+0000][565.628s] GC(151) Old regions: 46->46
[2022-04-27T05:14:42.765+0000][565.628s] GC(151) Humongous regions: 7->7
[2022-04-27T05:14:42.765+0000][565.629s] GC(151) Metaspace: 56825K->56825K(1101824K)
[2022-04-27T05:14:42.766+0000][565.629s] GC(151) Pause Young (Normal) (G1 Evacuation Pause) 357M->66M(512M) 10.992ms
[2022-04-27T05:14:42.766+0000][565.630s] GC(151) User=0.04s Sys=0.00s Real=0.01s
[2022-04-27T05:14:44.818+0000][567.682s] GC(152) Pause Young (Normal) (G1 Evacuation Pause)
[2022-04-27T05:14:44.819+0000][567.682s] GC(152) Using 8 workers of 8 for evacuation
[2022-04-27T05:14:44.826+0000][567.689s] GC(152)   Pre Evacuate Collection Set: 0.0ms
[2022-04-27T05:14:44.826+0000][567.690s] GC(152)   Evacuate Collection Set: 3.8ms
[2022-04-27T05:14:44.827+0000][567.690s] GC(152)   Post Evacuate Collection Set: 2.9ms
[2022-04-27T05:14:44.827+0000][567.691s] GC(152)   Other: 0.8ms
[2022-04-27T05:14:44.827+0000][567.691s] GC(152) Eden regions: 291->0(288)
[2022-04-27T05:14:44.828+0000][567.691s] GC(152) Survivor regions: 16->19(39)
[2022-04-27T05:14:44.828+0000][567.692s] GC(152) Old regions: 46->46
[2022-04-27T05:14:44.828+0000][567.692s] GC(152) Humongous regions: 7->7
[2022-04-27T05:14:44.829+0000][567.692s] GC(152) Metaspace: 56825K->56825K(1101824K)
[2022-04-27T05:14:44.829+0000][567.693s] GC(152) Pause Young (Normal) (G1 Evacuation Pause) 357M->69M(512M) 10.829ms
[2022-04-27T05:14:44.829+0000][567.693s] GC(152) User=0.05s Sys=0.00s Real=0.01s
[2022-04-27T05:14:46.948+0000][569.811s] GC(153) Pause Young (Normal) (G1 Evacuation Pause)
[2022-04-27T05:14:46.948+0000][569.811s] GC(153) Using 8 workers of 8 for evacuation
[2022-04-27T05:14:46.954+0000][569.818s] GC(153)   Pre Evacuate Collection Set: 0.0ms
[2022-04-27T05:14:46.954+0000][569.818s] GC(153)   Evacuate Collection Set: 2.8ms
[2022-04-27T05:14:46.955+0000][569.818s] GC(153)   Post Evacuate Collection Set: 2.9ms
[2022-04-27T05:14:46.955+0000][569.819s] GC(153)   Other: 0.6ms
[2022-04-27T05:14:46.955+0000][569.819s] GC(153) Eden regions: 288->0(290)
[2022-04-27T05:14:46.956+0000][569.819s] GC(153) Survivor regions: 19->17(39)
[2022-04-27T05:14:46.956+0000][569.820s] GC(153) Old regions: 46->46
[2022-04-27T05:14:46.956+0000][569.820s] GC(153) Humongous regions: 7->7
[2022-04-27T05:14:46.957+0000][569.820s] GC(153) Metaspace: 56825K->56825K(1101824K)
[2022-04-27T05:14:46.957+0000][569.821s] GC(153) Pause Young (Normal) (G1 Evacuation Pause) 357M->67M(512M) 9.326ms
[2022-04-27T05:14:46.957+0000][569.821s] GC(153) User=0.05s Sys=0.00s Real=0.01s
[2022-04-27T05:14:49.450+0000][572.314s] GC(154) Pause Young (Normal) (G1 Evacuation Pause)
[2022-04-27T05:14:49.451+0000][572.314s] GC(154) Using 8 workers of 8 for evacuation
[2022-04-27T05:14:49.459+0000][572.322s] GC(154)   Pre Evacuate Collection Set: 0.0ms
[2022-04-27T05:14:49.459+0000][572.323s] GC(154)   Evacuate Collection Set: 4.0ms
[2022-04-27T05:14:49.460+0000][572.323s] GC(154)   Post Evacuate Collection Set: 3.3ms
[2022-04-27T05:14:49.460+0000][572.324s] GC(154)   Other: 1.1ms
[2022-04-27T05:14:49.460+0000][572.324s] GC(154) Eden regions: 290->0(288)
[2022-04-27T05:14:49.461+0000][572.324s] GC(154) Survivor regions: 17->19(39)
[2022-04-27T05:14:49.461+0000][572.325s] GC(154) Old regions: 46->46
[2022-04-27T05:14:49.461+0000][572.325s] GC(154) Humongous regions: 7->7
[2022-04-27T05:14:49.461+0000][572.325s] GC(154) Metaspace: 56825K->56825K(1101824K)
[2022-04-27T05:14:49.462+0000][572.325s] GC(154) Pause Young (Normal) (G1 Evacuation Pause) 357M->69M(512M) 11.220ms
[2022-04-27T05:14:49.462+0000][572.326s] GC(154) User=0.04s Sys=0.00s Real=0.02s
[2022-04-27T05:14:51.798+0000][574.662s] GC(155) Pause Young (Normal) (G1 Evacuation Pause)
[2022-04-27T05:14:51.798+0000][574.662s] GC(155) Using 8 workers of 8 for evacuation
[2022-04-27T05:14:51.823+0000][574.686s] GC(155)   Pre Evacuate Collection Set: 0.0ms
[2022-04-27T05:14:51.823+0000][574.687s] GC(155)   Evacuate Collection Set: 10.0ms
[2022-04-27T05:14:51.823+0000][574.687s] GC(155)   Post Evacuate Collection Set: 13.6ms
[2022-04-27T05:14:51.824+0000][574.687s] GC(155)   Other: 0.9ms
[2022-04-27T05:14:51.824+0000][574.687s] GC(155) Eden regions: 288->0(290)
[2022-04-27T05:14:51.824+0000][574.688s] GC(155) Survivor regions: 19->17(39)
[2022-04-27T05:14:51.824+0000][574.688s] GC(155) Old regions: 46->46
[2022-04-27T05:14:51.825+0000][574.688s] GC(155) Humongous regions: 7->7
[2022-04-27T05:14:51.825+0000][574.688s] GC(155) Metaspace: 56825K->56825K(1101824K)
[2022-04-27T05:14:51.825+0000][574.689s] GC(155) Pause Young (Normal) (G1 Evacuation Pause) 357M->67M(512M) 26.923ms
[2022-04-27T05:14:51.825+0000][574.689s] GC(155) User=0.17s Sys=0.00s Real=0.03s
[2022-04-27T05:14:54.392+0000][577.256s] GC(156) Pause Young (Normal) (G1 Evacuation Pause)
[2022-04-27T05:14:54.392+0000][577.256s] GC(156) Using 8 workers of 8 for evacuation
[2022-04-27T05:14:54.400+0000][577.263s] GC(156)   Pre Evacuate Collection Set: 0.0ms
[2022-04-27T05:14:54.400+0000][577.264s] GC(156)   Evacuate Collection Set: 5.0ms
[2022-04-27T05:14:54.400+0000][577.264s] GC(156)   Post Evacuate Collection Set: 2.0ms
[2022-04-27T05:14:54.401+0000][577.264s] GC(156)   Other: 0.6ms
[2022-04-27T05:14:54.401+0000][577.265s] GC(156) Eden regions: 290->0(289)
[2022-04-27T05:14:54.402+0000][577.265s] GC(156) Survivor regions: 17->18(39)
[2022-04-27T05:14:54.402+0000][577.266s] GC(156) Old regions: 46->46
[2022-04-27T05:14:54.402+0000][577.266s] GC(156) Humongous regions: 7->7
[2022-04-27T05:14:54.403+0000][577.266s] GC(156) Metaspace: 56825K->56825K(1101824K)
[2022-04-27T05:14:54.403+0000][577.267s] GC(156) Pause Young (Normal) (G1 Evacuation Pause) 357M->69M(512M) 11.071ms
[2022-04-27T05:14:54.403+0000][577.267s] GC(156) User=0.04s Sys=0.01s Real=0.01s
[2022-04-27T05:14:56.488+0000][579.351s] GC(157) Pause Young (Normal) (G1 Evacuation Pause)
[2022-04-27T05:14:56.488+0000][579.352s] GC(157) Using 8 workers of 8 for evacuation
[2022-04-27T05:14:56.495+0000][579.359s] GC(157)   Pre Evacuate Collection Set: 0.0ms
[2022-04-27T05:14:56.496+0000][579.359s] GC(157)   Evacuate Collection Set: 3.8ms
[2022-04-27T05:14:56.496+0000][579.360s] GC(157)   Post Evacuate Collection Set: 3.1ms
[2022-04-27T05:14:56.497+0000][579.360s] GC(157)   Other: 0.8ms
[2022-04-27T05:14:56.497+0000][579.361s] GC(157) Eden regions: 289->0(288)
[2022-04-27T05:14:56.497+0000][579.361s] GC(157) Survivor regions: 18->19(39)
[2022-04-27T05:14:56.498+0000][579.361s] GC(157) Old regions: 46->46
[2022-04-27T05:14:56.498+0000][579.362s] GC(157) Humongous regions: 7->7
[2022-04-27T05:14:56.498+0000][579.362s] GC(157) Metaspace: 56825K->56825K(1101824K)
[2022-04-27T05:14:56.499+0000][579.362s] GC(157) Pause Young (Normal) (G1 Evacuation Pause) 358M->69M(512M) 10.910ms
[2022-04-27T05:14:56.499+0000][579.363s] GC(157) User=0.04s Sys=0.00s Real=0.01s
[2022-04-27T05:14:58.477+0000][581.341s] GC(158) Pause Young (Normal) (G1 Evacuation Pause)
[2022-04-27T05:14:58.477+0000][581.341s] GC(158) Using 8 workers of 8 for evacuation
[2022-04-27T05:14:58.485+0000][581.348s] GC(158)   Pre Evacuate Collection Set: 0.0ms
[2022-04-27T05:14:58.485+0000][581.349s] GC(158)   Evacuate Collection Set: 3.8ms
[2022-04-27T05:14:58.486+0000][581.349s] GC(158)   Post Evacuate Collection Set: 3.2ms
[2022-04-27T05:14:58.486+0000][581.350s] GC(158)   Other: 0.9ms
[2022-04-27T05:14:58.487+0000][581.350s] GC(158) Eden regions: 288->0(288)
[2022-04-27T05:14:58.487+0000][581.351s] GC(158) Survivor regions: 19->19(39)
[2022-04-27T05:14:58.487+0000][581.351s] GC(158) Old regions: 46->46
[2022-04-27T05:14:58.488+0000][581.351s] GC(158) Humongous regions: 7->7
[2022-04-27T05:14:58.488+0000][581.352s] GC(158) Metaspace: 56825K->56825K(1101824K)
[2022-04-27T05:14:58.488+0000][581.352s] GC(158) Pause Young (Normal) (G1 Evacuation Pause) 357M->70M(512M) 11.416ms
[2022-04-27T05:14:58.489+0000][581.352s] GC(158) User=0.05s Sys=0.00s Real=0.01s
[2022-04-27T05:15:00.727+0000][583.591s] GC(159) Pause Young (Normal) (G1 Evacuation Pause)
[2022-04-27T05:15:00.727+0000][583.591s] GC(159) Using 8 workers of 8 for evacuation
[2022-04-27T05:15:00.736+0000][583.599s] GC(159)   Pre Evacuate Collection Set: 0.0ms
[2022-04-27T05:15:00.736+0000][583.600s] GC(159)   Evacuate Collection Set: 4.6ms
[2022-04-27T05:15:00.736+0000][583.600s] GC(159)   Post Evacuate Collection Set: 3.0ms
[2022-04-27T05:15:00.737+0000][583.600s] GC(159)   Other: 1.0ms
[2022-04-27T05:15:00.737+0000][583.601s] GC(159) Eden regions: 288->0(287)
[2022-04-27T05:15:00.737+0000][583.601s] GC(159) Survivor regions: 19->20(39)
[2022-04-27T05:15:00.738+0000][583.601s] GC(159) Old regions: 46->46
[2022-04-27T05:15:00.738+0000][583.602s] GC(159) Humongous regions: 7->7
[2022-04-27T05:15:00.738+0000][583.602s] GC(159) Metaspace: 56825K->56825K(1101824K)
[2022-04-27T05:15:00.738+0000][583.602s] GC(159) Pause Young (Normal) (G1 Evacuation Pause) 358M->71M(512M) 11.407ms
[2022-04-27T05:15:00.738+0000][583.602s] GC(159) User=0.05s Sys=0.00s Real=0.01s
[2022-04-27T05:15:03.031+0000][585.894s] GC(160) Pause Young (Normal) (G1 Evacuation Pause)
[2022-04-27T05:15:03.031+0000][585.895s] GC(160) Using 8 workers of 8 for evacuation
[2022-04-27T05:15:03.039+0000][585.902s] GC(160)   Pre Evacuate Collection Set: 0.0ms
[2022-04-27T05:15:03.039+0000][585.903s] GC(160)   Evacuate Collection Set: 3.7ms
[2022-04-27T05:15:03.040+0000][585.903s] GC(160)   Post Evacuate Collection Set: 3.4ms
[2022-04-27T05:15:03.040+0000][585.904s] GC(160)   Other: 1.0ms
[2022-04-27T05:15:03.040+0000][585.904s] GC(160) Eden regions: 287->0(289)
[2022-04-27T05:15:03.041+0000][585.904s] GC(160) Survivor regions: 20->18(39)
[2022-04-27T05:15:03.041+0000][585.904s] GC(160) Old regions: 46->46
[2022-04-27T05:15:03.041+0000][585.905s] GC(160) Humongous regions: 7->7
[2022-04-27T05:15:03.042+0000][585.905s] GC(160) Metaspace: 56825K->56825K(1101824K)
[2022-04-27T05:15:03.042+0000][585.906s] GC(160) Pause Young (Normal) (G1 Evacuation Pause) 358M->69M(512M) 11.390ms
[2022-04-27T05:15:03.042+0000][585.906s] GC(160) User=0.05s Sys=0.00s Real=0.02s
[2022-04-27T05:15:04.988+0000][587.852s] GC(161) Pause Young (Normal) (G1 Evacuation Pause)
[2022-04-27T05:15:04.988+0000][587.852s] GC(161) Using 8 workers of 8 for evacuation
[2022-04-27T05:15:04.995+0000][587.858s] GC(161)   Pre Evacuate Collection Set: 0.0ms
[2022-04-27T05:15:04.995+0000][587.859s] GC(161)   Evacuate Collection Set: 3.6ms
[2022-04-27T05:15:04.995+0000][587.859s] GC(161)   Post Evacuate Collection Set: 2.3ms
[2022-04-27T05:15:04.996+0000][587.859s] GC(161)   Other: 0.9ms
[2022-04-27T05:15:04.996+0000][587.860s] GC(161) Eden regions: 289->0(293)
[2022-04-27T05:15:04.996+0000][587.860s] GC(161) Survivor regions: 18->14(39)
[2022-04-27T05:15:04.997+0000][587.861s] GC(161) Old regions: 46->46
[2022-04-27T05:15:04.997+0000][587.861s] GC(161) Humongous regions: 7->7
[2022-04-27T05:15:04.998+0000][587.861s] GC(161) Metaspace: 56825K->56825K(1101824K)
[2022-04-27T05:15:04.998+0000][587.861s] GC(161) Pause Young (Normal) (G1 Evacuation Pause) 358M->65M(512M) 9.931ms
[2022-04-27T05:15:04.998+0000][587.862s] GC(161) User=0.04s Sys=0.00s Real=0.01s
[2022-04-27T05:15:06.979+0000][589.843s] GC(162) Pause Young (Normal) (G1 Evacuation Pause)
[2022-04-27T05:15:06.979+0000][589.843s] GC(162) Using 8 workers of 8 for evacuation
[2022-04-27T05:15:06.991+0000][589.854s] GC(162)   Pre Evacuate Collection Set: 0.0ms
[2022-04-27T05:15:06.991+0000][589.855s] GC(162)   Evacuate Collection Set: 3.2ms
[2022-04-27T05:15:06.991+0000][589.855s] GC(162)   Post Evacuate Collection Set: 7.9ms
[2022-04-27T05:15:06.992+0000][589.855s] GC(162)   Other: 0.6ms
[2022-04-27T05:15:06.992+0000][589.855s] GC(162) Eden regions: 293->0(289)
[2022-04-27T05:15:06.992+0000][589.856s] GC(162) Survivor regions: 14->18(39)
[2022-04-27T05:15:06.992+0000][589.856s] GC(162) Old regions: 46->46
[2022-04-27T05:15:06.992+0000][589.856s] GC(162) Humongous regions: 7->7
[2022-04-27T05:15:06.993+0000][589.856s] GC(162) Metaspace: 56825K->56825K(1101824K)
[2022-04-27T05:15:06.993+0000][589.857s] GC(162) Pause Young (Normal) (G1 Evacuation Pause) 358M->69M(512M) 13.963ms
[2022-04-27T05:15:06.993+0000][589.857s] GC(162) User=0.08s Sys=0.00s Real=0.02s
[2022-04-27T05:15:09.221+0000][592.085s] GC(163) Pause Young (Normal) (G1 Evacuation Pause)
[2022-04-27T05:15:09.221+0000][592.085s] GC(163) Using 8 workers of 8 for evacuation
[2022-04-27T05:15:09.230+0000][592.094s] GC(163)   Pre Evacuate Collection Set: 0.1ms
[2022-04-27T05:15:09.231+0000][592.095s] GC(163)   Evacuate Collection Set: 4.1ms
[2022-04-27T05:15:09.231+0000][592.095s] GC(163)   Post Evacuate Collection Set: 4.5ms
[2022-04-27T05:15:09.232+0000][592.095s] GC(163)   Other: 0.9ms
[2022-04-27T05:15:09.232+0000][592.095s] GC(163) Eden regions: 289->0(288)
[2022-04-27T05:15:09.232+0000][592.096s] GC(163) Survivor regions: 18->19(39)
[2022-04-27T05:15:09.232+0000][592.096s] GC(163) Old regions: 46->46
[2022-04-27T05:15:09.233+0000][592.096s] GC(163) Humongous regions: 7->7
[2022-04-27T05:15:09.233+0000][592.097s] GC(163) Metaspace: 56825K->56825K(1101824K)
[2022-04-27T05:15:09.233+0000][592.097s] GC(163) Pause Young (Normal) (G1 Evacuation Pause) 358M->70M(512M) 12.591ms
[2022-04-27T05:15:09.234+0000][592.097s] GC(163) User=0.05s Sys=0.00s Real=0.01s
[2022-04-27T05:15:11.467+0000][594.331s] GC(164) Pause Young (Normal) (G1 Evacuation Pause)
[2022-04-27T05:15:11.468+0000][594.331s] GC(164) Using 8 workers of 8 for evacuation
[2022-04-27T05:15:11.474+0000][594.338s] GC(164)   Pre Evacuate Collection Set: 0.0ms
[2022-04-27T05:15:11.475+0000][594.338s] GC(164)   Evacuate Collection Set: 2.5ms
[2022-04-27T05:15:11.475+0000][594.339s] GC(164)   Post Evacuate Collection Set: 3.4ms
[2022-04-27T05:15:11.475+0000][594.339s] GC(164)   Other: 0.6ms
[2022-04-27T05:15:11.476+0000][594.339s] GC(164) Eden regions: 288->0(291)
[2022-04-27T05:15:11.476+0000][594.340s] GC(164) Survivor regions: 19->16(39)
[2022-04-27T05:15:11.477+0000][594.340s] GC(164) Old regions: 46->46
[2022-04-27T05:15:11.477+0000][594.341s] GC(164) Humongous regions: 7->7
[2022-04-27T05:15:11.477+0000][594.341s] GC(164) Metaspace: 56827K->56827K(1101824K)
[2022-04-27T05:15:11.477+0000][594.341s] GC(164) Pause Young (Normal) (G1 Evacuation Pause) 358M->66M(512M) 10.086ms
[2022-04-27T05:15:11.478+0000][594.341s] GC(164) User=0.02s Sys=0.02s Real=0.01s
[2022-04-27T05:15:13.199+0000][596.063s] GC(165) Pause Young (Normal) (G1 Evacuation Pause)
[2022-04-27T05:15:13.200+0000][596.064s] GC(165) Using 8 workers of 8 for evacuation
[2022-04-27T05:15:13.206+0000][596.069s] GC(165)   Pre Evacuate Collection Set: 0.0ms
[2022-04-27T05:15:13.206+0000][596.070s] GC(165)   Evacuate Collection Set: 3.4ms
[2022-04-27T05:15:13.207+0000][596.070s] GC(165)   Post Evacuate Collection Set: 2.0ms
[2022-04-27T05:15:13.207+0000][596.071s] GC(165)   Other: 0.9ms
[2022-04-27T05:15:13.207+0000][596.071s] GC(165) Eden regions: 291->0(293)
[2022-04-27T05:15:13.208+0000][596.071s] GC(165) Survivor regions: 16->14(39)
[2022-04-27T05:15:13.208+0000][596.072s] GC(165) Old regions: 46->46
[2022-04-27T05:15:13.208+0000][596.072s] GC(165) Humongous regions: 7->7
[2022-04-27T05:15:13.209+0000][596.072s] GC(165) Metaspace: 56829K->56829K(1101824K)
[2022-04-27T05:15:13.209+0000][596.073s] GC(165) Pause Young (Normal) (G1 Evacuation Pause) 357M->65M(512M) 9.479ms
[2022-04-27T05:15:13.209+0000][596.073s] GC(165) User=0.04s Sys=0.00s Real=0.01s
[2022-04-27T05:15:15.568+0000][598.432s] GC(166) Pause Young (Normal) (G1 Evacuation Pause)
[2022-04-27T05:15:15.568+0000][598.432s] GC(166) Using 8 workers of 8 for evacuation
[2022-04-27T05:15:15.575+0000][598.438s] GC(166)   Pre Evacuate Collection Set: 0.0ms
[2022-04-27T05:15:15.575+0000][598.439s] GC(166)   Evacuate Collection Set: 2.6ms
[2022-04-27T05:15:15.575+0000][598.439s] GC(166)   Post Evacuate Collection Set: 3.2ms
[2022-04-27T05:15:15.576+0000][598.439s] GC(166)   Other: 0.7ms
[2022-04-27T05:15:15.576+0000][598.440s] GC(166) Eden regions: 293->0(289)
[2022-04-27T05:15:15.576+0000][598.440s] GC(166) Survivor regions: 14->18(39)
[2022-04-27T05:15:15.577+0000][598.440s] GC(166) Old regions: 46->46
[2022-04-27T05:15:15.577+0000][598.441s] GC(166) Humongous regions: 7->7
[2022-04-27T05:15:15.577+0000][598.441s] GC(166) Metaspace: 56829K->56829K(1101824K)
[2022-04-27T05:15:15.578+0000][598.441s] GC(166) Pause Young (Normal) (G1 Evacuation Pause) 358M->69M(512M) 9.688ms
[2022-04-27T05:15:15.578+0000][598.442s] GC(166) User=0.05s Sys=0.00s Real=0.01s
[2022-04-27T05:15:17.868+0000][600.732s] GC(167) Pause Young (Normal) (G1 Evacuation Pause)
[2022-04-27T05:15:17.869+0000][600.732s] GC(167) Using 8 workers of 8 for evacuation
[2022-04-27T05:15:17.876+0000][600.740s] GC(167)   Pre Evacuate Collection Set: 0.0ms
[2022-04-27T05:15:17.877+0000][600.740s] GC(167)   Evacuate Collection Set: 3.9ms
[2022-04-27T05:15:17.877+0000][600.741s] GC(167)   Post Evacuate Collection Set: 3.3ms
[2022-04-27T05:15:17.878+0000][600.741s] GC(167)   Other: 0.7ms
[2022-04-27T05:15:17.878+0000][600.742s] GC(167) Eden regions: 289->0(288)
[2022-04-27T05:15:17.878+0000][600.742s] GC(167) Survivor regions: 18->19(39)
[2022-04-27T05:15:17.879+0000][600.742s] GC(167) Old regions: 46->46
[2022-04-27T05:15:17.879+0000][600.743s] GC(167) Humongous regions: 7->7
[2022-04-27T05:15:17.879+0000][600.743s] GC(167) Metaspace: 56829K->56829K(1101824K)
[2022-04-27T05:15:17.880+0000][600.743s] GC(167) Pause Young (Normal) (G1 Evacuation Pause) 358M->70M(512M) 11.394ms
[2022-04-27T05:15:17.880+0000][600.744s] GC(167) User=0.06s Sys=0.00s Real=0.01s
[2022-04-27T05:15:20.063+0000][602.927s] GC(168) Pause Young (Normal) (G1 Evacuation Pause)
[2022-04-27T05:15:20.063+0000][602.927s] GC(168) Using 8 workers of 8 for evacuation
[2022-04-27T05:15:20.071+0000][602.934s] GC(168)   Pre Evacuate Collection Set: 0.0ms
[2022-04-27T05:15:20.071+0000][602.935s] GC(168)   Evacuate Collection Set: 3.8ms
[2022-04-27T05:15:20.071+0000][602.935s] GC(168)   Post Evacuate Collection Set: 2.9ms
[2022-04-27T05:15:20.072+0000][602.935s] GC(168)   Other: 0.8ms
[2022-04-27T05:15:20.072+0000][602.936s] GC(168) Eden regions: 288->0(291)
[2022-04-27T05:15:20.072+0000][602.936s] GC(168) Survivor regions: 19->16(39)
[2022-04-27T05:15:20.073+0000][602.936s] GC(168) Old regions: 46->46
[2022-04-27T05:15:20.073+0000][602.937s] GC(168) Humongous regions: 7->7
[2022-04-27T05:15:20.073+0000][602.937s] GC(168) Metaspace: 56829K->56829K(1101824K)
[2022-04-27T05:15:20.074+0000][602.937s] GC(168) Pause Young (Normal) (G1 Evacuation Pause) 358M->67M(512M) 10.553ms
[2022-04-27T05:15:20.074+0000][602.938s] GC(168) User=0.04s Sys=0.01s Real=0.01s
[2022-04-27T05:15:22.170+0000][605.034s] GC(169) Pause Young (Normal) (G1 Evacuation Pause)
[2022-04-27T05:15:22.171+0000][605.034s] GC(169) Using 8 workers of 8 for evacuation
[2022-04-27T05:15:22.186+0000][605.050s] GC(169)   Pre Evacuate Collection Set: 0.0ms
[2022-04-27T05:15:22.187+0000][605.050s] GC(169)   Evacuate Collection Set: 9.5ms
[2022-04-27T05:15:22.187+0000][605.051s] GC(169)   Post Evacuate Collection Set: 6.0ms
[2022-04-27T05:15:22.187+0000][605.051s] GC(169)   Other: 0.7ms
[2022-04-27T05:15:22.187+0000][605.051s] GC(169) Eden regions: 291->0(289)
[2022-04-27T05:15:22.188+0000][605.051s] GC(169) Survivor regions: 16->18(39)
[2022-04-27T05:15:22.188+0000][605.052s] GC(169) Old regions: 46->47
[2022-04-27T05:15:22.188+0000][605.052s] GC(169) Humongous regions: 7->7
[2022-04-27T05:15:22.188+0000][605.052s] GC(169) Metaspace: 56830K->56830K(1101824K)
[2022-04-27T05:15:22.189+0000][605.052s] GC(169) Pause Young (Normal) (G1 Evacuation Pause) 358M->69M(512M) 18.308ms
[2022-04-27T05:15:22.189+0000][605.052s] GC(169) User=0.10s Sys=0.02s Real=0.02s
[2022-04-27T05:15:24.446+0000][607.310s] GC(170) Pause Young (Normal) (G1 Evacuation Pause)
[2022-04-27T05:15:24.447+0000][607.310s] GC(170) Using 8 workers of 8 for evacuation
[2022-04-27T05:15:24.456+0000][607.320s] GC(170)   Pre Evacuate Collection Set: 0.0ms
[2022-04-27T05:15:24.457+0000][607.321s] GC(170)   Evacuate Collection Set: 4.0ms
[2022-04-27T05:15:24.457+0000][607.321s] GC(170)   Post Evacuate Collection Set: 5.4ms
[2022-04-27T05:15:24.458+0000][607.321s] GC(170)   Other: 0.9ms
[2022-04-27T05:15:24.458+0000][607.322s] GC(170) Eden regions: 289->0(287)
[2022-04-27T05:15:24.458+0000][607.322s] GC(170) Survivor regions: 18->20(39)
[2022-04-27T05:15:24.459+0000][607.322s] GC(170) Old regions: 47->47
[2022-04-27T05:15:24.459+0000][607.322s] GC(170) Humongous regions: 7->7
[2022-04-27T05:15:24.459+0000][607.323s] GC(170) Metaspace: 56830K->56830K(1101824K)
[2022-04-27T05:15:24.459+0000][607.323s] GC(170) Pause Young (Normal) (G1 Evacuation Pause) 358M->71M(512M) 13.242ms
[2022-04-27T05:15:24.460+0000][607.323s] GC(170) User=0.07s Sys=0.00s Real=0.01s
[2022-04-27T05:15:26.662+0000][609.526s] GC(171) Pause Young (Normal) (G1 Evacuation Pause)
[2022-04-27T05:15:26.663+0000][609.526s] GC(171) Using 8 workers of 8 for evacuation
[2022-04-27T05:15:26.674+0000][609.538s] GC(171)   Pre Evacuate Collection Set: 0.0ms
[2022-04-27T05:15:26.674+0000][609.538s] GC(171)   Evacuate Collection Set: 3.4ms
[2022-04-27T05:15:26.675+0000][609.538s] GC(171)   Post Evacuate Collection Set: 7.2ms
[2022-04-27T05:15:26.675+0000][609.539s] GC(171)   Other: 1.0ms
[2022-04-27T05:15:26.676+0000][609.539s] GC(171) Eden regions: 287->0(289)
[2022-04-27T05:15:26.676+0000][609.540s] GC(171) Survivor regions: 20->18(39)
[2022-04-27T05:15:26.676+0000][609.540s] GC(171) Old regions: 47->47
[2022-04-27T05:15:26.677+0000][609.540s] GC(171) Humongous regions: 7->7
[2022-04-27T05:15:26.677+0000][609.541s] GC(171) Metaspace: 56830K->56830K(1101824K)
[2022-04-27T05:15:26.677+0000][609.541s] GC(171) Pause Young (Normal) (G1 Evacuation Pause) 358M->69M(512M) 15.087ms
[2022-04-27T05:15:26.678+0000][609.541s] GC(171) User=0.08s Sys=0.00s Real=0.01s
[2022-04-27T05:15:28.485+0000][611.348s] GC(172) Pause Young (Normal) (G1 Evacuation Pause)
[2022-04-27T05:15:28.485+0000][611.349s] GC(172) Using 8 workers of 8 for evacuation
[2022-04-27T05:15:28.492+0000][611.356s] GC(172)   Pre Evacuate Collection Set: 0.0ms
[2022-04-27T05:15:28.493+0000][611.356s] GC(172)   Evacuate Collection Set: 4.1ms
[2022-04-27T05:15:28.493+0000][611.357s] GC(172)   Post Evacuate Collection Set: 2.6ms
[2022-04-27T05:15:28.493+0000][611.357s] GC(172)   Other: 0.8ms
[2022-04-27T05:15:28.494+0000][611.357s] GC(172) Eden regions: 289->0(290)
[2022-04-27T05:15:28.494+0000][611.358s] GC(172) Survivor regions: 18->17(39)
[2022-04-27T05:15:28.494+0000][611.358s] GC(172) Old regions: 47->47
[2022-04-27T05:15:28.495+0000][611.358s] GC(172) Humongous regions: 7->7
[2022-04-27T05:15:28.495+0000][611.359s] GC(172) Metaspace: 56830K->56830K(1101824K)
[2022-04-27T05:15:28.495+0000][611.359s] GC(172) Pause Young (Normal) (G1 Evacuation Pause) 358M->68M(512M) 10.785ms
[2022-04-27T05:15:28.496+0000][611.359s] GC(172) User=0.05s Sys=0.00s Real=0.01s
[2022-04-27T05:15:30.780+0000][613.643s] GC(173) Pause Young (Normal) (G1 Evacuation Pause)
[2022-04-27T05:15:30.780+0000][613.644s] GC(173) Using 8 workers of 8 for evacuation
[2022-04-27T05:15:30.789+0000][613.653s] GC(173)   Pre Evacuate Collection Set: 0.0ms
[2022-04-27T05:15:30.790+0000][613.653s] GC(173)   Evacuate Collection Set: 5.5ms
[2022-04-27T05:15:30.790+0000][613.654s] GC(173)   Post Evacuate Collection Set: 3.1ms
[2022-04-27T05:15:30.790+0000][613.654s] GC(173)   Other: 0.8ms
[2022-04-27T05:15:30.791+0000][613.654s] GC(173) Eden regions: 290->0(288)
[2022-04-27T05:15:30.791+0000][613.655s] GC(173) Survivor regions: 17->19(39)
[2022-04-27T05:15:30.791+0000][613.655s] GC(173) Old regions: 47->47
[2022-04-27T05:15:30.792+0000][613.655s] GC(173) Humongous regions: 7->7
[2022-04-27T05:15:30.792+0000][613.656s] GC(173) Metaspace: 56837K->56837K(1101824K)
[2022-04-27T05:15:30.792+0000][613.656s] GC(173) Pause Young (Normal) (G1 Evacuation Pause) 358M->70M(512M) 12.653ms
[2022-04-27T05:15:30.793+0000][613.656s] GC(173) User=0.06s Sys=0.00s Real=0.02s
[2022-04-27T05:15:33.084+0000][615.947s] GC(174) Pause Young (Normal) (G1 Evacuation Pause)
[2022-04-27T05:15:33.084+0000][615.948s] GC(174) Using 8 workers of 8 for evacuation
[2022-04-27T05:15:33.096+0000][615.960s] GC(174)   Pre Evacuate Collection Set: 0.0ms
[2022-04-27T05:15:33.097+0000][615.960s] GC(174)   Evacuate Collection Set: 8.5ms
[2022-04-27T05:15:33.097+0000][615.961s] GC(174)   Post Evacuate Collection Set: 3.2ms
[2022-04-27T05:15:33.097+0000][615.961s] GC(174)   Other: 1.0ms
[2022-04-27T05:15:33.098+0000][615.961s] GC(174) Eden regions: 288->0(289)
[2022-04-27T05:15:33.098+0000][615.962s] GC(174) Survivor regions: 19->18(39)
[2022-04-27T05:15:33.098+0000][615.962s] GC(174) Old regions: 47->47
[2022-04-27T05:15:33.099+0000][615.962s] GC(174) Humongous regions: 7->7
[2022-04-27T05:15:33.099+0000][615.963s] GC(174) Metaspace: 56837K->56837K(1101824K)
[2022-04-27T05:15:33.099+0000][615.963s] GC(174) Pause Young (Normal) (G1 Evacuation Pause) 358M->69M(512M) 15.898ms
[2022-04-27T05:15:33.100+0000][615.963s] GC(174) User=0.08s Sys=0.00s Real=0.01s
[2022-04-27T05:15:35.025+0000][617.889s] GC(175) Pause Young (Normal) (G1 Evacuation Pause)
[2022-04-27T05:15:35.025+0000][617.889s] GC(175) Using 8 workers of 8 for evacuation
[2022-04-27T05:15:35.033+0000][617.897s] GC(175)   Pre Evacuate Collection Set: 0.0ms
[2022-04-27T05:15:35.034+0000][617.897s] GC(175)   Evacuate Collection Set: 3.9ms
[2022-04-27T05:15:35.034+0000][617.898s] GC(175)   Post Evacuate Collection Set: 3.7ms
[2022-04-27T05:15:35.034+0000][617.898s] GC(175)   Other: 0.8ms
[2022-04-27T05:15:35.034+0000][617.898s] GC(175) Eden regions: 289->0(286)
[2022-04-27T05:15:35.035+0000][617.898s] GC(175) Survivor regions: 18->21(39)
[2022-04-27T05:15:35.035+0000][617.899s] GC(175) Old regions: 47->47
[2022-04-27T05:15:35.035+0000][617.899s] GC(175) Humongous regions: 7->7
[2022-04-27T05:15:35.036+0000][617.899s] GC(175) Metaspace: 56837K->56837K(1101824K)
[2022-04-27T05:15:35.036+0000][617.900s] GC(175) Pause Young (Normal) (G1 Evacuation Pause) 358M->72M(512M) 11.040ms
[2022-04-27T05:15:35.036+0000][617.900s] GC(175) User=0.06s Sys=0.00s Real=0.01s
[2022-04-27T05:15:37.342+0000][620.206s] GC(176) Pause Young (Normal) (G1 Evacuation Pause)
[2022-04-27T05:15:37.342+0000][620.206s] GC(176) Using 8 workers of 8 for evacuation
[2022-04-27T05:15:37.350+0000][620.214s] GC(176)   Pre Evacuate Collection Set: 0.0ms
[2022-04-27T05:15:37.350+0000][620.214s] GC(176)   Evacuate Collection Set: 4.0ms
[2022-04-27T05:15:37.351+0000][620.215s] GC(176)   Post Evacuate Collection Set: 2.9ms
[2022-04-27T05:15:37.351+0000][620.215s] GC(176)   Other: 0.9ms
[2022-04-27T05:15:37.352+0000][620.215s] GC(176) Eden regions: 286->0(287)
[2022-04-27T05:15:37.352+0000][620.216s] GC(176) Survivor regions: 21->20(39)
[2022-04-27T05:15:37.352+0000][620.216s] GC(176) Old regions: 47->47
[2022-04-27T05:15:37.353+0000][620.216s] GC(176) Humongous regions: 7->7
[2022-04-27T05:15:37.353+0000][620.217s] GC(176) Metaspace: 56837K->56837K(1101824K)
[2022-04-27T05:15:37.353+0000][620.217s] GC(176) Pause Young (Normal) (G1 Evacuation Pause) 358M->71M(512M) 11.242ms
[2022-04-27T05:15:37.354+0000][620.217s] GC(176) User=0.04s Sys=0.00s Real=0.01s
[2022-04-27T05:15:39.938+0000][622.801s] GC(177) Pause Young (Normal) (G1 Evacuation Pause)
[2022-04-27T05:15:39.938+0000][622.802s] GC(177) Using 8 workers of 8 for evacuation
[2022-04-27T05:15:39.946+0000][622.809s] GC(177)   Pre Evacuate Collection Set: 0.0ms
[2022-04-27T05:15:39.946+0000][622.810s] GC(177)   Evacuate Collection Set: 4.0ms
[2022-04-27T05:15:39.946+0000][622.810s] GC(177)   Post Evacuate Collection Set: 3.1ms
[2022-04-27T05:15:39.947+0000][622.810s] GC(177)   Other: 0.9ms
[2022-04-27T05:15:39.947+0000][622.811s] GC(177) Eden regions: 287->0(288)
[2022-04-27T05:15:39.947+0000][622.811s] GC(177) Survivor regions: 20->19(39)
[2022-04-27T05:15:39.948+0000][622.811s] GC(177) Old regions: 47->47
[2022-04-27T05:15:39.948+0000][622.812s] GC(177) Humongous regions: 7->7
[2022-04-27T05:15:39.948+0000][622.812s] GC(177) Metaspace: 56839K->56839K(1101824K)
[2022-04-27T05:15:39.949+0000][622.812s] GC(177) Pause Young (Normal) (G1 Evacuation Pause) 358M->70M(512M) 10.900ms
[2022-04-27T05:15:39.949+0000][622.812s] GC(177) User=0.05s Sys=0.00s Real=0.01s
[2022-04-27T05:15:41.719+0000][624.583s] GC(178) Pause Young (Normal) (G1 Evacuation Pause)
[2022-04-27T05:15:41.720+0000][624.583s] GC(178) Using 8 workers of 8 for evacuation
[2022-04-27T05:15:41.730+0000][624.593s] GC(178)   Pre Evacuate Collection Set: 0.0ms
[2022-04-27T05:15:41.730+0000][624.594s] GC(178)   Evacuate Collection Set: 4.1ms
[2022-04-27T05:15:41.730+0000][624.594s] GC(178)   Post Evacuate Collection Set: 5.4ms
[2022-04-27T05:15:41.731+0000][624.594s] GC(178)   Other: 0.8ms
[2022-04-27T05:15:41.731+0000][624.595s] GC(178) Eden regions: 288->0(290)
[2022-04-27T05:15:41.731+0000][624.595s] GC(178) Survivor regions: 19->17(39)
[2022-04-27T05:15:41.732+0000][624.596s] GC(178) Old regions: 47->47
[2022-04-27T05:15:41.732+0000][624.596s] GC(178) Humongous regions: 7->7
[2022-04-27T05:15:41.733+0000][624.596s] GC(178) Metaspace: 56890K->56890K(1101824K)
[2022-04-27T05:15:41.733+0000][624.597s] GC(178) Pause Young (Normal) (G1 Evacuation Pause) 358M->68M(512M) 13.583ms
[2022-04-27T05:15:41.733+0000][624.597s] GC(178) User=0.06s Sys=0.00s Real=0.02s
[2022-04-27T05:15:43.961+0000][626.824s] GC(179) Pause Young (Normal) (G1 Evacuation Pause)
[2022-04-27T05:15:43.961+0000][626.825s] GC(179) Using 8 workers of 8 for evacuation
[2022-04-27T05:15:43.968+0000][626.832s] GC(179)   Pre Evacuate Collection Set: 0.0ms
[2022-04-27T05:15:43.969+0000][626.833s] GC(179)   Evacuate Collection Set: 4.1ms
[2022-04-27T05:15:43.969+0000][626.833s] GC(179)   Post Evacuate Collection Set: 3.0ms
[2022-04-27T05:15:43.970+0000][626.833s] GC(179)   Other: 0.8ms
[2022-04-27T05:15:43.970+0000][626.834s] GC(179) Eden regions: 290->0(286)
[2022-04-27T05:15:43.970+0000][626.834s] GC(179) Survivor regions: 17->21(39)
[2022-04-27T05:15:43.971+0000][626.834s] GC(179) Old regions: 47->47
[2022-04-27T05:15:43.971+0000][626.834s] GC(179) Humongous regions: 7->7
[2022-04-27T05:15:43.971+0000][626.835s] GC(179) Metaspace: 56900K->56900K(1101824K)
[2022-04-27T05:15:43.971+0000][626.835s] GC(179) Pause Young (Normal) (G1 Evacuation Pause) 358M->72M(512M) 10.905ms
[2022-04-27T05:15:43.972+0000][626.835s] GC(179) User=0.04s Sys=0.00s Real=0.02s
[2022-04-27T05:15:46.212+0000][629.075s] GC(180) Pause Young (Normal) (G1 Evacuation Pause)
[2022-04-27T05:15:46.212+0000][629.076s] GC(180) Using 8 workers of 8 for evacuation
[2022-04-27T05:15:46.219+0000][629.083s] GC(180)   Pre Evacuate Collection Set: 0.0ms
[2022-04-27T05:15:46.219+0000][629.083s] GC(180)   Evacuate Collection Set: 3.5ms
[2022-04-27T05:15:46.220+0000][629.083s] GC(180)   Post Evacuate Collection Set: 2.9ms
[2022-04-27T05:15:46.220+0000][629.084s] GC(180)   Other: 0.7ms
[2022-04-27T05:15:46.220+0000][629.084s] GC(180) Eden regions: 286->0(288)
[2022-04-27T05:15:46.221+0000][629.084s] GC(180) Survivor regions: 21->19(39)
[2022-04-27T05:15:46.221+0000][629.085s] GC(180) Old regions: 47->47
[2022-04-27T05:15:46.221+0000][629.085s] GC(180) Humongous regions: 7->7
[2022-04-27T05:15:46.222+0000][629.085s] GC(180) Metaspace: 56907K->56907K(1101824K)
[2022-04-27T05:15:46.222+0000][629.086s] GC(180) Pause Young (Normal) (G1 Evacuation Pause) 358M->70M(512M) 10.295ms
[2022-04-27T05:15:46.222+0000][629.086s] GC(180) User=0.05s Sys=0.00s Real=0.01s
[2022-04-27T05:15:47.965+0000][630.828s] GC(181) Pause Young (Normal) (G1 Evacuation Pause)
[2022-04-27T05:15:47.965+0000][630.828s] GC(181) Using 8 workers of 8 for evacuation
[2022-04-27T05:15:47.971+0000][630.835s] GC(181)   Pre Evacuate Collection Set: 0.0ms
[2022-04-27T05:15:47.971+0000][630.835s] GC(181)   Evacuate Collection Set: 3.8ms
[2022-04-27T05:15:47.972+0000][630.835s] GC(181)   Post Evacuate Collection Set: 2.0ms
[2022-04-27T05:15:47.972+0000][630.836s] GC(181)   Other: 0.7ms
[2022-04-27T05:15:47.972+0000][630.836s] GC(181) Eden regions: 288->0(290)
[2022-04-27T05:15:47.973+0000][630.836s] GC(181) Survivor regions: 19->17(39)
[2022-04-27T05:15:47.973+0000][630.837s] GC(181) Old regions: 47->47
[2022-04-27T05:15:47.973+0000][630.837s] GC(181) Humongous regions: 7->7
[2022-04-27T05:15:47.974+0000][630.837s] GC(181) Metaspace: 56910K->56910K(1101824K)
[2022-04-27T05:15:47.974+0000][630.838s] GC(181) Pause Young (Normal) (G1 Evacuation Pause) 358M->68M(512M) 9.552ms
[2022-04-27T05:15:47.974+0000][630.838s] GC(181) User=0.03s Sys=0.01s Real=0.01s
[2022-04-27T05:15:50.221+0000][633.085s] GC(182) Pause Young (Normal) (G1 Evacuation Pause)
[2022-04-27T05:15:50.222+0000][633.085s] GC(182) Using 8 workers of 8 for evacuation
[2022-04-27T05:15:50.229+0000][633.093s] GC(182)   Pre Evacuate Collection Set: 0.0ms
[2022-04-27T05:15:50.229+0000][633.093s] GC(182)   Evacuate Collection Set: 4.1ms
[2022-04-27T05:15:50.230+0000][633.093s] GC(182)   Post Evacuate Collection Set: 3.0ms
[2022-04-27T05:15:50.230+0000][633.094s] GC(182)   Other: 0.7ms
[2022-04-27T05:15:50.230+0000][633.094s] GC(182) Eden regions: 290->0(286)
[2022-04-27T05:15:50.231+0000][633.094s] GC(182) Survivor regions: 17->21(39)
[2022-04-27T05:15:50.231+0000][633.094s] GC(182) Old regions: 47->47
[2022-04-27T05:15:50.231+0000][633.095s] GC(182) Humongous regions: 7->7
[2022-04-27T05:15:50.231+0000][633.095s] GC(182) Metaspace: 57115K->57115K(1101824K)
[2022-04-27T05:15:50.232+0000][633.095s] GC(182) Pause Young (Normal) (G1 Evacuation Pause) 358M->72M(512M) 10.363ms
[2022-04-27T05:15:50.232+0000][633.096s] GC(182) User=0.05s Sys=0.00s Real=0.01s
[2022-04-27T05:15:52.199+0000][635.063s] GC(183) Pause Young (Normal) (G1 Evacuation Pause)
[2022-04-27T05:15:52.200+0000][635.063s] GC(183) Using 8 workers of 8 for evacuation
[2022-04-27T05:15:52.206+0000][635.069s] GC(183)   Pre Evacuate Collection Set: 0.0ms
[2022-04-27T05:15:52.206+0000][635.070s] GC(183)   Evacuate Collection Set: 3.5ms
[2022-04-27T05:15:52.206+0000][635.070s] GC(183)   Post Evacuate Collection Set: 2.2ms
[2022-04-27T05:15:52.207+0000][635.070s] GC(183)   Other: 0.7ms
[2022-04-27T05:15:52.207+0000][635.071s] GC(183) Eden regions: 286->0(290)
[2022-04-27T05:15:52.207+0000][635.071s] GC(183) Survivor regions: 21->17(39)
[2022-04-27T05:15:52.208+0000][635.072s] GC(183) Old regions: 47->47
[2022-04-27T05:15:52.208+0000][635.072s] GC(183) Humongous regions: 7->7
[2022-04-27T05:15:52.209+0000][635.072s] GC(183) Metaspace: 57115K->57115K(1101824K)
[2022-04-27T05:15:52.209+0000][635.073s] GC(183) Pause Young (Normal) (G1 Evacuation Pause) 358M->68M(512M) 9.698ms
[2022-04-27T05:15:52.209+0000][635.073s] GC(183) User=0.03s Sys=0.01s Real=0.01s
[2022-04-27T05:15:54.290+0000][637.154s] GC(184) Pause Young (Normal) (G1 Evacuation Pause)
[2022-04-27T05:15:54.291+0000][637.154s] GC(184) Using 8 workers of 8 for evacuation
[2022-04-27T05:15:54.308+0000][637.172s] GC(184)   Pre Evacuate Collection Set: 0.0ms
[2022-04-27T05:15:54.309+0000][637.173s] GC(184)   Evacuate Collection Set: 5.0ms
[2022-04-27T05:15:54.309+0000][637.173s] GC(184)   Post Evacuate Collection Set: 12.1ms
[2022-04-27T05:15:54.309+0000][637.173s] GC(184)   Other: 0.8ms
[2022-04-27T05:15:54.310+0000][637.173s] GC(184) Eden regions: 290->0(286)
[2022-04-27T05:15:54.310+0000][637.173s] GC(184) Survivor regions: 17->21(39)
[2022-04-27T05:15:54.310+0000][637.174s] GC(184) Old regions: 47->47
[2022-04-27T05:15:54.310+0000][637.174s] GC(184) Humongous regions: 7->7
[2022-04-27T05:15:54.310+0000][637.174s] GC(184) Metaspace: 57115K->57115K(1101824K)
[2022-04-27T05:15:54.311+0000][637.174s] GC(184) Pause Young (Normal) (G1 Evacuation Pause) 358M->73M(512M) 20.181ms
[2022-04-27T05:15:54.311+0000][637.175s] GC(184) User=0.12s Sys=0.00s Real=0.03s
[2022-04-27T05:15:56.754+0000][639.618s] GC(185) Pause Young (Normal) (G1 Evacuation Pause)
[2022-04-27T05:15:56.754+0000][639.618s] GC(185) Using 8 workers of 8 for evacuation
[2022-04-27T05:15:56.768+0000][639.632s] GC(185)   Pre Evacuate Collection Set: 0.0ms
[2022-04-27T05:15:56.769+0000][639.632s] GC(185)   Evacuate Collection Set: 8.2ms
[2022-04-27T05:15:56.769+0000][639.633s] GC(185)   Post Evacuate Collection Set: 5.3ms
[2022-04-27T05:15:56.770+0000][639.633s] GC(185)   Other: 0.8ms
[2022-04-27T05:15:56.770+0000][639.634s] GC(185) Eden regions: 286->0(290)
[2022-04-27T05:15:56.770+0000][639.634s] GC(185) Survivor regions: 21->17(39)
[2022-04-27T05:15:56.771+0000][639.634s] GC(185) Old regions: 47->47
[2022-04-27T05:15:56.771+0000][639.635s] GC(185) Humongous regions: 7->7
[2022-04-27T05:15:56.771+0000][639.635s] GC(185) Metaspace: 57115K->57115K(1101824K)
[2022-04-27T05:15:56.772+0000][639.635s] GC(185) Pause Young (Normal) (G1 Evacuation Pause) 359M->69M(512M) 17.724ms
[2022-04-27T05:15:56.772+0000][639.635s] GC(185) User=0.10s Sys=0.01s Real=0.02s
[2022-04-27T05:15:58.566+0000][641.430s] GC(186) Pause Young (Normal) (G1 Evacuation Pause)
[2022-04-27T05:15:58.566+0000][641.430s] GC(186) Using 8 workers of 8 for evacuation
[2022-04-27T05:15:58.579+0000][641.443s] GC(186)   Pre Evacuate Collection Set: 0.0ms
[2022-04-27T05:15:58.579+0000][641.443s] GC(186)   Evacuate Collection Set: 8.7ms
[2022-04-27T05:15:58.580+0000][641.443s] GC(186)   Post Evacuate Collection Set: 3.5ms
[2022-04-27T05:15:58.580+0000][641.444s] GC(186)   Other: 0.8ms
[2022-04-27T05:15:58.580+0000][641.444s] GC(186) Eden regions: 290->0(290)
[2022-04-27T05:15:58.581+0000][641.444s] GC(186) Survivor regions: 17->17(39)
[2022-04-27T05:15:58.581+0000][641.445s] GC(186) Old regions: 47->47
[2022-04-27T05:15:58.581+0000][641.445s] GC(186) Humongous regions: 7->7
[2022-04-27T05:15:58.581+0000][641.445s] GC(186) Metaspace: 57115K->57115K(1101824K)
[2022-04-27T05:15:58.586+0000][641.450s] GC(186) Pause Young (Normal) (G1 Evacuation Pause) 359M->69M(512M) 20.362ms
[2022-04-27T05:15:58.587+0000][641.450s] GC(186) User=0.08s Sys=0.00s Real=0.02s
[2022-04-27T05:16:00.934+0000][643.798s] GC(187) Pause Young (Normal) (G1 Evacuation Pause)
[2022-04-27T05:16:00.934+0000][643.798s] GC(187) Using 8 workers of 8 for evacuation
[2022-04-27T05:16:00.942+0000][643.806s] GC(187)   Pre Evacuate Collection Set: 0.0ms
[2022-04-27T05:16:00.942+0000][643.806s] GC(187)   Evacuate Collection Set: 3.9ms
[2022-04-27T05:16:00.943+0000][643.806s] GC(187)   Post Evacuate Collection Set: 3.1ms
[2022-04-27T05:16:00.943+0000][643.807s] GC(187)   Other: 0.9ms
[2022-04-27T05:16:00.943+0000][643.807s] GC(187) Eden regions: 290->0(287)
[2022-04-27T05:16:00.944+0000][643.807s] GC(187) Survivor regions: 17->20(39)
[2022-04-27T05:16:00.944+0000][643.808s] GC(187) Old regions: 47->47
[2022-04-27T05:16:00.945+0000][643.808s] GC(187) Humongous regions: 7->7
[2022-04-27T05:16:00.945+0000][643.809s] GC(187) Metaspace: 57115K->57115K(1101824K)
[2022-04-27T05:16:00.945+0000][643.809s] GC(187) Pause Young (Normal) (G1 Evacuation Pause) 359M->72M(512M) 11.321ms
[2022-04-27T05:16:00.946+0000][643.809s] GC(187) User=0.05s Sys=0.00s Real=0.01s
[2022-04-27T05:16:02.615+0000][645.479s] GC(188) Pause Young (Normal) (G1 Evacuation Pause)
[2022-04-27T05:16:02.616+0000][645.479s] GC(188) Using 8 workers of 8 for evacuation
[2022-04-27T05:16:02.621+0000][645.485s] GC(188)   Pre Evacuate Collection Set: 0.0ms
[2022-04-27T05:16:02.622+0000][645.485s] GC(188)   Evacuate Collection Set: 3.4ms
[2022-04-27T05:16:02.622+0000][645.486s] GC(188)   Post Evacuate Collection Set: 2.0ms
[2022-04-27T05:16:02.622+0000][645.486s] GC(188)   Other: 0.8ms
[2022-04-27T05:16:02.623+0000][645.486s] GC(188) Eden regions: 287->0(292)
[2022-04-27T05:16:02.623+0000][645.487s] GC(188) Survivor regions: 20->15(39)
[2022-04-27T05:16:02.623+0000][645.487s] GC(188) Old regions: 47->47
[2022-04-27T05:16:02.624+0000][645.487s] GC(188) Humongous regions: 7->7
[2022-04-27T05:16:02.624+0000][645.488s] GC(188) Metaspace: 57115K->57115K(1101824K)
[2022-04-27T05:16:02.624+0000][645.488s] GC(188) Pause Young (Normal) (G1 Evacuation Pause) 359M->67M(512M) 8.893ms
[2022-04-27T05:16:02.624+0000][645.488s] GC(188) User=0.04s Sys=0.00s Real=0.01s
[2022-04-27T05:16:04.966+0000][647.830s] GC(189) Pause Young (Normal) (G1 Evacuation Pause)
[2022-04-27T05:16:04.967+0000][647.830s] GC(189) Using 8 workers of 8 for evacuation
[2022-04-27T05:16:04.974+0000][647.838s] GC(189)   Pre Evacuate Collection Set: 0.0ms
[2022-04-27T05:16:04.975+0000][647.838s] GC(189)   Evacuate Collection Set: 3.8ms
[2022-04-27T05:16:04.975+0000][647.839s] GC(189)   Post Evacuate Collection Set: 3.3ms
[2022-04-27T05:16:04.975+0000][647.839s] GC(189)   Other: 0.9ms
[2022-04-27T05:16:04.975+0000][647.839s] GC(189) Eden regions: 292->0(286)
[2022-04-27T05:16:04.976+0000][647.839s] GC(189) Survivor regions: 15->21(39)
[2022-04-27T05:16:04.976+0000][647.840s] GC(189) Old regions: 47->47
[2022-04-27T05:16:04.976+0000][647.840s] GC(189) Humongous regions: 7->7
[2022-04-27T05:16:04.977+0000][647.840s] GC(189) Metaspace: 57149K->57149K(1101824K)
[2022-04-27T05:16:04.977+0000][647.841s] GC(189) Pause Young (Normal) (G1 Evacuation Pause) 359M->73M(512M) 10.779ms
[2022-04-27T05:16:04.977+0000][647.841s] GC(189) User=0.05s Sys=0.00s Real=0.01s
[2022-04-27T05:16:07.281+0000][650.144s] GC(190) Pause Young (Normal) (G1 Evacuation Pause)
[2022-04-27T05:16:07.281+0000][650.145s] GC(190) Using 8 workers of 8 for evacuation
[2022-04-27T05:16:07.290+0000][650.153s] GC(190)   Pre Evacuate Collection Set: 0.0ms
[2022-04-27T05:16:07.290+0000][650.154s] GC(190)   Evacuate Collection Set: 5.7ms
[2022-04-27T05:16:07.290+0000][650.154s] GC(190)   Post Evacuate Collection Set: 2.4ms
[2022-04-27T05:16:07.291+0000][650.154s] GC(190)   Other: 0.8ms
[2022-04-27T05:16:07.291+0000][650.154s] GC(190) Eden regions: 286->0(288)
[2022-04-27T05:16:07.291+0000][650.155s] GC(190) Survivor regions: 21->19(39)
[2022-04-27T05:16:07.291+0000][650.155s] GC(190) Old regions: 47->47
[2022-04-27T05:16:07.291+0000][650.155s] GC(190) Humongous regions: 7->7
[2022-04-27T05:16:07.292+0000][650.155s] GC(190) Metaspace: 57149K->57149K(1101824K)
[2022-04-27T05:16:07.292+0000][650.156s] GC(190) Pause Young (Normal) (G1 Evacuation Pause) 359M->71M(512M) 11.122ms
[2022-04-27T05:16:07.292+0000][650.156s] GC(190) User=0.05s Sys=0.01s Real=0.01s
[2022-04-27T05:16:09.379+0000][652.243s] GC(191) Pause Young (Normal) (G1 Evacuation Pause)
[2022-04-27T05:16:09.380+0000][652.243s] GC(191) Using 8 workers of 8 for evacuation
[2022-04-27T05:16:09.392+0000][652.256s] GC(191)   Pre Evacuate Collection Set: 0.0ms
[2022-04-27T05:16:09.393+0000][652.256s] GC(191)   Evacuate Collection Set: 4.4ms
[2022-04-27T05:16:09.393+0000][652.257s] GC(191)   Post Evacuate Collection Set: 7.7ms
[2022-04-27T05:16:09.393+0000][652.257s] GC(191)   Other: 0.8ms
[2022-04-27T05:16:09.394+0000][652.257s] GC(191) Eden regions: 288->0(286)
[2022-04-27T05:16:09.394+0000][652.257s] GC(191) Survivor regions: 19->21(39)
[2022-04-27T05:16:09.394+0000][652.258s] GC(191) Old regions: 47->47
[2022-04-27T05:16:09.394+0000][652.258s] GC(191) Humongous regions: 7->7
[2022-04-27T05:16:09.395+0000][652.258s] GC(191) Metaspace: 57149K->57149K(1101824K)
[2022-04-27T05:16:09.395+0000][652.258s] GC(191) Pause Young (Normal) (G1 Evacuation Pause) 359M->73M(512M) 15.383ms
[2022-04-27T05:16:09.395+0000][652.259s] GC(191) User=0.09s Sys=0.00s Real=0.02s
[2022-04-27T05:16:12.088+0000][654.951s] GC(192) Pause Young (Normal) (G1 Evacuation Pause)
[2022-04-27T05:16:12.088+0000][654.951s] GC(192) Using 8 workers of 8 for evacuation
[2022-04-27T05:16:12.104+0000][654.968s] GC(192)   Pre Evacuate Collection Set: 0.0ms
[2022-04-27T05:16:12.105+0000][654.968s] GC(192)   Evacuate Collection Set: 11.3ms
[2022-04-27T05:16:12.105+0000][654.968s] GC(192)   Post Evacuate Collection Set: 4.7ms
[2022-04-27T05:16:12.105+0000][654.969s] GC(192)   Other: 0.6ms
[2022-04-27T05:16:12.105+0000][654.969s] GC(192) Eden regions: 286->0(289)
[2022-04-27T05:16:12.106+0000][654.969s] GC(192) Survivor regions: 21->18(39)
[2022-04-27T05:16:12.106+0000][654.969s] GC(192) Old regions: 47->47
[2022-04-27T05:16:12.106+0000][654.970s] GC(192) Humongous regions: 7->7
[2022-04-27T05:16:12.106+0000][654.970s] GC(192) Metaspace: 57154K->57154K(1101824K)
[2022-04-27T05:16:12.107+0000][654.970s] GC(192) Pause Young (Normal) (G1 Evacuation Pause) 359M->70M(512M) 18.962ms
[2022-04-27T05:16:12.107+0000][654.970s] GC(192) User=0.11s Sys=0.00s Real=0.02s
[2022-04-27T05:16:14.293+0000][657.157s] GC(193) Pause Young (Normal) (G1 Evacuation Pause)
[2022-04-27T05:16:14.293+0000][657.157s] GC(193) Using 8 workers of 8 for evacuation
[2022-04-27T05:16:14.317+0000][657.181s] GC(193)   Pre Evacuate Collection Set: 0.0ms
[2022-04-27T05:16:14.317+0000][657.181s] GC(193)   Evacuate Collection Set: 12.7ms
[2022-04-27T05:16:14.318+0000][657.181s] GC(193)   Post Evacuate Collection Set: 10.7ms
[2022-04-27T05:16:14.318+0000][657.182s] GC(193)   Other: 0.7ms
[2022-04-27T05:16:14.318+0000][657.182s] GC(193) Eden regions: 289->0(286)
[2022-04-27T05:16:14.318+0000][657.182s] GC(193) Survivor regions: 18->21(39)
[2022-04-27T05:16:14.319+0000][657.182s] GC(193) Old regions: 47->47
[2022-04-27T05:16:14.319+0000][657.183s] GC(193) Humongous regions: 7->7
[2022-04-27T05:16:14.319+0000][657.183s] GC(193) Metaspace: 57154K->57154K(1101824K)
[2022-04-27T05:16:14.320+0000][657.183s] GC(193) Pause Young (Normal) (G1 Evacuation Pause) 359M->72M(512M) 26.722ms
[2022-04-27T05:16:14.320+0000][657.184s] GC(193) User=0.17s Sys=0.01s Real=0.02s
[2022-04-27T05:16:17.048+0000][659.912s] GC(194) Pause Young (Normal) (G1 Evacuation Pause)
[2022-04-27T05:16:17.049+0000][659.912s] GC(194) Using 8 workers of 8 for evacuation
[2022-04-27T05:16:17.060+0000][659.923s] GC(194)   Pre Evacuate Collection Set: 0.0ms
[2022-04-27T05:16:17.060+0000][659.924s] GC(194)   Evacuate Collection Set: 6.9ms
[2022-04-27T05:16:17.061+0000][659.924s] GC(194)   Post Evacuate Collection Set: 3.8ms
[2022-04-27T05:16:17.061+0000][659.925s] GC(194)   Other: 0.9ms
[2022-04-27T05:16:17.061+0000][659.925s] GC(194) Eden regions: 286->0(286)
[2022-04-27T05:16:17.062+0000][659.925s] GC(194) Survivor regions: 21->21(39)
[2022-04-27T05:16:17.062+0000][659.926s] GC(194) Old regions: 47->47
[2022-04-27T05:16:17.062+0000][659.926s] GC(194) Humongous regions: 7->7
[2022-04-27T05:16:17.063+0000][659.926s] GC(194) Metaspace: 57154K->57154K(1101824K)
[2022-04-27T05:16:17.063+0000][659.927s] GC(194) Pause Young (Normal) (G1 Evacuation Pause) 358M->73M(512M) 14.892ms
[2022-04-27T05:16:17.063+0000][659.927s] GC(194) User=0.09s Sys=0.00s Real=0.02s
[2022-04-27T05:16:18.738+0000][661.601s] GC(195) Pause Young (Normal) (G1 Evacuation Pause)
[2022-04-27T05:16:18.738+0000][661.602s] GC(195) Using 8 workers of 8 for evacuation
[2022-04-27T05:16:18.746+0000][661.609s] GC(195)   Pre Evacuate Collection Set: 0.0ms
[2022-04-27T05:16:18.746+0000][661.610s] GC(195)   Evacuate Collection Set: 4.0ms
[2022-04-27T05:16:18.747+0000][661.610s] GC(195)   Post Evacuate Collection Set: 3.1ms
[2022-04-27T05:16:18.747+0000][661.611s] GC(195)   Other: 1.1ms
[2022-04-27T05:16:18.747+0000][661.611s] GC(195) Eden regions: 286->0(287)
[2022-04-27T05:16:18.748+0000][661.611s] GC(195) Survivor regions: 21->20(39)
[2022-04-27T05:16:18.748+0000][661.612s] GC(195) Old regions: 47->48
[2022-04-27T05:16:18.749+0000][661.612s] GC(195) Humongous regions: 7->7
[2022-04-27T05:16:18.749+0000][661.612s] GC(195) Metaspace: 57154K->57154K(1101824K)
[2022-04-27T05:16:18.749+0000][661.613s] GC(195) Pause Young (Normal) (G1 Evacuation Pause) 359M->72M(512M) 11.496ms
[2022-04-27T05:16:18.749+0000][661.613s] GC(195) User=0.05s Sys=0.00s Real=0.01s
[2022-04-27T05:16:21.095+0000][663.959s] GC(196) Pause Young (Normal) (G1 Evacuation Pause)
[2022-04-27T05:16:21.095+0000][663.959s] GC(196) Using 8 workers of 8 for evacuation
[2022-04-27T05:16:21.104+0000][663.967s] GC(196)   Pre Evacuate Collection Set: 0.0ms
[2022-04-27T05:16:21.104+0000][663.968s] GC(196)   Evacuate Collection Set: 4.3ms
[2022-04-27T05:16:21.104+0000][663.968s] GC(196)   Post Evacuate Collection Set: 3.4ms
[2022-04-27T05:16:21.105+0000][663.968s] GC(196)   Other: 0.6ms
[2022-04-27T05:16:21.105+0000][663.969s] GC(196) Eden regions: 287->0(285)
[2022-04-27T05:16:21.105+0000][663.969s] GC(196) Survivor regions: 20->22(39)
[2022-04-27T05:16:21.105+0000][663.969s] GC(196) Old regions: 48->48
[2022-04-27T05:16:21.106+0000][663.969s] GC(196) Humongous regions: 7->7
[2022-04-27T05:16:21.106+0000][663.970s] GC(196) Metaspace: 57154K->57154K(1101824K)
[2022-04-27T05:16:21.106+0000][663.970s] GC(196) Pause Young (Normal) (G1 Evacuation Pause) 359M->74M(512M) 10.995ms
[2022-04-27T05:16:21.106+0000][663.970s] GC(196) User=0.06s Sys=0.00s Real=0.01s
[2022-04-27T05:16:23.308+0000][666.171s] GC(197) Pause Young (Normal) (G1 Evacuation Pause)
[2022-04-27T05:16:23.308+0000][666.172s] GC(197) Using 8 workers of 8 for evacuation
[2022-04-27T05:16:23.319+0000][666.182s] GC(197)   Pre Evacuate Collection Set: 0.0ms
[2022-04-27T05:16:23.319+0000][666.183s] GC(197)   Evacuate Collection Set: 4.3ms
[2022-04-27T05:16:23.319+0000][666.183s] GC(197)   Post Evacuate Collection Set: 6.0ms
[2022-04-27T05:16:23.320+0000][666.183s] GC(197)   Other: 0.6ms
[2022-04-27T05:16:23.320+0000][666.184s] GC(197) Eden regions: 285->0(290)
[2022-04-27T05:16:23.320+0000][666.184s] GC(197) Survivor regions: 22->17(39)
[2022-04-27T05:16:23.320+0000][666.184s] GC(197) Old regions: 48->48
[2022-04-27T05:16:23.320+0000][666.184s] GC(197) Humongous regions: 7->7
[2022-04-27T05:16:23.321+0000][666.184s] GC(197) Metaspace: 57154K->57154K(1101824K)
[2022-04-27T05:16:23.321+0000][666.185s] GC(197) Pause Young (Normal) (G1 Evacuation Pause) 359M->69M(512M) 13.257ms
[2022-04-27T05:16:23.321+0000][666.185s] GC(197) User=0.07s Sys=0.00s Real=0.02s
[2022-04-27T05:16:25.544+0000][668.408s] GC(198) Pause Young (Normal) (G1 Evacuation Pause)
[2022-04-27T05:16:25.544+0000][668.408s] GC(198) Using 8 workers of 8 for evacuation
[2022-04-27T05:16:25.551+0000][668.415s] GC(198)   Pre Evacuate Collection Set: 0.0ms
[2022-04-27T05:16:25.552+0000][668.416s] GC(198)   Evacuate Collection Set: 3.7ms
[2022-04-27T05:16:25.552+0000][668.416s] GC(198)   Post Evacuate Collection Set: 3.1ms
[2022-04-27T05:16:25.553+0000][668.416s] GC(198)   Other: 0.8ms
[2022-04-27T05:16:25.553+0000][668.417s] GC(198) Eden regions: 290->0(286)
[2022-04-27T05:16:25.553+0000][668.417s] GC(198) Survivor regions: 17->21(39)
[2022-04-27T05:16:25.554+0000][668.417s] GC(198) Old regions: 48->48
[2022-04-27T05:16:25.554+0000][668.418s] GC(198) Humongous regions: 7->7
[2022-04-27T05:16:25.554+0000][668.418s] GC(198) Metaspace: 57154K->57154K(1101824K)
[2022-04-27T05:16:25.555+0000][668.418s] GC(198) Pause Young (Normal) (G1 Evacuation Pause) 359M->73M(512M) 10.638ms
[2022-04-27T05:16:25.555+0000][668.418s] GC(198) User=0.04s Sys=0.00s Real=0.01s
[2022-04-27T05:16:27.969+0000][670.833s] GC(199) Pause Young (Normal) (G1 Evacuation Pause)
[2022-04-27T05:16:27.969+0000][670.833s] GC(199) Using 8 workers of 8 for evacuation
[2022-04-27T05:16:27.977+0000][670.841s] GC(199)   Pre Evacuate Collection Set: 0.0ms
[2022-04-27T05:16:27.978+0000][670.841s] GC(199)   Evacuate Collection Set: 3.8ms
[2022-04-27T05:16:27.978+0000][670.842s] GC(199)   Post Evacuate Collection Set: 3.5ms
[2022-04-27T05:16:27.978+0000][670.842s] GC(199)   Other: 0.9ms
[2022-04-27T05:16:27.979+0000][670.842s] GC(199) Eden regions: 286->0(288)
[2022-04-27T05:16:27.979+0000][670.843s] GC(199) Survivor regions: 21->19(39)
[2022-04-27T05:16:27.980+0000][670.843s] GC(199) Old regions: 48->48
[2022-04-27T05:16:27.980+0000][670.844s] GC(199) Humongous regions: 7->7
[2022-04-27T05:16:27.980+0000][670.844s] GC(199) Metaspace: 57154K->57154K(1101824K)
[2022-04-27T05:16:27.981+0000][670.844s] GC(199) Pause Young (Normal) (G1 Evacuation Pause) 359M->71M(512M) 11.638ms
[2022-04-27T05:16:27.981+0000][670.845s] GC(199) User=0.05s Sys=0.00s Real=0.02s
[2022-04-27T05:16:29.696+0000][672.559s] GC(200) Pause Young (Normal) (G1 Evacuation Pause)
[2022-04-27T05:16:29.696+0000][672.560s] GC(200) Using 8 workers of 8 for evacuation
[2022-04-27T05:16:29.703+0000][672.567s] GC(200)   Pre Evacuate Collection Set: 0.0ms
[2022-04-27T05:16:29.703+0000][672.567s] GC(200)   Evacuate Collection Set: 4.4ms
[2022-04-27T05:16:29.704+0000][672.567s] GC(200)   Post Evacuate Collection Set: 2.3ms
[2022-04-27T05:16:29.704+0000][672.568s] GC(200)   Other: 0.7ms
[2022-04-27T05:16:29.704+0000][672.568s] GC(200) Eden regions: 288->0(289)
[2022-04-27T05:16:29.704+0000][672.568s] GC(200) Survivor regions: 19->18(39)
[2022-04-27T05:16:29.705+0000][672.568s] GC(200) Old regions: 48->48
[2022-04-27T05:16:29.705+0000][672.569s] GC(200) Humongous regions: 7->7
[2022-04-27T05:16:29.705+0000][672.569s] GC(200) Metaspace: 57154K->57154K(1101824K)
[2022-04-27T05:16:29.706+0000][672.569s] GC(200) Pause Young (Normal) (G1 Evacuation Pause) 359M->70M(512M) 10.040ms
[2022-04-27T05:16:29.706+0000][672.570s] GC(200) User=0.04s Sys=0.00s Real=0.01s
[2022-04-27T05:16:32.171+0000][675.034s] GC(201) Pause Young (Normal) (G1 Evacuation Pause)
[2022-04-27T05:16:32.171+0000][675.035s] GC(201) Using 8 workers of 8 for evacuation
[2022-04-27T05:16:32.182+0000][675.045s] GC(201)   Pre Evacuate Collection Set: 0.1ms
[2022-04-27T05:16:32.182+0000][675.046s] GC(201)   Evacuate Collection Set: 4.8ms
[2022-04-27T05:16:32.183+0000][675.046s] GC(201)   Post Evacuate Collection Set: 4.9ms
[2022-04-27T05:16:32.183+0000][675.047s] GC(201)   Other: 1.2ms
[2022-04-27T05:16:32.183+0000][675.047s] GC(201) Eden regions: 289->0(288)
[2022-04-27T05:16:32.184+0000][675.047s] GC(201) Survivor regions: 18->19(39)
[2022-04-27T05:16:32.184+0000][675.048s] GC(201) Old regions: 48->48
[2022-04-27T05:16:32.185+0000][675.048s] GC(201) Humongous regions: 7->7
[2022-04-27T05:16:32.185+0000][675.049s] GC(201) Metaspace: 57154K->57154K(1101824K)
[2022-04-27T05:16:32.185+0000][675.049s] GC(201) Pause Young (Normal) (G1 Evacuation Pause) 359M->71M(512M) 14.735ms
[2022-04-27T05:16:32.186+0000][675.049s] GC(201) User=0.07s Sys=0.00s Real=0.02s
[2022-04-27T05:16:33.920+0000][676.784s] GC(202) Pause Young (Normal) (G1 Evacuation Pause)
[2022-04-27T05:16:33.920+0000][676.784s] GC(202) Using 8 workers of 8 for evacuation
[2022-04-27T05:16:33.929+0000][676.792s] GC(202)   Pre Evacuate Collection Set: 0.0ms
[2022-04-27T05:16:33.929+0000][676.793s] GC(202)   Evacuate Collection Set: 4.4ms
[2022-04-27T05:16:33.929+0000][676.793s] GC(202)   Post Evacuate Collection Set: 3.5ms
[2022-04-27T05:16:33.930+0000][676.793s] GC(202)   Other: 0.7ms
[2022-04-27T05:16:33.930+0000][676.793s] GC(202) Eden regions: 288->0(284)
[2022-04-27T05:16:33.930+0000][676.794s] GC(202) Survivor regions: 19->23(39)
[2022-04-27T05:16:33.930+0000][676.794s] GC(202) Old regions: 48->48
[2022-04-27T05:16:33.931+0000][676.794s] GC(202) Humongous regions: 7->7
[2022-04-27T05:16:33.931+0000][676.794s] GC(202) Metaspace: 57154K->57154K(1101824K)
[2022-04-27T05:16:33.931+0000][676.795s] GC(202) Pause Young (Normal) (G1 Evacuation Pause) 359M->75M(512M) 11.141ms
[2022-04-27T05:16:33.932+0000][676.795s] GC(202) User=0.05s Sys=0.01s Real=0.02s
[2022-04-27T05:16:36.228+0000][679.091s] GC(203) Pause Young (Normal) (G1 Evacuation Pause)
[2022-04-27T05:16:36.228+0000][679.092s] GC(203) Using 8 workers of 8 for evacuation
[2022-04-27T05:16:36.249+0000][679.112s] GC(203)   Pre Evacuate Collection Set: 0.0ms
[2022-04-27T05:16:36.249+0000][679.113s] GC(203)   Evacuate Collection Set: 11.8ms
[2022-04-27T05:16:36.249+0000][679.113s] GC(203)   Post Evacuate Collection Set: 8.6ms
[2022-04-27T05:16:36.249+0000][679.113s] GC(203)   Other: 0.7ms
[2022-04-27T05:16:36.250+0000][679.113s] GC(203) Eden regions: 284->0(287)
[2022-04-27T05:16:36.250+0000][679.114s] GC(203) Survivor regions: 23->20(39)
[2022-04-27T05:16:36.250+0000][679.114s] GC(203) Old regions: 48->48
[2022-04-27T05:16:36.251+0000][679.114s] GC(203) Humongous regions: 7->7
[2022-04-27T05:16:36.251+0000][679.114s] GC(203) Metaspace: 57155K->57155K(1101824K)
[2022-04-27T05:16:36.251+0000][679.115s] GC(203) Pause Young (Normal) (G1 Evacuation Pause) 359M->72M(512M) 23.503ms
[2022-04-27T05:16:36.251+0000][679.115s] GC(203) User=0.15s Sys=0.01s Real=0.03s
[2022-04-27T05:16:38.005+0000][680.869s] GC(204) Pause Young (Normal) (G1 Evacuation Pause)
[2022-04-27T05:16:38.006+0000][680.869s] GC(204) Using 8 workers of 8 for evacuation
[2022-04-27T05:16:38.013+0000][680.877s] GC(204)   Pre Evacuate Collection Set: 0.0ms
[2022-04-27T05:16:38.013+0000][680.877s] GC(204)   Evacuate Collection Set: 4.4ms
[2022-04-27T05:16:38.014+0000][680.877s] GC(204)   Post Evacuate Collection Set: 2.5ms
[2022-04-27T05:16:38.014+0000][680.878s] GC(204)   Other: 0.7ms
[2022-04-27T05:16:38.015+0000][680.878s] GC(204) Eden regions: 287->0(289)
[2022-04-27T05:16:38.015+0000][680.879s] GC(204) Survivor regions: 20->18(39)
[2022-04-27T05:16:38.015+0000][680.879s] GC(204) Old regions: 48->48
[2022-04-27T05:16:38.016+0000][680.879s] GC(204) Humongous regions: 7->7
[2022-04-27T05:16:38.016+0000][680.880s] GC(204) Metaspace: 57155K->57155K(1101824K)
[2022-04-27T05:16:38.016+0000][680.880s] GC(204) Pause Young (Normal) (G1 Evacuation Pause) 359M->71M(512M) 11.038ms
[2022-04-27T05:16:38.017+0000][680.880s] GC(204) User=0.03s Sys=0.01s Real=0.01s
[2022-04-27T05:16:40.379+0000][683.243s] GC(205) Pause Young (Normal) (G1 Evacuation Pause)
[2022-04-27T05:16:40.380+0000][683.243s] GC(205) Using 8 workers of 8 for evacuation
[2022-04-27T05:16:40.388+0000][683.251s] GC(205)   Pre Evacuate Collection Set: 0.0ms
[2022-04-27T05:16:40.388+0000][683.252s] GC(205)   Evacuate Collection Set: 3.9ms
[2022-04-27T05:16:40.388+0000][683.252s] GC(205)   Post Evacuate Collection Set: 3.6ms
[2022-04-27T05:16:40.389+0000][683.253s] GC(205)   Other: 0.9ms
[2022-04-27T05:16:40.389+0000][683.253s] GC(205) Eden regions: 289->0(288)
[2022-04-27T05:16:40.390+0000][683.253s] GC(205) Survivor regions: 18->19(39)
[2022-04-27T05:16:40.390+0000][683.254s] GC(205) Old regions: 48->48
[2022-04-27T05:16:40.390+0000][683.254s] GC(205) Humongous regions: 7->7
[2022-04-27T05:16:40.391+0000][683.254s] GC(205) Metaspace: 57155K->57155K(1101824K)
[2022-04-27T05:16:40.391+0000][683.255s] GC(205) Pause Young (Normal) (G1 Evacuation Pause) 360M->72M(512M) 11.879ms
[2022-04-27T05:16:40.391+0000][683.255s] GC(205) User=0.05s Sys=0.00s Real=0.02s
[2022-04-27T05:16:42.153+0000][685.016s] GC(206) Pause Young (Normal) (G1 Evacuation Pause)
[2022-04-27T05:16:42.153+0000][685.017s] GC(206) Using 8 workers of 8 for evacuation
[2022-04-27T05:16:42.165+0000][685.028s] GC(206)   Pre Evacuate Collection Set: 0.0ms
[2022-04-27T05:16:42.165+0000][685.029s] GC(206)   Evacuate Collection Set: 6.6ms
[2022-04-27T05:16:42.166+0000][685.029s] GC(206)   Post Evacuate Collection Set: 4.6ms
[2022-04-27T05:16:42.166+0000][685.030s] GC(206)   Other: 0.9ms
[2022-04-27T05:16:42.166+0000][685.030s] GC(206) Eden regions: 288->0(293)
[2022-04-27T05:16:42.167+0000][685.031s] GC(206) Survivor regions: 19->14(39)
[2022-04-27T05:16:42.167+0000][685.031s] GC(206) Old regions: 48->48
[2022-04-27T05:16:42.168+0000][685.031s] GC(206) Humongous regions: 7->7
[2022-04-27T05:16:42.168+0000][685.032s] GC(206) Metaspace: 57155K->57155K(1101824K)
[2022-04-27T05:16:42.168+0000][685.032s] GC(206) Pause Young (Normal) (G1 Evacuation Pause) 360M->67M(512M) 15.562ms
[2022-04-27T05:16:42.168+0000][685.032s] GC(206) User=0.08s Sys=0.00s Real=0.01s
[2022-04-27T05:16:44.578+0000][687.442s] GC(207) Pause Young (Normal) (G1 Evacuation Pause)
[2022-04-27T05:16:44.579+0000][687.442s] GC(207) Using 8 workers of 8 for evacuation
[2022-04-27T05:16:44.592+0000][687.455s] GC(207)   Pre Evacuate Collection Set: 0.0ms
[2022-04-27T05:16:44.592+0000][687.456s] GC(207)   Evacuate Collection Set: 4.4ms
[2022-04-27T05:16:44.592+0000][687.456s] GC(207)   Post Evacuate Collection Set: 8.2ms
[2022-04-27T05:16:44.593+0000][687.456s] GC(207)   Other: 1.0ms
[2022-04-27T05:16:44.593+0000][687.457s] GC(207) Eden regions: 293->0(288)
[2022-04-27T05:16:44.593+0000][687.457s] GC(207) Survivor regions: 14->19(39)
[2022-04-27T05:16:44.593+0000][687.457s] GC(207) Old regions: 48->48
[2022-04-27T05:16:44.594+0000][687.457s] GC(207) Humongous regions: 7->7
[2022-04-27T05:16:44.594+0000][687.458s] GC(207) Metaspace: 57156K->57156K(1101824K)
[2022-04-27T05:16:44.594+0000][687.458s] GC(207) Pause Young (Normal) (G1 Evacuation Pause) 360M->72M(512M) 16.054ms
[2022-04-27T05:16:44.595+0000][687.458s] GC(207) User=0.09s Sys=0.00s Real=0.02s
[2022-04-27T05:16:46.352+0000][689.216s] GC(208) Pause Young (Normal) (G1 Evacuation Pause)
[2022-04-27T05:16:46.353+0000][689.216s] GC(208) Using 8 workers of 8 for evacuation
[2022-04-27T05:16:46.359+0000][689.223s] GC(208)   Pre Evacuate Collection Set: 0.0ms
[2022-04-27T05:16:46.360+0000][689.223s] GC(208)   Evacuate Collection Set: 3.8ms
[2022-04-27T05:16:46.360+0000][689.224s] GC(208)   Post Evacuate Collection Set: 2.0ms
[2022-04-27T05:16:46.360+0000][689.224s] GC(208)   Other: 0.8ms
[2022-04-27T05:16:46.360+0000][689.224s] GC(208) Eden regions: 288->0(290)
[2022-04-27T05:16:46.361+0000][689.224s] GC(208) Survivor regions: 19->17(39)
[2022-04-27T05:16:46.361+0000][689.225s] GC(208) Old regions: 48->48
[2022-04-27T05:16:46.361+0000][689.225s] GC(208) Humongous regions: 7->7
[2022-04-27T05:16:46.362+0000][689.225s] GC(208) Metaspace: 57156K->57156K(1101824K)
[2022-04-27T05:16:46.362+0000][689.226s] GC(208) Pause Young (Normal) (G1 Evacuation Pause) 360M->69M(512M) 9.540ms
[2022-04-27T05:16:46.362+0000][689.226s] GC(208) User=0.04s Sys=0.01s Real=0.01s
[2022-04-27T05:16:48.577+0000][691.441s] GC(209) Pause Young (Normal) (G1 Evacuation Pause)
[2022-04-27T05:16:48.578+0000][691.441s] GC(209) Using 8 workers of 8 for evacuation
[2022-04-27T05:16:48.584+0000][691.448s] GC(209)   Pre Evacuate Collection Set: 0.0ms
[2022-04-27T05:16:48.585+0000][691.448s] GC(209)   Evacuate Collection Set: 2.8ms
[2022-04-27T05:16:48.585+0000][691.449s] GC(209)   Post Evacuate Collection Set: 3.3ms
[2022-04-27T05:16:48.585+0000][691.449s] GC(209)   Other: 0.8ms
[2022-04-27T05:16:48.586+0000][691.449s] GC(209) Eden regions: 290->0(289)
[2022-04-27T05:16:48.586+0000][691.450s] GC(209) Survivor regions: 17->18(39)
[2022-04-27T05:16:48.586+0000][691.450s] GC(209) Old regions: 48->48
[2022-04-27T05:16:48.586+0000][691.450s] GC(209) Humongous regions: 7->7
[2022-04-27T05:16:48.587+0000][691.450s] GC(209) Metaspace: 57156K->57156K(1101824K)
[2022-04-27T05:16:48.587+0000][691.451s] GC(209) Pause Young (Normal) (G1 Evacuation Pause) 359M->71M(512M) 9.623ms
[2022-04-27T05:16:48.587+0000][691.451s] GC(209) User=0.04s Sys=0.00s Real=0.01s
[2022-04-27T05:16:50.310+0000][693.173s] GC(210) Pause Young (Normal) (G1 Evacuation Pause)
[2022-04-27T05:16:50.310+0000][693.174s] GC(210) Using 8 workers of 8 for evacuation
[2022-04-27T05:16:50.320+0000][693.184s] GC(210)   Pre Evacuate Collection Set: 0.0ms
[2022-04-27T05:16:50.320+0000][693.184s] GC(210)   Evacuate Collection Set: 3.7ms
[2022-04-27T05:16:50.321+0000][693.184s] GC(210)   Post Evacuate Collection Set: 5.5ms
[2022-04-27T05:16:50.321+0000][693.185s] GC(210)   Other: 0.9ms
[2022-04-27T05:16:50.321+0000][693.185s] GC(210) Eden regions: 289->0(290)
[2022-04-27T05:16:50.321+0000][693.185s] GC(210) Survivor regions: 18->17(39)
[2022-04-27T05:16:50.322+0000][693.185s] GC(210) Old regions: 48->48
[2022-04-27T05:16:50.322+0000][693.186s] GC(210) Humongous regions: 7->7
[2022-04-27T05:16:50.322+0000][693.186s] GC(210) Metaspace: 57156K->57156K(1101824K)
[2022-04-27T05:16:50.322+0000][693.186s] GC(210) Pause Young (Normal) (G1 Evacuation Pause) 360M->70M(512M) 12.653ms
[2022-04-27T05:16:50.323+0000][693.186s] GC(210) User=0.06s Sys=0.01s Real=0.02s
[2022-04-27T05:16:53.235+0000][696.098s] GC(211) Pause Young (Normal) (G1 Evacuation Pause)
[2022-04-27T05:16:53.235+0000][696.099s] GC(211) Using 8 workers of 8 for evacuation
[2022-04-27T05:16:53.242+0000][696.106s] GC(211)   Pre Evacuate Collection Set: 0.0ms
[2022-04-27T05:16:53.242+0000][696.106s] GC(211)   Evacuate Collection Set: 4.5ms
[2022-04-27T05:16:53.243+0000][696.106s] GC(211)   Post Evacuate Collection Set: 2.0ms
[2022-04-27T05:16:53.243+0000][696.107s] GC(211)   Other: 0.6ms
[2022-04-27T05:16:53.244+0000][696.107s] GC(211) Eden regions: 290->0(288)
[2022-04-27T05:16:53.244+0000][696.108s] GC(211) Survivor regions: 17->19(39)
[2022-04-27T05:16:53.244+0000][696.108s] GC(211) Old regions: 48->48
[2022-04-27T05:16:53.245+0000][696.108s] GC(211) Humongous regions: 7->7
[2022-04-27T05:16:53.245+0000][696.109s] GC(211) Metaspace: 57156K->57156K(1101824K)
[2022-04-27T05:16:53.245+0000][696.109s] GC(211) Pause Young (Normal) (G1 Evacuation Pause) 360M->72M(512M) 10.633ms
[2022-04-27T05:16:53.246+0000][696.109s] GC(211) User=0.05s Sys=0.00s Real=0.01s
[2022-04-27T05:16:55.029+0000][697.893s] GC(212) Pause Young (Normal) (G1 Evacuation Pause)
[2022-04-27T05:16:55.029+0000][697.893s] GC(212) Using 8 workers of 8 for evacuation
[2022-04-27T05:16:55.045+0000][697.909s] GC(212)   Pre Evacuate Collection Set: 0.0ms
[2022-04-27T05:16:55.046+0000][697.909s] GC(212)   Evacuate Collection Set: 10.2ms
[2022-04-27T05:16:55.046+0000][697.910s] GC(212)   Post Evacuate Collection Set: 4.9ms
[2022-04-27T05:16:55.047+0000][697.910s] GC(212)   Other: 1.2ms
[2022-04-27T05:16:55.047+0000][697.911s] GC(212) Eden regions: 288->0(285)
[2022-04-27T05:16:55.047+0000][697.911s] GC(212) Survivor regions: 19->22(39)
[2022-04-27T05:16:55.048+0000][697.911s] GC(212) Old regions: 48->48
[2022-04-27T05:16:55.048+0000][697.912s] GC(212) Humongous regions: 7->7
[2022-04-27T05:16:55.049+0000][697.912s] GC(212) Metaspace: 57156K->57156K(1101824K)
[2022-04-27T05:16:55.049+0000][697.913s] GC(212) Pause Young (Normal) (G1 Evacuation Pause) 360M->75M(512M) 20.152ms
[2022-04-27T05:16:55.049+0000][697.913s] GC(212) User=0.10s Sys=0.01s Real=0.02s
[2022-04-27T05:16:58.261+0000][701.125s] GC(213) Pause Young (Normal) (G1 Evacuation Pause)
[2022-04-27T05:16:58.262+0000][701.125s] GC(213) Using 8 workers of 8 for evacuation
[2022-04-27T05:16:58.270+0000][701.133s] GC(213)   Pre Evacuate Collection Set: 0.0ms
[2022-04-27T05:16:58.270+0000][701.134s] GC(213)   Evacuate Collection Set: 5.1ms
[2022-04-27T05:16:58.271+0000][701.134s] GC(213)   Post Evacuate Collection Set: 2.3ms
[2022-04-27T05:16:58.271+0000][701.135s] GC(213)   Other: 1.0ms
[2022-04-27T05:16:58.272+0000][701.135s] GC(213) Eden regions: 285->0(286)
[2022-04-27T05:16:58.272+0000][701.136s] GC(213) Survivor regions: 22->21(39)
[2022-04-27T05:16:58.272+0000][701.136s] GC(213) Old regions: 48->48
[2022-04-27T05:16:58.273+0000][701.136s] GC(213) Humongous regions: 7->7
[2022-04-27T05:16:58.273+0000][701.137s] GC(213) Metaspace: 57156K->57156K(1101824K)
[2022-04-27T05:16:58.273+0000][701.137s] GC(213) Pause Young (Normal) (G1 Evacuation Pause) 360M->74M(512M) 11.885ms
[2022-04-27T05:16:58.274+0000][701.137s] GC(213) User=0.05s Sys=0.00s Real=0.01s
[2022-04-27T05:16:59.971+0000][702.835s] GC(214) Pause Young (Normal) (G1 Evacuation Pause)
[2022-04-27T05:16:59.971+0000][702.835s] GC(214) Using 8 workers of 8 for evacuation
[2022-04-27T05:16:59.979+0000][702.842s] GC(214)   Pre Evacuate Collection Set: 0.0ms
[2022-04-27T05:16:59.979+0000][702.843s] GC(214)   Evacuate Collection Set: 2.6ms
[2022-04-27T05:16:59.979+0000][702.843s] GC(214)   Post Evacuate Collection Set: 4.2ms
[2022-04-27T05:16:59.980+0000][702.843s] GC(214)   Other: 0.7ms
[2022-04-27T05:16:59.980+0000][702.844s] GC(214) Eden regions: 286->0(288)
[2022-04-27T05:16:59.980+0000][702.844s] GC(214) Survivor regions: 21->19(39)
[2022-04-27T05:16:59.981+0000][702.844s] GC(214) Old regions: 48->48
[2022-04-27T05:16:59.981+0000][702.845s] GC(214) Humongous regions: 7->7
[2022-04-27T05:16:59.981+0000][702.845s] GC(214) Metaspace: 57156K->57156K(1101824K)
[2022-04-27T05:16:59.982+0000][702.845s] GC(214) Pause Young (Normal) (G1 Evacuation Pause) 360M->72M(512M) 10.540ms
[2022-04-27T05:16:59.982+0000][702.846s] GC(214) User=0.05s Sys=0.01s Real=0.01s
[2022-04-27T05:17:02.181+0000][705.045s] GC(215) Pause Young (Normal) (G1 Evacuation Pause)
[2022-04-27T05:17:02.182+0000][705.045s] GC(215) Using 8 workers of 8 for evacuation
[2022-04-27T05:17:02.190+0000][705.053s] GC(215)   Pre Evacuate Collection Set: 0.0ms
[2022-04-27T05:17:02.190+0000][705.054s] GC(215)   Evacuate Collection Set: 5.5ms
[2022-04-27T05:17:02.191+0000][705.054s] GC(215)   Post Evacuate Collection Set: 2.2ms
[2022-04-27T05:17:02.191+0000][705.055s] GC(215)   Other: 0.9ms
[2022-04-27T05:17:02.192+0000][705.055s] GC(215) Eden regions: 288->0(287)
[2022-04-27T05:17:02.192+0000][705.056s] GC(215) Survivor regions: 19->20(39)
[2022-04-27T05:17:02.192+0000][705.056s] GC(215) Old regions: 48->48
[2022-04-27T05:17:02.193+0000][705.056s] GC(215) Humongous regions: 7->7
[2022-04-27T05:17:02.193+0000][705.057s] GC(215) Metaspace: 57156K->57156K(1101824K)
[2022-04-27T05:17:02.193+0000][705.057s] GC(215) Pause Young (Normal) (G1 Evacuation Pause) 360M->73M(512M) 12.253ms
[2022-04-27T05:17:02.194+0000][705.057s] GC(215) User=0.05s Sys=0.00s Real=0.01s
[2022-04-27T05:17:03.999+0000][706.863s] GC(216) Pause Young (Normal) (G1 Evacuation Pause)
[2022-04-27T05:17:04.001+0000][706.864s] GC(216) Using 8 workers of 8 for evacuation
[2022-04-27T05:17:04.010+0000][706.873s] GC(216)   Pre Evacuate Collection Set: 0.0ms
[2022-04-27T05:17:04.010+0000][706.874s] GC(216)   Evacuate Collection Set: 6.0ms
[2022-04-27T05:17:04.011+0000][706.874s] GC(216)   Post Evacuate Collection Set: 2.7ms
[2022-04-27T05:17:04.011+0000][706.874s] GC(216)   Other: 1.7ms
[2022-04-27T05:17:04.011+0000][706.875s] GC(216) Eden regions: 287->0(284)
[2022-04-27T05:17:04.011+0000][706.875s] GC(216) Survivor regions: 20->23(39)
[2022-04-27T05:17:04.012+0000][706.875s] GC(216) Old regions: 48->48
[2022-04-27T05:17:04.012+0000][706.876s] GC(216) Humongous regions: 7->7
[2022-04-27T05:17:04.012+0000][706.876s] GC(216) Metaspace: 57156K->57156K(1101824K)
[2022-04-27T05:17:04.012+0000][706.876s] GC(216) Pause Young (Normal) (G1 Evacuation Pause) 360M->76M(512M) 12.862ms
[2022-04-27T05:17:04.012+0000][706.876s] GC(216) User=0.05s Sys=0.01s Real=0.02s
[2022-04-27T05:17:07.332+0000][710.196s] GC(217) Pause Young (Normal) (G1 Evacuation Pause)
[2022-04-27T05:17:07.333+0000][710.196s] GC(217) Using 8 workers of 8 for evacuation
[2022-04-27T05:17:07.348+0000][710.211s] GC(217)   Pre Evacuate Collection Set: 0.0ms
[2022-04-27T05:17:07.348+0000][710.212s] GC(217)   Evacuate Collection Set: 8.3ms
[2022-04-27T05:17:07.348+0000][710.212s] GC(217)   Post Evacuate Collection Set: 6.0ms
[2022-04-27T05:17:07.349+0000][710.212s] GC(217)   Other: 0.9ms
[2022-04-27T05:17:07.349+0000][710.213s] GC(217) Eden regions: 284->0(285)
[2022-04-27T05:17:07.349+0000][710.213s] GC(217) Survivor regions: 23->22(39)
[2022-04-27T05:17:07.350+0000][710.213s] GC(217) Old regions: 48->49
[2022-04-27T05:17:07.350+0000][710.213s] GC(217) Humongous regions: 7->7
[2022-04-27T05:17:07.350+0000][710.214s] GC(217) Metaspace: 57157K->57157K(1101824K)
[2022-04-27T05:17:07.350+0000][710.214s] GC(217) Pause Young (Normal) (G1 Evacuation Pause) 360M->75M(512M) 17.838ms
[2022-04-27T05:17:07.350+0000][710.214s] GC(217) User=0.10s Sys=0.00s Real=0.01s
[2022-04-27T05:17:09.592+0000][712.456s] GC(218) Pause Young (Normal) (G1 Evacuation Pause)
[2022-04-27T05:17:09.592+0000][712.456s] GC(218) Using 8 workers of 8 for evacuation
[2022-04-27T05:17:09.602+0000][712.465s] GC(218)   Pre Evacuate Collection Set: 0.0ms
[2022-04-27T05:17:09.603+0000][712.466s] GC(218)   Evacuate Collection Set: 4.3ms
[2022-04-27T05:17:09.603+0000][712.467s] GC(218)   Post Evacuate Collection Set: 4.7ms
[2022-04-27T05:17:09.603+0000][712.467s] GC(218)   Other: 0.6ms
[2022-04-27T05:17:09.604+0000][712.467s] GC(218) Eden regions: 285->0(287)
[2022-04-27T05:17:09.604+0000][712.468s] GC(218) Survivor regions: 22->20(39)
[2022-04-27T05:17:09.605+0000][712.468s] GC(218) Old regions: 49->49
[2022-04-27T05:17:09.605+0000][712.469s] GC(218) Humongous regions: 7->7
[2022-04-27T05:17:09.605+0000][712.469s] GC(218) Metaspace: 57157K->57157K(1101824K)
[2022-04-27T05:17:09.606+0000][712.470s] GC(218) Pause Young (Normal) (G1 Evacuation Pause) 360M->73M(512M) 14.103ms
[2022-04-27T05:17:09.607+0000][712.470s] GC(218) User=0.05s Sys=0.01s Real=0.01s
[2022-04-27T05:17:12.171+0000][715.035s] GC(219) Pause Young (Normal) (G1 Evacuation Pause)
[2022-04-27T05:17:12.171+0000][715.035s] GC(219) Using 8 workers of 8 for evacuation
[2022-04-27T05:17:12.180+0000][715.044s] GC(219)   Pre Evacuate Collection Set: 0.0ms
[2022-04-27T05:17:12.180+0000][715.044s] GC(219)   Evacuate Collection Set: 4.9ms
[2022-04-27T05:17:12.181+0000][715.044s] GC(219)   Post Evacuate Collection Set: 3.3ms
[2022-04-27T05:17:12.181+0000][715.045s] GC(219)   Other: 0.8ms
[2022-04-27T05:17:12.181+0000][715.045s] GC(219) Eden regions: 287->0(284)
[2022-04-27T05:17:12.182+0000][715.045s] GC(219) Survivor regions: 20->23(39)
[2022-04-27T05:17:12.182+0000][715.046s] GC(219) Old regions: 49->49
[2022-04-27T05:17:12.182+0000][715.046s] GC(219) Humongous regions: 7->7
[2022-04-27T05:17:12.182+0000][715.046s] GC(219) Metaspace: 57157K->57157K(1101824K)
[2022-04-27T05:17:12.183+0000][715.046s] GC(219) Pause Young (Normal) (G1 Evacuation Pause) 360M->76M(512M) 11.631ms
[2022-04-27T05:17:12.183+0000][715.047s] GC(219) User=0.05s Sys=0.02s Real=0.01s
[2022-04-27T05:17:13.988+0000][716.852s] GC(220) Pause Young (Normal) (G1 Evacuation Pause)
[2022-04-27T05:17:13.989+0000][716.853s] GC(220) Using 8 workers of 8 for evacuation
[2022-04-27T05:17:14.000+0000][716.863s] GC(220)   Pre Evacuate Collection Set: 0.1ms
[2022-04-27T05:17:14.000+0000][716.864s] GC(220)   Evacuate Collection Set: 3.7ms
[2022-04-27T05:17:14.000+0000][716.864s] GC(220)   Post Evacuate Collection Set: 6.2ms
[2022-04-27T05:17:14.001+0000][716.864s] GC(220)   Other: 1.0ms
[2022-04-27T05:17:14.001+0000][716.865s] GC(220) Eden regions: 284->0(287)
[2022-04-27T05:17:14.001+0000][716.865s] GC(220) Survivor regions: 23->20(39)
[2022-04-27T05:17:14.002+0000][716.866s] GC(220) Old regions: 49->49
[2022-04-27T05:17:14.002+0000][716.866s] GC(220) Humongous regions: 7->7
[2022-04-27T05:17:14.003+0000][716.866s] GC(220) Metaspace: 57157K->57157K(1101824K)
[2022-04-27T05:17:14.003+0000][716.867s] GC(220) Pause Young (Normal) (G1 Evacuation Pause) 360M->73M(512M) 14.798ms
[2022-04-27T05:17:14.004+0000][716.867s] GC(220) User=0.07s Sys=0.00s Real=0.02s
[2022-04-27T05:17:16.219+0000][719.083s] GC(221) Pause Young (Normal) (G1 Evacuation Pause)
[2022-04-27T05:17:16.220+0000][719.083s] GC(221) Using 8 workers of 8 for evacuation
[2022-04-27T05:17:16.227+0000][719.091s] GC(221)   Pre Evacuate Collection Set: 0.0ms
[2022-04-27T05:17:16.227+0000][719.091s] GC(221)   Evacuate Collection Set: 4.4ms
[2022-04-27T05:17:16.228+0000][719.091s] GC(221)   Post Evacuate Collection Set: 2.5ms
[2022-04-27T05:17:16.228+0000][719.092s] GC(221)   Other: 0.8ms
[2022-04-27T05:17:16.229+0000][719.092s] GC(221) Eden regions: 287->0(288)
[2022-04-27T05:17:16.229+0000][719.093s] GC(221) Survivor regions: 20->19(39)
[2022-04-27T05:17:16.229+0000][719.093s] GC(221) Old regions: 49->49
[2022-04-27T05:17:16.230+0000][719.093s] GC(221) Humongous regions: 7->7
[2022-04-27T05:17:16.230+0000][719.094s] GC(221) Metaspace: 57157K->57157K(1101824K)
[2022-04-27T05:17:16.230+0000][719.094s] GC(221) Pause Young (Normal) (G1 Evacuation Pause) 360M->72M(512M) 11.275ms
[2022-04-27T05:17:16.231+0000][719.094s] GC(221) User=0.05s Sys=0.00s Real=0.01s
[2022-04-27T05:17:17.892+0000][720.756s] GC(222) Pause Young (Normal) (G1 Evacuation Pause)
[2022-04-27T05:17:17.892+0000][720.756s] GC(222) Using 8 workers of 8 for evacuation
[2022-04-27T05:17:17.900+0000][720.764s] GC(222)   Pre Evacuate Collection Set: 0.0ms
[2022-04-27T05:17:17.900+0000][720.764s] GC(222)   Evacuate Collection Set: 4.0ms
[2022-04-27T05:17:17.901+0000][720.764s] GC(222)   Post Evacuate Collection Set: 3.2ms
[2022-04-27T05:17:17.901+0000][720.765s] GC(222)   Other: 0.7ms
[2022-04-27T05:17:17.901+0000][720.765s] GC(222) Eden regions: 288->0(285)
[2022-04-27T05:17:17.902+0000][720.765s] GC(222) Survivor regions: 19->22(39)
[2022-04-27T05:17:17.902+0000][720.765s] GC(222) Old regions: 49->49
[2022-04-27T05:17:17.902+0000][720.766s] GC(222) Humongous regions: 7->7
[2022-04-27T05:17:17.902+0000][720.766s] GC(222) Metaspace: 57157K->57157K(1101824K)
[2022-04-27T05:17:17.903+0000][720.766s] GC(222) Pause Young (Normal) (G1 Evacuation Pause) 360M->75M(512M) 10.623ms
[2022-04-27T05:17:17.903+0000][720.767s] GC(222) User=0.05s Sys=0.00s Real=0.01s
[2022-04-27T05:17:20.009+0000][722.873s] GC(223) Pause Young (Normal) (G1 Evacuation Pause)
[2022-04-27T05:17:20.009+0000][722.873s] GC(223) Using 8 workers of 8 for evacuation
[2022-04-27T05:17:20.016+0000][722.880s] GC(223)   Pre Evacuate Collection Set: 0.0ms
[2022-04-27T05:17:20.017+0000][722.881s] GC(223)   Evacuate Collection Set: 3.7ms
[2022-04-27T05:17:20.017+0000][722.881s] GC(223)   Post Evacuate Collection Set: 2.9ms
[2022-04-27T05:17:20.018+0000][722.882s] GC(223)   Other: 0.9ms
[2022-04-27T05:17:20.018+0000][722.882s] GC(223) Eden regions: 285->0(290)
[2022-04-27T05:17:20.019+0000][722.882s] GC(223) Survivor regions: 22->17(39)
[2022-04-27T05:17:20.019+0000][722.883s] GC(223) Old regions: 49->49
[2022-04-27T05:17:20.019+0000][722.883s] GC(223) Humongous regions: 7->7
[2022-04-27T05:17:20.020+0000][722.883s] GC(223) Metaspace: 57157K->57157K(1101824K)
[2022-04-27T05:17:20.020+0000][722.883s] GC(223) Pause Young (Normal) (G1 Evacuation Pause) 360M->70M(512M) 10.825ms
[2022-04-27T05:17:20.020+0000][722.884s] GC(223) User=0.05s Sys=0.00s Real=0.01s
[2022-04-27T05:17:21.795+0000][724.659s] GC(224) Pause Young (Normal) (G1 Evacuation Pause)
[2022-04-27T05:17:21.796+0000][724.659s] GC(224) Using 8 workers of 8 for evacuation
[2022-04-27T05:17:21.803+0000][724.667s] GC(224)   Pre Evacuate Collection Set: 0.0ms
[2022-04-27T05:17:21.804+0000][724.667s] GC(224)   Evacuate Collection Set: 4.3ms
[2022-04-27T05:17:21.804+0000][724.668s] GC(224)   Post Evacuate Collection Set: 3.1ms
[2022-04-27T05:17:21.804+0000][724.668s] GC(224)   Other: 0.7ms
[2022-04-27T05:17:21.805+0000][724.668s] GC(224) Eden regions: 290->0(285)
[2022-04-27T05:17:21.805+0000][724.669s] GC(224) Survivor regions: 17->22(39)
[2022-04-27T05:17:21.805+0000][724.669s] GC(224) Old regions: 49->49
[2022-04-27T05:17:21.806+0000][724.669s] GC(224) Humongous regions: 7->7
[2022-04-27T05:17:21.806+0000][724.669s] GC(224) Metaspace: 57157K->57157K(1101824K)
[2022-04-27T05:17:21.806+0000][724.670s] GC(224) Pause Young (Normal) (G1 Evacuation Pause) 360M->75M(512M) 10.846ms
[2022-04-27T05:17:21.806+0000][724.670s] GC(224) User=0.05s Sys=0.00s Real=0.01s
[2022-04-27T05:17:23.521+0000][726.385s] GC(225) Pause Young (Normal) (G1 Evacuation Pause)
[2022-04-27T05:17:23.521+0000][726.385s] GC(225) Using 8 workers of 8 for evacuation
[2022-04-27T05:17:23.528+0000][726.391s] GC(225)   Pre Evacuate Collection Set: 0.0ms
[2022-04-27T05:17:23.528+0000][726.392s] GC(225)   Evacuate Collection Set: 3.2ms
[2022-04-27T05:17:23.528+0000][726.392s] GC(225)   Post Evacuate Collection Set: 2.5ms
[2022-04-27T05:17:23.529+0000][726.393s] GC(225)   Other: 1.0ms
[2022-04-27T05:17:23.529+0000][726.393s] GC(225) Eden regions: 285->0(291)
[2022-04-27T05:17:23.530+0000][726.393s] GC(225) Survivor regions: 22->16(39)
[2022-04-27T05:17:23.530+0000][726.394s] GC(225) Old regions: 49->49
[2022-04-27T05:17:23.531+0000][726.394s] GC(225) Humongous regions: 7->7
[2022-04-27T05:17:23.531+0000][726.394s] GC(225) Metaspace: 57157K->57157K(1101824K)
[2022-04-27T05:17:23.531+0000][726.395s] GC(225) Pause Young (Normal) (G1 Evacuation Pause) 360M->70M(512M) 10.284ms
[2022-04-27T05:17:23.531+0000][726.395s] GC(225) User=0.04s Sys=0.01s Real=0.01s
[2022-04-27T05:17:25.829+0000][728.693s] GC(226) Pause Young (Normal) (G1 Evacuation Pause)
[2022-04-27T05:17:25.830+0000][728.693s] GC(226) Using 8 workers of 8 for evacuation
[2022-04-27T05:17:25.838+0000][728.702s] GC(226)   Pre Evacuate Collection Set: 0.0ms
[2022-04-27T05:17:25.839+0000][728.703s] GC(226)   Evacuate Collection Set: 6.1ms
[2022-04-27T05:17:25.839+0000][728.703s] GC(226)   Post Evacuate Collection Set: 2.3ms
[2022-04-27T05:17:25.840+0000][728.703s] GC(226)   Other: 0.6ms
[2022-04-27T05:17:25.840+0000][728.704s] GC(226) Eden regions: 291->0(285)
[2022-04-27T05:17:25.841+0000][728.704s] GC(226) Survivor regions: 16->22(39)
[2022-04-27T05:17:25.841+0000][728.705s] GC(226) Old regions: 49->49
[2022-04-27T05:17:25.841+0000][728.705s] GC(226) Humongous regions: 7->7
[2022-04-27T05:17:25.842+0000][728.705s] GC(226) Metaspace: 57157K->57157K(1101824K)
[2022-04-27T05:17:25.842+0000][728.706s] GC(226) Pause Young (Normal) (G1 Evacuation Pause) 361M->76M(512M) 12.800ms
[2022-04-27T05:17:25.843+0000][728.706s] GC(226) User=0.05s Sys=0.00s Real=0.02s
[2022-04-27T05:17:27.686+0000][730.549s] GC(227) Pause Young (Normal) (G1 Evacuation Pause)
[2022-04-27T05:17:27.686+0000][730.550s] GC(227) Using 8 workers of 8 for evacuation
[2022-04-27T05:17:27.692+0000][730.556s] GC(227)   Pre Evacuate Collection Set: 0.0ms
[2022-04-27T05:17:27.693+0000][730.556s] GC(227)   Evacuate Collection Set: 3.9ms
[2022-04-27T05:17:27.693+0000][730.557s] GC(227)   Post Evacuate Collection Set: 2.1ms
[2022-04-27T05:17:27.693+0000][730.557s] GC(227)   Other: 0.7ms
[2022-04-27T05:17:27.694+0000][730.557s] GC(227) Eden regions: 285->0(291)
[2022-04-27T05:17:27.694+0000][730.558s] GC(227) Survivor regions: 22->16(39)
[2022-04-27T05:17:27.694+0000][730.558s] GC(227) Old regions: 49->53
[2022-04-27T05:17:27.695+0000][730.558s] GC(227) Humongous regions: 7->7
[2022-04-27T05:17:27.695+0000][730.559s] GC(227) Metaspace: 57158K->57158K(1101824K)
[2022-04-27T05:17:27.695+0000][730.559s] GC(227) Pause Young (Normal) (G1 Evacuation Pause) 361M->73M(512M) 9.641ms
[2022-04-27T05:17:27.696+0000][730.559s] GC(227) User=0.04s Sys=0.00s Real=0.01s
[2022-04-27T05:17:30.079+0000][732.942s] GC(228) Pause Young (Normal) (G1 Evacuation Pause)
[2022-04-27T05:17:30.079+0000][732.943s] GC(228) Using 8 workers of 8 for evacuation
[2022-04-27T05:17:30.092+0000][732.956s] GC(228)   Pre Evacuate Collection Set: 0.0ms
[2022-04-27T05:17:30.092+0000][732.956s] GC(228)   Evacuate Collection Set: 4.8ms
[2022-04-27T05:17:30.093+0000][732.956s] GC(228)   Post Evacuate Collection Set: 7.8ms
[2022-04-27T05:17:30.093+0000][732.957s] GC(228)   Other: 0.8ms
[2022-04-27T05:17:30.093+0000][732.957s] GC(228) Eden regions: 291->0(285)
[2022-04-27T05:17:30.094+0000][732.957s] GC(228) Survivor regions: 16->22(39)
[2022-04-27T05:17:30.094+0000][732.957s] GC(228) Old regions: 53->53
[2022-04-27T05:17:30.094+0000][732.958s] GC(228) Humongous regions: 7->7
[2022-04-27T05:17:30.094+0000][732.958s] GC(228) Metaspace: 57158K->57158K(1101824K)
[2022-04-27T05:17:30.095+0000][732.958s] GC(228) Pause Young (Normal) (G1 Evacuation Pause) 364M->80M(512M) 15.820ms
[2022-04-27T05:17:30.095+0000][732.959s] GC(228) User=0.09s Sys=0.00s Real=0.02s
[2022-04-27T05:17:31.883+0000][734.747s] GC(229) Pause Young (Normal) (G1 Evacuation Pause)
[2022-04-27T05:17:31.884+0000][734.747s] GC(229) Using 8 workers of 8 for evacuation
[2022-04-27T05:17:31.890+0000][734.754s] GC(229)   Pre Evacuate Collection Set: 0.0ms
[2022-04-27T05:17:31.891+0000][734.754s] GC(229)   Evacuate Collection Set: 4.3ms
[2022-04-27T05:17:31.891+0000][734.755s] GC(229)   Post Evacuate Collection Set: 1.9ms
[2022-04-27T05:17:31.891+0000][734.755s] GC(229)   Other: 0.8ms
[2022-04-27T05:17:31.892+0000][734.755s] GC(229) Eden regions: 285->0(290)
[2022-04-27T05:17:31.892+0000][734.756s] GC(229) Survivor regions: 22->17(39)
[2022-04-27T05:17:31.892+0000][734.756s] GC(229) Old regions: 53->53
[2022-04-27T05:17:31.893+0000][734.756s] GC(229) Humongous regions: 7->7
[2022-04-27T05:17:31.893+0000][734.757s] GC(229) Metaspace: 57158K->57158K(1101824K)
[2022-04-27T05:17:31.893+0000][734.757s] GC(229) Pause Young (Normal) (G1 Evacuation Pause) 365M->75M(512M) 10.061ms
[2022-04-27T05:17:31.894+0000][734.757s] GC(229) User=0.04s Sys=0.01s Real=0.01s
[2022-04-27T05:17:34.350+0000][737.213s] GC(230) Pause Young (Normal) (G1 Evacuation Pause)
[2022-04-27T05:17:34.350+0000][737.214s] GC(230) Using 8 workers of 8 for evacuation
[2022-04-27T05:17:34.359+0000][737.223s] GC(230)   Pre Evacuate Collection Set: 0.0ms
[2022-04-27T05:17:34.359+0000][737.223s] GC(230)   Evacuate Collection Set: 4.4ms
[2022-04-27T05:17:34.360+0000][737.223s] GC(230)   Post Evacuate Collection Set: 4.0ms
[2022-04-27T05:17:34.360+0000][737.224s] GC(230)   Other: 1.0ms
[2022-04-27T05:17:34.360+0000][737.224s] GC(230) Eden regions: 290->0(286)
[2022-04-27T05:17:34.361+0000][737.224s] GC(230) Survivor regions: 17->21(39)
[2022-04-27T05:17:34.361+0000][737.225s] GC(230) Old regions: 53->53
[2022-04-27T05:17:34.361+0000][737.225s] GC(230) Humongous regions: 7->7
[2022-04-27T05:17:34.362+0000][737.226s] GC(230) Metaspace: 57158K->57158K(1101824K)
[2022-04-27T05:17:34.362+0000][737.226s] GC(230) Pause Young (Normal) (G1 Evacuation Pause) 365M->79M(512M) 12.565ms
[2022-04-27T05:17:34.363+0000][737.226s] GC(230) User=0.04s Sys=0.02s Real=0.02s
[2022-04-27T05:17:36.056+0000][738.920s] GC(231) Pause Young (Normal) (G1 Evacuation Pause)
[2022-04-27T05:17:36.056+0000][738.920s] GC(231) Using 8 workers of 8 for evacuation
[2022-04-27T05:17:36.063+0000][738.927s] GC(231)   Pre Evacuate Collection Set: 0.0ms
[2022-04-27T05:17:36.063+0000][738.927s] GC(231)   Evacuate Collection Set: 3.8ms
[2022-04-27T05:17:36.064+0000][738.927s] GC(231)   Post Evacuate Collection Set: 2.4ms
[2022-04-27T05:17:36.064+0000][738.928s] GC(231)   Other: 0.8ms
[2022-04-27T05:17:36.065+0000][738.928s] GC(231) Eden regions: 286->0(289)
[2022-04-27T05:17:36.065+0000][738.929s] GC(231) Survivor regions: 21->18(39)
[2022-04-27T05:17:36.065+0000][738.929s] GC(231) Old regions: 53->53
[2022-04-27T05:17:36.066+0000][738.929s] GC(231) Humongous regions: 7->7
[2022-04-27T05:17:36.066+0000][738.930s] GC(231) Metaspace: 57158K->57158K(1101824K)
[2022-04-27T05:17:36.066+0000][738.930s] GC(231) Pause Young (Normal) (G1 Evacuation Pause) 365M->76M(512M) 10.413ms
[2022-04-27T05:17:36.067+0000][738.930s] GC(231) User=0.04s Sys=0.00s Real=0.01s
[2022-04-27T05:17:38.496+0000][741.359s] GC(232) Pause Young (Normal) (G1 Evacuation Pause)
[2022-04-27T05:17:38.496+0000][741.360s] GC(232) Using 8 workers of 8 for evacuation
[2022-04-27T05:17:38.504+0000][741.368s] GC(232)   Pre Evacuate Collection Set: 0.0ms
[2022-04-27T05:17:38.505+0000][741.369s] GC(232)   Evacuate Collection Set: 4.8ms
[2022-04-27T05:17:38.505+0000][741.369s] GC(232)   Post Evacuate Collection Set: 3.3ms
[2022-04-27T05:17:38.506+0000][741.369s] GC(232)   Other: 0.9ms
[2022-04-27T05:17:38.506+0000][741.370s] GC(232) Eden regions: 289->0(286)
[2022-04-27T05:17:38.506+0000][741.370s] GC(232) Survivor regions: 18->21(39)
[2022-04-27T05:17:38.507+0000][741.370s] GC(232) Old regions: 53->53
[2022-04-27T05:17:38.507+0000][741.371s] GC(232) Humongous regions: 7->7
[2022-04-27T05:17:38.507+0000][741.371s] GC(232) Metaspace: 57158K->57158K(1101824K)
[2022-04-27T05:17:38.508+0000][741.372s] GC(232) Pause Young (Normal) (G1 Evacuation Pause) 365M->79M(512M) 12.327ms
[2022-04-27T05:17:38.508+0000][741.372s] GC(232) User=0.05s Sys=0.00s Real=0.01s
[2022-04-27T05:17:40.376+0000][743.240s] GC(233) Pause Young (Normal) (G1 Evacuation Pause)
[2022-04-27T05:17:40.377+0000][743.240s] GC(233) Using 8 workers of 8 for evacuation
[2022-04-27T05:17:40.383+0000][743.246s] GC(233)   Pre Evacuate Collection Set: 0.0ms
[2022-04-27T05:17:40.383+0000][743.247s] GC(233)   Evacuate Collection Set: 3.6ms
[2022-04-27T05:17:40.384+0000][743.247s] GC(233)   Post Evacuate Collection Set: 2.3ms
[2022-04-27T05:17:40.384+0000][743.248s] GC(233)   Other: 0.9ms
[2022-04-27T05:17:40.384+0000][743.248s] GC(233) Eden regions: 286->0(289)
[2022-04-27T05:17:40.385+0000][743.249s] GC(233) Survivor regions: 21->18(39)
[2022-04-27T05:17:40.385+0000][743.249s] GC(233) Old regions: 53->53
[2022-04-27T05:17:40.386+0000][743.249s] GC(233) Humongous regions: 7->7
[2022-04-27T05:17:40.386+0000][743.249s] GC(233) Metaspace: 57158K->57158K(1101824K)
[2022-04-27T05:17:40.386+0000][743.250s] GC(233) Pause Young (Normal) (G1 Evacuation Pause) 365M->76M(512M) 10.017ms
[2022-04-27T05:17:40.386+0000][743.250s] GC(233) User=0.03s Sys=0.00s Real=0.01s
[2022-04-27T05:17:42.567+0000][745.430s] GC(234) Pause Young (Normal) (G1 Evacuation Pause)
[2022-04-27T05:17:42.567+0000][745.431s] GC(234) Using 8 workers of 8 for evacuation
[2022-04-27T05:17:42.576+0000][745.439s] GC(234)   Pre Evacuate Collection Set: 0.0ms
[2022-04-27T05:17:42.576+0000][745.440s] GC(234)   Evacuate Collection Set: 4.4ms
[2022-04-27T05:17:42.577+0000][745.440s] GC(234)   Post Evacuate Collection Set: 3.9ms
[2022-04-27T05:17:42.577+0000][745.441s] GC(234)   Other: 0.9ms
[2022-04-27T05:17:42.577+0000][745.441s] GC(234) Eden regions: 289->0(287)
[2022-04-27T05:17:42.578+0000][745.441s] GC(234) Survivor regions: 18->20(39)
[2022-04-27T05:17:42.578+0000][745.442s] GC(234) Old regions: 53->53
[2022-04-27T05:17:42.578+0000][745.442s] GC(234) Humongous regions: 7->7
[2022-04-27T05:17:42.579+0000][745.442s] GC(234) Metaspace: 57158K->57158K(1101824K)
[2022-04-27T05:17:42.579+0000][745.443s] GC(234) Pause Young (Normal) (G1 Evacuation Pause) 365M->78M(512M) 12.349ms
[2022-04-27T05:17:42.579+0000][745.443s] GC(234) User=0.06s Sys=0.00s Real=0.01s
[2022-04-27T05:17:44.269+0000][747.133s] GC(235) Pause Young (Normal) (G1 Evacuation Pause)
[2022-04-27T05:17:44.269+0000][747.133s] GC(235) Using 8 workers of 8 for evacuation
[2022-04-27T05:17:44.276+0000][747.140s] GC(235)   Pre Evacuate Collection Set: 0.0ms
[2022-04-27T05:17:44.276+0000][747.140s] GC(235)   Evacuate Collection Set: 4.1ms
[2022-04-27T05:17:44.277+0000][747.140s] GC(235)   Post Evacuate Collection Set: 2.0ms
[2022-04-27T05:17:44.277+0000][747.141s] GC(235)   Other: 0.8ms
[2022-04-27T05:17:44.277+0000][747.141s] GC(235) Eden regions: 287->0(288)
[2022-04-27T05:17:44.278+0000][747.141s] GC(235) Survivor regions: 20->19(39)
[2022-04-27T05:17:44.278+0000][747.142s] GC(235) Old regions: 53->53
[2022-04-27T05:17:44.278+0000][747.142s] GC(235) Humongous regions: 7->7
[2022-04-27T05:17:44.279+0000][747.142s] GC(235) Metaspace: 57158K->57158K(1101824K)
[2022-04-27T05:17:44.279+0000][747.142s] GC(235) Pause Young (Normal) (G1 Evacuation Pause) 365M->77M(512M) 9.884ms
[2022-04-27T05:17:44.279+0000][747.143s] GC(235) User=0.05s Sys=0.00s Real=0.01s
[2022-04-27T05:17:46.450+0000][749.313s] GC(236) Pause Young (Normal) (G1 Evacuation Pause)
[2022-04-27T05:17:46.450+0000][749.314s] GC(236) Using 8 workers of 8 for evacuation
[2022-04-27T05:17:46.458+0000][749.322s] GC(236)   Pre Evacuate Collection Set: 0.0ms
[2022-04-27T05:17:46.459+0000][749.322s] GC(236)   Evacuate Collection Set: 3.7ms
[2022-04-27T05:17:46.459+0000][749.323s] GC(236)   Post Evacuate Collection Set: 3.8ms
[2022-04-27T05:17:46.459+0000][749.323s] GC(236)   Other: 1.1ms
[2022-04-27T05:17:46.460+0000][749.324s] GC(236) Eden regions: 288->0(288)
[2022-04-27T05:17:46.460+0000][749.324s] GC(236) Survivor regions: 19->19(39)
[2022-04-27T05:17:46.461+0000][749.324s] GC(236) Old regions: 53->53
[2022-04-27T05:17:46.461+0000][749.325s] GC(236) Humongous regions: 7->7
[2022-04-27T05:17:46.462+0000][749.325s] GC(236) Metaspace: 57161K->57161K(1101824K)
[2022-04-27T05:17:46.462+0000][749.326s] GC(236) Pause Young (Normal) (G1 Evacuation Pause) 365M->77M(512M) 12.289ms
[2022-04-27T05:17:46.462+0000][749.326s] GC(236) User=0.04s Sys=0.02s Real=0.02s
[2022-04-27T05:17:48.113+0000][750.976s] GC(237) Pause Young (Normal) (G1 Evacuation Pause)
[2022-04-27T05:17:48.113+0000][750.977s] GC(237) Using 8 workers of 8 for evacuation
[2022-04-27T05:17:48.120+0000][750.983s] GC(237)   Pre Evacuate Collection Set: 0.0ms
[2022-04-27T05:17:48.120+0000][750.984s] GC(237)   Evacuate Collection Set: 4.3ms
[2022-04-27T05:17:48.121+0000][750.984s] GC(237)   Post Evacuate Collection Set: 2.3ms
[2022-04-27T05:17:48.121+0000][750.984s] GC(237)   Other: 0.7ms
[2022-04-27T05:17:48.121+0000][750.985s] GC(237) Eden regions: 288->0(289)
[2022-04-27T05:17:48.121+0000][750.985s] GC(237) Survivor regions: 19->18(39)
[2022-04-27T05:17:48.122+0000][750.985s] GC(237) Old regions: 53->53
[2022-04-27T05:17:48.122+0000][750.986s] GC(237) Humongous regions: 7->7
[2022-04-27T05:17:48.122+0000][750.986s] GC(237) Metaspace: 57161K->57161K(1101824K)
[2022-04-27T05:17:48.123+0000][750.986s] GC(237) Pause Young (Normal) (G1 Evacuation Pause) 365M->76M(512M) 9.969ms
[2022-04-27T05:17:48.123+0000][750.986s] GC(237) User=0.04s Sys=0.01s Real=0.01s
[2022-04-27T05:17:50.043+0000][752.906s] GC(238) Pause Young (Normal) (G1 Evacuation Pause)
[2022-04-27T05:17:50.043+0000][752.907s] GC(238) Using 8 workers of 8 for evacuation
[2022-04-27T05:17:50.049+0000][752.913s] GC(238)   Pre Evacuate Collection Set: 0.0ms
[2022-04-27T05:17:50.050+0000][752.913s] GC(238)   Evacuate Collection Set: 3.7ms
[2022-04-27T05:17:50.050+0000][752.914s] GC(238)   Post Evacuate Collection Set: 2.2ms
[2022-04-27T05:17:50.050+0000][752.914s] GC(238)   Other: 0.5ms
[2022-04-27T05:17:50.051+0000][752.914s] GC(238) Eden regions: 289->0(290)
[2022-04-27T05:17:50.051+0000][752.914s] GC(238) Survivor regions: 18->17(39)
[2022-04-27T05:17:50.051+0000][752.915s] GC(238) Old regions: 53->53
[2022-04-27T05:17:50.051+0000][752.915s] GC(238) Humongous regions: 7->7
[2022-04-27T05:17:50.051+0000][752.915s] GC(238) Metaspace: 57161K->57161K(1101824K)
[2022-04-27T05:17:50.052+0000][752.915s] GC(238) Pause Young (Normal) (G1 Evacuation Pause) 365M->75M(512M) 8.788ms
[2022-04-27T05:17:50.052+0000][752.915s] GC(238) User=0.04s Sys=0.01s Real=0.01s
[2022-04-27T05:17:52.063+0000][754.927s] GC(239) Pause Young (Normal) (G1 Evacuation Pause)
[2022-04-27T05:17:52.064+0000][754.927s] GC(239) Using 8 workers of 8 for evacuation
[2022-04-27T05:17:52.071+0000][754.935s] GC(239)   Pre Evacuate Collection Set: 0.0ms
[2022-04-27T05:17:52.072+0000][754.936s] GC(239)   Evacuate Collection Set: 4.3ms
[2022-04-27T05:17:52.072+0000][754.936s] GC(239)   Post Evacuate Collection Set: 3.2ms
[2022-04-27T05:17:52.073+0000][754.936s] GC(239)   Other: 0.9ms
[2022-04-27T05:17:52.073+0000][754.937s] GC(239) Eden regions: 290->0(284)
[2022-04-27T05:17:52.073+0000][754.937s] GC(239) Survivor regions: 17->23(39)
[2022-04-27T05:17:52.074+0000][754.938s] GC(239) Old regions: 53->53
[2022-04-27T05:17:52.074+0000][754.938s] GC(239) Humongous regions: 7->7
[2022-04-27T05:17:52.075+0000][754.938s] GC(239) Metaspace: 57161K->57161K(1101824K)
[2022-04-27T05:17:52.075+0000][754.939s] GC(239) Pause Young (Normal) (G1 Evacuation Pause) 365M->81M(512M) 11.811ms
[2022-04-27T05:17:52.075+0000][754.939s] GC(239) User=0.05s Sys=0.00s Real=0.01s
[2022-04-27T05:17:53.796+0000][756.659s] GC(240) Pause Young (Normal) (G1 Evacuation Pause)
[2022-04-27T05:17:53.796+0000][756.660s] GC(240) Using 8 workers of 8 for evacuation
[2022-04-27T05:17:53.805+0000][756.669s] GC(240)   Pre Evacuate Collection Set: 0.0ms
[2022-04-27T05:17:53.806+0000][756.669s] GC(240)   Evacuate Collection Set: 3.7ms
[2022-04-27T05:17:53.806+0000][756.670s] GC(240)   Post Evacuate Collection Set: 5.0ms
[2022-04-27T05:17:53.806+0000][756.670s] GC(240)   Other: 1.0ms
[2022-04-27T05:17:53.807+0000][756.670s] GC(240) Eden regions: 284->0(290)
[2022-04-27T05:17:53.807+0000][756.670s] GC(240) Survivor regions: 23->17(39)
[2022-04-27T05:17:53.807+0000][756.671s] GC(240) Old regions: 53->54
[2022-04-27T05:17:53.807+0000][756.671s] GC(240) Humongous regions: 7->7
[2022-04-27T05:17:53.808+0000][756.671s] GC(240) Metaspace: 57161K->57161K(1101824K)
[2022-04-27T05:17:53.808+0000][756.672s] GC(240) Pause Young (Normal) (G1 Evacuation Pause) 365M->75M(512M) 12.510ms
[2022-04-27T05:17:53.808+0000][756.672s] GC(240) User=0.06s Sys=0.01s Real=0.01s
[2022-04-27T05:17:56.122+0000][758.986s] GC(241) Pause Young (Normal) (G1 Evacuation Pause)
[2022-04-27T05:17:56.123+0000][758.986s] GC(241) Using 8 workers of 8 for evacuation
[2022-04-27T05:17:56.131+0000][758.994s] GC(241)   Pre Evacuate Collection Set: 0.0ms
[2022-04-27T05:17:56.131+0000][758.995s] GC(241)   Evacuate Collection Set: 3.7ms
[2022-04-27T05:17:56.131+0000][758.995s] GC(241)   Post Evacuate Collection Set: 3.9ms
[2022-04-27T05:17:56.132+0000][758.995s] GC(241)   Other: 0.8ms
[2022-04-27T05:17:56.132+0000][758.996s] GC(241) Eden regions: 290->0(287)
[2022-04-27T05:17:56.132+0000][758.996s] GC(241) Survivor regions: 17->20(39)
[2022-04-27T05:17:56.133+0000][758.996s] GC(241) Old regions: 54->54
[2022-04-27T05:17:56.133+0000][758.997s] GC(241) Humongous regions: 7->7
[2022-04-27T05:17:56.133+0000][758.997s] GC(241) Metaspace: 57161K->57161K(1101824K)
[2022-04-27T05:17:56.134+0000][758.997s] GC(241) Pause Young (Normal) (G1 Evacuation Pause) 365M->78M(512M) 11.124ms
[2022-04-27T05:17:56.134+0000][758.998s] GC(241) User=0.04s Sys=0.01s Real=0.01s
[2022-04-27T05:17:58.123+0000][760.987s] GC(242) Pause Young (Normal) (G1 Evacuation Pause)
[2022-04-27T05:17:58.124+0000][760.987s] GC(242) Using 8 workers of 8 for evacuation
[2022-04-27T05:17:58.132+0000][760.996s] GC(242)   Pre Evacuate Collection Set: 0.1ms
[2022-04-27T05:17:58.132+0000][760.996s] GC(242)   Evacuate Collection Set: 4.9ms
[2022-04-27T05:17:58.133+0000][760.996s] GC(242)   Post Evacuate Collection Set: 2.8ms
[2022-04-27T05:17:58.133+0000][760.997s] GC(242)   Other: 0.9ms
[2022-04-27T05:17:58.133+0000][760.997s] GC(242) Eden regions: 287->0(288)
[2022-04-27T05:17:58.134+0000][760.997s] GC(242) Survivor regions: 20->19(39)
[2022-04-27T05:17:58.134+0000][760.998s] GC(242) Old regions: 54->54
[2022-04-27T05:17:58.134+0000][760.998s] GC(242) Humongous regions: 7->7
[2022-04-27T05:17:58.135+0000][760.998s] GC(242) Metaspace: 57161K->57161K(1101824K)
[2022-04-27T05:17:58.135+0000][760.999s] GC(242) Pause Young (Normal) (G1 Evacuation Pause) 365M->77M(512M) 11.610ms
[2022-04-27T05:17:58.135+0000][760.999s] GC(242) User=0.05s Sys=0.00s Real=0.01s
[2022-04-27T05:18:00.553+0000][763.417s] GC(243) Pause Young (Normal) (G1 Evacuation Pause)
[2022-04-27T05:18:00.554+0000][763.418s] GC(243) Using 8 workers of 8 for evacuation
[2022-04-27T05:18:00.562+0000][763.426s] GC(243)   Pre Evacuate Collection Set: 0.0ms
[2022-04-27T05:18:00.563+0000][763.426s] GC(243)   Evacuate Collection Set: 4.5ms
[2022-04-27T05:18:00.563+0000][763.427s] GC(243)   Post Evacuate Collection Set: 3.5ms
[2022-04-27T05:18:00.564+0000][763.427s] GC(243)   Other: 0.9ms
[2022-04-27T05:18:00.564+0000][763.427s] GC(243) Eden regions: 288->0(286)
[2022-04-27T05:18:00.564+0000][763.428s] GC(243) Survivor regions: 19->21(39)
[2022-04-27T05:18:00.565+0000][763.428s] GC(243) Old regions: 54->54
[2022-04-27T05:18:00.565+0000][763.429s] GC(243) Humongous regions: 7->7
[2022-04-27T05:18:00.565+0000][763.429s] GC(243) Metaspace: 57161K->57161K(1101824K)
[2022-04-27T05:18:00.565+0000][763.429s] GC(243) Pause Young (Normal) (G1 Evacuation Pause) 365M->79M(512M) 11.973ms
[2022-04-27T05:18:00.566+0000][763.429s] GC(243) User=0.06s Sys=0.00s Real=0.01s
[2022-04-27T05:18:02.475+0000][765.339s] GC(244) Pause Young (Normal) (G1 Evacuation Pause)
[2022-04-27T05:18:02.476+0000][765.339s] GC(244) Using 8 workers of 8 for evacuation
[2022-04-27T05:18:02.487+0000][765.350s] GC(244)   Pre Evacuate Collection Set: 0.0ms
[2022-04-27T05:18:02.487+0000][765.351s] GC(244)   Evacuate Collection Set: 4.5ms
[2022-04-27T05:18:02.487+0000][765.351s] GC(244)   Post Evacuate Collection Set: 5.8ms
[2022-04-27T05:18:02.488+0000][765.351s] GC(244)   Other: 0.8ms
[2022-04-27T05:18:02.488+0000][765.352s] GC(244) Eden regions: 286->0(289)
[2022-04-27T05:18:02.488+0000][765.352s] GC(244) Survivor regions: 21->18(39)
[2022-04-27T05:18:02.488+0000][765.352s] GC(244) Old regions: 54->54
[2022-04-27T05:18:02.489+0000][765.352s] GC(244) Humongous regions: 7->7
[2022-04-27T05:18:02.489+0000][765.353s] GC(244) Metaspace: 57161K->57161K(1101824K)
[2022-04-27T05:18:02.489+0000][765.353s] GC(244) Pause Young (Normal) (G1 Evacuation Pause) 365M->76M(512M) 13.842ms
[2022-04-27T05:18:02.490+0000][765.353s] GC(244) User=0.05s Sys=0.02s Real=0.01s
[2022-04-27T05:18:05.014+0000][767.877s] GC(245) Pause Young (Normal) (G1 Evacuation Pause)
[2022-04-27T05:18:05.014+0000][767.878s] GC(245) Using 8 workers of 8 for evacuation
[2022-04-27T05:18:05.024+0000][767.888s] GC(245)   Pre Evacuate Collection Set: 0.0ms
[2022-04-27T05:18:05.025+0000][767.888s] GC(245)   Evacuate Collection Set: 4.4ms
[2022-04-27T05:18:05.025+0000][767.889s] GC(245)   Post Evacuate Collection Set: 5.1ms
[2022-04-27T05:18:05.026+0000][767.889s] GC(245)   Other: 1.1ms
[2022-04-27T05:18:05.026+0000][767.890s] GC(245) Eden regions: 289->0(286)
[2022-04-27T05:18:05.026+0000][767.890s] GC(245) Survivor regions: 18->21(39)
[2022-04-27T05:18:05.027+0000][767.890s] GC(245) Old regions: 54->54
[2022-04-27T05:18:05.027+0000][767.891s] GC(245) Humongous regions: 7->7
[2022-04-27T05:18:05.027+0000][767.891s] GC(245) Metaspace: 57161K->57161K(1101824K)
[2022-04-27T05:18:05.027+0000][767.891s] GC(245) Pause Young (Normal) (G1 Evacuation Pause) 365M->79M(512M) 13.735ms
[2022-04-27T05:18:05.028+0000][767.891s] GC(245) User=0.07s Sys=0.00s Real=0.01s
[2022-04-27T05:18:06.887+0000][769.751s] GC(246) Pause Young (Normal) (G1 Evacuation Pause)
[2022-04-27T05:18:06.888+0000][769.751s] GC(246) Using 8 workers of 8 for evacuation
[2022-04-27T05:18:06.895+0000][769.758s] GC(246)   Pre Evacuate Collection Set: 0.0ms
[2022-04-27T05:18:06.895+0000][769.759s] GC(246)   Evacuate Collection Set: 4.0ms
[2022-04-27T05:18:06.896+0000][769.759s] GC(246)   Post Evacuate Collection Set: 2.6ms
[2022-04-27T05:18:06.896+0000][769.760s] GC(246)   Other: 0.9ms
[2022-04-27T05:18:06.896+0000][769.760s] GC(246) Eden regions: 286->0(289)
[2022-04-27T05:18:06.897+0000][769.760s] GC(246) Survivor regions: 21->18(39)
[2022-04-27T05:18:06.897+0000][769.761s] GC(246) Old regions: 54->54
[2022-04-27T05:18:06.897+0000][769.761s] GC(246) Humongous regions: 7->7
[2022-04-27T05:18:06.898+0000][769.761s] GC(246) Metaspace: 57161K->57161K(1101824K)
[2022-04-27T05:18:06.898+0000][769.761s] GC(246) Pause Young (Normal) (G1 Evacuation Pause) 365M->76M(512M) 10.641ms
[2022-04-27T05:18:06.898+0000][769.762s] GC(246) User=0.05s Sys=0.00s Real=0.01s
[2022-04-27T05:18:09.279+0000][772.142s] GC(247) Pause Young (Normal) (G1 Evacuation Pause)
[2022-04-27T05:18:09.279+0000][772.143s] GC(247) Using 8 workers of 8 for evacuation
[2022-04-27T05:18:09.287+0000][772.151s] GC(247)   Pre Evacuate Collection Set: 0.0ms
[2022-04-27T05:18:09.288+0000][772.151s] GC(247)   Evacuate Collection Set: 4.3ms
[2022-04-27T05:18:09.288+0000][772.152s] GC(247)   Post Evacuate Collection Set: 3.8ms
[2022-04-27T05:18:09.288+0000][772.152s] GC(247)   Other: 0.8ms
[2022-04-27T05:18:09.289+0000][772.152s] GC(247) Eden regions: 289->0(286)
[2022-04-27T05:18:09.289+0000][772.153s] GC(247) Survivor regions: 18->21(39)
[2022-04-27T05:18:09.289+0000][772.153s] GC(247) Old regions: 54->54
[2022-04-27T05:18:09.289+0000][772.153s] GC(247) Humongous regions: 7->7
[2022-04-27T05:18:09.290+0000][772.153s] GC(247) Metaspace: 57161K->57161K(1101824K)
[2022-04-27T05:18:09.290+0000][772.154s] GC(247) Pause Young (Normal) (G1 Evacuation Pause) 365M->79M(512M) 11.482ms
[2022-04-27T05:18:09.290+0000][772.154s] GC(247) User=0.05s Sys=0.00s Real=0.01s
[2022-04-27T05:18:11.123+0000][773.986s] GC(248) Pause Young (Normal) (G1 Evacuation Pause)
[2022-04-27T05:18:11.123+0000][773.986s] GC(248) Using 8 workers of 8 for evacuation
[2022-04-27T05:18:11.129+0000][773.993s] GC(248)   Pre Evacuate Collection Set: 0.0ms
[2022-04-27T05:18:11.129+0000][773.993s] GC(248)   Evacuate Collection Set: 3.8ms
[2022-04-27T05:18:11.130+0000][773.993s] GC(248)   Post Evacuate Collection Set: 2.1ms
[2022-04-27T05:18:11.130+0000][773.994s] GC(248)   Other: 0.7ms
[2022-04-27T05:18:11.130+0000][773.994s] GC(248) Eden regions: 286->0(289)
[2022-04-27T05:18:11.131+0000][773.994s] GC(248) Survivor regions: 21->18(39)
[2022-04-27T05:18:11.131+0000][773.995s] GC(248) Old regions: 54->54
[2022-04-27T05:18:11.131+0000][773.995s] GC(248) Humongous regions: 7->7
[2022-04-27T05:18:11.132+0000][773.995s] GC(248) Metaspace: 57161K->57161K(1101824K)
[2022-04-27T05:18:11.132+0000][773.996s] GC(248) Pause Young (Normal) (G1 Evacuation Pause) 365M->76M(512M) 9.346ms
[2022-04-27T05:18:11.132+0000][773.996s] GC(248) User=0.04s Sys=0.00s Real=0.01s
[2022-04-27T05:18:13.401+0000][776.264s] GC(249) Pause Young (Normal) (G1 Evacuation Pause)
[2022-04-27T05:18:13.401+0000][776.265s] GC(249) Using 8 workers of 8 for evacuation
[2022-04-27T05:18:13.408+0000][776.272s] GC(249)   Pre Evacuate Collection Set: 0.0ms
[2022-04-27T05:18:13.409+0000][776.273s] GC(249)   Evacuate Collection Set: 3.0ms
[2022-04-27T05:18:13.410+0000][776.273s] GC(249)   Post Evacuate Collection Set: 3.5ms
[2022-04-27T05:18:13.410+0000][776.274s] GC(249)   Other: 1.0ms
[2022-04-27T05:18:13.410+0000][776.274s] GC(249) Eden regions: 289->0(289)
[2022-04-27T05:18:13.411+0000][776.274s] GC(249) Survivor regions: 18->18(39)
[2022-04-27T05:18:13.411+0000][776.275s] GC(249) Old regions: 54->54
[2022-04-27T05:18:13.412+0000][776.275s] GC(249) Humongous regions: 7->7
[2022-04-27T05:18:13.412+0000][776.276s] GC(249) Metaspace: 57161K->57161K(1101824K)
[2022-04-27T05:18:13.412+0000][776.276s] GC(249) Pause Young (Normal) (G1 Evacuation Pause) 365M->76M(512M) 11.520ms
[2022-04-27T05:18:13.413+0000][776.276s] GC(249) User=0.04s Sys=0.01s Real=0.01s
[2022-04-27T05:18:15.081+0000][777.945s] GC(250) Pause Young (Normal) (G1 Evacuation Pause)
[2022-04-27T05:18:15.081+0000][777.945s] GC(250) Using 8 workers of 8 for evacuation
[2022-04-27T05:18:15.100+0000][777.964s] GC(250)   Pre Evacuate Collection Set: 0.0ms
[2022-04-27T05:18:15.100+0000][777.964s] GC(250)   Evacuate Collection Set: 9.1ms
[2022-04-27T05:18:15.101+0000][777.964s] GC(250)   Post Evacuate Collection Set: 8.9ms
[2022-04-27T05:18:15.101+0000][777.965s] GC(250)   Other: 1.0ms
[2022-04-27T05:18:15.101+0000][777.965s] GC(250) Eden regions: 289->0(291)
[2022-04-27T05:18:15.102+0000][777.965s] GC(250) Survivor regions: 18->16(39)
[2022-04-27T05:18:15.102+0000][777.966s] GC(250) Old regions: 54->54
[2022-04-27T05:18:15.102+0000][777.966s] GC(250) Humongous regions: 7->7
[2022-04-27T05:18:15.103+0000][777.966s] GC(250) Metaspace: 57161K->57161K(1101824K)
[2022-04-27T05:18:15.103+0000][777.967s] GC(250) Pause Young (Normal) (G1 Evacuation Pause) 365M->74M(512M) 22.064ms
[2022-04-27T05:18:15.103+0000][777.967s] GC(250) User=0.13s Sys=0.01s Real=0.02s
[2022-04-27T05:18:17.093+0000][779.957s] GC(251) Pause Young (Normal) (G1 Evacuation Pause)
[2022-04-27T05:18:17.093+0000][779.957s] GC(251) Using 8 workers of 8 for evacuation
[2022-04-27T05:18:17.100+0000][779.964s] GC(251)   Pre Evacuate Collection Set: 0.0ms
[2022-04-27T05:18:17.101+0000][779.964s] GC(251)   Evacuate Collection Set: 4.1ms
[2022-04-27T05:18:17.101+0000][779.965s] GC(251)   Post Evacuate Collection Set: 2.3ms
[2022-04-27T05:18:17.101+0000][779.965s] GC(251)   Other: 0.8ms
[2022-04-27T05:18:17.102+0000][779.965s] GC(251) Eden regions: 291->0(290)
[2022-04-27T05:18:17.102+0000][779.966s] GC(251) Survivor regions: 16->17(39)
[2022-04-27T05:18:17.102+0000][779.966s] GC(251) Old regions: 54->54
[2022-04-27T05:18:17.103+0000][779.966s] GC(251) Humongous regions: 7->7
[2022-04-27T05:18:17.103+0000][779.967s] GC(251) Metaspace: 57161K->57161K(1101824K)
[2022-04-27T05:18:17.103+0000][779.967s] GC(251) Pause Young (Normal) (G1 Evacuation Pause) 365M->75M(512M) 10.322ms
[2022-04-27T05:18:17.104+0000][779.967s] GC(251) User=0.04s Sys=0.01s Real=0.01s
[2022-04-27T05:18:19.100+0000][781.963s] GC(252) Pause Young (Normal) (G1 Evacuation Pause)
[2022-04-27T05:18:19.100+0000][781.964s] GC(252) Using 8 workers of 8 for evacuation
[2022-04-27T05:18:19.110+0000][781.973s] GC(252)   Pre Evacuate Collection Set: 0.0ms
[2022-04-27T05:18:19.110+0000][781.974s] GC(252)   Evacuate Collection Set: 3.3ms
[2022-04-27T05:18:19.111+0000][781.974s] GC(252)   Post Evacuate Collection Set: 5.9ms
[2022-04-27T05:18:19.111+0000][781.975s] GC(252)   Other: 0.9ms
[2022-04-27T05:18:19.111+0000][781.975s] GC(252) Eden regions: 290->0(285)
[2022-04-27T05:18:19.112+0000][781.975s] GC(252) Survivor regions: 17->22(39)
[2022-04-27T05:18:19.112+0000][781.976s] GC(252) Old regions: 54->54
[2022-04-27T05:18:19.112+0000][781.976s] GC(252) Humongous regions: 7->7
[2022-04-27T05:18:19.113+0000][781.976s] GC(252) Metaspace: 57161K->57161K(1101824K)
[2022-04-27T05:18:19.113+0000][781.977s] GC(252) Pause Young (Normal) (G1 Evacuation Pause) 365M->80M(512M) 13.341ms
[2022-04-27T05:18:19.113+0000][781.977s] GC(252) User=0.06s Sys=0.00s Real=0.02s
[2022-04-27T05:18:20.865+0000][783.729s] GC(253) Pause Young (Normal) (G1 Evacuation Pause)
[2022-04-27T05:18:20.866+0000][783.729s] GC(253) Using 8 workers of 8 for evacuation
[2022-04-27T05:18:20.880+0000][783.743s] GC(253)   Pre Evacuate Collection Set: 0.0ms
[2022-04-27T05:18:20.880+0000][783.744s] GC(253)   Evacuate Collection Set: 9.8ms
[2022-04-27T05:18:20.880+0000][783.744s] GC(253)   Post Evacuate Collection Set: 3.5ms
[2022-04-27T05:18:20.881+0000][783.744s] GC(253)   Other: 0.8ms
[2022-04-27T05:18:20.881+0000][783.744s] GC(253) Eden regions: 285->0(291)
[2022-04-27T05:18:20.881+0000][783.745s] GC(253) Survivor regions: 22->16(39)
[2022-04-27T05:18:20.881+0000][783.745s] GC(253) Old regions: 54->54
[2022-04-27T05:18:20.882+0000][783.745s] GC(253) Humongous regions: 7->7
[2022-04-27T05:18:20.882+0000][783.745s] GC(253) Metaspace: 57161K->57161K(1101824K)
[2022-04-27T05:18:20.882+0000][783.746s] GC(253) Pause Young (Normal) (G1 Evacuation Pause) 365M->74M(512M) 16.619ms
[2022-04-27T05:18:20.882+0000][783.746s] GC(253) User=0.09s Sys=0.00s Real=0.02s
[2022-04-27T05:18:23.411+0000][786.274s] GC(254) Pause Young (Normal) (G1 Evacuation Pause)
[2022-04-27T05:18:23.411+0000][786.275s] GC(254) Using 8 workers of 8 for evacuation
[2022-04-27T05:18:23.420+0000][786.284s] GC(254)   Pre Evacuate Collection Set: 0.0ms
[2022-04-27T05:18:23.420+0000][786.284s] GC(254)   Evacuate Collection Set: 5.0ms
[2022-04-27T05:18:23.421+0000][786.284s] GC(254)   Post Evacuate Collection Set: 3.4ms
[2022-04-27T05:18:23.421+0000][786.285s] GC(254)   Other: 0.9ms
[2022-04-27T05:18:23.421+0000][786.285s] GC(254) Eden regions: 291->0(284)
[2022-04-27T05:18:23.422+0000][786.285s] GC(254) Survivor regions: 16->23(39)
[2022-04-27T05:18:23.422+0000][786.286s] GC(254) Old regions: 54->54
[2022-04-27T05:18:23.422+0000][786.286s] GC(254) Humongous regions: 7->7
[2022-04-27T05:18:23.423+0000][786.286s] GC(254) Metaspace: 57161K->57161K(1101824K)
[2022-04-27T05:18:23.423+0000][786.287s] GC(254) Pause Young (Normal) (G1 Evacuation Pause) 365M->81M(512M) 12.474ms
[2022-04-27T05:18:23.423+0000][786.287s] GC(254) User=0.05s Sys=0.01s Real=0.02s
[2022-04-27T05:18:25.213+0000][788.077s] GC(255) Pause Young (Normal) (G1 Evacuation Pause)
[2022-04-27T05:18:25.214+0000][788.077s] GC(255) Using 8 workers of 8 for evacuation
[2022-04-27T05:18:25.222+0000][788.086s] GC(255)   Pre Evacuate Collection Set: 0.0ms
[2022-04-27T05:18:25.223+0000][788.086s] GC(255)   Evacuate Collection Set: 4.4ms
[2022-04-27T05:18:25.223+0000][788.086s] GC(255)   Post Evacuate Collection Set: 3.6ms
[2022-04-27T05:18:25.223+0000][788.087s] GC(255)   Other: 0.8ms
[2022-04-27T05:18:25.224+0000][788.087s] GC(255) Eden regions: 284->0(289)
[2022-04-27T05:18:25.224+0000][788.088s] GC(255) Survivor regions: 23->18(39)
[2022-04-27T05:18:25.224+0000][788.088s] GC(255) Old regions: 54->54
[2022-04-27T05:18:25.225+0000][788.088s] GC(255) Humongous regions: 7->7
[2022-04-27T05:18:25.225+0000][788.089s] GC(255) Metaspace: 57161K->57161K(1101824K)
[2022-04-27T05:18:25.226+0000][788.089s] GC(255) Pause Young (Normal) (G1 Evacuation Pause) 365M->77M(512M) 12.299ms
[2022-04-27T05:18:25.226+0000][788.089s] GC(255) User=0.06s Sys=0.00s Real=0.01s
[2022-04-27T05:18:27.522+0000][790.386s] GC(256) Pause Young (Normal) (G1 Evacuation Pause)
[2022-04-27T05:18:27.523+0000][790.386s] GC(256) Using 8 workers of 8 for evacuation
[2022-04-27T05:18:27.531+0000][790.395s] GC(256)   Pre Evacuate Collection Set: 0.0ms
[2022-04-27T05:18:27.532+0000][790.395s] GC(256)   Evacuate Collection Set: 3.6ms
[2022-04-27T05:18:27.532+0000][790.396s] GC(256)   Post Evacuate Collection Set: 4.6ms
[2022-04-27T05:18:27.532+0000][790.396s] GC(256)   Other: 0.8ms
[2022-04-27T05:18:27.533+0000][790.396s] GC(256) Eden regions: 289->0(286)
[2022-04-27T05:18:27.533+0000][790.397s] GC(256) Survivor regions: 18->21(39)
[2022-04-27T05:18:27.533+0000][790.397s] GC(256) Old regions: 54->54
[2022-04-27T05:18:27.534+0000][790.397s] GC(256) Humongous regions: 7->7
[2022-04-27T05:18:27.534+0000][790.398s] GC(256) Metaspace: 57161K->57161K(1101824K)
[2022-04-27T05:18:27.534+0000][790.398s] GC(256) Pause Young (Normal) (G1 Evacuation Pause) 366M->79M(512M) 11.903ms
[2022-04-27T05:18:27.535+0000][790.398s] GC(256) User=0.06s Sys=0.00s Real=0.01s
[2022-04-27T05:18:29.203+0000][792.067s] GC(257) Pause Young (Normal) (G1 Evacuation Pause)
[2022-04-27T05:18:29.204+0000][792.067s] GC(257) Using 8 workers of 8 for evacuation
[2022-04-27T05:18:29.211+0000][792.075s] GC(257)   Pre Evacuate Collection Set: 0.0ms
[2022-04-27T05:18:29.212+0000][792.075s] GC(257)   Evacuate Collection Set: 4.2ms
[2022-04-27T05:18:29.212+0000][792.076s] GC(257)   Post Evacuate Collection Set: 3.1ms
[2022-04-27T05:18:29.212+0000][792.076s] GC(257)   Other: 0.7ms
[2022-04-27T05:18:29.213+0000][792.076s] GC(257) Eden regions: 286->0(288)
[2022-04-27T05:18:29.213+0000][792.077s] GC(257) Survivor regions: 21->19(39)
[2022-04-27T05:18:29.213+0000][792.077s] GC(257) Old regions: 54->54
[2022-04-27T05:18:29.214+0000][792.077s] GC(257) Humongous regions: 7->7
[2022-04-27T05:18:29.214+0000][792.078s] GC(257) Metaspace: 57161K->57161K(1101824K)
[2022-04-27T05:18:29.214+0000][792.078s] GC(257) Pause Young (Normal) (G1 Evacuation Pause) 365M->77M(512M) 10.946ms
[2022-04-27T05:18:29.215+0000][792.078s] GC(257) User=0.05s Sys=0.00s Real=0.01s
[2022-04-27T05:18:31.402+0000][794.266s] GC(258) Pause Young (Normal) (G1 Evacuation Pause)
[2022-04-27T05:18:31.403+0000][794.266s] GC(258) Using 8 workers of 8 for evacuation
[2022-04-27T05:18:31.409+0000][794.273s] GC(258)   Pre Evacuate Collection Set: 0.0ms
[2022-04-27T05:18:31.410+0000][794.273s] GC(258)   Evacuate Collection Set: 2.8ms
[2022-04-27T05:18:31.410+0000][794.274s] GC(258)   Post Evacuate Collection Set: 3.2ms
[2022-04-27T05:18:31.410+0000][794.274s] GC(258)   Other: 0.9ms
[2022-04-27T05:18:31.411+0000][794.274s] GC(258) Eden regions: 288->0(289)
[2022-04-27T05:18:31.411+0000][794.275s] GC(258) Survivor regions: 19->18(39)
[2022-04-27T05:18:31.411+0000][794.275s] GC(258) Old regions: 54->54
[2022-04-27T05:18:31.412+0000][794.275s] GC(258) Humongous regions: 7->7
[2022-04-27T05:18:31.412+0000][794.276s] GC(258) Metaspace: 57161K->57161K(1101824K)
[2022-04-27T05:18:31.412+0000][794.276s] GC(258) Pause Young (Normal) (G1 Evacuation Pause) 365M->77M(512M) 10.144ms
[2022-04-27T05:18:31.413+0000][794.276s] GC(258) User=0.03s Sys=0.00s Real=0.01s
[2022-04-27T05:18:33.388+0000][796.252s] GC(259) Pause Young (Normal) (G1 Evacuation Pause)
[2022-04-27T05:18:33.388+0000][796.252s] GC(259) Using 8 workers of 8 for evacuation
[2022-04-27T05:18:33.396+0000][796.260s] GC(259)   Pre Evacuate Collection Set: 0.0ms
[2022-04-27T05:18:33.396+0000][796.260s] GC(259)   Evacuate Collection Set: 4.7ms
[2022-04-27T05:18:33.397+0000][796.260s] GC(259)   Post Evacuate Collection Set: 2.6ms
[2022-04-27T05:18:33.397+0000][796.261s] GC(259)   Other: 0.8ms
[2022-04-27T05:18:33.397+0000][796.261s] GC(259) Eden regions: 289->0(289)
[2022-04-27T05:18:33.397+0000][796.261s] GC(259) Survivor regions: 18->18(39)
[2022-04-27T05:18:33.398+0000][796.261s] GC(259) Old regions: 54->54
[2022-04-27T05:18:33.398+0000][796.262s] GC(259) Humongous regions: 7->7
[2022-04-27T05:18:33.398+0000][796.262s] GC(259) Metaspace: 57161K->57161K(1101824K)
[2022-04-27T05:18:33.399+0000][796.262s] GC(259) Pause Young (Normal) (G1 Evacuation Pause) 366M->77M(512M) 10.795ms
[2022-04-27T05:18:33.399+0000][796.263s] GC(259) User=0.05s Sys=0.00s Real=0.01s
[2022-04-27T05:18:35.715+0000][798.579s] GC(260) Pause Young (Normal) (G1 Evacuation Pause)
[2022-04-27T05:18:35.716+0000][798.579s] GC(260) Using 8 workers of 8 for evacuation
[2022-04-27T05:18:35.730+0000][798.594s] GC(260)   Pre Evacuate Collection Set: 0.0ms
[2022-04-27T05:18:35.730+0000][798.594s] GC(260)   Evacuate Collection Set: 8.1ms
[2022-04-27T05:18:35.731+0000][798.594s] GC(260)   Post Evacuate Collection Set: 5.9ms
[2022-04-27T05:18:35.731+0000][798.595s] GC(260)   Other: 0.8ms
[2022-04-27T05:18:35.731+0000][798.595s] GC(260) Eden regions: 289->0(287)
[2022-04-27T05:18:35.731+0000][798.595s] GC(260) Survivor regions: 18->20(39)
[2022-04-27T05:18:35.732+0000][798.595s] GC(260) Old regions: 54->54
[2022-04-27T05:18:35.732+0000][798.595s] GC(260) Humongous regions: 7->7
[2022-04-27T05:18:35.732+0000][798.596s] GC(260) Metaspace: 57161K->57161K(1101824K)
[2022-04-27T05:18:35.732+0000][798.596s] GC(260) Pause Young (Normal) (G1 Evacuation Pause) 366M->79M(512M) 16.852ms
[2022-04-27T05:18:35.733+0000][798.596s] GC(260) User=0.10s Sys=0.00s Real=0.02s
[2022-04-27T05:18:37.602+0000][800.466s] GC(261) Pause Young (Normal) (G1 Evacuation Pause)
[2022-04-27T05:18:37.602+0000][800.466s] GC(261) Using 8 workers of 8 for evacuation
[2022-04-27T05:18:37.611+0000][800.475s] GC(261)   Pre Evacuate Collection Set: 0.0ms
[2022-04-27T05:18:37.612+0000][800.476s] GC(261)   Evacuate Collection Set: 4.2ms
[2022-04-27T05:18:37.612+0000][800.476s] GC(261)   Post Evacuate Collection Set: 4.3ms
[2022-04-27T05:18:37.613+0000][800.476s] GC(261)   Other: 1.0ms
[2022-04-27T05:18:37.613+0000][800.477s] GC(261) Eden regions: 287->0(289)
[2022-04-27T05:18:37.614+0000][800.477s] GC(261) Survivor regions: 20->18(39)
[2022-04-27T05:18:37.614+0000][800.478s] GC(261) Old regions: 54->54
[2022-04-27T05:18:37.614+0000][800.478s] GC(261) Humongous regions: 7->7
[2022-04-27T05:18:37.615+0000][800.478s] GC(261) Metaspace: 57161K->57161K(1101824K)
[2022-04-27T05:18:37.615+0000][800.479s] GC(261) Pause Young (Normal) (G1 Evacuation Pause) 366M->77M(512M) 13.108ms
[2022-04-27T05:18:37.615+0000][800.479s] GC(261) User=0.04s Sys=0.01s Real=0.01s
[2022-04-27T05:18:39.696+0000][802.559s] GC(262) Pause Young (Normal) (G1 Evacuation Pause)
[2022-04-27T05:18:39.696+0000][802.560s] GC(262) Using 8 workers of 8 for evacuation
[2022-04-27T05:18:39.702+0000][802.566s] GC(262)   Pre Evacuate Collection Set: 0.0ms
[2022-04-27T05:18:39.703+0000][802.566s] GC(262)   Evacuate Collection Set: 3.4ms
[2022-04-27T05:18:39.703+0000][802.567s] GC(262)   Post Evacuate Collection Set: 2.2ms
[2022-04-27T05:18:39.704+0000][802.567s] GC(262)   Other: 0.9ms
[2022-04-27T05:18:39.704+0000][802.568s] GC(262) Eden regions: 289->0(290)
[2022-04-27T05:18:39.704+0000][802.568s] GC(262) Survivor regions: 18->17(39)
[2022-04-27T05:18:39.705+0000][802.568s] GC(262) Old regions: 54->54
[2022-04-27T05:18:39.705+0000][802.569s] GC(262) Humongous regions: 7->7
[2022-04-27T05:18:39.705+0000][802.569s] GC(262) Metaspace: 57161K->57161K(1101824K)
[2022-04-27T05:18:39.706+0000][802.569s] GC(262) Pause Young (Normal) (G1 Evacuation Pause) 366M->76M(512M) 9.836ms
[2022-04-27T05:18:39.706+0000][802.570s] GC(262) User=0.04s Sys=0.00s Real=0.01s
[2022-04-27T05:18:41.759+0000][804.623s] GC(263) Pause Young (Normal) (G1 Evacuation Pause)
[2022-04-27T05:18:41.760+0000][804.623s] GC(263) Using 8 workers of 8 for evacuation
[2022-04-27T05:18:41.768+0000][804.632s] GC(263)   Pre Evacuate Collection Set: 0.0ms
[2022-04-27T05:18:41.768+0000][804.632s] GC(263)   Evacuate Collection Set: 3.9ms
[2022-04-27T05:18:41.769+0000][804.632s] GC(263)   Post Evacuate Collection Set: 4.0ms
[2022-04-27T05:18:41.769+0000][804.633s] GC(263)   Other: 0.5ms
[2022-04-27T05:18:41.769+0000][804.633s] GC(263) Eden regions: 290->0(285)
[2022-04-27T05:18:41.770+0000][804.633s] GC(263) Survivor regions: 17->22(39)
[2022-04-27T05:18:41.770+0000][804.634s] GC(263) Old regions: 54->54
[2022-04-27T05:18:41.770+0000][804.634s] GC(263) Humongous regions: 7->7
[2022-04-27T05:18:41.771+0000][804.634s] GC(263) Metaspace: 57162K->57162K(1101824K)
[2022-04-27T05:18:41.771+0000][804.635s] GC(263) Pause Young (Normal) (G1 Evacuation Pause) 366M->80M(512M) 11.525ms
[2022-04-27T05:18:41.771+0000][804.635s] GC(263) User=0.05s Sys=0.00s Real=0.02s
[2022-04-27T05:18:43.551+0000][806.414s] GC(264) Pause Young (Normal) (G1 Evacuation Pause)
[2022-04-27T05:18:43.551+0000][806.415s] GC(264) Using 8 workers of 8 for evacuation
[2022-04-27T05:18:43.560+0000][806.424s] GC(264)   Pre Evacuate Collection Set: 0.0ms
[2022-04-27T05:18:43.561+0000][806.424s] GC(264)   Evacuate Collection Set: 3.7ms
[2022-04-27T05:18:43.561+0000][806.425s] GC(264)   Post Evacuate Collection Set: 5.3ms
[2022-04-27T05:18:43.561+0000][806.425s] GC(264)   Other: 0.7ms
[2022-04-27T05:18:43.562+0000][806.425s] GC(264) Eden regions: 285->0(291)
[2022-04-27T05:18:43.562+0000][806.426s] GC(264) Survivor regions: 22->16(39)
[2022-04-27T05:18:43.562+0000][806.426s] GC(264) Old regions: 54->54
[2022-04-27T05:18:43.563+0000][806.426s] GC(264) Humongous regions: 7->7
[2022-04-27T05:18:43.563+0000][806.427s] GC(264) Metaspace: 57162K->57162K(1101824K)
[2022-04-27T05:18:43.563+0000][806.427s] GC(264) Pause Young (Normal) (G1 Evacuation Pause) 365M->75M(512M) 12.756ms
[2022-04-27T05:18:43.564+0000][806.427s] GC(264) User=0.06s Sys=0.01s Real=0.02s
[2022-04-27T05:18:45.903+0000][808.766s] GC(265) Pause Young (Normal) (G1 Evacuation Pause)
[2022-04-27T05:18:45.903+0000][808.767s] GC(265) Using 8 workers of 8 for evacuation
[2022-04-27T05:18:45.914+0000][808.777s] GC(265)   Pre Evacuate Collection Set: 0.0ms
[2022-04-27T05:18:45.914+0000][808.778s] GC(265)   Evacuate Collection Set: 5.6ms
[2022-04-27T05:18:45.914+0000][808.778s] GC(265)   Post Evacuate Collection Set: 4.0ms
[2022-04-27T05:18:45.915+0000][808.778s] GC(265)   Other: 1.0ms
[2022-04-27T05:18:45.915+0000][808.779s] GC(265) Eden regions: 291->0(285)
[2022-04-27T05:18:45.915+0000][808.779s] GC(265) Survivor regions: 16->22(39)
[2022-04-27T05:18:45.916+0000][808.779s] GC(265) Old regions: 54->54
[2022-04-27T05:18:45.916+0000][808.780s] GC(265) Humongous regions: 7->7
[2022-04-27T05:18:45.916+0000][808.780s] GC(265) Metaspace: 57162K->57162K(1101824K)
[2022-04-27T05:18:45.917+0000][808.780s] GC(265) Pause Young (Normal) (G1 Evacuation Pause) 366M->81M(512M) 13.912ms
[2022-04-27T05:18:45.917+0000][808.781s] GC(265) User=0.07s Sys=0.00s Real=0.01s
[2022-04-27T05:18:47.712+0000][810.575s] GC(266) Pause Young (Normal) (G1 Evacuation Pause)
[2022-04-27T05:18:47.712+0000][810.576s] GC(266) Using 8 workers of 8 for evacuation
[2022-04-27T05:18:47.719+0000][810.582s] GC(266)   Pre Evacuate Collection Set: 0.0ms
[2022-04-27T05:18:47.719+0000][810.583s] GC(266)   Evacuate Collection Set: 4.1ms
[2022-04-27T05:18:47.720+0000][810.583s] GC(266)   Post Evacuate Collection Set: 2.0ms
[2022-04-27T05:18:47.720+0000][810.584s] GC(266)   Other: 0.9ms
[2022-04-27T05:18:47.720+0000][810.584s] GC(266) Eden regions: 285->0(288)
[2022-04-27T05:18:47.721+0000][810.584s] GC(266) Survivor regions: 22->19(39)
[2022-04-27T05:18:47.721+0000][810.585s] GC(266) Old regions: 54->55
[2022-04-27T05:18:47.721+0000][810.585s] GC(266) Humongous regions: 7->7
[2022-04-27T05:18:47.722+0000][810.585s] GC(266) Metaspace: 57162K->57162K(1101824K)
[2022-04-27T05:18:47.722+0000][810.586s] GC(266) Pause Young (Normal) (G1 Evacuation Pause) 366M->78M(512M) 10.384ms
[2022-04-27T05:18:47.722+0000][810.586s] GC(266) User=0.04s Sys=0.01s Real=0.01s
[2022-04-27T05:18:49.955+0000][812.819s] GC(267) Pause Young (Normal) (G1 Evacuation Pause)
[2022-04-27T05:18:49.956+0000][812.819s] GC(267) Using 8 workers of 8 for evacuation
[2022-04-27T05:18:49.963+0000][812.827s] GC(267)   Pre Evacuate Collection Set: 0.0ms
[2022-04-27T05:18:49.963+0000][812.827s] GC(267)   Evacuate Collection Set: 3.4ms
[2022-04-27T05:18:49.964+0000][812.827s] GC(267)   Post Evacuate Collection Set: 3.4ms
[2022-04-27T05:18:49.964+0000][812.828s] GC(267)   Other: 1.1ms
[2022-04-27T05:18:49.965+0000][812.828s] GC(267) Eden regions: 288->0(287)
[2022-04-27T05:18:49.965+0000][812.829s] GC(267) Survivor regions: 19->20(39)
[2022-04-27T05:18:49.965+0000][812.829s] GC(267) Old regions: 55->55
[2022-04-27T05:18:49.966+0000][812.829s] GC(267) Humongous regions: 7->7
[2022-04-27T05:18:49.966+0000][812.830s] GC(267) Metaspace: 57165K->57165K(1101824K)
[2022-04-27T05:18:49.966+0000][812.830s] GC(267) Pause Young (Normal) (G1 Evacuation Pause) 366M->79M(512M) 11.363ms
[2022-04-27T05:18:49.967+0000][812.830s] GC(267) User=0.05s Sys=0.00s Real=0.01s
[2022-04-27T05:18:51.587+0000][814.450s] GC(268) Pause Young (Normal) (G1 Evacuation Pause)
[2022-04-27T05:18:51.587+0000][814.451s] GC(268) Using 8 workers of 8 for evacuation
[2022-04-27T05:18:51.594+0000][814.457s] GC(268)   Pre Evacuate Collection Set: 0.0ms
[2022-04-27T05:18:51.594+0000][814.458s] GC(268)   Evacuate Collection Set: 4.1ms
[2022-04-27T05:18:51.594+0000][814.458s] GC(268)   Post Evacuate Collection Set: 1.9ms
[2022-04-27T05:18:51.595+0000][814.458s] GC(268)   Other: 0.8ms
[2022-04-27T05:18:51.595+0000][814.458s] GC(268) Eden regions: 287->0(288)
[2022-04-27T05:18:51.595+0000][814.459s] GC(268) Survivor regions: 20->19(39)
[2022-04-27T05:18:51.595+0000][814.459s] GC(268) Old regions: 55->55
[2022-04-27T05:18:51.596+0000][814.459s] GC(268) Humongous regions: 7->7
[2022-04-27T05:18:51.596+0000][814.460s] GC(268) Metaspace: 57173K->57173K(1101824K)
[2022-04-27T05:18:51.596+0000][814.460s] GC(268) Pause Young (Normal) (G1 Evacuation Pause) 366M->78M(512M) 9.693ms
[2022-04-27T05:18:51.597+0000][814.460s] GC(268) User=0.04s Sys=0.00s Real=0.01s
[2022-04-27T05:18:54.619+0000][817.482s] GC(269) Pause Young (Normal) (G1 Evacuation Pause)
[2022-04-27T05:18:54.619+0000][817.482s] GC(269) Using 8 workers of 8 for evacuation
[2022-04-27T05:18:54.641+0000][817.504s] GC(269)   Pre Evacuate Collection Set: 0.0ms
[2022-04-27T05:18:54.641+0000][817.505s] GC(269)   Evacuate Collection Set: 10.7ms
[2022-04-27T05:18:54.642+0000][817.505s] GC(269)   Post Evacuate Collection Set: 10.7ms
[2022-04-27T05:18:54.643+0000][817.506s] GC(269)   Other: 0.7ms
[2022-04-27T05:18:54.643+0000][817.507s] GC(269) Eden regions: 288->0(286)
[2022-04-27T05:18:54.643+0000][817.507s] GC(269) Survivor regions: 19->21(39)
[2022-04-27T05:18:54.644+0000][817.507s] GC(269) Old regions: 55->55
[2022-04-27T05:18:54.644+0000][817.507s] GC(269) Humongous regions: 7->7
[2022-04-27T05:18:54.644+0000][817.508s] GC(269) Metaspace: 57173K->57173K(1101824K)
[2022-04-27T05:18:54.644+0000][817.508s] GC(269) Pause Young (Normal) (G1 Evacuation Pause) 366M->80M(512M) 25.813ms
[2022-04-27T05:18:54.645+0000][817.508s] GC(269) User=0.16s Sys=0.00s Real=0.03s
[2022-04-27T05:18:56.511+0000][819.374s] GC(270) Pause Young (Normal) (G1 Evacuation Pause)
[2022-04-27T05:18:56.511+0000][819.375s] GC(270) Using 8 workers of 8 for evacuation
[2022-04-27T05:18:56.519+0000][819.382s] GC(270)   Pre Evacuate Collection Set: 0.0ms
[2022-04-27T05:18:56.519+0000][819.383s] GC(270)   Evacuate Collection Set: 4.0ms
[2022-04-27T05:18:56.520+0000][819.383s] GC(270)   Post Evacuate Collection Set: 3.2ms
[2022-04-27T05:18:56.520+0000][819.384s] GC(270)   Other: 1.0ms
[2022-04-27T05:18:56.520+0000][819.384s] GC(270) Eden regions: 286->0(284)
[2022-04-27T05:18:56.521+0000][819.384s] GC(270) Survivor regions: 21->23(39)
[2022-04-27T05:18:56.521+0000][819.385s] GC(270) Old regions: 55->55
[2022-04-27T05:18:56.522+0000][819.385s] GC(270) Humongous regions: 7->7
[2022-04-27T05:18:56.522+0000][819.386s] GC(270) Metaspace: 57173K->57173K(1101824K)
[2022-04-27T05:18:56.522+0000][819.386s] GC(270) Pause Young (Normal) (G1 Evacuation Pause) 366M->82M(512M) 11.599ms
[2022-04-27T05:18:56.523+0000][819.386s] GC(270) User=0.04s Sys=0.02s Real=0.02s
[2022-04-27T05:18:58.802+0000][821.666s] GC(271) Pause Young (Normal) (G1 Evacuation Pause)
[2022-04-27T05:18:58.803+0000][821.667s] GC(271) Using 8 workers of 8 for evacuation
[2022-04-27T05:18:58.812+0000][821.675s] GC(271)   Pre Evacuate Collection Set: 0.0ms
[2022-04-27T05:18:58.812+0000][821.676s] GC(271)   Evacuate Collection Set: 5.0ms
[2022-04-27T05:18:58.813+0000][821.677s] GC(271)   Post Evacuate Collection Set: 3.3ms
[2022-04-27T05:18:58.813+0000][821.677s] GC(271)   Other: 1.1ms
[2022-04-27T05:18:58.814+0000][821.677s] GC(271) Eden regions: 284->0(290)
[2022-04-27T05:18:58.814+0000][821.678s] GC(271) Survivor regions: 23->17(39)
[2022-04-27T05:18:58.815+0000][821.678s] GC(271) Old regions: 55->55
[2022-04-27T05:18:58.815+0000][821.679s] GC(271) Humongous regions: 7->7
[2022-04-27T05:18:58.816+0000][821.679s] GC(271) Metaspace: 57173K->57173K(1101824K)
[2022-04-27T05:18:58.816+0000][821.680s] GC(271) Pause Young (Normal) (G1 Evacuation Pause) 366M->76M(512M) 13.648ms
[2022-04-27T05:18:58.817+0000][821.680s] GC(271) User=0.06s Sys=0.00s Real=0.01s
[2022-04-27T05:19:00.586+0000][823.450s] GC(272) Pause Young (Normal) (G1 Evacuation Pause)
[2022-04-27T05:19:00.586+0000][823.450s] GC(272) Using 8 workers of 8 for evacuation
[2022-04-27T05:19:00.596+0000][823.459s] GC(272)   Pre Evacuate Collection Set: 0.0ms
[2022-04-27T05:19:00.596+0000][823.460s] GC(272)   Evacuate Collection Set: 4.7ms
[2022-04-27T05:19:00.596+0000][823.460s] GC(272)   Post Evacuate Collection Set: 4.0ms
[2022-04-27T05:19:00.596+0000][823.460s] GC(272)   Other: 0.7ms
[2022-04-27T05:19:00.597+0000][823.460s] GC(272) Eden regions: 290->0(284)
[2022-04-27T05:19:00.597+0000][823.461s] GC(272) Survivor regions: 17->23(39)
[2022-04-27T05:19:00.597+0000][823.461s] GC(272) Old regions: 55->55
[2022-04-27T05:19:00.598+0000][823.461s] GC(272) Humongous regions: 7->7
[2022-04-27T05:19:00.598+0000][823.462s] GC(272) Metaspace: 57173K->57173K(1101824K)
[2022-04-27T05:19:00.598+0000][823.462s] GC(272) Pause Young (Normal) (G1 Evacuation Pause) 366M->82M(512M) 12.119ms
[2022-04-27T05:19:00.599+0000][823.462s] GC(272) User=0.06s Sys=0.00s Real=0.01s
[2022-04-27T05:19:02.463+0000][825.327s] GC(273) Pause Young (Normal) (G1 Evacuation Pause)
[2022-04-27T05:19:02.463+0000][825.327s] GC(273) Using 8 workers of 8 for evacuation
[2022-04-27T05:19:02.470+0000][825.334s] GC(273)   Pre Evacuate Collection Set: 0.0ms
[2022-04-27T05:19:02.470+0000][825.334s] GC(273)   Evacuate Collection Set: 3.4ms
[2022-04-27T05:19:02.471+0000][825.334s] GC(273)   Post Evacuate Collection Set: 2.7ms
[2022-04-27T05:19:02.471+0000][825.335s] GC(273)   Other: 0.9ms
[2022-04-27T05:19:02.471+0000][825.335s] GC(273) Eden regions: 284->0(291)
[2022-04-27T05:19:02.472+0000][825.335s] GC(273) Survivor regions: 23->16(39)
[2022-04-27T05:19:02.472+0000][825.336s] GC(273) Old regions: 55->55
[2022-04-27T05:19:02.473+0000][825.336s] GC(273) Humongous regions: 7->7
[2022-04-27T05:19:02.473+0000][825.336s] GC(273) Metaspace: 57173K->57173K(1101824K)
[2022-04-27T05:19:02.473+0000][825.337s] GC(273) Pause Young (Normal) (G1 Evacuation Pause) 366M->75M(512M) 10.271ms
[2022-04-27T05:19:02.474+0000][825.337s] GC(273) User=0.04s Sys=0.00s Real=0.01s
[2022-04-27T05:19:04.754+0000][827.617s] GC(274) Pause Young (Normal) (G1 Evacuation Pause)
[2022-04-27T05:19:04.754+0000][827.618s] GC(274) Using 8 workers of 8 for evacuation
[2022-04-27T05:19:04.761+0000][827.624s] GC(274)   Pre Evacuate Collection Set: 0.0ms
[2022-04-27T05:19:04.761+0000][827.625s] GC(274)   Evacuate Collection Set: 2.8ms
[2022-04-27T05:19:04.762+0000][827.625s] GC(274)   Post Evacuate Collection Set: 3.3ms
[2022-04-27T05:19:04.762+0000][827.626s] GC(274)   Other: 1.0ms
[2022-04-27T05:19:04.762+0000][827.626s] GC(274) Eden regions: 291->0(288)
[2022-04-27T05:19:04.763+0000][827.627s] GC(274) Survivor regions: 16->19(39)
[2022-04-27T05:19:04.763+0000][827.627s] GC(274) Old regions: 55->55
[2022-04-27T05:19:04.764+0000][827.627s] GC(274) Humongous regions: 7->7
[2022-04-27T05:19:04.764+0000][827.628s] GC(274) Metaspace: 57173K->57173K(1101824K)
[2022-04-27T05:19:04.765+0000][827.628s] GC(274) Pause Young (Normal) (G1 Evacuation Pause) 366M->78M(512M) 11.198ms
[2022-04-27T05:19:04.765+0000][827.629s] GC(274) User=0.04s Sys=0.00s Real=0.01s
[2022-04-27T05:19:06.519+0000][829.382s] GC(275) Pause Young (Normal) (G1 Evacuation Pause)
[2022-04-27T05:19:06.519+0000][829.383s] GC(275) Using 8 workers of 8 for evacuation
[2022-04-27T05:19:06.526+0000][829.390s] GC(275)   Pre Evacuate Collection Set: 0.0ms
[2022-04-27T05:19:06.526+0000][829.390s] GC(275)   Evacuate Collection Set: 4.2ms
[2022-04-27T05:19:06.527+0000][829.390s] GC(275)   Post Evacuate Collection Set: 2.4ms
[2022-04-27T05:19:06.527+0000][829.391s] GC(275)   Other: 0.7ms
[2022-04-27T05:19:06.527+0000][829.391s] GC(275) Eden regions: 288->0(288)
[2022-04-27T05:19:06.528+0000][829.391s] GC(275) Survivor regions: 19->19(39)
[2022-04-27T05:19:06.528+0000][829.392s] GC(275) Old regions: 55->55
[2022-04-27T05:19:06.528+0000][829.392s] GC(275) Humongous regions: 7->7
[2022-04-27T05:19:06.529+0000][829.392s] GC(275) Metaspace: 57173K->57173K(1101824K)
[2022-04-27T05:19:06.529+0000][829.392s] GC(275) Pause Young (Normal) (G1 Evacuation Pause) 366M->78M(512M) 10.191ms
[2022-04-27T05:19:06.529+0000][829.393s] GC(275) User=0.05s Sys=0.00s Real=0.01s
[2022-04-27T05:19:08.862+0000][831.725s] GC(276) Pause Young (Normal) (G1 Evacuation Pause)
[2022-04-27T05:19:08.862+0000][831.726s] GC(276) Using 8 workers of 8 for evacuation
[2022-04-27T05:19:08.869+0000][831.733s] GC(276)   Pre Evacuate Collection Set: 0.0ms
[2022-04-27T05:19:08.870+0000][831.733s] GC(276)   Evacuate Collection Set: 3.5ms
[2022-04-27T05:19:08.870+0000][831.734s] GC(276)   Post Evacuate Collection Set: 3.3ms
[2022-04-27T05:19:08.870+0000][831.734s] GC(276)   Other: 0.7ms
[2022-04-27T05:19:08.871+0000][831.734s] GC(276) Eden regions: 288->0(287)
[2022-04-27T05:19:08.871+0000][831.735s] GC(276) Survivor regions: 19->20(39)
[2022-04-27T05:19:08.871+0000][831.735s] GC(276) Old regions: 55->55
[2022-04-27T05:19:08.872+0000][831.735s] GC(276) Humongous regions: 7->7
[2022-04-27T05:19:08.872+0000][831.736s] GC(276) Metaspace: 57173K->57173K(1101824K)
[2022-04-27T05:19:08.872+0000][831.736s] GC(276) Pause Young (Normal) (G1 Evacuation Pause) 366M->79M(512M) 10.578ms
[2022-04-27T05:19:08.873+0000][831.736s] GC(276) User=0.04s Sys=0.00s Real=0.01s
[2022-04-27T05:19:10.512+0000][833.376s] GC(277) Pause Young (Normal) (G1 Evacuation Pause)
[2022-04-27T05:19:10.512+0000][833.376s] GC(277) Using 8 workers of 8 for evacuation
[2022-04-27T05:19:10.519+0000][833.383s] GC(277)   Pre Evacuate Collection Set: 0.0ms
[2022-04-27T05:19:10.520+0000][833.383s] GC(277)   Evacuate Collection Set: 4.3ms
[2022-04-27T05:19:10.520+0000][833.384s] GC(277)   Post Evacuate Collection Set: 2.2ms
[2022-04-27T05:19:10.521+0000][833.384s] GC(277)   Other: 0.8ms
[2022-04-27T05:19:10.521+0000][833.384s] GC(277) Eden regions: 287->0(288)
[2022-04-27T05:19:10.521+0000][833.385s] GC(277) Survivor regions: 20->19(39)
[2022-04-27T05:19:10.521+0000][833.385s] GC(277) Old regions: 55->55
[2022-04-27T05:19:10.522+0000][833.385s] GC(277) Humongous regions: 7->7
[2022-04-27T05:19:10.522+0000][833.386s] GC(277) Metaspace: 57173K->57173K(1101824K)
[2022-04-27T05:19:10.522+0000][833.386s] GC(277) Pause Young (Normal) (G1 Evacuation Pause) 366M->78M(512M) 10.348ms
[2022-04-27T05:19:10.523+0000][833.386s] GC(277) User=0.04s Sys=0.00s Real=0.01s
[2022-04-27T05:19:13.475+0000][836.338s] GC(278) Pause Young (Normal) (G1 Evacuation Pause)
[2022-04-27T05:19:13.475+0000][836.339s] GC(278) Using 8 workers of 8 for evacuation
[2022-04-27T05:19:13.485+0000][836.349s] GC(278)   Pre Evacuate Collection Set: 0.0ms
[2022-04-27T05:19:13.485+0000][836.349s] GC(278)   Evacuate Collection Set: 5.1ms
[2022-04-27T05:19:13.486+0000][836.349s] GC(278)   Post Evacuate Collection Set: 4.4ms
[2022-04-27T05:19:13.486+0000][836.350s] GC(278)   Other: 1.0ms
[2022-04-27T05:19:13.487+0000][836.350s] GC(278) Eden regions: 288->0(286)
[2022-04-27T05:19:13.487+0000][836.351s] GC(278) Survivor regions: 19->21(39)
[2022-04-27T05:19:13.487+0000][836.351s] GC(278) Old regions: 55->55
[2022-04-27T05:19:13.488+0000][836.351s] GC(278) Humongous regions: 7->7
[2022-04-27T05:19:13.488+0000][836.352s] GC(278) Metaspace: 57173K->57173K(1101824K)
[2022-04-27T05:19:13.489+0000][836.352s] GC(278) Pause Young (Normal) (G1 Evacuation Pause) 366M->80M(512M) 14.000ms
[2022-04-27T05:19:13.489+0000][836.353s] GC(278) User=0.05s Sys=0.02s Real=0.01s
[2022-04-27T05:19:15.160+0000][838.024s] GC(279) Pause Young (Normal) (G1 Evacuation Pause)
[2022-04-27T05:19:15.161+0000][838.024s] GC(279) Using 8 workers of 8 for evacuation
[2022-04-27T05:19:15.170+0000][838.034s] GC(279)   Pre Evacuate Collection Set: 0.0ms
[2022-04-27T05:19:15.170+0000][838.034s] GC(279)   Evacuate Collection Set: 4.3ms
[2022-04-27T05:19:15.171+0000][838.034s] GC(279)   Post Evacuate Collection Set: 4.6ms
[2022-04-27T05:19:15.171+0000][838.035s] GC(279)   Other: 1.0ms
[2022-04-27T05:19:15.171+0000][838.035s] GC(279) Eden regions: 286->0(283)
[2022-04-27T05:19:15.172+0000][838.035s] GC(279) Survivor regions: 21->24(39)
[2022-04-27T05:19:15.172+0000][838.036s] GC(279) Old regions: 55->55
[2022-04-27T05:19:15.172+0000][838.036s] GC(279) Humongous regions: 7->7
[2022-04-27T05:19:15.173+0000][838.036s] GC(279) Metaspace: 57173K->57173K(1101824K)
[2022-04-27T05:19:15.173+0000][838.037s] GC(279) Pause Young (Normal) (G1 Evacuation Pause) 366M->83M(512M) 13.068ms
[2022-04-27T05:19:15.173+0000][838.037s] GC(279) User=0.05s Sys=0.00s Real=0.02s
[2022-04-27T05:19:17.148+0000][840.011s] GC(280) Pause Young (Normal) (G1 Evacuation Pause)
[2022-04-27T05:19:17.148+0000][840.012s] GC(280) Using 8 workers of 8 for evacuation
[2022-04-27T05:19:17.155+0000][840.018s] GC(280)   Pre Evacuate Collection Set: 0.0ms
[2022-04-27T05:19:17.155+0000][840.019s] GC(280)   Evacuate Collection Set: 3.5ms
[2022-04-27T05:19:17.155+0000][840.019s] GC(280)   Post Evacuate Collection Set: 2.7ms
[2022-04-27T05:19:17.156+0000][840.019s] GC(280)   Other: 0.8ms
[2022-04-27T05:19:17.156+0000][840.020s] GC(280) Eden regions: 283->0(290)
[2022-04-27T05:19:17.156+0000][840.020s] GC(280) Survivor regions: 24->17(39)
[2022-04-27T05:19:17.156+0000][840.020s] GC(280) Old regions: 55->55
[2022-04-27T05:19:17.157+0000][840.020s] GC(280) Humongous regions: 7->7
[2022-04-27T05:19:17.157+0000][840.021s] GC(280) Metaspace: 57173K->57173K(1101824K)
[2022-04-27T05:19:17.157+0000][840.021s] GC(280) Pause Young (Normal) (G1 Evacuation Pause) 366M->76M(512M) 9.648ms
[2022-04-27T05:19:17.158+0000][840.021s] GC(280) User=0.04s Sys=0.00s Real=0.01s
[2022-04-27T05:19:19.153+0000][842.017s] GC(281) Pause Young (Normal) (G1 Evacuation Pause)
[2022-04-27T05:19:19.154+0000][842.017s] GC(281) Using 8 workers of 8 for evacuation
[2022-04-27T05:19:19.162+0000][842.025s] GC(281)   Pre Evacuate Collection Set: 0.0ms
[2022-04-27T05:19:19.162+0000][842.026s] GC(281)   Evacuate Collection Set: 4.3ms
[2022-04-27T05:19:19.162+0000][842.026s] GC(281)   Post Evacuate Collection Set: 3.3ms
[2022-04-27T05:19:19.163+0000][842.026s] GC(281)   Other: 0.8ms
[2022-04-27T05:19:19.163+0000][842.027s] GC(281) Eden regions: 290->0(284)
[2022-04-27T05:19:19.163+0000][842.027s] GC(281) Survivor regions: 17->23(39)
[2022-04-27T05:19:19.164+0000][842.027s] GC(281) Old regions: 55->55
[2022-04-27T05:19:19.164+0000][842.027s] GC(281) Humongous regions: 7->7
[2022-04-27T05:19:19.164+0000][842.028s] GC(281) Metaspace: 57173K->57173K(1101824K)
[2022-04-27T05:19:19.164+0000][842.028s] GC(281) Pause Young (Normal) (G1 Evacuation Pause) 366M->82M(512M) 11.236ms
[2022-04-27T05:19:19.165+0000][842.028s] GC(281) User=0.06s Sys=0.00s Real=0.01s
[2022-04-27T05:19:20.867+0000][843.731s] GC(282) Pause Young (Normal) (G1 Evacuation Pause)
[2022-04-27T05:19:20.867+0000][843.731s] GC(282) Using 8 workers of 8 for evacuation
[2022-04-27T05:19:20.874+0000][843.738s] GC(282)   Pre Evacuate Collection Set: 0.0ms
[2022-04-27T05:19:20.874+0000][843.738s] GC(282)   Evacuate Collection Set: 4.2ms
[2022-04-27T05:19:20.875+0000][843.738s] GC(282)   Post Evacuate Collection Set: 2.1ms
[2022-04-27T05:19:20.875+0000][843.739s] GC(282)   Other: 0.7ms
[2022-04-27T05:19:20.875+0000][843.739s] GC(282) Eden regions: 284->0(287)
[2022-04-27T05:19:20.876+0000][843.739s] GC(282) Survivor regions: 23->20(39)
[2022-04-27T05:19:20.876+0000][843.740s] GC(282) Old regions: 55->55
[2022-04-27T05:19:20.876+0000][843.740s] GC(282) Humongous regions: 7->7
[2022-04-27T05:19:20.876+0000][843.740s] GC(282) Metaspace: 57173K->57173K(1101824K)
[2022-04-27T05:19:20.877+0000][843.740s] GC(282) Pause Young (Normal) (G1 Evacuation Pause) 366M->79M(512M) 9.755ms
[2022-04-27T05:19:20.877+0000][843.741s] GC(282) User=0.04s Sys=0.00s Real=0.01s
[2022-04-27T05:19:23.035+0000][845.899s] GC(283) Pause Young (Normal) (G1 Evacuation Pause)
[2022-04-27T05:19:23.036+0000][845.899s] GC(283) Using 8 workers of 8 for evacuation
[2022-04-27T05:19:23.046+0000][845.909s] GC(283)   Pre Evacuate Collection Set: 0.0ms
[2022-04-27T05:19:23.046+0000][845.910s] GC(283)   Evacuate Collection Set: 3.6ms
[2022-04-27T05:19:23.046+0000][845.910s] GC(283)   Post Evacuate Collection Set: 6.0ms
[2022-04-27T05:19:23.047+0000][845.911s] GC(283)   Other: 0.8ms
[2022-04-27T05:19:23.047+0000][845.911s] GC(283) Eden regions: 287->0(286)
[2022-04-27T05:19:23.048+0000][845.911s] GC(283) Survivor regions: 20->21(39)
[2022-04-27T05:19:23.048+0000][845.912s] GC(283) Old regions: 55->55
[2022-04-27T05:19:23.048+0000][845.912s] GC(283) Humongous regions: 7->7
[2022-04-27T05:19:23.049+0000][845.912s] GC(283) Metaspace: 57173K->57173K(1101824K)
[2022-04-27T05:19:23.049+0000][845.913s] GC(283) Pause Young (Normal) (G1 Evacuation Pause) 366M->81M(512M) 13.831ms
[2022-04-27T05:19:23.049+0000][845.913s] GC(283) User=0.07s Sys=0.00s Real=0.01s
[2022-04-27T05:19:24.677+0000][847.541s] GC(284) Pause Young (Normal) (G1 Evacuation Pause)
[2022-04-27T05:19:24.677+0000][847.541s] GC(284) Using 8 workers of 8 for evacuation
[2022-04-27T05:19:24.684+0000][847.548s] GC(284)   Pre Evacuate Collection Set: 0.0ms
[2022-04-27T05:19:24.684+0000][847.548s] GC(284)   Evacuate Collection Set: 4.3ms
[2022-04-27T05:19:24.685+0000][847.548s] GC(284)   Post Evacuate Collection Set: 2.0ms
[2022-04-27T05:19:24.685+0000][847.548s] GC(284)   Other: 0.7ms
[2022-04-27T05:19:24.685+0000][847.549s] GC(284) Eden regions: 286->0(288)
[2022-04-27T05:19:24.685+0000][847.549s] GC(284) Survivor regions: 21->19(39)
[2022-04-27T05:19:24.686+0000][847.549s] GC(284) Old regions: 55->55
[2022-04-27T05:19:24.686+0000][847.549s] GC(284) Humongous regions: 7->7
[2022-04-27T05:19:24.686+0000][847.550s] GC(284) Metaspace: 57173K->57173K(1101824K)
[2022-04-27T05:19:24.686+0000][847.550s] GC(284) Pause Young (Normal) (G1 Evacuation Pause) 367M->78M(512M) 9.224ms
[2022-04-27T05:19:24.687+0000][847.550s] GC(284) User=0.04s Sys=0.00s Real=0.01s
[2022-04-27T05:19:27.116+0000][849.980s] GC(285) Pause Young (Normal) (G1 Evacuation Pause)
[2022-04-27T05:19:27.117+0000][849.980s] GC(285) Using 8 workers of 8 for evacuation
[2022-04-27T05:19:27.124+0000][849.988s] GC(285)   Pre Evacuate Collection Set: 0.0ms
[2022-04-27T05:19:27.125+0000][849.988s] GC(285)   Evacuate Collection Set: 3.7ms
[2022-04-27T05:19:27.125+0000][849.989s] GC(285)   Post Evacuate Collection Set: 3.5ms
[2022-04-27T05:19:27.125+0000][849.989s] GC(285)   Other: 0.8ms
[2022-04-27T05:19:27.126+0000][849.989s] GC(285) Eden regions: 288->0(287)
[2022-04-27T05:19:27.126+0000][849.990s] GC(285) Survivor regions: 19->20(39)
[2022-04-27T05:19:27.126+0000][849.990s] GC(285) Old regions: 55->55
[2022-04-27T05:19:27.126+0000][849.990s] GC(285) Humongous regions: 7->7
[2022-04-27T05:19:27.127+0000][849.990s] GC(285) Metaspace: 57173K->57173K(1101824K)
[2022-04-27T05:19:27.127+0000][849.991s] GC(285) Pause Young (Normal) (G1 Evacuation Pause) 366M->80M(512M) 10.703ms
[2022-04-27T05:19:27.127+0000][849.991s] GC(285) User=0.05s Sys=0.00s Real=0.01s
[2022-04-27T05:19:28.784+0000][851.647s] GC(286) Pause Young (Normal) (G1 Evacuation Pause)
[2022-04-27T05:19:28.784+0000][851.648s] GC(286) Using 8 workers of 8 for evacuation
[2022-04-27T05:19:28.791+0000][851.654s] GC(286)   Pre Evacuate Collection Set: 0.0ms
[2022-04-27T05:19:28.791+0000][851.655s] GC(286)   Evacuate Collection Set: 4.3ms
[2022-04-27T05:19:28.791+0000][851.655s] GC(286)   Post Evacuate Collection Set: 2.1ms
[2022-04-27T05:19:28.792+0000][851.655s] GC(286)   Other: 0.7ms
[2022-04-27T05:19:28.792+0000][851.656s] GC(286) Eden regions: 287->0(288)
[2022-04-27T05:19:28.792+0000][851.656s] GC(286) Survivor regions: 20->19(39)
[2022-04-27T05:19:28.793+0000][851.656s] GC(286) Old regions: 55->55
[2022-04-27T05:19:28.793+0000][851.657s] GC(286) Humongous regions: 7->7
[2022-04-27T05:19:28.793+0000][851.657s] GC(286) Metaspace: 57173K->57173K(1101824K)
[2022-04-27T05:19:28.794+0000][851.657s] GC(286) Pause Young (Normal) (G1 Evacuation Pause) 367M->79M(512M) 9.914ms
[2022-04-27T05:19:28.794+0000][851.657s] GC(286) User=0.04s Sys=0.01s Real=0.01s
[2022-04-27T05:19:30.739+0000][853.603s] GC(287) Pause Young (Normal) (G1 Evacuation Pause)
[2022-04-27T05:19:30.740+0000][853.603s] GC(287) Using 8 workers of 8 for evacuation
[2022-04-27T05:19:30.746+0000][853.610s] GC(287)   Pre Evacuate Collection Set: 0.0ms
[2022-04-27T05:19:30.747+0000][853.610s] GC(287)   Evacuate Collection Set: 3.4ms
[2022-04-27T05:19:30.747+0000][853.611s] GC(287)   Post Evacuate Collection Set: 2.9ms
[2022-04-27T05:19:30.747+0000][853.611s] GC(287)   Other: 0.5ms
[2022-04-27T05:19:30.748+0000][853.611s] GC(287) Eden regions: 288->0(290)
[2022-04-27T05:19:30.748+0000][853.612s] GC(287) Survivor regions: 19->17(39)
[2022-04-27T05:19:30.749+0000][853.612s] GC(287) Old regions: 55->55
[2022-04-27T05:19:30.749+0000][853.612s] GC(287) Humongous regions: 7->7
[2022-04-27T05:19:30.749+0000][853.613s] GC(287) Metaspace: 57173K->57173K(1101824K)
[2022-04-27T05:19:30.749+0000][853.613s] GC(287) Pause Young (Normal) (G1 Evacuation Pause) 367M->77M(512M) 9.903ms
[2022-04-27T05:19:30.750+0000][853.613s] GC(287) User=0.05s Sys=0.00s Real=0.01s
[2022-04-27T05:19:32.710+0000][855.574s] GC(288) Pause Young (Normal) (G1 Evacuation Pause)
[2022-04-27T05:19:32.711+0000][855.574s] GC(288) Using 8 workers of 8 for evacuation
[2022-04-27T05:19:32.718+0000][855.581s] GC(288)   Pre Evacuate Collection Set: 0.0ms
[2022-04-27T05:19:32.718+0000][855.582s] GC(288)   Evacuate Collection Set: 2.9ms
[2022-04-27T05:19:32.719+0000][855.582s] GC(288)   Post Evacuate Collection Set: 3.6ms
[2022-04-27T05:19:32.719+0000][855.583s] GC(288)   Other: 0.9ms
[2022-04-27T05:19:32.719+0000][855.583s] GC(288) Eden regions: 290->0(287)
[2022-04-27T05:19:32.720+0000][855.584s] GC(288) Survivor regions: 17->20(39)
[2022-04-27T05:19:32.720+0000][855.584s] GC(288) Old regions: 55->55
[2022-04-27T05:19:32.721+0000][855.584s] GC(288) Humongous regions: 7->7
[2022-04-27T05:19:32.721+0000][855.585s] GC(288) Metaspace: 57173K->57173K(1101824K)
[2022-04-27T05:19:32.721+0000][855.585s] GC(288) Pause Young (Normal) (G1 Evacuation Pause) 367M->79M(512M) 10.992ms
[2022-04-27T05:19:32.722+0000][855.585s] GC(288) User=0.04s Sys=0.00s Real=0.02s
[2022-04-27T05:19:34.506+0000][857.370s] GC(289) Pause Young (Normal) (G1 Evacuation Pause)
[2022-04-27T05:19:34.507+0000][857.370s] GC(289) Using 8 workers of 8 for evacuation
[2022-04-27T05:19:34.512+0000][857.376s] GC(289)   Pre Evacuate Collection Set: 0.0ms
[2022-04-27T05:19:34.513+0000][857.376s] GC(289)   Evacuate Collection Set: 2.9ms
[2022-04-27T05:19:34.513+0000][857.377s] GC(289)   Post Evacuate Collection Set: 2.2ms
[2022-04-27T05:19:34.514+0000][857.377s] GC(289)   Other: 0.8ms
[2022-04-27T05:19:34.514+0000][857.377s] GC(289) Eden regions: 287->0(291)
[2022-04-27T05:19:34.514+0000][857.378s] GC(289) Survivor regions: 20->16(39)
[2022-04-27T05:19:34.514+0000][857.378s] GC(289) Old regions: 55->55
[2022-04-27T05:19:34.515+0000][857.378s] GC(289) Humongous regions: 7->7
[2022-04-27T05:19:34.515+0000][857.379s] GC(289) Metaspace: 57173K->57173K(1101824K)
[2022-04-27T05:19:34.515+0000][857.379s] GC(289) Pause Young (Normal) (G1 Evacuation Pause) 366M->75M(512M) 8.894ms
[2022-04-27T05:19:34.516+0000][857.379s] GC(289) User=0.04s Sys=0.00s Real=0.01s
[2022-04-27T05:19:36.762+0000][859.625s] GC(290) Pause Young (Normal) (G1 Evacuation Pause)
[2022-04-27T05:19:36.762+0000][859.626s] GC(290) Using 8 workers of 8 for evacuation
[2022-04-27T05:19:36.769+0000][859.633s] GC(290)   Pre Evacuate Collection Set: 0.0ms
[2022-04-27T05:19:36.770+0000][859.633s] GC(290)   Evacuate Collection Set: 2.8ms
[2022-04-27T05:19:36.770+0000][859.634s] GC(290)   Post Evacuate Collection Set: 4.3ms
[2022-04-27T05:19:36.770+0000][859.634s] GC(290)   Other: 0.7ms
[2022-04-27T05:19:36.771+0000][859.634s] GC(290) Eden regions: 291->0(288)
[2022-04-27T05:19:36.771+0000][859.634s] GC(290) Survivor regions: 16->19(39)
[2022-04-27T05:19:36.771+0000][859.635s] GC(290) Old regions: 55->55
[2022-04-27T05:19:36.771+0000][859.635s] GC(290) Humongous regions: 7->7
[2022-04-27T05:19:36.772+0000][859.635s] GC(290) Metaspace: 57173K->57173K(1101824K)
[2022-04-27T05:19:36.772+0000][859.636s] GC(290) Pause Young (Normal) (G1 Evacuation Pause) 366M->78M(512M) 10.325ms
[2022-04-27T05:19:36.772+0000][859.636s] GC(290) User=0.05s Sys=0.01s Real=0.01s
[2022-04-27T05:19:38.534+0000][861.398s] GC(291) Pause Young (Normal) (G1 Evacuation Pause)
[2022-04-27T05:19:38.535+0000][861.398s] GC(291) Using 8 workers of 8 for evacuation
[2022-04-27T05:19:38.540+0000][861.404s] GC(291)   Pre Evacuate Collection Set: 0.0ms
[2022-04-27T05:19:38.541+0000][861.405s] GC(291)   Evacuate Collection Set: 3.3ms
[2022-04-27T05:19:38.541+0000][861.405s] GC(291)   Post Evacuate Collection Set: 2.1ms
[2022-04-27T05:19:38.541+0000][861.405s] GC(291)   Other: 0.8ms
[2022-04-27T05:19:38.542+0000][861.405s] GC(291) Eden regions: 288->0(291)
[2022-04-27T05:19:38.542+0000][861.406s] GC(291) Survivor regions: 19->16(39)
[2022-04-27T05:19:38.542+0000][861.406s] GC(291) Old regions: 55->55
[2022-04-27T05:19:38.543+0000][861.406s] GC(291) Humongous regions: 7->7
[2022-04-27T05:19:38.543+0000][861.407s] GC(291) Metaspace: 57173K->57173K(1101824K)
[2022-04-27T05:19:38.543+0000][861.407s] GC(291) Pause Young (Normal) (G1 Evacuation Pause) 366M->75M(512M) 8.889ms
[2022-04-27T05:19:38.544+0000][861.407s] GC(291) User=0.04s Sys=0.00s Real=0.01s
[2022-04-27T05:19:40.701+0000][863.564s] GC(292) Pause Young (Normal) (G1 Evacuation Pause)
[2022-04-27T05:19:40.701+0000][863.565s] GC(292) Using 8 workers of 8 for evacuation
[2022-04-27T05:19:40.710+0000][863.573s] GC(292)   Pre Evacuate Collection Set: 0.0ms
[2022-04-27T05:19:40.710+0000][863.574s] GC(292)   Evacuate Collection Set: 4.7ms
[2022-04-27T05:19:40.711+0000][863.574s] GC(292)   Post Evacuate Collection Set: 3.5ms
[2022-04-27T05:19:40.711+0000][863.575s] GC(292)   Other: 0.9ms
[2022-04-27T05:19:40.711+0000][863.575s] GC(292) Eden regions: 291->0(285)
[2022-04-27T05:19:40.712+0000][863.575s] GC(292) Survivor regions: 16->22(39)
[2022-04-27T05:19:40.712+0000][863.576s] GC(292) Old regions: 55->55
[2022-04-27T05:19:40.712+0000][863.576s] GC(292) Humongous regions: 7->7
[2022-04-27T05:19:40.712+0000][863.576s] GC(292) Metaspace: 57173K->57173K(1101824K)
[2022-04-27T05:19:40.713+0000][863.576s] GC(292) Pause Young (Normal) (G1 Evacuation Pause) 366M->81M(512M) 11.843ms
[2022-04-27T05:19:40.713+0000][863.577s] GC(292) User=0.05s Sys=0.00s Real=0.01s
[2022-04-27T05:19:42.385+0000][865.249s] GC(293) Pause Young (Normal) (G1 Evacuation Pause)
[2022-04-27T05:19:42.386+0000][865.249s] GC(293) Using 8 workers of 8 for evacuation
[2022-04-27T05:19:42.393+0000][865.257s] GC(293)   Pre Evacuate Collection Set: 0.0ms
[2022-04-27T05:19:42.393+0000][865.257s] GC(293)   Evacuate Collection Set: 4.6ms
[2022-04-27T05:19:42.394+0000][865.257s] GC(293)   Post Evacuate Collection Set: 2.3ms
[2022-04-27T05:19:42.394+0000][865.258s] GC(293)   Other: 0.6ms
[2022-04-27T05:19:42.394+0000][865.258s] GC(293) Eden regions: 285->0(287)
[2022-04-27T05:19:42.395+0000][865.258s] GC(293) Survivor regions: 22->20(39)
[2022-04-27T05:19:42.395+0000][865.259s] GC(293) Old regions: 55->55
[2022-04-27T05:19:42.395+0000][865.259s] GC(293) Humongous regions: 7->7
[2022-04-27T05:19:42.395+0000][865.259s] GC(293) Metaspace: 57173K->57173K(1101824K)
[2022-04-27T05:19:42.396+0000][865.259s] GC(293) Pause Young (Normal) (G1 Evacuation Pause) 366M->79M(512M) 10.133ms
[2022-04-27T05:19:42.396+0000][865.260s] GC(293) User=0.04s Sys=0.02s Real=0.01s
[2022-04-27T05:19:44.289+0000][867.153s] GC(294) Pause Young (Normal) (G1 Evacuation Pause)
[2022-04-27T05:19:44.289+0000][867.153s] GC(294) Using 8 workers of 8 for evacuation
[2022-04-27T05:19:44.299+0000][867.162s] GC(294)   Pre Evacuate Collection Set: 0.0ms
[2022-04-27T05:19:44.299+0000][867.163s] GC(294)   Evacuate Collection Set: 3.4ms
[2022-04-27T05:19:44.299+0000][867.163s] GC(294)   Post Evacuate Collection Set: 5.6ms
[2022-04-27T05:19:44.300+0000][867.163s] GC(294)   Other: 0.5ms
[2022-04-27T05:19:44.300+0000][867.164s] GC(294) Eden regions: 287->0(290)
[2022-04-27T05:19:44.300+0000][867.164s] GC(294) Survivor regions: 20->17(39)
[2022-04-27T05:19:44.301+0000][867.164s] GC(294) Old regions: 55->55
[2022-04-27T05:19:44.301+0000][867.164s] GC(294) Humongous regions: 7->7
[2022-04-27T05:19:44.301+0000][867.165s] GC(294) Metaspace: 57173K->57173K(1101824K)
[2022-04-27T05:19:44.301+0000][867.165s] GC(294) Pause Young (Normal) (G1 Evacuation Pause) 366M->77M(512M) 12.098ms
[2022-04-27T05:19:44.302+0000][867.165s] GC(294) User=0.07s Sys=0.00s Real=0.02s
[2022-04-27T05:19:46.334+0000][869.198s] GC(295) Pause Young (Normal) (G1 Evacuation Pause)
[2022-04-27T05:19:46.335+0000][869.198s] GC(295) Using 8 workers of 8 for evacuation
[2022-04-27T05:19:46.342+0000][869.206s] GC(295)   Pre Evacuate Collection Set: 0.0ms
[2022-04-27T05:19:46.343+0000][869.206s] GC(295)   Evacuate Collection Set: 3.8ms
[2022-04-27T05:19:46.343+0000][869.207s] GC(295)   Post Evacuate Collection Set: 3.2ms
[2022-04-27T05:19:46.343+0000][869.207s] GC(295)   Other: 0.8ms
[2022-04-27T05:19:46.344+0000][869.207s] GC(295) Eden regions: 290->0(285)
[2022-04-27T05:19:46.344+0000][869.208s] GC(295) Survivor regions: 17->22(39)
[2022-04-27T05:19:46.344+0000][869.208s] GC(295) Old regions: 55->55
[2022-04-27T05:19:46.344+0000][869.208s] GC(295) Humongous regions: 7->7
[2022-04-27T05:19:46.345+0000][869.208s] GC(295) Metaspace: 57174K->57174K(1101824K)
[2022-04-27T05:19:46.345+0000][869.208s] GC(295) Pause Young (Normal) (G1 Evacuation Pause) 367M->81M(512M) 10.438ms
[2022-04-27T05:19:46.345+0000][869.209s] GC(295) User=0.05s Sys=0.00s Real=0.01s
[2022-04-27T05:19:48.247+0000][871.111s] GC(296) Pause Young (Normal) (G1 Evacuation Pause)
[2022-04-27T05:19:48.248+0000][871.112s] GC(296) Using 8 workers of 8 for evacuation
[2022-04-27T05:19:48.253+0000][871.117s] GC(296)   Pre Evacuate Collection Set: 0.0ms
[2022-04-27T05:19:48.254+0000][871.118s] GC(296)   Evacuate Collection Set: 3.1ms
[2022-04-27T05:19:48.254+0000][871.118s] GC(296)   Post Evacuate Collection Set: 2.0ms
[2022-04-27T05:19:48.255+0000][871.118s] GC(296)   Other: 0.9ms
[2022-04-27T05:19:48.255+0000][871.119s] GC(296) Eden regions: 285->0(291)
[2022-04-27T05:19:48.256+0000][871.119s] GC(296) Survivor regions: 22->16(39)
[2022-04-27T05:19:48.256+0000][871.120s] GC(296) Old regions: 55->55
[2022-04-27T05:19:48.256+0000][871.120s] GC(296) Humongous regions: 7->7
[2022-04-27T05:19:48.257+0000][871.120s] GC(296) Metaspace: 57174K->57174K(1101824K)
[2022-04-27T05:19:48.257+0000][871.121s] GC(296) Pause Young (Normal) (G1 Evacuation Pause) 366M->76M(512M) 9.718ms
[2022-04-27T05:19:48.258+0000][871.121s] GC(296) User=0.04s Sys=0.00s Real=0.01s
[2022-04-27T05:19:50.509+0000][873.373s] GC(297) Pause Young (Normal) (G1 Evacuation Pause)
[2022-04-27T05:19:50.509+0000][873.373s] GC(297) Using 8 workers of 8 for evacuation
[2022-04-27T05:19:50.516+0000][873.380s] GC(297)   Pre Evacuate Collection Set: 0.0ms
[2022-04-27T05:19:50.516+0000][873.380s] GC(297)   Evacuate Collection Set: 2.5ms
[2022-04-27T05:19:50.517+0000][873.380s] GC(297)   Post Evacuate Collection Set: 3.7ms
[2022-04-27T05:19:50.517+0000][873.381s] GC(297)   Other: 0.7ms
[2022-04-27T05:19:50.518+0000][873.381s] GC(297) Eden regions: 291->0(289)
[2022-04-27T05:19:50.518+0000][873.382s] GC(297) Survivor regions: 16->18(39)
[2022-04-27T05:19:50.518+0000][873.382s] GC(297) Old regions: 55->55
[2022-04-27T05:19:50.519+0000][873.382s] GC(297) Humongous regions: 7->7
[2022-04-27T05:19:50.519+0000][873.383s] GC(297) Metaspace: 57174K->57174K(1101824K)
[2022-04-27T05:19:50.519+0000][873.383s] GC(297) Pause Young (Normal) (G1 Evacuation Pause) 367M->78M(512M) 10.358ms
[2022-04-27T05:19:50.520+0000][873.383s] GC(297) User=0.04s Sys=0.00s Real=0.01s
[2022-04-27T05:19:52.312+0000][875.175s] GC(298) Pause Young (Normal) (G1 Evacuation Pause)
[2022-04-27T05:19:52.312+0000][875.176s] GC(298) Using 8 workers of 8 for evacuation
[2022-04-27T05:19:52.318+0000][875.182s] GC(298)   Pre Evacuate Collection Set: 0.0ms
[2022-04-27T05:19:52.319+0000][875.182s] GC(298)   Evacuate Collection Set: 2.9ms
[2022-04-27T05:19:52.319+0000][875.183s] GC(298)   Post Evacuate Collection Set: 2.8ms
[2022-04-27T05:19:52.319+0000][875.183s] GC(298)   Other: 0.8ms
[2022-04-27T05:19:52.320+0000][875.183s] GC(298) Eden regions: 289->0(291)
[2022-04-27T05:19:52.320+0000][875.184s] GC(298) Survivor regions: 18->16(39)
[2022-04-27T05:19:52.320+0000][875.184s] GC(298) Old regions: 55->55
[2022-04-27T05:19:52.321+0000][875.184s] GC(298) Humongous regions: 7->7
[2022-04-27T05:19:52.321+0000][875.184s] GC(298) Metaspace: 57174K->57174K(1101824K)
[2022-04-27T05:19:52.321+0000][875.185s] GC(298) Pause Young (Normal) (G1 Evacuation Pause) 367M->76M(512M) 9.334ms
[2022-04-27T05:19:52.321+0000][875.185s] GC(298) User=0.03s Sys=0.01s Real=0.01s
[2022-04-27T05:19:54.662+0000][877.526s] GC(299) Pause Young (Normal) (G1 Evacuation Pause)
[2022-04-27T05:19:54.663+0000][877.526s] GC(299) Using 8 workers of 8 for evacuation
[2022-04-27T05:19:54.674+0000][877.538s] GC(299)   Pre Evacuate Collection Set: 0.0ms
[2022-04-27T05:19:54.674+0000][877.538s] GC(299)   Evacuate Collection Set: 5.0ms
[2022-04-27T05:19:54.674+0000][877.538s] GC(299)   Post Evacuate Collection Set: 6.0ms
[2022-04-27T05:19:54.675+0000][877.538s] GC(299)   Other: 0.6ms
[2022-04-27T05:19:54.675+0000][877.539s] GC(299) Eden regions: 291->0(286)
[2022-04-27T05:19:54.675+0000][877.539s] GC(299) Survivor regions: 16->21(39)
[2022-04-27T05:19:54.675+0000][877.539s] GC(299) Old regions: 55->55
[2022-04-27T05:19:54.676+0000][877.539s] GC(299) Humongous regions: 7->7
[2022-04-27T05:19:54.676+0000][877.539s] GC(299) Metaspace: 57174K->57174K(1101824K)
[2022-04-27T05:19:54.676+0000][877.540s] GC(299) Pause Young (Normal) (G1 Evacuation Pause) 367M->81M(512M) 13.598ms
[2022-04-27T05:19:54.676+0000][877.540s] GC(299) User=0.07s Sys=0.01s Real=0.01s
[2022-04-27T05:19:56.720+0000][879.584s] GC(300) Pause Young (Normal) (G1 Evacuation Pause)
[2022-04-27T05:19:56.720+0000][879.584s] GC(300) Using 8 workers of 8 for evacuation
[2022-04-27T05:19:56.728+0000][879.592s] GC(300)   Pre Evacuate Collection Set: 0.0ms
[2022-04-27T05:19:56.729+0000][879.592s] GC(300)   Evacuate Collection Set: 4.4ms
[2022-04-27T05:19:56.729+0000][879.593s] GC(300)   Post Evacuate Collection Set: 2.9ms
[2022-04-27T05:19:56.729+0000][879.593s] GC(300)   Other: 0.8ms
[2022-04-27T05:19:56.730+0000][879.594s] GC(300) Eden regions: 286->0(288)
[2022-04-27T05:19:56.730+0000][879.594s] GC(300) Survivor regions: 21->19(39)
[2022-04-27T05:19:56.731+0000][879.594s] GC(300) Old regions: 55->55
[2022-04-27T05:19:56.731+0000][879.594s] GC(300) Humongous regions: 7->7
[2022-04-27T05:19:56.731+0000][879.595s] GC(300) Metaspace: 57174K->57174K(1101824K)
[2022-04-27T05:19:56.731+0000][879.595s] GC(300) Pause Young (Normal) (G1 Evacuation Pause) 367M->79M(512M) 11.343ms
[2022-04-27T05:19:56.732+0000][879.595s] GC(300) User=0.04s Sys=0.01s Real=0.02s
[2022-04-27T05:19:58.504+0000][881.368s] GC(301) Pause Young (Normal) (G1 Evacuation Pause)
[2022-04-27T05:19:58.504+0000][881.368s] GC(301) Using 8 workers of 8 for evacuation
[2022-04-27T05:19:58.510+0000][881.374s] GC(301)   Pre Evacuate Collection Set: 0.0ms
[2022-04-27T05:19:58.510+0000][881.374s] GC(301)   Evacuate Collection Set: 3.5ms
[2022-04-27T05:19:58.511+0000][881.374s] GC(301)   Post Evacuate Collection Set: 2.1ms
[2022-04-27T05:19:58.511+0000][881.375s] GC(301)   Other: 0.6ms
[2022-04-27T05:19:58.511+0000][881.375s] GC(301) Eden regions: 288->0(291)
[2022-04-27T05:19:58.512+0000][881.375s] GC(301) Survivor regions: 19->16(39)
[2022-04-27T05:19:58.512+0000][881.375s] GC(301) Old regions: 55->55
[2022-04-27T05:19:58.512+0000][881.376s] GC(301) Humongous regions: 7->7
[2022-04-27T05:19:58.512+0000][881.376s] GC(301) Metaspace: 57175K->57175K(1101824K)
[2022-04-27T05:19:58.513+0000][881.376s] GC(301) Pause Young (Normal) (G1 Evacuation Pause) 367M->76M(512M) 8.708ms
[2022-04-27T05:19:58.513+0000][881.376s] GC(301) User=0.04s Sys=0.00s Real=0.01s
[2022-04-27T05:20:01.097+0000][883.961s] GC(302) Pause Young (Normal) (G1 Evacuation Pause)
[2022-04-27T05:20:01.097+0000][883.961s] GC(302) Using 8 workers of 8 for evacuation
[2022-04-27T05:20:01.104+0000][883.968s] GC(302)   Pre Evacuate Collection Set: 0.0ms
[2022-04-27T05:20:01.104+0000][883.968s] GC(302)   Evacuate Collection Set: 3.0ms
[2022-04-27T05:20:01.105+0000][883.968s] GC(302)   Post Evacuate Collection Set: 3.5ms
[2022-04-27T05:20:01.105+0000][883.969s] GC(302)   Other: 0.7ms
[2022-04-27T05:20:01.105+0000][883.969s] GC(302) Eden regions: 291->0(288)
[2022-04-27T05:20:01.105+0000][883.969s] GC(302) Survivor regions: 16->19(39)
[2022-04-27T05:20:01.106+0000][883.969s] GC(302) Old regions: 55->55
[2022-04-27T05:20:01.106+0000][883.970s] GC(302) Humongous regions: 7->7
[2022-04-27T05:20:01.106+0000][883.970s] GC(302) Metaspace: 57175K->57175K(1101824K)
[2022-04-27T05:20:01.107+0000][883.970s] GC(302) Pause Young (Normal) (G1 Evacuation Pause) 367M->79M(512M) 9.646ms
[2022-04-27T05:20:01.107+0000][883.970s] GC(302) User=0.04s Sys=0.00s Real=0.01s
[2022-04-27T05:20:02.971+0000][885.835s] GC(303) Pause Young (Normal) (G1 Evacuation Pause)
[2022-04-27T05:20:02.972+0000][885.835s] GC(303) Using 8 workers of 8 for evacuation
[2022-04-27T05:20:02.979+0000][885.842s] GC(303)   Pre Evacuate Collection Set: 0.0ms
[2022-04-27T05:20:02.979+0000][885.843s] GC(303)   Evacuate Collection Set: 3.3ms
[2022-04-27T05:20:02.979+0000][885.843s] GC(303)   Post Evacuate Collection Set: 3.0ms
[2022-04-27T05:20:02.980+0000][885.843s] GC(303)   Other: 1.0ms
[2022-04-27T05:20:02.980+0000][885.844s] GC(303) Eden regions: 288->0(291)
[2022-04-27T05:20:02.980+0000][885.844s] GC(303) Survivor regions: 19->16(39)
[2022-04-27T05:20:02.981+0000][885.844s] GC(303) Old regions: 55->55
[2022-04-27T05:20:02.981+0000][885.845s] GC(303) Humongous regions: 7->7
[2022-04-27T05:20:02.982+0000][885.845s] GC(303) Metaspace: 57175K->57175K(1101824K)
[2022-04-27T05:20:02.982+0000][885.846s] GC(303) Pause Young (Normal) (G1 Evacuation Pause) 367M->76M(512M) 10.821ms
[2022-04-27T05:20:02.983+0000][885.846s] GC(303) User=0.04s Sys=0.00s Real=0.01s
[2022-04-27T05:20:05.282+0000][888.146s] GC(304) Pause Young (Normal) (G1 Evacuation Pause)
[2022-04-27T05:20:05.282+0000][888.146s] GC(304) Using 8 workers of 8 for evacuation
[2022-04-27T05:20:05.295+0000][888.158s] GC(304)   Pre Evacuate Collection Set: 0.0ms
[2022-04-27T05:20:05.295+0000][888.159s] GC(304)   Evacuate Collection Set: 4.6ms
[2022-04-27T05:20:05.295+0000][888.159s] GC(304)   Post Evacuate Collection Set: 6.9ms
[2022-04-27T05:20:05.296+0000][888.159s] GC(304)   Other: 1.1ms
[2022-04-27T05:20:05.296+0000][888.160s] GC(304) Eden regions: 291->0(286)
[2022-04-27T05:20:05.296+0000][888.160s] GC(304) Survivor regions: 16->21(39)
[2022-04-27T05:20:05.297+0000][888.160s] GC(304) Old regions: 55->55
[2022-04-27T05:20:05.297+0000][888.161s] GC(304) Humongous regions: 7->7
[2022-04-27T05:20:05.297+0000][888.161s] GC(304) Metaspace: 57175K->57175K(1101824K)
[2022-04-27T05:20:05.298+0000][888.161s] GC(304) Pause Young (Normal) (G1 Evacuation Pause) 367M->81M(512M) 15.593ms
[2022-04-27T05:20:05.298+0000][888.162s] GC(304) User=0.08s Sys=0.00s Real=0.01s
[2022-04-27T05:20:06.945+0000][889.809s] GC(305) Pause Young (Normal) (G1 Evacuation Pause)
[2022-04-27T05:20:06.946+0000][889.809s] GC(305) Using 8 workers of 8 for evacuation
[2022-04-27T05:20:06.953+0000][889.817s] GC(305)   Pre Evacuate Collection Set: 0.0ms
[2022-04-27T05:20:06.954+0000][889.817s] GC(305)   Evacuate Collection Set: 4.4ms
[2022-04-27T05:20:06.954+0000][889.817s] GC(305)   Post Evacuate Collection Set: 2.7ms
[2022-04-27T05:20:06.954+0000][889.818s] GC(305)   Other: 0.7ms
[2022-04-27T05:20:06.954+0000][889.818s] GC(305) Eden regions: 286->0(288)
[2022-04-27T05:20:06.955+0000][889.818s] GC(305) Survivor regions: 21->19(39)
[2022-04-27T05:20:06.955+0000][889.819s] GC(305) Old regions: 55->55
[2022-04-27T05:20:06.955+0000][889.819s] GC(305) Humongous regions: 7->7
[2022-04-27T05:20:06.956+0000][889.819s] GC(305) Metaspace: 57175K->57175K(1101824K)
[2022-04-27T05:20:06.956+0000][889.820s] GC(305) Pause Young (Normal) (G1 Evacuation Pause) 367M->79M(512M) 10.537ms
[2022-04-27T05:20:06.956+0000][889.820s] GC(305) User=0.05s Sys=0.00s Real=0.01s
[2022-04-27T05:20:10.810+0000][893.673s] GC(306) Pause Young (Normal) (G1 Evacuation Pause)
[2022-04-27T05:20:10.810+0000][893.674s] GC(306) Using 8 workers of 8 for evacuation
[2022-04-27T05:20:10.819+0000][893.683s] GC(306)   Pre Evacuate Collection Set: 0.1ms
[2022-04-27T05:20:10.820+0000][893.683s] GC(306)   Evacuate Collection Set: 4.3ms
[2022-04-27T05:20:10.820+0000][893.683s] GC(306)   Post Evacuate Collection Set: 4.5ms
[2022-04-27T05:20:10.820+0000][893.684s] GC(306)   Other: 0.8ms
[2022-04-27T05:20:10.820+0000][893.684s] GC(306) Eden regions: 288->0(288)
[2022-04-27T05:20:10.821+0000][893.684s] GC(306) Survivor regions: 19->19(39)
[2022-04-27T05:20:10.821+0000][893.684s] GC(306) Old regions: 55->55
[2022-04-27T05:20:10.821+0000][893.685s] GC(306) Humongous regions: 7->7
[2022-04-27T05:20:10.821+0000][893.685s] GC(306) Metaspace: 57175K->57175K(1101824K)
[2022-04-27T05:20:10.822+0000][893.685s] GC(306) Pause Young (Normal) (G1 Evacuation Pause) 367M->78M(512M) 12.052ms
[2022-04-27T05:20:10.822+0000][893.686s] GC(306) User=0.06s Sys=0.00s Real=0.02s
[2022-04-27T05:20:12.939+0000][895.803s] GC(307) Pause Young (Normal) (G1 Evacuation Pause)
[2022-04-27T05:20:12.940+0000][895.803s] GC(307) Using 8 workers of 8 for evacuation
[2022-04-27T05:20:12.948+0000][895.812s] GC(307)   Pre Evacuate Collection Set: 0.0ms
[2022-04-27T05:20:12.948+0000][895.812s] GC(307)   Evacuate Collection Set: 4.8ms
[2022-04-27T05:20:12.949+0000][895.812s] GC(307)   Post Evacuate Collection Set: 3.0ms
[2022-04-27T05:20:12.949+0000][895.813s] GC(307)   Other: 0.9ms
[2022-04-27T05:20:12.949+0000][895.813s] GC(307) Eden regions: 288->0(286)
[2022-04-27T05:20:12.950+0000][895.813s] GC(307) Survivor regions: 19->21(39)
[2022-04-27T05:20:12.950+0000][895.814s] GC(307) Old regions: 55->55
[2022-04-27T05:20:12.951+0000][895.814s] GC(307) Humongous regions: 7->7
[2022-04-27T05:20:12.951+0000][895.815s] GC(307) Metaspace: 57175K->57175K(1101824K)
[2022-04-27T05:20:12.951+0000][895.815s] GC(307) Pause Young (Normal) (G1 Evacuation Pause) 366M->81M(512M) 12.195ms
[2022-04-27T05:20:12.952+0000][895.815s] GC(307) User=0.05s Sys=0.00s Real=0.02s
[2022-04-27T05:20:14.686+0000][897.549s] GC(308) Pause Young (Normal) (G1 Evacuation Pause)
[2022-04-27T05:20:14.686+0000][897.549s] GC(308) Using 8 workers of 8 for evacuation
[2022-04-27T05:20:14.693+0000][897.557s] GC(308)   Pre Evacuate Collection Set: 0.0ms
[2022-04-27T05:20:14.694+0000][897.557s] GC(308)   Evacuate Collection Set: 4.9ms
[2022-04-27T05:20:14.694+0000][897.558s] GC(308)   Post Evacuate Collection Set: 2.3ms
[2022-04-27T05:20:14.694+0000][897.558s] GC(308)   Other: 0.5ms
[2022-04-27T05:20:14.695+0000][897.558s] GC(308) Eden regions: 286->0(285)
[2022-04-27T05:20:14.695+0000][897.559s] GC(308) Survivor regions: 21->22(39)
[2022-04-27T05:20:14.695+0000][897.559s] GC(308) Old regions: 55->55
[2022-04-27T05:20:14.695+0000][897.559s] GC(308) Humongous regions: 7->7
[2022-04-27T05:20:14.696+0000][897.559s] GC(308) Metaspace: 57175K->57175K(1101824K)
[2022-04-27T05:20:14.696+0000][897.560s] GC(308) Pause Young (Normal) (G1 Evacuation Pause) 367M->81M(512M) 10.567ms
[2022-04-27T05:20:14.696+0000][897.560s] GC(308) User=0.05s Sys=0.00s Real=0.01s
[2022-04-27T05:20:17.777+0000][900.641s] GC(309) Pause Young (Normal) (G1 Evacuation Pause)
[2022-04-27T05:20:17.778+0000][900.641s] GC(309) Using 8 workers of 8 for evacuation
[2022-04-27T05:20:17.789+0000][900.653s] GC(309)   Pre Evacuate Collection Set: 0.0ms
[2022-04-27T05:20:17.790+0000][900.653s] GC(309)   Evacuate Collection Set: 4.1ms
[2022-04-27T05:20:17.790+0000][900.654s] GC(309)   Post Evacuate Collection Set: 7.1ms
[2022-04-27T05:20:17.791+0000][900.654s] GC(309)   Other: 0.8ms
[2022-04-27T05:20:17.791+0000][900.655s] GC(309) Eden regions: 285->0(281)
[2022-04-27T05:20:17.791+0000][900.655s] GC(309) Survivor regions: 22->26(39)
[2022-04-27T05:20:17.792+0000][900.655s] GC(309) Old regions: 55->55
[2022-04-27T05:20:17.792+0000][900.655s] GC(309) Humongous regions: 7->7
[2022-04-27T05:20:17.792+0000][900.656s] GC(309) Metaspace: 57175K->57175K(1101824K)
[2022-04-27T05:20:17.792+0000][900.656s] GC(309) Pause Young (Normal) (G1 Evacuation Pause) 366M->86M(512M) 14.811ms
[2022-04-27T05:20:17.793+0000][900.656s] GC(309) User=0.07s Sys=0.00s Real=0.02s
[2022-04-27T05:20:19.686+0000][902.550s] GC(310) Pause Young (Normal) (G1 Evacuation Pause)
[2022-04-27T05:20:19.687+0000][902.550s] GC(310) Using 8 workers of 8 for evacuation
[2022-04-27T05:20:19.695+0000][902.559s] GC(310)   Pre Evacuate Collection Set: 0.0ms
[2022-04-27T05:20:19.696+0000][902.559s] GC(310)   Evacuate Collection Set: 4.9ms
[2022-04-27T05:20:19.696+0000][902.560s] GC(310)   Post Evacuate Collection Set: 3.2ms
[2022-04-27T05:20:19.696+0000][902.560s] GC(310)   Other: 0.7ms
[2022-04-27T05:20:19.696+0000][902.560s] GC(310) Eden regions: 281->0(288)
[2022-04-27T05:20:19.697+0000][902.560s] GC(310) Survivor regions: 26->19(39)
[2022-04-27T05:20:19.697+0000][902.561s] GC(310) Old regions: 55->56
[2022-04-27T05:20:19.697+0000][902.561s] GC(310) Humongous regions: 7->7
[2022-04-27T05:20:19.697+0000][902.561s] GC(310) Metaspace: 57175K->57175K(1101824K)
[2022-04-27T05:20:19.698+0000][902.561s] GC(310) Pause Young (Normal) (G1 Evacuation Pause) 367M->79M(512M) 11.169ms
[2022-04-27T05:20:19.698+0000][902.561s] GC(310) User=0.06s Sys=0.00s Real=0.01s
[2022-04-27T05:20:22.367+0000][905.231s] GC(311) Pause Young (Normal) (G1 Evacuation Pause)
[2022-04-27T05:20:22.368+0000][905.232s] GC(311) Using 8 workers of 8 for evacuation
[2022-04-27T05:20:22.375+0000][905.239s] GC(311)   Pre Evacuate Collection Set: 0.0ms
[2022-04-27T05:20:22.376+0000][905.240s] GC(311)   Evacuate Collection Set: 4.3ms
[2022-04-27T05:20:22.376+0000][905.240s] GC(311)   Post Evacuate Collection Set: 2.7ms
[2022-04-27T05:20:22.377+0000][905.240s] GC(311)   Other: 1.0ms
[2022-04-27T05:20:22.377+0000][905.241s] GC(311) Eden regions: 288->0(287)
[2022-04-27T05:20:22.377+0000][905.241s] GC(311) Survivor regions: 19->20(39)
[2022-04-27T05:20:22.378+0000][905.241s] GC(311) Old regions: 56->56
[2022-04-27T05:20:22.378+0000][905.242s] GC(311) Humongous regions: 7->7
[2022-04-27T05:20:22.378+0000][905.242s] GC(311) Metaspace: 57175K->57175K(1101824K)
[2022-04-27T05:20:22.379+0000][905.242s] GC(311) Pause Young (Normal) (G1 Evacuation Pause) 367M->80M(512M) 11.419ms
[2022-04-27T05:20:22.379+0000][905.243s] GC(311) User=0.05s Sys=0.00s Real=0.01s
[2022-04-27T05:20:24.047+0000][906.911s] GC(312) Pause Young (Normal) (G1 Evacuation Pause)
[2022-04-27T05:20:24.047+0000][906.911s] GC(312) Using 8 workers of 8 for evacuation
[2022-04-27T05:20:24.054+0000][906.918s] GC(312)   Pre Evacuate Collection Set: 0.0ms
[2022-04-27T05:20:24.055+0000][906.919s] GC(312)   Evacuate Collection Set: 3.8ms
[2022-04-27T05:20:24.055+0000][906.919s] GC(312)   Post Evacuate Collection Set: 3.0ms
[2022-04-27T05:20:24.056+0000][906.919s] GC(312)   Other: 0.7ms
[2022-04-27T05:20:24.056+0000][906.920s] GC(312) Eden regions: 287->0(286)
[2022-04-27T05:20:24.056+0000][906.920s] GC(312) Survivor regions: 20->21(39)
[2022-04-27T05:20:24.057+0000][906.920s] GC(312) Old regions: 56->56
[2022-04-27T05:20:24.057+0000][906.921s] GC(312) Humongous regions: 7->7
[2022-04-27T05:20:24.057+0000][906.921s] GC(312) Metaspace: 57175K->57175K(1101824K)
[2022-04-27T05:20:24.058+0000][906.921s] GC(312) Pause Young (Normal) (G1 Evacuation Pause) 367M->81M(512M) 10.683ms
[2022-04-27T05:20:24.058+0000][906.922s] GC(312) User=0.05s Sys=0.00s Real=0.01s
[2022-04-27T05:20:25.697+0000][908.561s] GC(313) Pause Young (Normal) (G1 Evacuation Pause)
[2022-04-27T05:20:25.697+0000][908.561s] GC(313) Using 8 workers of 8 for evacuation
[2022-04-27T05:20:25.703+0000][908.567s] GC(313)   Pre Evacuate Collection Set: 0.0ms
[2022-04-27T05:20:25.703+0000][908.567s] GC(313)   Evacuate Collection Set: 3.3ms
[2022-04-27T05:20:25.704+0000][908.567s] GC(313)   Post Evacuate Collection Set: 2.0ms
[2022-04-27T05:20:25.704+0000][908.568s] GC(313)   Other: 0.7ms
[2022-04-27T05:20:25.704+0000][908.568s] GC(313) Eden regions: 286->0(290)
[2022-04-27T05:20:25.705+0000][908.568s] GC(313) Survivor regions: 21->17(39)
[2022-04-27T05:20:25.705+0000][908.569s] GC(313) Old regions: 56->56
[2022-04-27T05:20:25.705+0000][908.569s] GC(313) Humongous regions: 7->7
[2022-04-27T05:20:25.706+0000][908.569s] GC(313) Metaspace: 57175K->57175K(1101824K)
[2022-04-27T05:20:25.706+0000][908.570s] GC(313) Pause Young (Normal) (G1 Evacuation Pause) 367M->77M(512M) 8.950ms
[2022-04-27T05:20:25.706+0000][908.570s] GC(313) User=0.04s Sys=0.00s Real=0.01s
[2022-04-27T05:20:27.916+0000][910.779s] GC(314) Pause Young (Normal) (G1 Evacuation Pause)
[2022-04-27T05:20:27.916+0000][910.780s] GC(314) Using 8 workers of 8 for evacuation
[2022-04-27T05:20:27.923+0000][910.787s] GC(314)   Pre Evacuate Collection Set: 0.0ms
[2022-04-27T05:20:27.924+0000][910.788s] GC(314)   Evacuate Collection Set: 3.0ms
[2022-04-27T05:20:27.924+0000][910.788s] GC(314)   Post Evacuate Collection Set: 3.5ms
[2022-04-27T05:20:27.925+0000][910.789s] GC(314)   Other: 1.2ms
[2022-04-27T05:20:27.925+0000][910.789s] GC(314) Eden regions: 290->0(288)
[2022-04-27T05:20:27.926+0000][910.789s] GC(314) Survivor regions: 17->19(39)
[2022-04-27T05:20:27.926+0000][910.790s] GC(314) Old regions: 56->56
[2022-04-27T05:20:27.926+0000][910.790s] GC(314) Humongous regions: 7->7
[2022-04-27T05:20:27.927+0000][910.790s] GC(314) Metaspace: 57175K->57175K(1101824K)
[2022-04-27T05:20:27.927+0000][910.791s] GC(314) Pause Young (Normal) (G1 Evacuation Pause) 367M->79M(512M) 11.463ms
[2022-04-27T05:20:27.928+0000][910.791s] GC(314) User=0.05s Sys=0.00s Real=0.01s
[2022-04-27T05:20:29.630+0000][912.494s] GC(315) Pause Young (Normal) (G1 Evacuation Pause)
[2022-04-27T05:20:29.630+0000][912.494s] GC(315) Using 8 workers of 8 for evacuation
[2022-04-27T05:20:29.636+0000][912.500s] GC(315)   Pre Evacuate Collection Set: 0.0ms
[2022-04-27T05:20:29.637+0000][912.501s] GC(315)   Evacuate Collection Set: 2.8ms
[2022-04-27T05:20:29.637+0000][912.501s] GC(315)   Post Evacuate Collection Set: 2.8ms
[2022-04-27T05:20:29.638+0000][912.501s] GC(315)   Other: 0.8ms
[2022-04-27T05:20:29.638+0000][912.502s] GC(315) Eden regions: 288->0(292)
[2022-04-27T05:20:29.638+0000][912.502s] GC(315) Survivor regions: 19->15(39)
[2022-04-27T05:20:29.639+0000][912.502s] GC(315) Old regions: 56->56
[2022-04-27T05:20:29.639+0000][912.503s] GC(315) Humongous regions: 7->7
[2022-04-27T05:20:29.639+0000][912.503s] GC(315) Metaspace: 57175K->57175K(1101824K)
[2022-04-27T05:20:29.640+0000][912.503s] GC(315) Pause Young (Normal) (G1 Evacuation Pause) 367M->75M(512M) 9.756ms
[2022-04-27T05:20:29.640+0000][912.504s] GC(315) User=0.04s Sys=0.00s Real=0.01s
[2022-04-27T05:20:31.842+0000][914.705s] GC(316) Pause Young (Normal) (G1 Evacuation Pause)
[2022-04-27T05:20:31.842+0000][914.706s] GC(316) Using 8 workers of 8 for evacuation
[2022-04-27T05:20:31.850+0000][914.714s] GC(316)   Pre Evacuate Collection Set: 0.0ms
[2022-04-27T05:20:31.850+0000][914.714s] GC(316)   Evacuate Collection Set: 4.0ms
[2022-04-27T05:20:31.851+0000][914.715s] GC(316)   Post Evacuate Collection Set: 3.6ms
[2022-04-27T05:20:31.851+0000][914.715s] GC(316)   Other: 0.8ms
[2022-04-27T05:20:31.852+0000][914.715s] GC(316) Eden regions: 292->0(286)
[2022-04-27T05:20:31.852+0000][914.716s] GC(316) Survivor regions: 15->21(39)
[2022-04-27T05:20:31.852+0000][914.716s] GC(316) Old regions: 56->56
[2022-04-27T05:20:31.853+0000][914.716s] GC(316) Humongous regions: 7->7
[2022-04-27T05:20:31.853+0000][914.717s] GC(316) Metaspace: 57175K->57175K(1101824K)
[2022-04-27T05:20:31.854+0000][914.717s] GC(316) Pause Young (Normal) (G1 Evacuation Pause) 367M->81M(512M) 11.962ms
[2022-04-27T05:20:31.854+0000][914.718s] GC(316) User=0.05s Sys=0.00s Real=0.01s
[2022-04-27T05:20:33.497+0000][916.360s] GC(317) Pause Young (Normal) (G1 Evacuation Pause)
[2022-04-27T05:20:33.497+0000][916.361s] GC(317) Using 8 workers of 8 for evacuation
[2022-04-27T05:20:33.504+0000][916.368s] GC(317)   Pre Evacuate Collection Set: 0.0ms
[2022-04-27T05:20:33.505+0000][916.368s] GC(317)   Evacuate Collection Set: 4.4ms
[2022-04-27T05:20:33.505+0000][916.369s] GC(317)   Post Evacuate Collection Set: 2.3ms
[2022-04-27T05:20:33.505+0000][916.369s] GC(317)   Other: 0.8ms
[2022-04-27T05:20:33.506+0000][916.369s] GC(317) Eden regions: 286->0(287)
[2022-04-27T05:20:33.506+0000][916.370s] GC(317) Survivor regions: 21->20(39)
[2022-04-27T05:20:33.506+0000][916.370s] GC(317) Old regions: 56->56
[2022-04-27T05:20:33.507+0000][916.370s] GC(317) Humongous regions: 7->7
[2022-04-27T05:20:33.507+0000][916.371s] GC(317) Metaspace: 57175K->57175K(1101824K)
[2022-04-27T05:20:33.507+0000][916.371s] GC(317) Pause Young (Normal) (G1 Evacuation Pause) 367M->80M(512M) 10.504ms
[2022-04-27T05:20:33.508+0000][916.371s] GC(317) User=0.04s Sys=0.00s Real=0.01s
[2022-04-27T05:20:35.305+0000][918.168s] GC(318) Pause Young (Normal) (G1 Evacuation Pause)
[2022-04-27T05:20:35.305+0000][918.169s] GC(318) Using 8 workers of 8 for evacuation
[2022-04-27T05:20:35.316+0000][918.179s] GC(318)   Pre Evacuate Collection Set: 0.0ms
[2022-04-27T05:20:35.316+0000][918.180s] GC(318)   Evacuate Collection Set: 4.0ms
[2022-04-27T05:20:35.316+0000][918.180s] GC(318)   Post Evacuate Collection Set: 6.3ms
[2022-04-27T05:20:35.317+0000][918.180s] GC(318)   Other: 0.7ms
[2022-04-27T05:20:35.317+0000][918.180s] GC(318) Eden regions: 287->0(290)
[2022-04-27T05:20:35.317+0000][918.181s] GC(318) Survivor regions: 20->17(39)
[2022-04-27T05:20:35.317+0000][918.181s] GC(318) Old regions: 56->56
[2022-04-27T05:20:35.317+0000][918.181s] GC(318) Humongous regions: 7->7
[2022-04-27T05:20:35.318+0000][918.181s] GC(318) Metaspace: 57175K->57175K(1101824K)
[2022-04-27T05:20:35.318+0000][918.182s] GC(318) Pause Young (Normal) (G1 Evacuation Pause) 367M->77M(512M) 13.226ms
[2022-04-27T05:20:35.318+0000][918.182s] GC(318) User=0.07s Sys=0.00s Real=0.01s
[2022-04-27T05:20:37.647+0000][920.511s] GC(319) Pause Young (Normal) (G1 Evacuation Pause)
[2022-04-27T05:20:37.647+0000][920.511s] GC(319) Using 8 workers of 8 for evacuation
[2022-04-27T05:20:37.656+0000][920.520s] GC(319)   Pre Evacuate Collection Set: 0.0ms
[2022-04-27T05:20:37.656+0000][920.520s] GC(319)   Evacuate Collection Set: 4.7ms
[2022-04-27T05:20:37.657+0000][920.520s] GC(319)   Post Evacuate Collection Set: 3.6ms
[2022-04-27T05:20:37.657+0000][920.521s] GC(319)   Other: 0.6ms
[2022-04-27T05:20:37.657+0000][920.521s] GC(319) Eden regions: 290->0(284)
[2022-04-27T05:20:37.658+0000][920.521s] GC(319) Survivor regions: 17->23(39)
[2022-04-27T05:20:37.658+0000][920.522s] GC(319) Old regions: 56->56
[2022-04-27T05:20:37.658+0000][920.522s] GC(319) Humongous regions: 7->7
[2022-04-27T05:20:37.659+0000][920.522s] GC(319) Metaspace: 57175K->57175K(1101824K)
[2022-04-27T05:20:37.659+0000][920.523s] GC(319) Pause Young (Normal) (G1 Evacuation Pause) 367M->83M(512M) 12.022ms
[2022-04-27T05:20:37.659+0000][920.523s] GC(319) User=0.06s Sys=0.00s Real=0.01s
[2022-04-27T05:20:39.466+0000][922.330s] GC(320) Pause Young (Normal) (G1 Evacuation Pause)
[2022-04-27T05:20:39.466+0000][922.330s] GC(320) Using 8 workers of 8 for evacuation
[2022-04-27T05:20:39.472+0000][922.336s] GC(320)   Pre Evacuate Collection Set: 0.0ms
[2022-04-27T05:20:39.473+0000][922.336s] GC(320)   Evacuate Collection Set: 3.0ms
[2022-04-27T05:20:39.473+0000][922.337s] GC(320)   Post Evacuate Collection Set: 2.2ms
[2022-04-27T05:20:39.473+0000][922.337s] GC(320)   Other: 0.8ms
[2022-04-27T05:20:39.474+0000][922.337s] GC(320) Eden regions: 284->0(292)
[2022-04-27T05:20:39.474+0000][922.338s] GC(320) Survivor regions: 23->15(39)
[2022-04-27T05:20:39.474+0000][922.338s] GC(320) Old regions: 56->56
[2022-04-27T05:20:39.475+0000][922.338s] GC(320) Humongous regions: 7->7
[2022-04-27T05:20:39.475+0000][922.339s] GC(320) Metaspace: 57175K->57175K(1101824K)
[2022-04-27T05:20:39.475+0000][922.339s] GC(320) Pause Young (Normal) (G1 Evacuation Pause) 367M->76M(512M) 9.125ms
[2022-04-27T05:20:39.475+0000][922.339s] GC(320) User=0.04s Sys=0.00s Real=0.01s
[2022-04-27T05:20:41.911+0000][924.775s] GC(321) Pause Young (Normal) (G1 Evacuation Pause)
[2022-04-27T05:20:41.912+0000][924.776s] GC(321) Using 8 workers of 8 for evacuation
[2022-04-27T05:20:41.920+0000][924.784s] GC(321)   Pre Evacuate Collection Set: 0.0ms
[2022-04-27T05:20:41.921+0000][924.784s] GC(321)   Evacuate Collection Set: 3.7ms
[2022-04-27T05:20:41.921+0000][924.785s] GC(321)   Post Evacuate Collection Set: 4.0ms
[2022-04-27T05:20:41.921+0000][924.785s] GC(321)   Other: 1.0ms
[2022-04-27T05:20:41.922+0000][924.785s] GC(321) Eden regions: 292->0(286)
[2022-04-27T05:20:41.922+0000][924.786s] GC(321) Survivor regions: 15->21(39)
[2022-04-27T05:20:41.922+0000][924.786s] GC(321) Old regions: 56->56
[2022-04-27T05:20:41.923+0000][924.786s] GC(321) Humongous regions: 7->7
[2022-04-27T05:20:41.923+0000][924.787s] GC(321) Metaspace: 57175K->57175K(1101824K)
[2022-04-27T05:20:41.924+0000][924.787s] GC(321) Pause Young (Normal) (G1 Evacuation Pause) 368M->82M(512M) 12.081ms
[2022-04-27T05:20:41.924+0000][924.788s] GC(321) User=0.05s Sys=0.01s Real=0.01s
[2022-04-27T05:20:43.588+0000][926.451s] GC(322) Pause Young (Normal) (G1 Evacuation Pause)
[2022-04-27T05:20:43.588+0000][926.452s] GC(322) Using 8 workers of 8 for evacuation
[2022-04-27T05:20:43.597+0000][926.461s] GC(322)   Pre Evacuate Collection Set: 0.0ms
[2022-04-27T05:20:43.598+0000][926.461s] GC(322)   Evacuate Collection Set: 4.9ms
[2022-04-27T05:20:43.598+0000][926.462s] GC(322)   Post Evacuate Collection Set: 4.2ms
[2022-04-27T05:20:43.599+0000][926.462s] GC(322)   Other: 0.7ms
[2022-04-27T05:20:43.599+0000][926.463s] GC(322) Eden regions: 286->0(288)
[2022-04-27T05:20:43.599+0000][926.463s] GC(322) Survivor regions: 21->19(39)
[2022-04-27T05:20:43.600+0000][926.464s] GC(322) Old regions: 56->56
[2022-04-27T05:20:43.600+0000][926.464s] GC(322) Humongous regions: 7->7
[2022-04-27T05:20:43.600+0000][926.464s] GC(322) Metaspace: 57175K->57175K(1101824K)
[2022-04-27T05:20:43.601+0000][926.464s] GC(322) Pause Young (Normal) (G1 Evacuation Pause) 368M->80M(512M) 13.165ms
[2022-04-27T05:20:43.601+0000][926.465s] GC(322) User=0.06s Sys=0.00s Real=0.02s
[2022-04-27T05:20:45.380+0000][928.243s] GC(323) Pause Young (Normal) (G1 Evacuation Pause)
[2022-04-27T05:20:45.380+0000][928.244s] GC(323) Using 8 workers of 8 for evacuation
[2022-04-27T05:20:45.386+0000][928.250s] GC(323)   Pre Evacuate Collection Set: 0.0ms
[2022-04-27T05:20:45.387+0000][928.250s] GC(323)   Evacuate Collection Set: 3.6ms
[2022-04-27T05:20:45.387+0000][928.250s] GC(323)   Post Evacuate Collection Set: 2.2ms
[2022-04-27T05:20:45.387+0000][928.251s] GC(323)   Other: 0.5ms
[2022-04-27T05:20:45.387+0000][928.251s] GC(323) Eden regions: 288->0(290)
[2022-04-27T05:20:45.388+0000][928.251s] GC(323) Survivor regions: 19->17(39)
[2022-04-27T05:20:45.388+0000][928.252s] GC(323) Old regions: 56->56
[2022-04-27T05:20:45.388+0000][928.252s] GC(323) Humongous regions: 7->7
[2022-04-27T05:20:45.389+0000][928.252s] GC(323) Metaspace: 57175K->57175K(1101824K)
[2022-04-27T05:20:45.389+0000][928.253s] GC(323) Pause Young (Normal) (G1 Evacuation Pause) 368M->77M(512M) 9.079ms
[2022-04-27T05:20:45.389+0000][928.253s] GC(323) User=0.04s Sys=0.00s Real=0.01s
[2022-04-27T05:20:47.584+0000][930.448s] GC(324) Pause Young (Normal) (G1 Evacuation Pause)
[2022-04-27T05:20:47.585+0000][930.448s] GC(324) Using 8 workers of 8 for evacuation
[2022-04-27T05:20:47.596+0000][930.459s] GC(324)   Pre Evacuate Collection Set: 0.0ms
[2022-04-27T05:20:47.596+0000][930.460s] GC(324)   Evacuate Collection Set: 4.5ms
[2022-04-27T05:20:47.597+0000][930.460s] GC(324)   Post Evacuate Collection Set: 6.0ms
[2022-04-27T05:20:47.597+0000][930.461s] GC(324)   Other: 0.9ms
[2022-04-27T05:20:47.597+0000][930.461s] GC(324) Eden regions: 290->0(285)
[2022-04-27T05:20:47.598+0000][930.461s] GC(324) Survivor regions: 17->22(39)
[2022-04-27T05:20:47.598+0000][930.462s] GC(324) Old regions: 56->56
[2022-04-27T05:20:47.598+0000][930.462s] GC(324) Humongous regions: 7->7
[2022-04-27T05:20:47.599+0000][930.462s] GC(324) Metaspace: 57175K->57175K(1101824K)
[2022-04-27T05:20:47.599+0000][930.463s] GC(324) Pause Young (Normal) (G1 Evacuation Pause) 367M->83M(512M) 14.629ms
[2022-04-27T05:20:47.599+0000][930.463s] GC(324) User=0.08s Sys=0.00s Real=0.01s
[2022-04-27T05:20:49.263+0000][932.127s] GC(325) Pause Young (Normal) (G1 Evacuation Pause)
[2022-04-27T05:20:49.264+0000][932.127s] GC(325) Using 8 workers of 8 for evacuation
[2022-04-27T05:20:49.270+0000][932.133s] GC(325)   Pre Evacuate Collection Set: 0.0ms
[2022-04-27T05:20:49.270+0000][932.134s] GC(325)   Evacuate Collection Set: 3.8ms
[2022-04-27T05:20:49.270+0000][932.134s] GC(325)   Post Evacuate Collection Set: 1.9ms
[2022-04-27T05:20:49.271+0000][932.134s] GC(325)   Other: 1.0ms
[2022-04-27T05:20:49.271+0000][932.135s] GC(325) Eden regions: 285->0(289)
[2022-04-27T05:20:49.271+0000][932.135s] GC(325) Survivor regions: 22->18(39)
[2022-04-27T05:20:49.272+0000][932.135s] GC(325) Old regions: 56->56
[2022-04-27T05:20:49.272+0000][932.136s] GC(325) Humongous regions: 7->7
[2022-04-27T05:20:49.272+0000][932.136s] GC(325) Metaspace: 57175K->57175K(1101824K)
[2022-04-27T05:20:49.273+0000][932.136s] GC(325) Pause Young (Normal) (G1 Evacuation Pause) 368M->79M(512M) 9.530ms
[2022-04-27T05:20:49.273+0000][932.136s] GC(325) User=0.04s Sys=0.01s Real=0.01s
[2022-04-27T05:20:51.446+0000][934.310s] GC(326) Pause Young (Normal) (G1 Evacuation Pause)
[2022-04-27T05:20:51.446+0000][934.310s] GC(326) Using 8 workers of 8 for evacuation
[2022-04-27T05:20:51.454+0000][934.318s] GC(326)   Pre Evacuate Collection Set: 0.0ms
[2022-04-27T05:20:51.455+0000][934.319s] GC(326)   Evacuate Collection Set: 4.1ms
[2022-04-27T05:20:51.455+0000][934.319s] GC(326)   Post Evacuate Collection Set: 3.4ms
[2022-04-27T05:20:51.456+0000][934.319s] GC(326)   Other: 1.0ms
[2022-04-27T05:20:51.456+0000][934.320s] GC(326) Eden regions: 289->0(286)
[2022-04-27T05:20:51.457+0000][934.320s] GC(326) Survivor regions: 18->21(39)
[2022-04-27T05:20:51.457+0000][934.321s] GC(326) Old regions: 56->56
[2022-04-27T05:20:51.457+0000][934.321s] GC(326) Humongous regions: 7->7
[2022-04-27T05:20:51.458+0000][934.321s] GC(326) Metaspace: 57175K->57175K(1101824K)
[2022-04-27T05:20:51.458+0000][934.322s] GC(326) Pause Young (Normal) (G1 Evacuation Pause) 368M->82M(512M) 12.216ms
[2022-04-27T05:20:51.459+0000][934.322s] GC(326) User=0.06s Sys=0.00s Real=0.01s
[2022-04-27T05:20:53.094+0000][935.958s] GC(327) Pause Young (Normal) (G1 Evacuation Pause)
[2022-04-27T05:20:53.095+0000][935.958s] GC(327) Using 8 workers of 8 for evacuation
[2022-04-27T05:20:53.102+0000][935.966s] GC(327)   Pre Evacuate Collection Set: 0.0ms
[2022-04-27T05:20:53.102+0000][935.966s] GC(327)   Evacuate Collection Set: 4.3ms
[2022-04-27T05:20:53.103+0000][935.966s] GC(327)   Post Evacuate Collection Set: 2.5ms
[2022-04-27T05:20:53.103+0000][935.967s] GC(327)   Other: 0.9ms
[2022-04-27T05:20:53.104+0000][935.967s] GC(327) Eden regions: 286->0(288)
[2022-04-27T05:20:53.104+0000][935.968s] GC(327) Survivor regions: 21->19(39)
[2022-04-27T05:20:53.104+0000][935.968s] GC(327) Old regions: 56->56
[2022-04-27T05:20:53.105+0000][935.968s] GC(327) Humongous regions: 7->7
[2022-04-27T05:20:53.105+0000][935.969s] GC(327) Metaspace: 57175K->57175K(1101824K)
[2022-04-27T05:20:53.105+0000][935.969s] GC(327) Pause Young (Normal) (G1 Evacuation Pause) 368M->80M(512M) 10.879ms
[2022-04-27T05:20:53.106+0000][935.969s] GC(327) User=0.04s Sys=0.00s Real=0.01s
[2022-04-27T05:20:54.752+0000][937.615s] GC(328) Pause Young (Normal) (G1 Evacuation Pause)
[2022-04-27T05:20:54.752+0000][937.616s] GC(328) Using 8 workers of 8 for evacuation
[2022-04-27T05:20:54.758+0000][937.622s] GC(328)   Pre Evacuate Collection Set: 0.0ms
[2022-04-27T05:20:54.759+0000][937.623s] GC(328)   Evacuate Collection Set: 3.4ms
[2022-04-27T05:20:54.759+0000][937.623s] GC(328)   Post Evacuate Collection Set: 2.4ms
[2022-04-27T05:20:54.760+0000][937.623s] GC(328)   Other: 1.1ms
[2022-04-27T05:20:54.760+0000][937.624s] GC(328) Eden regions: 288->0(291)
[2022-04-27T05:20:54.761+0000][937.624s] GC(328) Survivor regions: 19->16(39)
[2022-04-27T05:20:54.761+0000][937.625s] GC(328) Old regions: 56->56
[2022-04-27T05:20:54.761+0000][937.625s] GC(328) Humongous regions: 7->7
[2022-04-27T05:20:54.762+0000][937.625s] GC(328) Metaspace: 57175K->57175K(1101824K)
[2022-04-27T05:20:54.762+0000][937.626s] GC(328) Pause Young (Normal) (G1 Evacuation Pause) 368M->77M(512M) 10.521ms
[2022-04-27T05:20:54.762+0000][937.626s] GC(328) User=0.04s Sys=0.00s Real=0.01s
[2022-04-27T05:20:56.980+0000][939.844s] GC(329) Pause Young (Normal) (G1 Evacuation Pause)
[2022-04-27T05:20:56.980+0000][939.844s] GC(329) Using 8 workers of 8 for evacuation
[2022-04-27T05:20:56.988+0000][939.852s] GC(329)   Pre Evacuate Collection Set: 0.0ms
[2022-04-27T05:20:56.989+0000][939.852s] GC(329)   Evacuate Collection Set: 3.8ms
[2022-04-27T05:20:56.989+0000][939.853s] GC(329)   Post Evacuate Collection Set: 3.6ms
[2022-04-27T05:20:56.989+0000][939.853s] GC(329)   Other: 0.8ms
[2022-04-27T05:20:56.990+0000][939.853s] GC(329) Eden regions: 291->0(285)
[2022-04-27T05:20:56.990+0000][939.854s] GC(329) Survivor regions: 16->22(39)
[2022-04-27T05:20:56.990+0000][939.854s] GC(329) Old regions: 56->56
[2022-04-27T05:20:56.990+0000][939.854s] GC(329) Humongous regions: 7->7
[2022-04-27T05:20:56.991+0000][939.854s] GC(329) Metaspace: 57175K->57175K(1101824K)
[2022-04-27T05:20:56.991+0000][939.855s] GC(329) Pause Young (Normal) (G1 Evacuation Pause) 368M->83M(512M) 10.995ms
[2022-04-27T05:20:56.991+0000][939.855s] GC(329) User=0.04s Sys=0.01s Real=0.02s
[2022-04-27T05:20:58.771+0000][941.635s] GC(330) Pause Young (Normal) (G1 Evacuation Pause)
[2022-04-27T05:20:58.772+0000][941.635s] GC(330) Using 8 workers of 8 for evacuation
[2022-04-27T05:20:58.779+0000][941.643s] GC(330)   Pre Evacuate Collection Set: 0.0ms
[2022-04-27T05:20:58.779+0000][941.643s] GC(330)   Evacuate Collection Set: 4.5ms
[2022-04-27T05:20:58.780+0000][941.643s] GC(330)   Post Evacuate Collection Set: 2.3ms
[2022-04-27T05:20:58.780+0000][941.644s] GC(330)   Other: 0.8ms
[2022-04-27T05:20:58.781+0000][941.644s] GC(330) Eden regions: 285->0(287)
[2022-04-27T05:20:58.781+0000][941.645s] GC(330) Survivor regions: 22->20(39)
[2022-04-27T05:20:58.781+0000][941.645s] GC(330) Old regions: 56->56
[2022-04-27T05:20:58.782+0000][941.645s] GC(330) Humongous regions: 7->7
[2022-04-27T05:20:58.782+0000][941.645s] GC(330) Metaspace: 57175K->57175K(1101824K)
[2022-04-27T05:20:58.782+0000][941.646s] GC(330) Pause Young (Normal) (G1 Evacuation Pause) 368M->80M(512M) 10.660ms
[2022-04-27T05:20:58.782+0000][941.646s] GC(330) User=0.05s Sys=0.01s Real=0.01s
[2022-04-27T05:21:01.240+0000][944.104s] GC(331) Pause Young (Normal) (G1 Evacuation Pause)
[2022-04-27T05:21:01.240+0000][944.104s] GC(331) Using 8 workers of 8 for evacuation
[2022-04-27T05:21:01.252+0000][944.116s] GC(331)   Pre Evacuate Collection Set: 0.0ms
[2022-04-27T05:21:01.252+0000][944.116s] GC(331)   Evacuate Collection Set: 4.6ms
[2022-04-27T05:21:01.253+0000][944.116s] GC(331)   Post Evacuate Collection Set: 6.6ms
[2022-04-27T05:21:01.253+0000][944.117s] GC(331)   Other: 1.0ms
[2022-04-27T05:21:01.253+0000][944.117s] GC(331) Eden regions: 287->0(287)
[2022-04-27T05:21:01.254+0000][944.117s] GC(331) Survivor regions: 20->20(39)
[2022-04-27T05:21:01.254+0000][944.118s] GC(331) Old regions: 56->56
[2022-04-27T05:21:01.254+0000][944.118s] GC(331) Humongous regions: 7->7
[2022-04-27T05:21:01.255+0000][944.118s] GC(331) Metaspace: 57175K->57175K(1101824K)
[2022-04-27T05:21:01.255+0000][944.118s] GC(331) Pause Young (Normal) (G1 Evacuation Pause) 367M->81M(512M) 14.888ms
[2022-04-27T05:21:01.255+0000][944.119s] GC(331) User=0.08s Sys=0.00s Real=0.02s
[2022-04-27T05:21:03.220+0000][946.084s] GC(332) Pause Young (Normal) (G1 Evacuation Pause)
[2022-04-27T05:21:03.220+0000][946.084s] GC(332) Using 8 workers of 8 for evacuation
[2022-04-27T05:21:03.246+0000][946.109s] GC(332)   Pre Evacuate Collection Set: 0.0ms
[2022-04-27T05:21:03.246+0000][946.110s] GC(332)   Evacuate Collection Set: 14.0ms
[2022-04-27T05:21:03.246+0000][946.110s] GC(332)   Post Evacuate Collection Set: 10.7ms
[2022-04-27T05:21:03.247+0000][946.111s] GC(332)   Other: 0.9ms
[2022-04-27T05:21:03.247+0000][946.111s] GC(332) Eden regions: 287->0(282)
[2022-04-27T05:21:03.248+0000][946.111s] GC(332) Survivor regions: 20->25(39)
[2022-04-27T05:21:03.248+0000][946.111s] GC(332) Old regions: 56->56
[2022-04-27T05:21:03.248+0000][946.112s] GC(332) Humongous regions: 7->7
[2022-04-27T05:21:03.248+0000][946.112s] GC(332) Metaspace: 57175K->57175K(1101824K)
[2022-04-27T05:21:03.249+0000][946.112s] GC(332) Pause Young (Normal) (G1 Evacuation Pause) 368M->85M(512M) 28.635ms
[2022-04-27T05:21:03.249+0000][946.113s] GC(332) User=0.18s Sys=0.02s Real=0.03s
[2022-04-27T05:21:05.459+0000][948.323s] GC(333) Pause Young (Normal) (G1 Evacuation Pause)
[2022-04-27T05:21:05.460+0000][948.324s] GC(333) Using 8 workers of 8 for evacuation
[2022-04-27T05:21:05.467+0000][948.330s] GC(333)   Pre Evacuate Collection Set: 0.0ms
[2022-04-27T05:21:05.467+0000][948.331s] GC(333)   Evacuate Collection Set: 2.8ms
[2022-04-27T05:21:05.467+0000][948.331s] GC(333)   Post Evacuate Collection Set: 3.3ms
[2022-04-27T05:21:05.468+0000][948.332s] GC(333)   Other: 1.0ms
[2022-04-27T05:21:05.469+0000][948.332s] GC(333) Eden regions: 282->0(286)
[2022-04-27T05:21:05.469+0000][948.333s] GC(333) Survivor regions: 25->21(39)
[2022-04-27T05:21:05.469+0000][948.333s] GC(333) Old regions: 56->56
[2022-04-27T05:21:05.470+0000][948.333s] GC(333) Humongous regions: 7->7
[2022-04-27T05:21:05.470+0000][948.334s] GC(333) Metaspace: 57175K->57175K(1101824K)
[2022-04-27T05:21:05.470+0000][948.334s] GC(333) Pause Young (Normal) (G1 Evacuation Pause) 367M->82M(512M) 10.955ms
[2022-04-27T05:21:05.471+0000][948.334s] GC(333) User=0.04s Sys=0.00s Real=0.02s
[2022-04-27T05:21:07.811+0000][950.674s] GC(334) Pause Young (Normal) (G1 Evacuation Pause)
[2022-04-27T05:21:07.811+0000][950.675s] GC(334) Using 8 workers of 8 for evacuation
[2022-04-27T05:21:07.817+0000][950.681s] GC(334)   Pre Evacuate Collection Set: 0.0ms
[2022-04-27T05:21:07.818+0000][950.681s] GC(334)   Evacuate Collection Set: 3.7ms
[2022-04-27T05:21:07.818+0000][950.682s] GC(334)   Post Evacuate Collection Set: 2.1ms
[2022-04-27T05:21:07.819+0000][950.682s] GC(334)   Other: 0.9ms
[2022-04-27T05:21:07.819+0000][950.683s] GC(334) Eden regions: 286->0(288)
[2022-04-27T05:21:07.820+0000][950.683s] GC(334) Survivor regions: 21->19(39)
[2022-04-27T05:21:07.820+0000][950.684s] GC(334) Old regions: 56->56
[2022-04-27T05:21:07.820+0000][950.684s] GC(334) Humongous regions: 7->7
[2022-04-27T05:21:07.821+0000][950.684s] GC(334) Metaspace: 57175K->57175K(1101824K)
[2022-04-27T05:21:07.821+0000][950.684s] GC(334) Pause Young (Normal) (G1 Evacuation Pause) 368M->80M(512M) 10.109ms
[2022-04-27T05:21:07.821+0000][950.685s] GC(334) User=0.03s Sys=0.00s Real=0.02s
[2022-04-27T05:21:09.653+0000][952.516s] GC(335) Pause Young (Normal) (G1 Evacuation Pause)
[2022-04-27T05:21:09.653+0000][952.517s] GC(335) Using 8 workers of 8 for evacuation
[2022-04-27T05:21:09.665+0000][952.528s] GC(335)   Pre Evacuate Collection Set: 0.0ms
[2022-04-27T05:21:09.665+0000][952.529s] GC(335)   Evacuate Collection Set: 7.1ms
[2022-04-27T05:21:09.665+0000][952.529s] GC(335)   Post Evacuate Collection Set: 4.2ms
[2022-04-27T05:21:09.666+0000][952.529s] GC(335)   Other: 0.9ms
[2022-04-27T05:21:09.666+0000][952.530s] GC(335) Eden regions: 288->0(282)
[2022-04-27T05:21:09.666+0000][952.530s] GC(335) Survivor regions: 19->25(39)
[2022-04-27T05:21:09.666+0000][952.530s] GC(335) Old regions: 56->56
[2022-04-27T05:21:09.667+0000][952.530s] GC(335) Humongous regions: 7->7
[2022-04-27T05:21:09.667+0000][952.530s] GC(335) Metaspace: 57175K->57175K(1101824K)
[2022-04-27T05:21:09.667+0000][952.531s] GC(335) Pause Young (Normal) (G1 Evacuation Pause) 368M->85M(512M) 14.381ms
[2022-04-27T05:21:09.667+0000][952.531s] GC(335) User=0.07s Sys=0.00s Real=0.01s
[2022-04-27T05:21:11.633+0000][954.497s] GC(336) Pause Young (Normal) (G1 Evacuation Pause)
[2022-04-27T05:21:11.634+0000][954.497s] GC(336) Using 8 workers of 8 for evacuation
[2022-04-27T05:21:11.640+0000][954.504s] GC(336)   Pre Evacuate Collection Set: 0.0ms
[2022-04-27T05:21:11.641+0000][954.504s] GC(336)   Evacuate Collection Set: 3.9ms
[2022-04-27T05:21:11.641+0000][954.505s] GC(336)   Post Evacuate Collection Set: 2.4ms
[2022-04-27T05:21:11.641+0000][954.505s] GC(336)   Other: 0.6ms
[2022-04-27T05:21:11.642+0000][954.505s] GC(336) Eden regions: 282->0(290)
[2022-04-27T05:21:11.642+0000][954.506s] GC(336) Survivor regions: 25->17(39)
[2022-04-27T05:21:11.643+0000][954.506s] GC(336) Old regions: 56->56
[2022-04-27T05:21:11.643+0000][954.507s] GC(336) Humongous regions: 7->7
[2022-04-27T05:21:11.643+0000][954.507s] GC(336) Metaspace: 57175K->57175K(1101824K)
[2022-04-27T05:21:11.644+0000][954.507s] GC(336) Pause Young (Normal) (G1 Evacuation Pause) 367M->78M(512M) 10.147ms
[2022-04-27T05:21:11.644+0000][954.507s] GC(336) User=0.04s Sys=0.01s Real=0.01s
[2022-04-27T05:21:13.588+0000][956.452s] GC(337) Pause Young (Normal) (G1 Evacuation Pause)
[2022-04-27T05:21:13.588+0000][956.452s] GC(337) Using 8 workers of 8 for evacuation
[2022-04-27T05:21:13.605+0000][956.469s] GC(337)   Pre Evacuate Collection Set: 0.0ms
[2022-04-27T05:21:13.605+0000][956.469s] GC(337)   Evacuate Collection Set: 10.2ms
[2022-04-27T05:21:13.606+0000][956.469s] GC(337)   Post Evacuate Collection Set: 6.1ms
[2022-04-27T05:21:13.606+0000][956.470s] GC(337)   Other: 0.6ms
[2022-04-27T05:21:13.606+0000][956.470s] GC(337) Eden regions: 290->0(284)
[2022-04-27T05:21:13.607+0000][956.470s] GC(337) Survivor regions: 17->23(39)
[2022-04-27T05:21:13.607+0000][956.471s] GC(337) Old regions: 56->56
[2022-04-27T05:21:13.607+0000][956.471s] GC(337) Humongous regions: 7->7
[2022-04-27T05:21:13.607+0000][956.471s] GC(337) Metaspace: 57175K->57175K(1101824K)
[2022-04-27T05:21:13.608+0000][956.471s] GC(337) Pause Young (Normal) (G1 Evacuation Pause) 368M->84M(512M) 19.410ms
[2022-04-27T05:21:13.608+0000][956.471s] GC(337) User=0.12s Sys=0.00s Real=0.02s
[2022-04-27T05:21:15.349+0000][958.213s] GC(338) Pause Young (Normal) (G1 Evacuation Pause)
[2022-04-27T05:21:15.350+0000][958.213s] GC(338) Using 8 workers of 8 for evacuation
[2022-04-27T05:21:15.357+0000][958.221s] GC(338)   Pre Evacuate Collection Set: 0.0ms
[2022-04-27T05:21:15.357+0000][958.221s] GC(338)   Evacuate Collection Set: 4.6ms
[2022-04-27T05:21:15.358+0000][958.222s] GC(338)   Post Evacuate Collection Set: 2.2ms
[2022-04-27T05:21:15.358+0000][958.222s] GC(338)   Other: 1.1ms
[2022-04-27T05:21:15.359+0000][958.222s] GC(338) Eden regions: 284->0(287)
[2022-04-27T05:21:15.359+0000][958.223s] GC(338) Survivor regions: 23->20(39)
[2022-04-27T05:21:15.359+0000][958.223s] GC(338) Old regions: 56->57
[2022-04-27T05:21:15.360+0000][958.223s] GC(338) Humongous regions: 7->7
[2022-04-27T05:21:15.360+0000][958.224s] GC(338) Metaspace: 57175K->57175K(1101824K)
[2022-04-27T05:21:15.360+0000][958.224s] GC(338) Pause Young (Normal) (G1 Evacuation Pause) 368M->81M(512M) 11.264ms
[2022-04-27T05:21:15.361+0000][958.224s] GC(338) User=0.04s Sys=0.00s Real=0.02s
[2022-04-27T05:21:17.756+0000][960.619s] GC(339) Pause Young (Normal) (G1 Evacuation Pause)
[2022-04-27T05:21:17.756+0000][960.620s] GC(339) Using 8 workers of 8 for evacuation
[2022-04-27T05:21:17.763+0000][960.627s] GC(339)   Pre Evacuate Collection Set: 0.0ms
[2022-04-27T05:21:17.763+0000][960.627s] GC(339)   Evacuate Collection Set: 4.1ms
[2022-04-27T05:21:17.764+0000][960.627s] GC(339)   Post Evacuate Collection Set: 2.4ms
[2022-04-27T05:21:17.764+0000][960.628s] GC(339)   Other: 0.8ms
[2022-04-27T05:21:17.765+0000][960.628s] GC(339) Eden regions: 287->0(288)
[2022-04-27T05:21:17.765+0000][960.628s] GC(339) Survivor regions: 20->19(39)
[2022-04-27T05:21:17.765+0000][960.629s] GC(339) Old regions: 57->57
[2022-04-27T05:21:17.765+0000][960.629s] GC(339) Humongous regions: 7->7
[2022-04-27T05:21:17.766+0000][960.629s] GC(339) Metaspace: 57175K->57175K(1101824K)
[2022-04-27T05:21:17.766+0000][960.630s] GC(339) Pause Young (Normal) (G1 Evacuation Pause) 368M->80M(512M) 10.674ms
[2022-04-27T05:21:17.767+0000][960.630s] GC(339) User=0.03s Sys=0.01s Real=0.01s
[2022-04-27T05:21:19.494+0000][962.357s] GC(340) Pause Young (Normal) (G1 Evacuation Pause)
[2022-04-27T05:21:19.494+0000][962.358s] GC(340) Using 8 workers of 8 for evacuation
[2022-04-27T05:21:19.503+0000][962.366s] GC(340)   Pre Evacuate Collection Set: 0.0ms
[2022-04-27T05:21:19.503+0000][962.367s] GC(340)   Evacuate Collection Set: 4.5ms
[2022-04-27T05:21:19.503+0000][962.367s] GC(340)   Post Evacuate Collection Set: 3.4ms
[2022-04-27T05:21:19.504+0000][962.367s] GC(340)   Other: 1.0ms
[2022-04-27T05:21:19.504+0000][962.368s] GC(340) Eden regions: 288->0(283)
[2022-04-27T05:21:19.504+0000][962.368s] GC(340) Survivor regions: 19->24(39)
[2022-04-27T05:21:19.505+0000][962.368s] GC(340) Old regions: 57->57
[2022-04-27T05:21:19.505+0000][962.369s] GC(340) Humongous regions: 7->7
[2022-04-27T05:21:19.506+0000][962.369s] GC(340) Metaspace: 57175K->57175K(1101824K)
[2022-04-27T05:21:19.506+0000][962.370s] GC(340) Pause Young (Normal) (G1 Evacuation Pause) 368M->85M(512M) 12.310ms
[2022-04-27T05:21:19.506+0000][962.370s] GC(340) User=0.05s Sys=0.00s Real=0.01s
[2022-04-27T05:21:21.139+0000][964.003s] GC(341) Pause Young (Normal) (G1 Evacuation Pause)
[2022-04-27T05:21:21.140+0000][964.003s] GC(341) Using 8 workers of 8 for evacuation
[2022-04-27T05:21:21.145+0000][964.009s] GC(341)   Pre Evacuate Collection Set: 0.0ms
[2022-04-27T05:21:21.146+0000][964.009s] GC(341)   Evacuate Collection Set: 3.3ms
[2022-04-27T05:21:21.146+0000][964.010s] GC(341)   Post Evacuate Collection Set: 2.0ms
[2022-04-27T05:21:21.146+0000][964.010s] GC(341)   Other: 0.8ms
[2022-04-27T05:21:21.147+0000][964.010s] GC(341) Eden regions: 283->0(291)
[2022-04-27T05:21:21.147+0000][964.011s] GC(341) Survivor regions: 24->16(39)
[2022-04-27T05:21:21.147+0000][964.011s] GC(341) Old regions: 57->57
[2022-04-27T05:21:21.148+0000][964.011s] GC(341) Humongous regions: 7->7
[2022-04-27T05:21:21.148+0000][964.012s] GC(341) Metaspace: 57175K->57175K(1101824K)
[2022-04-27T05:21:21.148+0000][964.012s] GC(341) Pause Young (Normal) (G1 Evacuation Pause) 368M->77M(512M) 9.224ms
[2022-04-27T05:21:21.149+0000][964.012s] GC(341) User=0.04s Sys=0.00s Real=0.01s
[2022-04-27T05:21:23.394+0000][966.258s] GC(342) Pause Young (Normal) (G1 Evacuation Pause)
[2022-04-27T05:21:23.395+0000][966.258s] GC(342) Using 8 workers of 8 for evacuation
[2022-04-27T05:21:23.403+0000][966.266s] GC(342)   Pre Evacuate Collection Set: 0.0ms
[2022-04-27T05:21:23.403+0000][966.267s] GC(342)   Evacuate Collection Set: 4.3ms
[2022-04-27T05:21:23.404+0000][966.267s] GC(342)   Post Evacuate Collection Set: 3.4ms
[2022-04-27T05:21:23.404+0000][966.268s] GC(342)   Other: 1.1ms
[2022-04-27T05:21:23.405+0000][966.268s] GC(342) Eden regions: 291->0(285)
[2022-04-27T05:21:23.405+0000][966.268s] GC(342) Survivor regions: 16->22(39)
[2022-04-27T05:21:23.405+0000][966.269s] GC(342) Old regions: 57->57
[2022-04-27T05:21:23.405+0000][966.269s] GC(342) Humongous regions: 7->7
[2022-04-27T05:21:23.406+0000][966.269s] GC(342) Metaspace: 57175K->57175K(1101824K)
[2022-04-27T05:21:23.406+0000][966.270s] GC(342) Pause Young (Normal) (G1 Evacuation Pause) 368M->83M(512M) 12.128ms
[2022-04-27T05:21:23.406+0000][966.270s] GC(342) User=0.06s Sys=0.00s Real=0.01s
[2022-04-27T05:21:25.118+0000][967.982s] GC(343) Pause Young (Normal) (G1 Evacuation Pause)
[2022-04-27T05:21:25.119+0000][967.982s] GC(343) Using 8 workers of 8 for evacuation
[2022-04-27T05:21:25.126+0000][967.989s] GC(343)   Pre Evacuate Collection Set: 0.0ms
[2022-04-27T05:21:25.126+0000][967.990s] GC(343)   Evacuate Collection Set: 4.4ms
[2022-04-27T05:21:25.127+0000][967.990s] GC(343)   Post Evacuate Collection Set: 2.4ms
[2022-04-27T05:21:25.127+0000][967.991s] GC(343)   Other: 1.0ms
[2022-04-27T05:21:25.127+0000][967.991s] GC(343) Eden regions: 285->0(287)
[2022-04-27T05:21:25.128+0000][967.991s] GC(343) Survivor regions: 22->20(39)
[2022-04-27T05:21:25.128+0000][967.992s] GC(343) Old regions: 57->57
[2022-04-27T05:21:25.128+0000][967.992s] GC(343) Humongous regions: 7->7
[2022-04-27T05:21:25.129+0000][967.992s] GC(343) Metaspace: 57175K->57175K(1101824K)
[2022-04-27T05:21:25.129+0000][967.993s] GC(343) Pause Young (Normal) (G1 Evacuation Pause) 368M->81M(512M) 10.954ms
[2022-04-27T05:21:25.129+0000][967.993s] GC(343) User=0.05s Sys=0.00s Real=0.01s
[2022-04-27T05:21:27.280+0000][970.144s] GC(344) Pause Young (Normal) (G1 Evacuation Pause)
[2022-04-27T05:21:27.281+0000][970.144s] GC(344) Using 8 workers of 8 for evacuation
[2022-04-27T05:21:27.289+0000][970.153s] GC(344)   Pre Evacuate Collection Set: 0.0ms
[2022-04-27T05:21:27.290+0000][970.153s] GC(344)   Evacuate Collection Set: 4.0ms
[2022-04-27T05:21:27.290+0000][970.154s] GC(344)   Post Evacuate Collection Set: 3.9ms
[2022-04-27T05:21:27.291+0000][970.154s] GC(344)   Other: 1.1ms
[2022-04-27T05:21:27.291+0000][970.155s] GC(344) Eden regions: 287->0(286)
[2022-04-27T05:21:27.292+0000][970.155s] GC(344) Survivor regions: 20->21(39)
[2022-04-27T05:21:27.292+0000][970.156s] GC(344) Old regions: 57->57
[2022-04-27T05:21:27.292+0000][970.156s] GC(344) Humongous regions: 7->7
[2022-04-27T05:21:27.293+0000][970.157s] GC(344) Metaspace: 57175K->57175K(1101824K)
[2022-04-27T05:21:27.293+0000][970.157s] GC(344) Pause Young (Normal) (G1 Evacuation Pause) 368M->82M(512M) 12.992ms
[2022-04-27T05:21:27.294+0000][970.157s] GC(344) User=0.04s Sys=0.01s Real=0.02s
[2022-04-27T05:21:29.161+0000][972.025s] GC(345) Pause Young (Normal) (G1 Evacuation Pause)
[2022-04-27T05:21:29.161+0000][972.025s] GC(345) Using 8 workers of 8 for evacuation
[2022-04-27T05:21:29.169+0000][972.033s] GC(345)   Pre Evacuate Collection Set: 0.0ms
[2022-04-27T05:21:29.170+0000][972.033s] GC(345)   Evacuate Collection Set: 4.5ms
[2022-04-27T05:21:29.170+0000][972.034s] GC(345)   Post Evacuate Collection Set: 2.8ms
[2022-04-27T05:21:29.171+0000][972.034s] GC(345)   Other: 1.0ms
[2022-04-27T05:21:29.171+0000][972.035s] GC(345) Eden regions: 286->0(288)
[2022-04-27T05:21:29.172+0000][972.035s] GC(345) Survivor regions: 21->19(39)
[2022-04-27T05:21:29.172+0000][972.036s] GC(345) Old regions: 57->57
[2022-04-27T05:21:29.172+0000][972.036s] GC(345) Humongous regions: 7->7
[2022-04-27T05:21:29.173+0000][972.036s] GC(345) Metaspace: 57175K->57175K(1101824K)
[2022-04-27T05:21:29.173+0000][972.037s] GC(345) Pause Young (Normal) (G1 Evacuation Pause) 368M->80M(512M) 12.125ms
[2022-04-27T05:21:29.174+0000][972.037s] GC(345) User=0.04s Sys=0.00s Real=0.01s
[2022-04-27T05:21:30.887+0000][973.751s] GC(346) Pause Young (Normal) (G1 Evacuation Pause)
[2022-04-27T05:21:30.888+0000][973.751s] GC(346) Using 8 workers of 8 for evacuation
[2022-04-27T05:21:30.895+0000][973.759s] GC(346)   Pre Evacuate Collection Set: 0.0ms
[2022-04-27T05:21:30.895+0000][973.759s] GC(346)   Evacuate Collection Set: 4.5ms
[2022-04-27T05:21:30.896+0000][973.760s] GC(346)   Post Evacuate Collection Set: 2.2ms
[2022-04-27T05:21:30.896+0000][973.760s] GC(346)   Other: 0.9ms
[2022-04-27T05:21:30.897+0000][973.760s] GC(346) Eden regions: 288->0(287)
[2022-04-27T05:21:30.897+0000][973.761s] GC(346) Survivor regions: 19->20(39)
[2022-04-27T05:21:30.897+0000][973.761s] GC(346) Old regions: 57->57
[2022-04-27T05:21:30.898+0000][973.761s] GC(346) Humongous regions: 7->7
[2022-04-27T05:21:30.898+0000][973.762s] GC(346) Metaspace: 57175K->57175K(1101824K)
[2022-04-27T05:21:30.898+0000][973.762s] GC(346) Pause Young (Normal) (G1 Evacuation Pause) 368M->81M(512M) 11.041ms
[2022-04-27T05:21:30.899+0000][973.762s] GC(346) User=0.05s Sys=0.00s Real=0.01s
[2022-04-27T05:21:33.147+0000][976.010s] GC(347) Pause Young (Normal) (G1 Evacuation Pause)
[2022-04-27T05:21:33.147+0000][976.011s] GC(347) Using 8 workers of 8 for evacuation
[2022-04-27T05:21:33.157+0000][976.021s] GC(347)   Pre Evacuate Collection Set: 0.0ms
[2022-04-27T05:21:33.157+0000][976.021s] GC(347)   Evacuate Collection Set: 5.8ms
[2022-04-27T05:21:33.157+0000][976.021s] GC(347)   Post Evacuate Collection Set: 3.6ms
[2022-04-27T05:21:33.158+0000][976.021s] GC(347)   Other: 0.9ms
[2022-04-27T05:21:33.158+0000][976.022s] GC(347) Eden regions: 287->0(288)
[2022-04-27T05:21:33.159+0000][976.022s] GC(347) Survivor regions: 20->19(39)
[2022-04-27T05:21:33.159+0000][976.023s] GC(347) Old regions: 57->57
[2022-04-27T05:21:33.159+0000][976.023s] GC(347) Humongous regions: 7->7
[2022-04-27T05:21:33.160+0000][976.023s] GC(347) Metaspace: 57175K->57175K(1101824K)
[2022-04-27T05:21:33.160+0000][976.024s] GC(347) Pause Young (Normal) (G1 Evacuation Pause) 368M->80M(512M) 13.666ms
[2022-04-27T05:21:33.160+0000][976.024s] GC(347) User=0.07s Sys=0.00s Real=0.01s
[2022-04-27T05:21:34.988+0000][977.852s] GC(348) Pause Young (Normal) (G1 Evacuation Pause)
[2022-04-27T05:21:34.988+0000][977.852s] GC(348) Using 8 workers of 8 for evacuation
[2022-04-27T05:21:34.995+0000][977.859s] GC(348)   Pre Evacuate Collection Set: 0.0ms
[2022-04-27T05:21:34.996+0000][977.859s] GC(348)   Evacuate Collection Set: 4.4ms
[2022-04-27T05:21:34.996+0000][977.860s] GC(348)   Post Evacuate Collection Set: 2.2ms
[2022-04-27T05:21:34.996+0000][977.860s] GC(348)   Other: 0.7ms
[2022-04-27T05:21:34.997+0000][977.860s] GC(348) Eden regions: 288->0(288)
[2022-04-27T05:21:34.997+0000][977.860s] GC(348) Survivor regions: 19->19(39)
[2022-04-27T05:21:34.997+0000][977.861s] GC(348) Old regions: 57->57
[2022-04-27T05:21:34.997+0000][977.861s] GC(348) Humongous regions: 7->7
[2022-04-27T05:21:34.997+0000][977.861s] GC(348) Metaspace: 57175K->57175K(1101824K)
[2022-04-27T05:21:34.998+0000][977.861s] GC(348) Pause Young (Normal) (G1 Evacuation Pause) 368M->80M(512M) 9.366ms
[2022-04-27T05:21:34.998+0000][977.861s] GC(348) User=0.05s Sys=0.00s Real=0.01s
[2022-04-27T05:21:37.129+0000][979.992s] GC(349) Pause Young (Normal) (G1 Evacuation Pause)
[2022-04-27T05:21:37.129+0000][979.993s] GC(349) Using 8 workers of 8 for evacuation
[2022-04-27T05:21:37.137+0000][980.001s] GC(349)   Pre Evacuate Collection Set: 0.0ms
[2022-04-27T05:21:37.138+0000][980.001s] GC(349)   Evacuate Collection Set: 5.6ms
[2022-04-27T05:21:37.138+0000][980.001s] GC(349)   Post Evacuate Collection Set: 2.6ms
[2022-04-27T05:21:37.138+0000][980.002s] GC(349)   Other: 0.5ms
[2022-04-27T05:21:37.138+0000][980.002s] GC(349) Eden regions: 288->0(289)
[2022-04-27T05:21:37.138+0000][980.002s] GC(349) Survivor regions: 19->18(39)
[2022-04-27T05:21:37.138+0000][980.002s] GC(349) Old regions: 57->57
[2022-04-27T05:21:37.139+0000][980.002s] GC(349) Humongous regions: 7->7
[2022-04-27T05:21:37.139+0000][980.002s] GC(349) Metaspace: 57175K->57175K(1101824K)
[2022-04-27T05:21:37.139+0000][980.003s] GC(349) Pause Young (Normal) (G1 Evacuation Pause) 368M->79M(512M) 10.185ms
[2022-04-27T05:21:37.139+0000][980.003s] GC(349) User=0.06s Sys=0.00s Real=0.01s
[2022-04-27T05:21:39.267+0000][982.131s] GC(350) Pause Young (Normal) (G1 Evacuation Pause)
[2022-04-27T05:21:39.268+0000][982.131s] GC(350) Using 8 workers of 8 for evacuation
[2022-04-27T05:21:39.281+0000][982.144s] GC(350)   Pre Evacuate Collection Set: 0.0ms
[2022-04-27T05:21:39.281+0000][982.145s] GC(350)   Evacuate Collection Set: 4.6ms
[2022-04-27T05:21:39.281+0000][982.145s] GC(350)   Post Evacuate Collection Set: 8.0ms
[2022-04-27T05:21:39.282+0000][982.145s] GC(350)   Other: 0.7ms
[2022-04-27T05:21:39.282+0000][982.146s] GC(350) Eden regions: 289->0(283)
[2022-04-27T05:21:39.282+0000][982.146s] GC(350) Survivor regions: 18->24(39)
[2022-04-27T05:21:39.283+0000][982.146s] GC(350) Old regions: 57->57
[2022-04-27T05:21:39.283+0000][982.147s] GC(350) Humongous regions: 7->7
[2022-04-27T05:21:39.283+0000][982.147s] GC(350) Metaspace: 57175K->57175K(1101824K)
[2022-04-27T05:21:39.284+0000][982.147s] GC(350) Pause Young (Normal) (G1 Evacuation Pause) 368M->85M(512M) 16.350ms
[2022-04-27T05:21:39.284+0000][982.147s] GC(350) User=0.10s Sys=0.00s Real=0.02s
[2022-04-27T05:21:41.424+0000][984.288s] GC(351) Pause Young (Normal) (G1 Evacuation Pause)
[2022-04-27T05:21:41.424+0000][984.288s] GC(351) Using 8 workers of 8 for evacuation
[2022-04-27T05:21:41.431+0000][984.294s] GC(351)   Pre Evacuate Collection Set: 0.0ms
[2022-04-27T05:21:41.431+0000][984.295s] GC(351)   Evacuate Collection Set: 3.4ms
[2022-04-27T05:21:41.431+0000][984.295s] GC(351)   Post Evacuate Collection Set: 2.1ms
[2022-04-27T05:21:41.432+0000][984.295s] GC(351)   Other: 1.0ms
[2022-04-27T05:21:41.432+0000][984.296s] GC(351) Eden regions: 283->0(290)
[2022-04-27T05:21:41.432+0000][984.296s] GC(351) Survivor regions: 24->17(39)
[2022-04-27T05:21:41.433+0000][984.296s] GC(351) Old regions: 57->57
[2022-04-27T05:21:41.433+0000][984.297s] GC(351) Humongous regions: 7->7
[2022-04-27T05:21:41.433+0000][984.297s] GC(351) Metaspace: 57175K->57175K(1101824K)
[2022-04-27T05:21:41.434+0000][984.297s] GC(351) Pause Young (Normal) (G1 Evacuation Pause) 368M->79M(512M) 9.683ms
[2022-04-27T05:21:41.434+0000][984.298s] GC(351) User=0.04s Sys=0.00s Real=0.01s
[2022-04-27T05:21:43.600+0000][986.463s] GC(352) Pause Young (Normal) (G1 Evacuation Pause)
[2022-04-27T05:21:43.600+0000][986.464s] GC(352) Using 8 workers of 8 for evacuation
[2022-04-27T05:21:43.608+0000][986.472s] GC(352)   Pre Evacuate Collection Set: 0.0ms
[2022-04-27T05:21:43.609+0000][986.472s] GC(352)   Evacuate Collection Set: 3.9ms
[2022-04-27T05:21:43.609+0000][986.473s] GC(352)   Post Evacuate Collection Set: 3.8ms
[2022-04-27T05:21:43.610+0000][986.473s] GC(352)   Other: 0.8ms
[2022-04-27T05:21:43.610+0000][986.473s] GC(352) Eden regions: 290->0(285)
[2022-04-27T05:21:43.610+0000][986.474s] GC(352) Survivor regions: 17->22(39)
[2022-04-27T05:21:43.611+0000][986.474s] GC(352) Old regions: 57->57
[2022-04-27T05:21:43.611+0000][986.475s] GC(352) Humongous regions: 7->7
[2022-04-27T05:21:43.611+0000][986.475s] GC(352) Metaspace: 57175K->57175K(1101824K)
[2022-04-27T05:21:43.612+0000][986.475s] GC(352) Pause Young (Normal) (G1 Evacuation Pause) 369M->83M(512M) 11.766ms
[2022-04-27T05:21:43.612+0000][986.475s] GC(352) User=0.05s Sys=0.01s Real=0.02s
[2022-04-27T05:21:45.315+0000][988.179s] GC(353) Pause Young (Normal) (G1 Evacuation Pause)
[2022-04-27T05:21:45.316+0000][988.179s] GC(353) Using 8 workers of 8 for evacuation
[2022-04-27T05:21:45.323+0000][988.187s] GC(353)   Pre Evacuate Collection Set: 0.0ms
[2022-04-27T05:21:45.323+0000][988.187s] GC(353)   Evacuate Collection Set: 4.6ms
[2022-04-27T05:21:45.324+0000][988.187s] GC(353)   Post Evacuate Collection Set: 2.1ms
[2022-04-27T05:21:45.324+0000][988.188s] GC(353)   Other: 0.8ms
[2022-04-27T05:21:45.324+0000][988.188s] GC(353) Eden regions: 285->0(287)
[2022-04-27T05:21:45.325+0000][988.188s] GC(353) Survivor regions: 22->20(39)
[2022-04-27T05:21:45.325+0000][988.188s] GC(353) Old regions: 57->57
[2022-04-27T05:21:45.325+0000][988.189s] GC(353) Humongous regions: 7->7
[2022-04-27T05:21:45.325+0000][988.189s] GC(353) Metaspace: 57175K->57175K(1101824K)
[2022-04-27T05:21:45.326+0000][988.189s] GC(353) Pause Young (Normal) (G1 Evacuation Pause) 368M->82M(512M) 10.283ms
[2022-04-27T05:21:45.326+0000][988.190s] GC(353) User=0.00s Sys=0.05s Real=0.01s
[2022-04-27T05:21:46.962+0000][989.825s] GC(354) Pause Young (Normal) (G1 Evacuation Pause)
[2022-04-27T05:21:46.962+0000][989.826s] GC(354) Using 8 workers of 8 for evacuation
[2022-04-27T05:21:46.968+0000][989.832s] GC(354)   Pre Evacuate Collection Set: 0.0ms
[2022-04-27T05:21:46.968+0000][989.832s] GC(354)   Evacuate Collection Set: 2.9ms
[2022-04-27T05:21:46.969+0000][989.832s] GC(354)   Post Evacuate Collection Set: 2.6ms
[2022-04-27T05:21:46.969+0000][989.833s] GC(354)   Other: 0.8ms
[2022-04-27T05:21:46.969+0000][989.833s] GC(354) Eden regions: 287->0(291)
[2022-04-27T05:21:46.970+0000][989.833s] GC(354) Survivor regions: 20->16(39)
[2022-04-27T05:21:46.970+0000][989.834s] GC(354) Old regions: 57->57
[2022-04-27T05:21:46.971+0000][989.834s] GC(354) Humongous regions: 7->7
[2022-04-27T05:21:46.971+0000][989.834s] GC(354) Metaspace: 57176K->57176K(1101824K)
[2022-04-27T05:21:46.971+0000][989.835s] GC(354) Pause Young (Normal) (G1 Evacuation Pause) 369M->77M(512M) 9.411ms
[2022-04-27T05:21:46.972+0000][989.835s] GC(354) User=0.04s Sys=0.00s Real=0.01s
[2022-04-27T05:21:49.255+0000][992.119s] GC(355) Pause Young (Normal) (G1 Evacuation Pause)
[2022-04-27T05:21:49.256+0000][992.119s] GC(355) Using 8 workers of 8 for evacuation
[2022-04-27T05:21:49.273+0000][992.137s] GC(355)   Pre Evacuate Collection Set: 0.0ms
[2022-04-27T05:21:49.273+0000][992.137s] GC(355)   Evacuate Collection Set: 6.6ms
[2022-04-27T05:21:49.274+0000][992.137s] GC(355)   Post Evacuate Collection Set: 10.2ms
[2022-04-27T05:21:49.274+0000][992.138s] GC(355)   Other: 0.9ms
[2022-04-27T05:21:49.274+0000][992.138s] GC(355) Eden regions: 291->0(285)
[2022-04-27T05:21:49.274+0000][992.138s] GC(355) Survivor regions: 16->22(39)
[2022-04-27T05:21:49.275+0000][992.138s] GC(355) Old regions: 57->57
[2022-04-27T05:21:49.275+0000][992.139s] GC(355) Humongous regions: 7->7
[2022-04-27T05:21:49.275+0000][992.139s] GC(355) Metaspace: 57176K->57176K(1101824K)
[2022-04-27T05:21:49.275+0000][992.139s] GC(355) Pause Young (Normal) (G1 Evacuation Pause) 368M->83M(512M) 20.191ms
[2022-04-27T05:21:49.276+0000][992.139s] GC(355) User=0.13s Sys=0.00s Real=0.02s
[2022-04-27T05:21:51.007+0000][993.871s] GC(356) Pause Young (Normal) (G1 Evacuation Pause)
[2022-04-27T05:21:51.007+0000][993.871s] GC(356) Using 8 workers of 8 for evacuation
[2022-04-27T05:21:51.014+0000][993.878s] GC(356)   Pre Evacuate Collection Set: 0.0ms
[2022-04-27T05:21:51.015+0000][993.878s] GC(356)   Evacuate Collection Set: 4.5ms
[2022-04-27T05:21:51.015+0000][993.879s] GC(356)   Post Evacuate Collection Set: 2.2ms
[2022-04-27T05:21:51.015+0000][993.879s] GC(356)   Other: 0.7ms
[2022-04-27T05:21:51.016+0000][993.879s] GC(356) Eden regions: 285->0(287)
[2022-04-27T05:21:51.016+0000][993.879s] GC(356) Survivor regions: 22->20(39)
[2022-04-27T05:21:51.016+0000][993.880s] GC(356) Old regions: 57->57
[2022-04-27T05:21:51.016+0000][993.880s] GC(356) Humongous regions: 7->7
[2022-04-27T05:21:51.017+0000][993.880s] GC(356) Metaspace: 57176K->57176K(1101824K)
[2022-04-27T05:21:51.017+0000][993.881s] GC(356) Pause Young (Normal) (G1 Evacuation Pause) 368M->81M(512M) 9.924ms
[2022-04-27T05:21:51.017+0000][993.881s] GC(356) User=0.05s Sys=0.00s Real=0.01s
[2022-04-27T05:21:52.974+0000][995.838s] GC(357) Pause Young (Normal) (G1 Evacuation Pause)
[2022-04-27T05:21:52.975+0000][995.838s] GC(357) Using 8 workers of 8 for evacuation
[2022-04-27T05:21:52.982+0000][995.845s] GC(357)   Pre Evacuate Collection Set: 0.0ms
[2022-04-27T05:21:52.982+0000][995.846s] GC(357)   Evacuate Collection Set: 3.5ms
[2022-04-27T05:21:52.982+0000][995.846s] GC(357)   Post Evacuate Collection Set: 3.1ms
[2022-04-27T05:21:52.983+0000][995.847s] GC(357)   Other: 0.7ms
[2022-04-27T05:21:52.983+0000][995.847s] GC(357) Eden regions: 287->0(289)
[2022-04-27T05:21:52.984+0000][995.847s] GC(357) Survivor regions: 20->18(39)
[2022-04-27T05:21:52.984+0000][995.848s] GC(357) Old regions: 57->57
[2022-04-27T05:21:52.984+0000][995.848s] GC(357) Humongous regions: 7->7
[2022-04-27T05:21:52.985+0000][995.848s] GC(357) Metaspace: 57176K->57176K(1101824K)
[2022-04-27T05:21:52.985+0000][995.849s] GC(357) Pause Young (Normal) (G1 Evacuation Pause) 368M->79M(512M) 10.604ms
[2022-04-27T05:21:52.985+0000][995.849s] GC(357) User=0.05s Sys=0.00s Real=0.01s
[2022-04-27T05:21:55.183+0000][998.046s] GC(358) Pause Young (Normal) (G1 Evacuation Pause)
[2022-04-27T05:21:55.183+0000][998.047s] GC(358) Using 8 workers of 8 for evacuation
[2022-04-27T05:21:55.193+0000][998.056s] GC(358)   Pre Evacuate Collection Set: 0.0ms
[2022-04-27T05:21:55.193+0000][998.057s] GC(358)   Evacuate Collection Set: 4.9ms
[2022-04-27T05:21:55.193+0000][998.057s] GC(358)   Post Evacuate Collection Set: 4.3ms
[2022-04-27T05:21:55.194+0000][998.057s] GC(358)   Other: 0.9ms
[2022-04-27T05:21:55.194+0000][998.058s] GC(358) Eden regions: 289->0(284)
[2022-04-27T05:21:55.194+0000][998.058s] GC(358) Survivor regions: 18->23(39)
[2022-04-27T05:21:55.194+0000][998.058s] GC(358) Old regions: 57->57
[2022-04-27T05:21:55.195+0000][998.058s] GC(358) Humongous regions: 7->7
[2022-04-27T05:21:55.195+0000][998.059s] GC(358) Metaspace: 57177K->57177K(1101824K)
[2022-04-27T05:21:55.195+0000][998.059s] GC(358) Pause Young (Normal) (G1 Evacuation Pause) 368M->85M(512M) 12.700ms
[2022-04-27T05:21:55.196+0000][998.059s] GC(358) User=0.07s Sys=0.00s Real=0.01s
[2022-04-27T05:21:57.009+0000][999.873s] GC(359) Pause Young (Normal) (G1 Evacuation Pause)
[2022-04-27T05:21:57.009+0000][999.873s] GC(359) Using 8 workers of 8 for evacuation
[2022-04-27T05:21:57.016+0000][999.880s] GC(359)   Pre Evacuate Collection Set: 0.0ms
[2022-04-27T05:21:57.017+0000][999.881s] GC(359)   Evacuate Collection Set: 4.5ms
[2022-04-27T05:21:57.017+0000][999.881s] GC(359)   Post Evacuate Collection Set: 2.2ms
[2022-04-27T05:21:57.018+0000][999.881s] GC(359)   Other: 0.8ms
[2022-04-27T05:21:57.018+0000][999.882s] GC(359) Eden regions: 284->0(287)
[2022-04-27T05:21:57.018+0000][999.882s] GC(359) Survivor regions: 23->20(39)
[2022-04-27T05:21:57.019+0000][999.882s] GC(359) Old regions: 57->57
[2022-04-27T05:21:57.019+0000][999.883s] GC(359) Humongous regions: 7->7
[2022-04-27T05:21:57.019+0000][999.883s] GC(359) Metaspace: 57180K->57180K(1101824K)
[2022-04-27T05:21:57.020+0000][999.883s] GC(359) Pause Young (Normal) (G1 Evacuation Pause) 369M->82M(512M) 10.675ms
[2022-04-27T05:21:57.020+0000][999.884s] GC(359) User=0.05s Sys=0.00s Real=0.01s
[2022-04-27T05:21:59.188+0000][1002.052s] GC(360) Pause Young (Normal) (G1 Evacuation Pause)
[2022-04-27T05:21:59.188+0000][1002.052s] GC(360) Using 8 workers of 8 for evacuation
[2022-04-27T05:21:59.200+0000][1002.064s] GC(360)   Pre Evacuate Collection Set: 0.0ms
[2022-04-27T05:21:59.201+0000][1002.064s] GC(360)   Evacuate Collection Set: 5.5ms
[2022-04-27T05:21:59.201+0000][1002.064s] GC(360)   Post Evacuate Collection Set: 6.0ms
[2022-04-27T05:21:59.201+0000][1002.065s] GC(360)   Other: 0.6ms
[2022-04-27T05:21:59.201+0000][1002.065s] GC(360) Eden regions: 287->0(285)
[2022-04-27T05:21:59.202+0000][1002.065s] GC(360) Survivor regions: 20->22(39)
[2022-04-27T05:21:59.202+0000][1002.066s] GC(360) Old regions: 57->57
[2022-04-27T05:21:59.202+0000][1002.066s] GC(360) Humongous regions: 7->7
[2022-04-27T05:21:59.202+0000][1002.066s] GC(360) Metaspace: 57180K->57180K(1101824K)
[2022-04-27T05:21:59.203+0000][1002.066s] GC(360) Pause Young (Normal) (G1 Evacuation Pause) 369M->84M(512M) 14.459ms
[2022-04-27T05:21:59.203+0000][1002.067s] GC(360) User=0.08s Sys=0.00s Real=0.02s
[2022-04-27T05:22:01.005+0000][1003.869s] GC(361) Pause Young (Normal) (G1 Evacuation Pause)
[2022-04-27T05:22:01.005+0000][1003.869s] GC(361) Using 8 workers of 8 for evacuation
[2022-04-27T05:22:01.015+0000][1003.879s] GC(361)   Pre Evacuate Collection Set: 0.0ms
[2022-04-27T05:22:01.015+0000][1003.879s] GC(361)   Evacuate Collection Set: 3.4ms
[2022-04-27T05:22:01.015+0000][1003.879s] GC(361)   Post Evacuate Collection Set: 5.7ms
[2022-04-27T05:22:01.016+0000][1003.879s] GC(361)   Other: 0.5ms
[2022-04-27T05:22:01.016+0000][1003.880s] GC(361) Eden regions: 285->0(286)
[2022-04-27T05:22:01.016+0000][1003.880s] GC(361) Survivor regions: 22->21(39)
[2022-04-27T05:22:01.017+0000][1003.880s] GC(361) Old regions: 57->57
[2022-04-27T05:22:01.017+0000][1003.881s] GC(361) Humongous regions: 7->7
[2022-04-27T05:22:01.017+0000][1003.881s] GC(361) Metaspace: 57180K->57180K(1101824K)
[2022-04-27T05:22:01.018+0000][1003.881s] GC(361) Pause Young (Normal) (G1 Evacuation Pause) 369M->82M(512M) 12.208ms
[2022-04-27T05:22:01.018+0000][1003.881s] GC(361) User=0.06s Sys=0.00s Real=0.01s
[2022-04-27T05:22:02.832+0000][1005.696s] GC(362) Pause Young (Normal) (G1 Evacuation Pause)
[2022-04-27T05:22:02.832+0000][1005.696s] GC(362) Using 8 workers of 8 for evacuation
[2022-04-27T05:22:02.839+0000][1005.702s] GC(362)   Pre Evacuate Collection Set: 0.0ms
[2022-04-27T05:22:02.839+0000][1005.703s] GC(362)   Evacuate Collection Set: 4.8ms
[2022-04-27T05:22:02.839+0000][1005.703s] GC(362)   Post Evacuate Collection Set: 1.0ms
[2022-04-27T05:22:02.840+0000][1005.703s] GC(362)   Other: 0.7ms
[2022-04-27T05:22:02.840+0000][1005.704s] GC(362) Eden regions: 286->0(291)
[2022-04-27T05:22:02.840+0000][1005.704s] GC(362) Survivor regions: 21->16(39)
[2022-04-27T05:22:02.841+0000][1005.704s] GC(362) Old regions: 57->57
[2022-04-27T05:22:02.841+0000][1005.704s] GC(362) Humongous regions: 7->7
[2022-04-27T05:22:02.841+0000][1005.705s] GC(362) Metaspace: 57180K->57180K(1101824K)
[2022-04-27T05:22:02.841+0000][1005.705s] GC(362) Pause Young (Normal) (G1 Evacuation Pause) 368M->78M(512M) 9.276ms
[2022-04-27T05:22:02.842+0000][1005.705s] GC(362) User=0.03s Sys=0.01s Real=0.01s
[2022-04-27T05:22:05.181+0000][1008.044s] GC(363) Pause Young (Normal) (G1 Evacuation Pause)
[2022-04-27T05:22:05.181+0000][1008.044s] GC(363) Using 8 workers of 8 for evacuation
[2022-04-27T05:22:05.190+0000][1008.054s] GC(363)   Pre Evacuate Collection Set: 0.0ms
[2022-04-27T05:22:05.191+0000][1008.055s] GC(363)   Evacuate Collection Set: 5.4ms
[2022-04-27T05:22:05.191+0000][1008.055s] GC(363)   Post Evacuate Collection Set: 3.8ms
[2022-04-27T05:22:05.192+0000][1008.055s] GC(363)   Other: 0.7ms
[2022-04-27T05:22:05.192+0000][1008.056s] GC(363) Eden regions: 291->0(280)
[2022-04-27T05:22:05.193+0000][1008.056s] GC(363) Survivor regions: 16->27(39)
[2022-04-27T05:22:05.193+0000][1008.057s] GC(363) Old regions: 57->57
[2022-04-27T05:22:05.193+0000][1008.057s] GC(363) Humongous regions: 7->7
[2022-04-27T05:22:05.194+0000][1008.057s] GC(363) Metaspace: 57180K->57180K(1101824K)
[2022-04-27T05:22:05.194+0000][1008.058s] GC(363) Pause Young (Normal) (G1 Evacuation Pause) 369M->89M(512M) 13.470ms
[2022-04-27T05:22:05.194+0000][1008.058s] GC(363) User=0.06s Sys=0.00s Real=0.02s
[2022-04-27T05:22:06.935+0000][1009.798s] GC(364) Pause Young (Normal) (G1 Evacuation Pause)
[2022-04-27T05:22:06.935+0000][1009.799s] GC(364) Using 8 workers of 8 for evacuation
[2022-04-27T05:22:06.944+0000][1009.808s] GC(364)   Pre Evacuate Collection Set: 0.0ms
[2022-04-27T05:22:06.944+0000][1009.808s] GC(364)   Evacuate Collection Set: 4.9ms
[2022-04-27T05:22:06.945+0000][1009.808s] GC(364)   Post Evacuate Collection Set: 3.6ms
[2022-04-27T05:22:06.945+0000][1009.809s] GC(364)   Other: 0.8ms
[2022-04-27T05:22:06.945+0000][1009.809s] GC(364) Eden regions: 280->0(283)
[2022-04-27T05:22:06.946+0000][1009.809s] GC(364) Survivor regions: 27->24(39)
[2022-04-27T05:22:06.946+0000][1009.810s] GC(364) Old regions: 57->57
[2022-04-27T05:22:06.946+0000][1009.810s] GC(364) Humongous regions: 7->7
[2022-04-27T05:22:06.947+0000][1009.810s] GC(364) Metaspace: 57180K->57180K(1101824K)
[2022-04-27T05:22:06.947+0000][1009.811s] GC(364) Pause Young (Normal) (G1 Evacuation Pause) 369M->86M(512M) 12.314ms
[2022-04-27T05:22:06.947+0000][1009.811s] GC(364) User=0.04s Sys=0.02s Real=0.01s
[2022-04-27T05:22:09.285+0000][1012.149s] GC(365) Pause Young (Normal) (G1 Evacuation Pause)
[2022-04-27T05:22:09.285+0000][1012.149s] GC(365) Using 8 workers of 8 for evacuation
[2022-04-27T05:22:09.291+0000][1012.155s] GC(365)   Pre Evacuate Collection Set: 0.0ms
[2022-04-27T05:22:09.292+0000][1012.155s] GC(365)   Evacuate Collection Set: 3.6ms
[2022-04-27T05:22:09.292+0000][1012.156s] GC(365)   Post Evacuate Collection Set: 2.3ms
[2022-04-27T05:22:09.292+0000][1012.156s] GC(365)   Other: 0.5ms
[2022-04-27T05:22:09.292+0000][1012.156s] GC(365) Eden regions: 283->0(289)
[2022-04-27T05:22:09.292+0000][1012.156s] GC(365) Survivor regions: 24->18(39)
[2022-04-27T05:22:09.293+0000][1012.156s] GC(365) Old regions: 57->57
[2022-04-27T05:22:09.293+0000][1012.156s] GC(365) Humongous regions: 7->7
[2022-04-27T05:22:09.293+0000][1012.157s] GC(365) Metaspace: 57180K->57180K(1101824K)
[2022-04-27T05:22:09.293+0000][1012.157s] GC(365) Pause Young (Normal) (G1 Evacuation Pause) 369M->79M(512M) 8.112ms
[2022-04-27T05:22:09.293+0000][1012.157s] GC(365) User=0.04s Sys=0.00s Real=0.01s
[2022-04-27T05:22:11.572+0000][1014.436s] GC(366) Pause Young (Normal) (G1 Evacuation Pause)
[2022-04-27T05:22:11.573+0000][1014.436s] GC(366) Using 8 workers of 8 for evacuation
[2022-04-27T05:22:11.586+0000][1014.450s] GC(366)   Pre Evacuate Collection Set: 0.0ms
[2022-04-27T05:22:11.587+0000][1014.450s] GC(366)   Evacuate Collection Set: 8.2ms
[2022-04-27T05:22:11.587+0000][1014.450s] GC(366)   Post Evacuate Collection Set: 4.8ms
[2022-04-27T05:22:11.587+0000][1014.451s] GC(366)   Other: 0.9ms
[2022-04-27T05:22:11.587+0000][1014.451s] GC(366) Eden regions: 289->0(283)
[2022-04-27T05:22:11.588+0000][1014.451s] GC(366) Survivor regions: 18->24(39)
[2022-04-27T05:22:11.588+0000][1014.452s] GC(366) Old regions: 57->57
[2022-04-27T05:22:11.588+0000][1014.452s] GC(366) Humongous regions: 7->7
[2022-04-27T05:22:11.588+0000][1014.452s] GC(366) Metaspace: 57180K->57180K(1101824K)
[2022-04-27T05:22:11.589+0000][1014.452s] GC(366) Pause Young (Normal) (G1 Evacuation Pause) 368M->86M(512M) 16.274ms
[2022-04-27T05:22:11.589+0000][1014.452s] GC(366) User=0.09s Sys=0.00s Real=0.01s
[2022-04-27T05:22:13.500+0000][1016.364s] GC(367) Pause Young (Normal) (G1 Evacuation Pause)
[2022-04-27T05:22:13.501+0000][1016.365s] GC(367) Using 8 workers of 8 for evacuation
[2022-04-27T05:22:13.509+0000][1016.373s] GC(367)   Pre Evacuate Collection Set: 0.0ms
[2022-04-27T05:22:13.509+0000][1016.373s] GC(367)   Evacuate Collection Set: 5.0ms
[2022-04-27T05:22:13.510+0000][1016.373s] GC(367)   Post Evacuate Collection Set: 2.6ms
[2022-04-27T05:22:13.510+0000][1016.374s] GC(367)   Other: 0.9ms
[2022-04-27T05:22:13.510+0000][1016.374s] GC(367) Eden regions: 283->0(287)
[2022-04-27T05:22:13.511+0000][1016.374s] GC(367) Survivor regions: 24->20(39)
[2022-04-27T05:22:13.511+0000][1016.375s] GC(367) Old regions: 57->57
[2022-04-27T05:22:13.511+0000][1016.375s] GC(367) Humongous regions: 7->7
[2022-04-27T05:22:13.512+0000][1016.375s] GC(367) Metaspace: 57180K->57180K(1101824K)
[2022-04-27T05:22:13.512+0000][1016.376s] GC(367) Pause Young (Normal) (G1 Evacuation Pause) 369M->81M(512M) 11.428ms
[2022-04-27T05:22:13.512+0000][1016.376s] GC(367) User=0.04s Sys=0.02s Real=0.02s
[2022-04-27T05:22:15.952+0000][1018.816s] GC(368) Pause Young (Normal) (G1 Evacuation Pause)
[2022-04-27T05:22:15.953+0000][1018.816s] GC(368) Using 8 workers of 8 for evacuation
[2022-04-27T05:22:15.960+0000][1018.823s] GC(368)   Pre Evacuate Collection Set: 0.0ms
[2022-04-27T05:22:15.960+0000][1018.824s] GC(368)   Evacuate Collection Set: 4.5ms
[2022-04-27T05:22:15.961+0000][1018.824s] GC(368)   Post Evacuate Collection Set: 2.0ms
[2022-04-27T05:22:15.961+0000][1018.825s] GC(368)   Other: 0.9ms
[2022-04-27T05:22:15.961+0000][1018.825s] GC(368) Eden regions: 287->0(288)
[2022-04-27T05:22:15.962+0000][1018.825s] GC(368) Survivor regions: 20->19(39)
[2022-04-27T05:22:15.962+0000][1018.826s] GC(368) Old regions: 57->57
[2022-04-27T05:22:15.963+0000][1018.826s] GC(368) Humongous regions: 7->7
[2022-04-27T05:22:15.963+0000][1018.827s] GC(368) Metaspace: 57180K->57180K(1101824K)
[2022-04-27T05:22:15.963+0000][1018.827s] GC(368) Pause Young (Normal) (G1 Evacuation Pause) 368M->81M(512M) 10.819ms
[2022-04-27T05:22:15.964+0000][1018.827s] GC(368) User=0.05s Sys=0.00s Real=0.01s
[2022-04-27T05:22:17.705+0000][1020.569s] GC(369) Pause Young (Normal) (G1 Evacuation Pause)
[2022-04-27T05:22:17.706+0000][1020.569s] GC(369) Using 8 workers of 8 for evacuation
[2022-04-27T05:22:17.714+0000][1020.577s] GC(369)   Pre Evacuate Collection Set: 0.0ms
[2022-04-27T05:22:17.714+0000][1020.578s] GC(369)   Evacuate Collection Set: 4.5ms
[2022-04-27T05:22:17.714+0000][1020.578s] GC(369)   Post Evacuate Collection Set: 3.1ms
[2022-04-27T05:22:17.715+0000][1020.578s] GC(369)   Other: 0.8ms
[2022-04-27T05:22:17.715+0000][1020.579s] GC(369) Eden regions: 288->0(283)
[2022-04-27T05:22:17.715+0000][1020.579s] GC(369) Survivor regions: 19->24(39)
[2022-04-27T05:22:17.716+0000][1020.579s] GC(369) Old regions: 57->57
[2022-04-27T05:22:17.716+0000][1020.580s] GC(369) Humongous regions: 7->7
[2022-04-27T05:22:17.716+0000][1020.580s] GC(369) Metaspace: 57180K->57180K(1101824K)
[2022-04-27T05:22:17.717+0000][1020.580s] GC(369) Pause Young (Normal) (G1 Evacuation Pause) 369M->86M(512M) 11.356ms
[2022-04-27T05:22:17.717+0000][1020.580s] GC(369) User=0.05s Sys=0.01s Real=0.01s
[2022-04-27T05:22:19.338+0000][1022.202s] GC(370) Pause Young (Normal) (G1 Evacuation Pause)
[2022-04-27T05:22:19.339+0000][1022.202s] GC(370) Using 8 workers of 8 for evacuation
[2022-04-27T05:22:19.346+0000][1022.209s] GC(370)   Pre Evacuate Collection Set: 0.0ms
[2022-04-27T05:22:19.346+0000][1022.210s] GC(370)   Evacuate Collection Set: 4.3ms
[2022-04-27T05:22:19.346+0000][1022.210s] GC(370)   Post Evacuate Collection Set: 2.1ms
[2022-04-27T05:22:19.347+0000][1022.211s] GC(370)   Other: 0.9ms
[2022-04-27T05:22:19.347+0000][1022.211s] GC(370) Eden regions: 283->0(287)
[2022-04-27T05:22:19.347+0000][1022.211s] GC(370) Survivor regions: 24->20(39)
[2022-04-27T05:22:19.348+0000][1022.211s] GC(370) Old regions: 57->57
[2022-04-27T05:22:19.348+0000][1022.212s] GC(370) Humongous regions: 7->7
[2022-04-27T05:22:19.348+0000][1022.212s] GC(370) Metaspace: 57180K->57180K(1101824K)
[2022-04-27T05:22:19.349+0000][1022.213s] GC(370) Pause Young (Normal) (G1 Evacuation Pause) 369M->82M(512M) 10.493ms
[2022-04-27T05:22:19.349+0000][1022.213s] GC(370) User=0.05s Sys=0.00s Real=0.01s
[2022-04-27T05:22:21.556+0000][1024.420s] GC(371) Pause Young (Normal) (G1 Evacuation Pause)
[2022-04-27T05:22:21.556+0000][1024.420s] GC(371) Using 8 workers of 8 for evacuation
[2022-04-27T05:22:21.565+0000][1024.429s] GC(371)   Pre Evacuate Collection Set: 0.0ms
[2022-04-27T05:22:21.565+0000][1024.429s] GC(371)   Evacuate Collection Set: 4.1ms
[2022-04-27T05:22:21.566+0000][1024.430s] GC(371)   Post Evacuate Collection Set: 3.8ms
[2022-04-27T05:22:21.566+0000][1024.430s] GC(371)   Other: 1.1ms
[2022-04-27T05:22:21.567+0000][1024.430s] GC(371) Eden regions: 287->0(285)
[2022-04-27T05:22:21.567+0000][1024.431s] GC(371) Survivor regions: 20->22(39)
[2022-04-27T05:22:21.568+0000][1024.431s] GC(371) Old regions: 57->57
[2022-04-27T05:22:21.568+0000][1024.432s] GC(371) Humongous regions: 7->7
[2022-04-27T05:22:21.568+0000][1024.432s] GC(371) Metaspace: 57180K->57180K(1101824K)
[2022-04-27T05:22:21.569+0000][1024.433s] GC(371) Pause Young (Normal) (G1 Evacuation Pause) 369M->84M(512M) 13.024ms
[2022-04-27T05:22:21.569+0000][1024.433s] GC(371) User=0.06s Sys=0.00s Real=0.01s
[2022-04-27T05:22:23.161+0000][1026.024s] GC(372) Pause Young (Normal) (G1 Evacuation Pause)
[2022-04-27T05:22:23.161+0000][1026.025s] GC(372) Using 8 workers of 8 for evacuation
[2022-04-27T05:22:23.166+0000][1026.030s] GC(372)   Pre Evacuate Collection Set: 0.0ms
[2022-04-27T05:22:23.167+0000][1026.030s] GC(372)   Evacuate Collection Set: 2.7ms
[2022-04-27T05:22:23.167+0000][1026.031s] GC(372)   Post Evacuate Collection Set: 2.3ms
[2022-04-27T05:22:23.168+0000][1026.031s] GC(372)   Other: 0.4ms
[2022-04-27T05:22:23.168+0000][1026.032s] GC(372) Eden regions: 285->0(290)
[2022-04-27T05:22:23.168+0000][1026.032s] GC(372) Survivor regions: 22->17(39)
[2022-04-27T05:22:23.169+0000][1026.032s] GC(372) Old regions: 57->57
[2022-04-27T05:22:23.169+0000][1026.033s] GC(372) Humongous regions: 7->7
[2022-04-27T05:22:23.169+0000][1026.033s] GC(372) Metaspace: 57180K->57180K(1101824K)
[2022-04-27T05:22:23.170+0000][1026.033s] GC(372) Pause Young (Normal) (G1 Evacuation Pause) 369M->79M(512M) 8.840ms
[2022-04-27T05:22:23.170+0000][1026.034s] GC(372) User=0.03s Sys=0.00s Real=0.00s
[2022-04-27T05:22:25.763+0000][1028.627s] GC(373) Pause Young (Normal) (G1 Evacuation Pause)
[2022-04-27T05:22:25.764+0000][1028.627s] GC(373) Using 8 workers of 8 for evacuation
[2022-04-27T05:22:25.770+0000][1028.634s] GC(373)   Pre Evacuate Collection Set: 0.0ms
[2022-04-27T05:22:25.771+0000][1028.635s] GC(373)   Evacuate Collection Set: 3.9ms
[2022-04-27T05:22:25.771+0000][1028.635s] GC(373)   Post Evacuate Collection Set: 2.3ms
[2022-04-27T05:22:25.772+0000][1028.635s] GC(373)   Other: 1.0ms
[2022-04-27T05:22:25.772+0000][1028.636s] GC(373) Eden regions: 290->0(289)
[2022-04-27T05:22:25.772+0000][1028.636s] GC(373) Survivor regions: 17->18(39)
[2022-04-27T05:22:25.773+0000][1028.636s] GC(373) Old regions: 57->57
[2022-04-27T05:22:25.773+0000][1028.637s] GC(373) Humongous regions: 7->7
[2022-04-27T05:22:25.773+0000][1028.637s] GC(373) Metaspace: 57180K->57180K(1101824K)
[2022-04-27T05:22:25.774+0000][1028.637s] GC(373) Pause Young (Normal) (G1 Evacuation Pause) 369M->80M(512M) 10.634ms
[2022-04-27T05:22:25.774+0000][1028.638s] GC(373) User=0.04s Sys=0.01s Real=0.01s
[2022-04-27T05:22:27.672+0000][1030.536s] GC(374) Pause Young (Normal) (G1 Evacuation Pause)
[2022-04-27T05:22:27.673+0000][1030.537s] GC(374) Using 8 workers of 8 for evacuation
[2022-04-27T05:22:27.682+0000][1030.546s] GC(374)   Pre Evacuate Collection Set: 0.0ms
[2022-04-27T05:22:27.683+0000][1030.546s] GC(374)   Evacuate Collection Set: 4.5ms
[2022-04-27T05:22:27.683+0000][1030.547s] GC(374)   Post Evacuate Collection Set: 4.1ms
[2022-04-27T05:22:27.683+0000][1030.547s] GC(374)   Other: 1.1ms
[2022-04-27T05:22:27.684+0000][1030.547s] GC(374) Eden regions: 289->0(284)
[2022-04-27T05:22:27.684+0000][1030.548s] GC(374) Survivor regions: 18->23(39)
[2022-04-27T05:22:27.685+0000][1030.548s] GC(374) Old regions: 57->57
[2022-04-27T05:22:27.685+0000][1030.549s] GC(374) Humongous regions: 7->7
[2022-04-27T05:22:27.685+0000][1030.549s] GC(374) Metaspace: 57180K->57180K(1101824K)
[2022-04-27T05:22:27.686+0000][1030.549s] GC(374) Pause Young (Normal) (G1 Evacuation Pause) 369M->85M(512M) 13.346ms
[2022-04-27T05:22:27.686+0000][1030.550s] GC(374) User=0.06s Sys=0.00s Real=0.01s
[2022-04-27T05:22:29.310+0000][1032.173s] GC(375) Pause Young (Normal) (G1 Evacuation Pause)
[2022-04-27T05:22:29.310+0000][1032.174s] GC(375) Using 8 workers of 8 for evacuation
[2022-04-27T05:22:29.318+0000][1032.182s] GC(375)   Pre Evacuate Collection Set: 0.0ms
[2022-04-27T05:22:29.319+0000][1032.183s] GC(375)   Evacuate Collection Set: 4.9ms
[2022-04-27T05:22:29.319+0000][1032.183s] GC(375)   Post Evacuate Collection Set: 2.8ms
[2022-04-27T05:22:29.320+0000][1032.183s] GC(375)   Other: 1.1ms
[2022-04-27T05:22:29.320+0000][1032.184s] GC(375) Eden regions: 284->0(286)
[2022-04-27T05:22:29.320+0000][1032.184s] GC(375) Survivor regions: 23->21(39)
[2022-04-27T05:22:29.321+0000][1032.185s] GC(375) Old regions: 57->58
[2022-04-27T05:22:29.321+0000][1032.185s] GC(375) Humongous regions: 7->7
[2022-04-27T05:22:29.322+0000][1032.185s] GC(375) Metaspace: 57180K->57180K(1101824K)
[2022-04-27T05:22:29.322+0000][1032.186s] GC(375) Pause Young (Normal) (G1 Evacuation Pause) 369M->83M(512M) 12.318ms
[2022-04-27T05:22:29.322+0000][1032.186s] GC(375) User=0.03s Sys=0.02s Real=0.02s
[2022-04-27T05:22:31.526+0000][1034.389s] GC(376) Pause Young (Normal) (G1 Evacuation Pause)
[2022-04-27T05:22:31.526+0000][1034.390s] GC(376) Using 8 workers of 8 for evacuation
[2022-04-27T05:22:31.535+0000][1034.398s] GC(376)   Pre Evacuate Collection Set: 0.0ms
[2022-04-27T05:22:31.535+0000][1034.399s] GC(376)   Evacuate Collection Set: 4.4ms
[2022-04-27T05:22:31.536+0000][1034.399s] GC(376)   Post Evacuate Collection Set: 3.5ms
[2022-04-27T05:22:31.536+0000][1034.399s] GC(376)   Other: 1.3ms
[2022-04-27T05:22:31.536+0000][1034.400s] GC(376) Eden regions: 286->0(286)
[2022-04-27T05:22:31.536+0000][1034.400s] GC(376) Survivor regions: 21->21(39)
[2022-04-27T05:22:31.537+0000][1034.400s] GC(376) Old regions: 58->58
[2022-04-27T05:22:31.537+0000][1034.401s] GC(376) Humongous regions: 7->7
[2022-04-27T05:22:31.537+0000][1034.401s] GC(376) Metaspace: 57180K->57180K(1101824K)
[2022-04-27T05:22:31.538+0000][1034.401s] GC(376) Pause Young (Normal) (G1 Evacuation Pause) 369M->83M(512M) 11.937ms
[2022-04-27T05:22:31.538+0000][1034.402s] GC(376) User=0.05s Sys=0.00s Real=0.01s
[2022-04-27T05:22:33.225+0000][1036.089s] GC(377) Pause Young (Normal) (G1 Evacuation Pause)
[2022-04-27T05:22:33.225+0000][1036.089s] GC(377) Using 8 workers of 8 for evacuation
[2022-04-27T05:22:33.231+0000][1036.095s] GC(377)   Pre Evacuate Collection Set: 0.0ms
[2022-04-27T05:22:33.231+0000][1036.095s] GC(377)   Evacuate Collection Set: 3.0ms
[2022-04-27T05:22:33.232+0000][1036.095s] GC(377)   Post Evacuate Collection Set: 2.1ms
[2022-04-27T05:22:33.232+0000][1036.096s] GC(377)   Other: 0.8ms
[2022-04-27T05:22:33.233+0000][1036.096s] GC(377) Eden regions: 286->0(290)
[2022-04-27T05:22:33.233+0000][1036.097s] GC(377) Survivor regions: 21->17(39)
[2022-04-27T05:22:33.233+0000][1036.097s] GC(377) Old regions: 58->58
[2022-04-27T05:22:33.234+0000][1036.097s] GC(377) Humongous regions: 7->7
[2022-04-27T05:22:33.234+0000][1036.098s] GC(377) Metaspace: 57180K->57180K(1101824K)
[2022-04-27T05:22:33.234+0000][1036.098s] GC(377) Pause Young (Normal) (G1 Evacuation Pause) 369M->79M(512M) 9.090ms
[2022-04-27T05:22:33.234+0000][1036.098s] GC(377) User=0.02s Sys=0.01s Real=0.01s
[2022-04-27T05:22:34.907+0000][1037.771s] GC(378) Pause Young (Normal) (G1 Evacuation Pause)
[2022-04-27T05:22:34.907+0000][1037.771s] GC(378) Using 8 workers of 8 for evacuation
[2022-04-27T05:22:34.916+0000][1037.780s] GC(378)   Pre Evacuate Collection Set: 0.0ms
[2022-04-27T05:22:34.917+0000][1037.781s] GC(378)   Evacuate Collection Set: 6.3ms
[2022-04-27T05:22:34.917+0000][1037.781s] GC(378)   Post Evacuate Collection Set: 2.3ms
[2022-04-27T05:22:34.918+0000][1037.781s] GC(378)   Other: 0.8ms
[2022-04-27T05:22:34.918+0000][1037.782s] GC(378) Eden regions: 290->0(287)
[2022-04-27T05:22:34.918+0000][1037.782s] GC(378) Survivor regions: 17->20(39)
[2022-04-27T05:22:34.919+0000][1037.782s] GC(378) Old regions: 58->58
[2022-04-27T05:22:34.919+0000][1037.783s] GC(378) Humongous regions: 7->7
[2022-04-27T05:22:34.919+0000][1037.783s] GC(378) Metaspace: 57180K->57180K(1101824K)
[2022-04-27T05:22:34.920+0000][1037.783s] GC(378) Pause Young (Normal) (G1 Evacuation Pause) 369M->82M(512M) 12.461ms
[2022-04-27T05:22:34.920+0000][1037.783s] GC(378) User=0.06s Sys=0.00s Real=0.01s
[2022-04-27T05:22:37.097+0000][1039.960s] GC(379) Pause Young (Normal) (G1 Evacuation Pause)
[2022-04-27T05:22:37.097+0000][1039.961s] GC(379) Using 8 workers of 8 for evacuation
[2022-04-27T05:22:37.105+0000][1039.969s] GC(379)   Pre Evacuate Collection Set: 0.0ms
[2022-04-27T05:22:37.106+0000][1039.969s] GC(379)   Evacuate Collection Set: 4.4ms
[2022-04-27T05:22:37.106+0000][1039.970s] GC(379)   Post Evacuate Collection Set: 3.6ms
[2022-04-27T05:22:37.106+0000][1039.970s] GC(379)   Other: 0.8ms
[2022-04-27T05:22:37.107+0000][1039.971s] GC(379) Eden regions: 287->0(285)
[2022-04-27T05:22:37.107+0000][1039.971s] GC(379) Survivor regions: 20->22(39)
[2022-04-27T05:22:37.107+0000][1039.971s] GC(379) Old regions: 58->58
[2022-04-27T05:22:37.108+0000][1039.971s] GC(379) Humongous regions: 7->7
[2022-04-27T05:22:37.108+0000][1039.971s] GC(379) Metaspace: 57180K->57180K(1101824K)
[2022-04-27T05:22:37.108+0000][1039.972s] GC(379) Pause Young (Normal) (G1 Evacuation Pause) 369M->84M(512M) 11.649ms
[2022-04-27T05:22:37.108+0000][1039.972s] GC(379) User=0.06s Sys=0.00s Real=0.01s
[2022-04-27T05:22:38.795+0000][1041.659s] GC(380) Pause Young (Normal) (G1 Evacuation Pause)
[2022-04-27T05:22:38.796+0000][1041.660s] GC(380) Using 8 workers of 8 for evacuation
[2022-04-27T05:22:38.803+0000][1041.667s] GC(380)   Pre Evacuate Collection Set: 0.0ms
[2022-04-27T05:22:38.804+0000][1041.667s] GC(380)   Evacuate Collection Set: 4.6ms
[2022-04-27T05:22:38.804+0000][1041.668s] GC(380)   Post Evacuate Collection Set: 2.2ms
[2022-04-27T05:22:38.804+0000][1041.668s] GC(380)   Other: 0.9ms
[2022-04-27T05:22:38.805+0000][1041.668s] GC(380) Eden regions: 285->0(287)
[2022-04-27T05:22:38.805+0000][1041.669s] GC(380) Survivor regions: 22->20(39)
[2022-04-27T05:22:38.805+0000][1041.669s] GC(380) Old regions: 58->58
[2022-04-27T05:22:38.806+0000][1041.669s] GC(380) Humongous regions: 7->7
[2022-04-27T05:22:38.806+0000][1041.670s] GC(380) Metaspace: 57180K->57180K(1101824K)
[2022-04-27T05:22:38.806+0000][1041.670s] GC(380) Pause Young (Normal) (G1 Evacuation Pause) 369M->82M(512M) 11.048ms
[2022-04-27T05:22:38.807+0000][1041.670s] GC(380) User=0.05s Sys=0.00s Real=0.01s
[2022-04-27T05:22:40.390+0000][1043.254s] GC(381) Pause Young (Normal) (G1 Evacuation Pause)
[2022-04-27T05:22:40.391+0000][1043.254s] GC(381) Using 8 workers of 8 for evacuation
[2022-04-27T05:22:40.396+0000][1043.260s] GC(381)   Pre Evacuate Collection Set: 0.0ms
[2022-04-27T05:22:40.397+0000][1043.260s] GC(381)   Evacuate Collection Set: 3.2ms
[2022-04-27T05:22:40.397+0000][1043.261s] GC(381)   Post Evacuate Collection Set: 2.1ms
[2022-04-27T05:22:40.397+0000][1043.261s] GC(381)   Other: 0.8ms
[2022-04-27T05:22:40.398+0000][1043.261s] GC(381) Eden regions: 287->0(290)
[2022-04-27T05:22:40.398+0000][1043.262s] GC(381) Survivor regions: 20->17(39)
[2022-04-27T05:22:40.398+0000][1043.262s] GC(381) Old regions: 58->58
[2022-04-27T05:22:40.399+0000][1043.262s] GC(381) Humongous regions: 7->7
[2022-04-27T05:22:40.399+0000][1043.262s] GC(381) Metaspace: 57180K->57180K(1101824K)
[2022-04-27T05:22:40.399+0000][1043.263s] GC(381) Pause Young (Normal) (G1 Evacuation Pause) 369M->79M(512M) 8.809ms
[2022-04-27T05:22:40.399+0000][1043.263s] GC(381) User=0.03s Sys=0.00s Real=0.01s
[2022-04-27T05:22:42.572+0000][1045.436s] GC(382) Pause Young (Normal) (G1 Evacuation Pause)
[2022-04-27T05:22:42.572+0000][1045.436s] GC(382) Using 8 workers of 8 for evacuation
[2022-04-27T05:22:42.581+0000][1045.445s] GC(382)   Pre Evacuate Collection Set: 0.0ms
[2022-04-27T05:22:42.582+0000][1045.445s] GC(382)   Evacuate Collection Set: 4.8ms
[2022-04-27T05:22:42.582+0000][1045.446s] GC(382)   Post Evacuate Collection Set: 3.6ms
[2022-04-27T05:22:42.583+0000][1045.446s] GC(382)   Other: 1.1ms
[2022-04-27T05:22:42.583+0000][1045.447s] GC(382) Eden regions: 290->0(284)
[2022-04-27T05:22:42.583+0000][1045.447s] GC(382) Survivor regions: 17->23(39)
[2022-04-27T05:22:42.584+0000][1045.447s] GC(382) Old regions: 58->58
[2022-04-27T05:22:42.584+0000][1045.448s] GC(382) Humongous regions: 7->7
[2022-04-27T05:22:42.585+0000][1045.448s] GC(382) Metaspace: 57180K->57180K(1101824K)
[2022-04-27T05:22:42.585+0000][1045.449s] GC(382) Pause Young (Normal) (G1 Evacuation Pause) 369M->85M(512M) 12.991ms
[2022-04-27T05:22:42.585+0000][1045.449s] GC(382) User=0.06s Sys=0.01s Real=0.01s
[2022-04-27T05:22:44.227+0000][1047.090s] GC(383) Pause Young (Normal) (G1 Evacuation Pause)
[2022-04-27T05:22:44.227+0000][1047.091s] GC(383) Using 8 workers of 8 for evacuation
[2022-04-27T05:22:44.235+0000][1047.098s] GC(383)   Pre Evacuate Collection Set: 0.0ms
[2022-04-27T05:22:44.235+0000][1047.099s] GC(383)   Evacuate Collection Set: 3.1ms
[2022-04-27T05:22:44.235+0000][1047.099s] GC(383)   Post Evacuate Collection Set: 4.0ms
[2022-04-27T05:22:44.235+0000][1047.099s] GC(383)   Other: 0.8ms
[2022-04-27T05:22:44.236+0000][1047.099s] GC(383) Eden regions: 284->0(290)
[2022-04-27T05:22:44.236+0000][1047.100s] GC(383) Survivor regions: 23->17(39)
[2022-04-27T05:22:44.236+0000][1047.100s] GC(383) Old regions: 58->58
[2022-04-27T05:22:44.237+0000][1047.100s] GC(383) Humongous regions: 7->7
[2022-04-27T05:22:44.237+0000][1047.101s] GC(383) Metaspace: 57180K->57180K(1101824K)
[2022-04-27T05:22:44.237+0000][1047.101s] GC(383) Pause Young (Normal) (G1 Evacuation Pause) 369M->79M(512M) 10.731ms
[2022-04-27T05:22:44.238+0000][1047.101s] GC(383) User=0.05s Sys=0.00s Real=0.01s
[2022-04-27T05:22:46.347+0000][1049.211s] GC(384) Pause Young (Normal) (G1 Evacuation Pause)
[2022-04-27T05:22:46.348+0000][1049.211s] GC(384) Using 8 workers of 8 for evacuation
[2022-04-27T05:22:46.355+0000][1049.218s] GC(384)   Pre Evacuate Collection Set: 0.0ms
[2022-04-27T05:22:46.355+0000][1049.219s] GC(384)   Evacuate Collection Set: 4.1ms
[2022-04-27T05:22:46.356+0000][1049.219s] GC(384)   Post Evacuate Collection Set: 2.4ms
[2022-04-27T05:22:46.356+0000][1049.220s] GC(384)   Other: 0.9ms
[2022-04-27T05:22:46.357+0000][1049.220s] GC(384) Eden regions: 290->0(289)
[2022-04-27T05:22:46.357+0000][1049.221s] GC(384) Survivor regions: 17->18(39)
[2022-04-27T05:22:46.357+0000][1049.221s] GC(384) Old regions: 58->58
[2022-04-27T05:22:46.358+0000][1049.221s] GC(384) Humongous regions: 7->7
[2022-04-27T05:22:46.358+0000][1049.222s] GC(384) Metaspace: 57181K->57181K(1101824K)
[2022-04-27T05:22:46.358+0000][1049.222s] GC(384) Pause Young (Normal) (G1 Evacuation Pause) 369M->80M(512M) 11.146ms
[2022-04-27T05:22:46.359+0000][1049.223s] GC(384) User=0.05s Sys=0.00s Real=0.01s
[2022-04-27T05:22:48.017+0000][1050.880s] GC(385) Pause Young (Normal) (G1 Evacuation Pause)
[2022-04-27T05:22:48.017+0000][1050.881s] GC(385) Using 8 workers of 8 for evacuation
[2022-04-27T05:22:48.026+0000][1050.889s] GC(385)   Pre Evacuate Collection Set: 0.0ms
[2022-04-27T05:22:48.026+0000][1050.890s] GC(385)   Evacuate Collection Set: 4.3ms
[2022-04-27T05:22:48.027+0000][1050.890s] GC(385)   Post Evacuate Collection Set: 3.6ms
[2022-04-27T05:22:48.027+0000][1050.891s] GC(385)   Other: 1.0ms
[2022-04-27T05:22:48.027+0000][1050.891s] GC(385) Eden regions: 289->0(283)
[2022-04-27T05:22:48.028+0000][1050.891s] GC(385) Survivor regions: 18->24(39)
[2022-04-27T05:22:48.028+0000][1050.892s] GC(385) Old regions: 58->58
[2022-04-27T05:22:48.029+0000][1050.892s] GC(385) Humongous regions: 7->7
[2022-04-27T05:22:48.029+0000][1050.893s] GC(385) Metaspace: 57181K->57181K(1101824K)
[2022-04-27T05:22:48.029+0000][1050.893s] GC(385) Pause Young (Normal) (G1 Evacuation Pause) 369M->86M(512M) 12.493ms
[2022-04-27T05:22:48.030+0000][1050.893s] GC(385) User=0.06s Sys=0.00s Real=0.01s
[2022-04-27T05:22:49.700+0000][1052.563s] GC(386) Pause Young (Normal) (G1 Evacuation Pause)
[2022-04-27T05:22:49.700+0000][1052.564s] GC(386) Using 8 workers of 8 for evacuation
[2022-04-27T05:22:49.707+0000][1052.571s] GC(386)   Pre Evacuate Collection Set: 0.0ms
[2022-04-27T05:22:49.707+0000][1052.571s] GC(386)   Evacuate Collection Set: 4.3ms
[2022-04-27T05:22:49.708+0000][1052.571s] GC(386)   Post Evacuate Collection Set: 2.0ms
[2022-04-27T05:22:49.708+0000][1052.572s] GC(386)   Other: 0.7ms
[2022-04-27T05:22:49.708+0000][1052.572s] GC(386) Eden regions: 283->0(286)
[2022-04-27T05:22:49.709+0000][1052.572s] GC(386) Survivor regions: 24->21(39)
[2022-04-27T05:22:49.709+0000][1052.572s] GC(386) Old regions: 58->58
[2022-04-27T05:22:49.709+0000][1052.573s] GC(386) Humongous regions: 7->7
[2022-04-27T05:22:49.709+0000][1052.573s] GC(386) Metaspace: 57181K->57181K(1101824K)
[2022-04-27T05:22:49.709+0000][1052.573s] GC(386) Pause Young (Normal) (G1 Evacuation Pause) 369M->83M(512M) 9.673ms
[2022-04-27T05:22:49.710+0000][1052.573s] GC(386) User=0.05s Sys=0.00s Real=0.01s
[2022-04-27T05:22:51.841+0000][1054.705s] GC(387) Pause Young (Normal) (G1 Evacuation Pause)
[2022-04-27T05:22:51.842+0000][1054.705s] GC(387) Using 8 workers of 8 for evacuation
[2022-04-27T05:22:51.850+0000][1054.714s] GC(387)   Pre Evacuate Collection Set: 0.0ms
[2022-04-27T05:22:51.851+0000][1054.714s] GC(387)   Evacuate Collection Set: 3.9ms
[2022-04-27T05:22:51.851+0000][1054.715s] GC(387)   Post Evacuate Collection Set: 4.0ms
[2022-04-27T05:22:51.851+0000][1054.715s] GC(387)   Other: 1.0ms
[2022-04-27T05:22:51.852+0000][1054.715s] GC(387) Eden regions: 286->0(286)
[2022-04-27T05:22:51.852+0000][1054.716s] GC(387) Survivor regions: 21->21(39)
[2022-04-27T05:22:51.853+0000][1054.716s] GC(387) Old regions: 58->58
[2022-04-27T05:22:51.853+0000][1054.717s] GC(387) Humongous regions: 7->7
[2022-04-27T05:22:51.853+0000][1054.717s] GC(387) Metaspace: 57181K->57181K(1101824K)
[2022-04-27T05:22:51.854+0000][1054.718s] GC(387) Pause Young (Normal) (G1 Evacuation Pause) 369M->84M(512M) 12.644ms
[2022-04-27T05:22:51.854+0000][1054.718s] GC(387) User=0.05s Sys=0.00s Real=0.01s
[2022-04-27T05:22:53.435+0000][1056.299s] GC(388) Pause Young (Normal) (G1 Evacuation Pause)
[2022-04-27T05:22:53.436+0000][1056.299s] GC(388) Using 8 workers of 8 for evacuation
[2022-04-27T05:22:53.443+0000][1056.306s] GC(388)   Pre Evacuate Collection Set: 0.0ms
[2022-04-27T05:22:53.443+0000][1056.307s] GC(388)   Evacuate Collection Set: 4.4ms
[2022-04-27T05:22:53.444+0000][1056.307s] GC(388)   Post Evacuate Collection Set: 2.2ms
[2022-04-27T05:22:53.444+0000][1056.308s] GC(388)   Other: 1.0ms
[2022-04-27T05:22:53.444+0000][1056.308s] GC(388) Eden regions: 286->0(287)
[2022-04-27T05:22:53.445+0000][1056.309s] GC(388) Survivor regions: 21->20(39)
[2022-04-27T05:22:53.445+0000][1056.309s] GC(388) Old regions: 58->58
[2022-04-27T05:22:53.446+0000][1056.309s] GC(388) Humongous regions: 7->7
[2022-04-27T05:22:53.446+0000][1056.310s] GC(388) Metaspace: 57181K->57181K(1101824K)
[2022-04-27T05:22:53.446+0000][1056.310s] GC(388) Pause Young (Normal) (G1 Evacuation Pause) 370M->82M(512M) 11.346ms
[2022-04-27T05:22:53.447+0000][1056.310s] GC(388) User=0.03s Sys=0.02s Real=0.01s
[2022-04-27T05:22:55.037+0000][1057.900s] GC(389) Pause Young (Normal) (G1 Evacuation Pause)
[2022-04-27T05:22:55.037+0000][1057.901s] GC(389) Using 8 workers of 8 for evacuation
[2022-04-27T05:22:55.044+0000][1057.908s] GC(389)   Pre Evacuate Collection Set: 0.0ms
[2022-04-27T05:22:55.045+0000][1057.908s] GC(389)   Evacuate Collection Set: 4.6ms
[2022-04-27T05:22:55.045+0000][1057.909s] GC(389)   Post Evacuate Collection Set: 2.2ms
[2022-04-27T05:22:55.045+0000][1057.909s] GC(389)   Other: 0.8ms
[2022-04-27T05:22:55.046+0000][1057.909s] GC(389) Eden regions: 287->0(287)
[2022-04-27T05:22:55.046+0000][1057.910s] GC(389) Survivor regions: 20->20(39)
[2022-04-27T05:22:55.046+0000][1057.910s] GC(389) Old regions: 58->58
[2022-04-27T05:22:55.047+0000][1057.910s] GC(389) Humongous regions: 7->7
[2022-04-27T05:22:55.047+0000][1057.911s] GC(389) Metaspace: 57181K->57181K(1101824K)
[2022-04-27T05:22:55.047+0000][1057.911s] GC(389) Pause Young (Normal) (G1 Evacuation Pause) 369M->83M(512M) 10.473ms
[2022-04-27T05:22:55.047+0000][1057.911s] GC(389) User=0.05s Sys=0.00s Real=0.01s
[2022-04-27T05:22:57.181+0000][1060.044s] GC(390) Pause Young (Normal) (G1 Evacuation Pause)
[2022-04-27T05:22:57.181+0000][1060.045s] GC(390) Using 8 workers of 8 for evacuation
[2022-04-27T05:22:57.189+0000][1060.053s] GC(390)   Pre Evacuate Collection Set: 0.0ms
[2022-04-27T05:22:57.189+0000][1060.053s] GC(390)   Evacuate Collection Set: 4.1ms
[2022-04-27T05:22:57.190+0000][1060.054s] GC(390)   Post Evacuate Collection Set: 3.4ms
[2022-04-27T05:22:57.190+0000][1060.054s] GC(390)   Other: 0.8ms
[2022-04-27T05:22:57.191+0000][1060.054s] GC(390) Eden regions: 287->0(285)
[2022-04-27T05:22:57.191+0000][1060.055s] GC(390) Survivor regions: 20->22(39)
[2022-04-27T05:22:57.191+0000][1060.055s] GC(390) Old regions: 58->58
[2022-04-27T05:22:57.191+0000][1060.055s] GC(390) Humongous regions: 7->7
[2022-04-27T05:22:57.192+0000][1060.055s] GC(390) Metaspace: 57181K->57181K(1101824K)
[2022-04-27T05:22:57.192+0000][1060.056s] GC(390) Pause Young (Normal) (G1 Evacuation Pause) 370M->84M(512M) 11.341ms
[2022-04-27T05:22:57.192+0000][1060.056s] GC(390) User=0.05s Sys=0.01s Real=0.01s
[2022-04-27T05:22:58.762+0000][1061.626s] GC(391) Pause Young (Normal) (G1 Evacuation Pause)
[2022-04-27T05:22:58.763+0000][1061.626s] GC(391) Using 8 workers of 8 for evacuation
[2022-04-27T05:22:58.768+0000][1061.632s] GC(391)   Pre Evacuate Collection Set: 0.0ms
[2022-04-27T05:22:58.769+0000][1061.633s] GC(391)   Evacuate Collection Set: 2.9ms
[2022-04-27T05:22:58.769+0000][1061.633s] GC(391)   Post Evacuate Collection Set: 2.5ms
[2022-04-27T05:22:58.770+0000][1061.633s] GC(391)   Other: 0.8ms
[2022-04-27T05:22:58.770+0000][1061.634s] GC(391) Eden regions: 285->0(290)
[2022-04-27T05:22:58.770+0000][1061.634s] GC(391) Survivor regions: 22->17(39)
[2022-04-27T05:22:58.771+0000][1061.634s] GC(391) Old regions: 58->58
[2022-04-27T05:22:58.771+0000][1061.635s] GC(391) Humongous regions: 7->7
[2022-04-27T05:22:58.771+0000][1061.635s] GC(391) Metaspace: 57181K->57181K(1101824K)
[2022-04-27T05:22:58.772+0000][1061.635s] GC(391) Pause Young (Normal) (G1 Evacuation Pause) 369M->79M(512M) 9.486ms
[2022-04-27T05:22:58.772+0000][1061.636s] GC(391) User=0.04s Sys=0.01s Real=0.01s
[2022-04-27T05:23:00.883+0000][1063.746s] GC(392) Pause Young (Normal) (G1 Evacuation Pause)
[2022-04-27T05:23:00.883+0000][1063.747s] GC(392) Using 8 workers of 8 for evacuation
[2022-04-27T05:23:00.889+0000][1063.753s] GC(392)   Pre Evacuate Collection Set: 0.0ms
[2022-04-27T05:23:00.890+0000][1063.753s] GC(392)   Evacuate Collection Set: 3.4ms
[2022-04-27T05:23:00.890+0000][1063.754s] GC(392)   Post Evacuate Collection Set: 2.1ms
[2022-04-27T05:23:00.891+0000][1063.754s] GC(392)   Other: 1.0ms
[2022-04-27T05:23:00.891+0000][1063.754s] GC(392) Eden regions: 290->0(290)
[2022-04-27T05:23:00.891+0000][1063.755s] GC(392) Survivor regions: 17->17(39)
[2022-04-27T05:23:00.892+0000][1063.755s] GC(392) Old regions: 58->58
[2022-04-27T05:23:00.892+0000][1063.756s] GC(392) Humongous regions: 7->7
[2022-04-27T05:23:00.892+0000][1063.756s] GC(392) Metaspace: 57181K->57181K(1101824K)
[2022-04-27T05:23:00.893+0000][1063.756s] GC(392) Pause Young (Normal) (G1 Evacuation Pause) 369M->79M(512M) 10.104ms
[2022-04-27T05:23:00.893+0000][1063.757s] GC(392) User=0.04s Sys=0.00s Real=0.01s
[2022-04-27T05:23:02.742+0000][1065.606s] GC(393) Pause Young (Normal) (G1 Evacuation Pause)
[2022-04-27T05:23:02.743+0000][1065.606s] GC(393) Using 8 workers of 8 for evacuation
[2022-04-27T05:23:02.751+0000][1065.615s] GC(393)   Pre Evacuate Collection Set: 0.0ms
[2022-04-27T05:23:02.752+0000][1065.615s] GC(393)   Evacuate Collection Set: 5.5ms
[2022-04-27T05:23:02.752+0000][1065.616s] GC(393)   Post Evacuate Collection Set: 2.5ms
[2022-04-27T05:23:02.753+0000][1065.616s] GC(393)   Other: 1.1ms
[2022-04-27T05:23:02.753+0000][1065.617s] GC(393) Eden regions: 290->0(283)
[2022-04-27T05:23:02.753+0000][1065.617s] GC(393) Survivor regions: 17->24(39)
[2022-04-27T05:23:02.754+0000][1065.618s] GC(393) Old regions: 58->58
[2022-04-27T05:23:02.754+0000][1065.618s] GC(393) Humongous regions: 7->7
[2022-04-27T05:23:02.755+0000][1065.618s] GC(393) Metaspace: 57184K->57184K(1101824K)
[2022-04-27T05:23:02.755+0000][1065.619s] GC(393) Pause Young (Normal) (G1 Evacuation Pause) 369M->86M(512M) 12.891ms
[2022-04-27T05:23:02.755+0000][1065.619s] GC(393) User=0.05s Sys=0.01s Real=0.01s
[2022-04-27T05:23:04.347+0000][1067.211s] GC(394) Pause Young (Normal) (G1 Evacuation Pause)
[2022-04-27T05:23:04.347+0000][1067.211s] GC(394) Using 8 workers of 8 for evacuation
[2022-04-27T05:23:04.355+0000][1067.219s] GC(394)   Pre Evacuate Collection Set: 0.0ms
[2022-04-27T05:23:04.356+0000][1067.219s] GC(394)   Evacuate Collection Set: 5.2ms
[2022-04-27T05:23:04.356+0000][1067.219s] GC(394)   Post Evacuate Collection Set: 2.2ms
[2022-04-27T05:23:04.356+0000][1067.220s] GC(394)   Other: 0.7ms
[2022-04-27T05:23:04.356+0000][1067.220s] GC(394) Eden regions: 283->0(287)
[2022-04-27T05:23:04.357+0000][1067.220s] GC(394) Survivor regions: 24->20(39)
[2022-04-27T05:23:04.357+0000][1067.220s] GC(394) Old regions: 58->63
[2022-04-27T05:23:04.357+0000][1067.221s] GC(394) Humongous regions: 7->7
[2022-04-27T05:23:04.357+0000][1067.221s] GC(394) Metaspace: 57184K->57184K(1101824K)
[2022-04-27T05:23:04.358+0000][1067.221s] GC(394) Pause Young (Normal) (G1 Evacuation Pause) 369M->87M(512M) 10.564ms
[2022-04-27T05:23:04.358+0000][1067.222s] GC(394) User=0.05s Sys=0.00s Real=0.01s
[2022-04-27T05:23:06.560+0000][1069.424s] GC(395) Pause Young (Normal) (G1 Evacuation Pause)
[2022-04-27T05:23:06.561+0000][1069.424s] GC(395) Using 8 workers of 8 for evacuation
[2022-04-27T05:23:06.569+0000][1069.433s] GC(395)   Pre Evacuate Collection Set: 0.0ms
[2022-04-27T05:23:06.569+0000][1069.433s] GC(395)   Evacuate Collection Set: 5.1ms
[2022-04-27T05:23:06.570+0000][1069.433s] GC(395)   Post Evacuate Collection Set: 2.6ms
[2022-04-27T05:23:06.570+0000][1069.434s] GC(395)   Other: 0.8ms
[2022-04-27T05:23:06.571+0000][1069.434s] GC(395) Eden regions: 287->0(285)
[2022-04-27T05:23:06.571+0000][1069.435s] GC(395) Survivor regions: 20->22(39)
[2022-04-27T05:23:06.571+0000][1069.435s] GC(395) Old regions: 63->63
[2022-04-27T05:23:06.572+0000][1069.435s] GC(395) Humongous regions: 7->7
[2022-04-27T05:23:06.572+0000][1069.436s] GC(395) Metaspace: 57184K->57184K(1101824K)
[2022-04-27T05:23:06.572+0000][1069.436s] GC(395) Pause Young (Normal) (G1 Evacuation Pause) 374M->89M(512M) 11.795ms
[2022-04-27T05:23:06.573+0000][1069.436s] GC(395) User=0.05s Sys=0.00s Real=0.02s
[2022-04-27T05:23:08.553+0000][1071.417s] GC(396) Pause Young (Normal) (G1 Evacuation Pause)
[2022-04-27T05:23:08.554+0000][1071.417s] GC(396) Using 8 workers of 8 for evacuation
[2022-04-27T05:23:08.565+0000][1071.429s] GC(396)   Pre Evacuate Collection Set: 0.0ms
[2022-04-27T05:23:08.566+0000][1071.429s] GC(396)   Evacuate Collection Set: 6.8ms
[2022-04-27T05:23:08.566+0000][1071.430s] GC(396)   Post Evacuate Collection Set: 4.3ms
[2022-04-27T05:23:08.567+0000][1071.430s] GC(396)   Other: 1.0ms
[2022-04-27T05:23:08.567+0000][1071.431s] GC(396) Eden regions: 285->0(282)
[2022-04-27T05:23:08.568+0000][1071.431s] GC(396) Survivor regions: 22->25(39)
[2022-04-27T05:23:08.568+0000][1071.432s] GC(396) Old regions: 63->63
[2022-04-27T05:23:08.568+0000][1071.432s] GC(396) Humongous regions: 7->7
[2022-04-27T05:23:08.569+0000][1071.433s] GC(396) Metaspace: 57184K->57184K(1101824K)
[2022-04-27T05:23:08.569+0000][1071.433s] GC(396) Pause Young (Normal) (G1 Evacuation Pause) 374M->92M(512M) 16.217ms
[2022-04-27T05:23:08.570+0000][1071.433s] GC(396) User=0.08s Sys=0.00s Real=0.01s
[2022-04-27T05:23:10.490+0000][1073.354s] GC(397) Pause Young (Normal) (G1 Evacuation Pause)
[2022-04-27T05:23:10.491+0000][1073.354s] GC(397) Using 8 workers of 8 for evacuation
[2022-04-27T05:23:10.497+0000][1073.361s] GC(397)   Pre Evacuate Collection Set: 0.0ms
[2022-04-27T05:23:10.498+0000][1073.361s] GC(397)   Evacuate Collection Set: 4.2ms
[2022-04-27T05:23:10.498+0000][1073.362s] GC(397)   Post Evacuate Collection Set: 2.2ms
[2022-04-27T05:23:10.499+0000][1073.362s] GC(397)   Other: 0.9ms
[2022-04-27T05:23:10.499+0000][1073.363s] GC(397) Eden regions: 282->0(287)
[2022-04-27T05:23:10.499+0000][1073.363s] GC(397) Survivor regions: 25->20(39)
[2022-04-27T05:23:10.500+0000][1073.363s] GC(397) Old regions: 63->63
[2022-04-27T05:23:10.500+0000][1073.364s] GC(397) Humongous regions: 7->7
[2022-04-27T05:23:10.500+0000][1073.364s] GC(397) Metaspace: 57184K->57184K(1101824K)
[2022-04-27T05:23:10.501+0000][1073.364s] GC(397) Pause Young (Normal) (G1 Evacuation Pause) 374M->88M(512M) 10.584ms
[2022-04-27T05:23:10.501+0000][1073.365s] GC(397) User=0.05s Sys=0.01s Real=0.02s
[2022-04-27T05:23:12.634+0000][1075.497s] GC(398) Pause Young (Normal) (G1 Evacuation Pause)
[2022-04-27T05:23:12.634+0000][1075.498s] GC(398) Using 8 workers of 8 for evacuation
[2022-04-27T05:23:12.643+0000][1075.506s] GC(398)   Pre Evacuate Collection Set: 0.0ms
[2022-04-27T05:23:12.643+0000][1075.507s] GC(398)   Evacuate Collection Set: 4.1ms
[2022-04-27T05:23:12.644+0000][1075.507s] GC(398)   Post Evacuate Collection Set: 4.1ms
[2022-04-27T05:23:12.644+0000][1075.508s] GC(398)   Other: 0.9ms
[2022-04-27T05:23:12.645+0000][1075.508s] GC(398) Eden regions: 287->0(284)
[2022-04-27T05:23:12.645+0000][1075.509s] GC(398) Survivor regions: 20->23(39)
[2022-04-27T05:23:12.645+0000][1075.509s] GC(398) Old regions: 63->63
[2022-04-27T05:23:12.646+0000][1075.509s] GC(398) Humongous regions: 7->7
[2022-04-27T05:23:12.646+0000][1075.510s] GC(398) Metaspace: 57184K->57184K(1101824K)
[2022-04-27T05:23:12.647+0000][1075.510s] GC(398) Pause Young (Normal) (G1 Evacuation Pause) 375M->90M(512M) 12.853ms
[2022-04-27T05:23:12.647+0000][1075.511s] GC(398) User=0.06s Sys=0.00s Real=0.01s
[2022-04-27T05:23:14.193+0000][1077.056s] GC(399) Pause Young (Normal) (G1 Evacuation Pause)
[2022-04-27T05:23:14.193+0000][1077.057s] GC(399) Using 8 workers of 8 for evacuation
[2022-04-27T05:23:14.200+0000][1077.064s] GC(399)   Pre Evacuate Collection Set: 0.0ms
[2022-04-27T05:23:14.201+0000][1077.064s] GC(399)   Evacuate Collection Set: 4.4ms
[2022-04-27T05:23:14.201+0000][1077.065s] GC(399)   Post Evacuate Collection Set: 2.2ms
[2022-04-27T05:23:14.201+0000][1077.065s] GC(399)   Other: 1.0ms
[2022-04-27T05:23:14.202+0000][1077.066s] GC(399) Eden regions: 284->0(287)
[2022-04-27T05:23:14.202+0000][1077.066s] GC(399) Survivor regions: 23->20(39)
[2022-04-27T05:23:14.203+0000][1077.066s] GC(399) Old regions: 63->63
[2022-04-27T05:23:14.203+0000][1077.067s] GC(399) Humongous regions: 7->7
[2022-04-27T05:23:14.203+0000][1077.067s] GC(399) Metaspace: 57184K->57184K(1101824K)
[2022-04-27T05:23:14.204+0000][1077.067s] GC(399) Pause Young (Normal) (G1 Evacuation Pause) 374M->87M(512M) 10.911ms
[2022-04-27T05:23:14.204+0000][1077.068s] GC(399) User=0.05s Sys=0.00s Real=0.01s
[2022-04-27T05:23:15.781+0000][1078.645s] GC(400) Pause Young (Normal) (G1 Evacuation Pause)
[2022-04-27T05:23:15.782+0000][1078.646s] GC(400) Using 8 workers of 8 for evacuation
[2022-04-27T05:23:15.789+0000][1078.653s] GC(400)   Pre Evacuate Collection Set: 0.0ms
[2022-04-27T05:23:15.790+0000][1078.654s] GC(400)   Evacuate Collection Set: 4.2ms
[2022-04-27T05:23:15.790+0000][1078.654s] GC(400)   Post Evacuate Collection Set: 2.7ms
[2022-04-27T05:23:15.791+0000][1078.654s] GC(400)   Other: 1.1ms
[2022-04-27T05:23:15.791+0000][1078.654s] GC(400) Eden regions: 287->0(290)
[2022-04-27T05:23:15.791+0000][1078.655s] GC(400) Survivor regions: 20->17(39)
[2022-04-27T05:23:15.791+0000][1078.655s] GC(400) Old regions: 63->63
[2022-04-27T05:23:15.792+0000][1078.655s] GC(400) Humongous regions: 7->7
[2022-04-27T05:23:15.792+0000][1078.656s] GC(400) Metaspace: 57184K->57184K(1101824K)
[2022-04-27T05:23:15.792+0000][1078.656s] GC(400) Pause Young (Normal) (G1 Evacuation Pause) 374M->84M(512M) 10.766ms
[2022-04-27T05:23:15.793+0000][1078.656s] GC(400) User=0.04s Sys=0.00s Real=0.01s
[2022-04-27T05:23:17.998+0000][1080.862s] GC(401) Pause Young (Normal) (G1 Evacuation Pause)
[2022-04-27T05:23:17.999+0000][1080.862s] GC(401) Using 8 workers of 8 for evacuation
[2022-04-27T05:23:18.007+0000][1080.871s] GC(401)   Pre Evacuate Collection Set: 0.0ms
[2022-04-27T05:23:18.008+0000][1080.871s] GC(401)   Evacuate Collection Set: 4.2ms
[2022-04-27T05:23:18.008+0000][1080.872s] GC(401)   Post Evacuate Collection Set: 3.7ms
[2022-04-27T05:23:18.008+0000][1080.872s] GC(401)   Other: 1.1ms
[2022-04-27T05:23:18.009+0000][1080.872s] GC(401) Eden regions: 290->0(284)
[2022-04-27T05:23:18.009+0000][1080.873s] GC(401) Survivor regions: 17->23(39)
[2022-04-27T05:23:18.009+0000][1080.873s] GC(401) Old regions: 63->63
[2022-04-27T05:23:18.010+0000][1080.873s] GC(401) Humongous regions: 7->7
[2022-04-27T05:23:18.010+0000][1080.874s] GC(401) Metaspace: 57184K->57184K(1101824K)
[2022-04-27T05:23:18.010+0000][1080.874s] GC(401) Pause Young (Normal) (G1 Evacuation Pause) 374M->90M(512M) 12.470ms
[2022-04-27T05:23:18.011+0000][1080.874s] GC(401) User=0.05s Sys=0.01s Real=0.02s
[2022-04-27T05:23:19.881+0000][1082.745s] GC(402) Pause Young (Normal) (G1 Evacuation Pause)
[2022-04-27T05:23:19.882+0000][1082.745s] GC(402) Using 8 workers of 8 for evacuation
[2022-04-27T05:23:19.887+0000][1082.750s] GC(402)   Pre Evacuate Collection Set: 0.0ms
[2022-04-27T05:23:19.887+0000][1082.751s] GC(402)   Evacuate Collection Set: 2.8ms
[2022-04-27T05:23:19.888+0000][1082.751s] GC(402)   Post Evacuate Collection Set: 2.1ms
[2022-04-27T05:23:19.888+0000][1082.752s] GC(402)   Other: 0.5ms
[2022-04-27T05:23:19.888+0000][1082.752s] GC(402) Eden regions: 284->0(290)
[2022-04-27T05:23:19.889+0000][1082.752s] GC(402) Survivor regions: 23->17(39)
[2022-04-27T05:23:19.889+0000][1082.753s] GC(402) Old regions: 63->63
[2022-04-27T05:23:19.889+0000][1082.753s] GC(402) Humongous regions: 7->7
[2022-04-27T05:23:19.890+0000][1082.753s] GC(402) Metaspace: 57184K->57184K(1101824K)
[2022-04-27T05:23:19.890+0000][1082.754s] GC(402) Pause Young (Normal) (G1 Evacuation Pause) 374M->85M(512M) 8.758ms
[2022-04-27T05:23:19.890+0000][1082.754s] GC(402) User=0.03s Sys=0.00s Real=0.00s
[2022-04-27T05:23:22.311+0000][1085.175s] GC(403) Pause Young (Normal) (G1 Evacuation Pause)
[2022-04-27T05:23:22.312+0000][1085.176s] GC(403) Using 8 workers of 8 for evacuation
[2022-04-27T05:23:22.335+0000][1085.199s] GC(403)   Pre Evacuate Collection Set: 0.0ms
[2022-04-27T05:23:22.336+0000][1085.199s] GC(403)   Evacuate Collection Set: 10.4ms
[2022-04-27T05:23:22.336+0000][1085.200s] GC(403)   Post Evacuate Collection Set: 12.4ms
[2022-04-27T05:23:22.336+0000][1085.200s] GC(403)   Other: 1.1ms
[2022-04-27T05:23:22.337+0000][1085.200s] GC(403) Eden regions: 290->0(289)
[2022-04-27T05:23:22.337+0000][1085.201s] GC(403) Survivor regions: 17->18(39)
[2022-04-27T05:23:22.338+0000][1085.201s] GC(403) Old regions: 63->63
[2022-04-27T05:23:22.338+0000][1085.202s] GC(403) Humongous regions: 7->7
[2022-04-27T05:23:22.338+0000][1085.202s] GC(403) Metaspace: 57184K->57184K(1101824K)
[2022-04-27T05:23:22.339+0000][1085.202s] GC(403) Pause Young (Normal) (G1 Evacuation Pause) 375M->86M(512M) 27.304ms
[2022-04-27T05:23:22.339+0000][1085.203s] GC(403) User=0.17s Sys=0.00s Real=0.02s
[2022-04-27T05:23:24.181+0000][1087.044s] GC(404) Pause Young (Normal) (G1 Evacuation Pause)
[2022-04-27T05:23:24.181+0000][1087.045s] GC(404) Using 8 workers of 8 for evacuation
[2022-04-27T05:23:24.190+0000][1087.054s] GC(404)   Pre Evacuate Collection Set: 0.0ms
[2022-04-27T05:23:24.190+0000][1087.054s] GC(404)   Evacuate Collection Set: 4.6ms
[2022-04-27T05:23:24.191+0000][1087.054s] GC(404)   Post Evacuate Collection Set: 3.9ms
[2022-04-27T05:23:24.191+0000][1087.055s] GC(404)   Other: 0.8ms
[2022-04-27T05:23:24.191+0000][1087.055s] GC(404) Eden regions: 289->0(284)
[2022-04-27T05:23:24.192+0000][1087.055s] GC(404) Survivor regions: 18->23(39)
[2022-04-27T05:23:24.192+0000][1087.056s] GC(404) Old regions: 63->63
[2022-04-27T05:23:24.192+0000][1087.056s] GC(404) Humongous regions: 7->7
[2022-04-27T05:23:24.193+0000][1087.056s] GC(404) Metaspace: 57184K->57184K(1101824K)
[2022-04-27T05:23:24.193+0000][1087.057s] GC(404) Pause Young (Normal) (G1 Evacuation Pause) 375M->91M(512M) 12.237ms
[2022-04-27T05:23:24.193+0000][1087.057s] GC(404) User=0.06s Sys=0.01s Real=0.02s
[2022-04-27T05:23:25.906+0000][1088.770s] GC(405) Pause Young (Normal) (G1 Evacuation Pause)
[2022-04-27T05:23:25.906+0000][1088.770s] GC(405) Using 8 workers of 8 for evacuation
[2022-04-27T05:23:25.913+0000][1088.777s] GC(405)   Pre Evacuate Collection Set: 0.0ms
[2022-04-27T05:23:25.914+0000][1088.777s] GC(405)   Evacuate Collection Set: 4.4ms
[2022-04-27T05:23:25.914+0000][1088.778s] GC(405)   Post Evacuate Collection Set: 2.0ms
[2022-04-27T05:23:25.914+0000][1088.778s] GC(405)   Other: 0.9ms
[2022-04-27T05:23:25.915+0000][1088.778s] GC(405) Eden regions: 284->0(287)
[2022-04-27T05:23:25.915+0000][1088.779s] GC(405) Survivor regions: 23->20(39)
[2022-04-27T05:23:25.916+0000][1088.779s] GC(405) Old regions: 63->63
[2022-04-27T05:23:25.916+0000][1088.780s] GC(405) Humongous regions: 7->7
[2022-04-27T05:23:25.916+0000][1088.780s] GC(405) Metaspace: 57184K->57184K(1101824K)
[2022-04-27T05:23:25.917+0000][1088.780s] GC(405) Pause Young (Normal) (G1 Evacuation Pause) 375M->87M(512M) 10.914ms
[2022-04-27T05:23:25.917+0000][1088.781s] GC(405) User=0.05s Sys=0.00s Real=0.01s
[2022-04-27T05:23:28.188+0000][1091.052s] GC(406) Pause Young (Normal) (G1 Evacuation Pause)
[2022-04-27T05:23:28.189+0000][1091.052s] GC(406) Using 8 workers of 8 for evacuation
[2022-04-27T05:23:28.197+0000][1091.060s] GC(406)   Pre Evacuate Collection Set: 0.0ms
[2022-04-27T05:23:28.197+0000][1091.061s] GC(406)   Evacuate Collection Set: 5.1ms
[2022-04-27T05:23:28.198+0000][1091.061s] GC(406)   Post Evacuate Collection Set: 2.4ms
[2022-04-27T05:23:28.198+0000][1091.062s] GC(406)   Other: 0.8ms
[2022-04-27T05:23:28.198+0000][1091.062s] GC(406) Eden regions: 287->0(286)
[2022-04-27T05:23:28.199+0000][1091.062s] GC(406) Survivor regions: 20->21(39)
[2022-04-27T05:23:28.199+0000][1091.063s] GC(406) Old regions: 63->63
[2022-04-27T05:23:28.199+0000][1091.063s] GC(406) Humongous regions: 7->7
[2022-04-27T05:23:28.200+0000][1091.063s] GC(406) Metaspace: 57184K->57184K(1101824K)
[2022-04-27T05:23:28.200+0000][1091.064s] GC(406) Pause Young (Normal) (G1 Evacuation Pause) 374M->89M(512M) 11.725ms
[2022-04-27T05:23:28.201+0000][1091.064s] GC(406) User=0.05s Sys=0.00s Real=0.01s
[2022-04-27T05:23:29.826+0000][1092.689s] GC(407) Pause Young (Normal) (G1 Evacuation Pause)
[2022-04-27T05:23:29.826+0000][1092.690s] GC(407) Using 8 workers of 8 for evacuation
[2022-04-27T05:23:29.835+0000][1092.698s] GC(407)   Pre Evacuate Collection Set: 0.0ms
[2022-04-27T05:23:29.835+0000][1092.699s] GC(407)   Evacuate Collection Set: 4.5ms
[2022-04-27T05:23:29.835+0000][1092.699s] GC(407)   Post Evacuate Collection Set: 3.4ms
[2022-04-27T05:23:29.836+0000][1092.699s] GC(407)   Other: 0.9ms
[2022-04-27T05:23:29.836+0000][1092.700s] GC(407) Eden regions: 286->0(282)
[2022-04-27T05:23:29.837+0000][1092.700s] GC(407) Survivor regions: 21->25(39)
[2022-04-27T05:23:29.837+0000][1092.701s] GC(407) Old regions: 63->63
[2022-04-27T05:23:29.837+0000][1092.701s] GC(407) Humongous regions: 7->7
[2022-04-27T05:23:29.837+0000][1092.701s] GC(407) Metaspace: 57184K->57184K(1101824K)
[2022-04-27T05:23:29.838+0000][1092.701s] GC(407) Pause Young (Normal) (G1 Evacuation Pause) 375M->92M(512M) 12.034ms
[2022-04-27T05:23:29.838+0000][1092.702s] GC(407) User=0.06s Sys=0.00s Real=0.01s
[2022-04-27T05:23:31.431+0000][1094.295s] GC(408) Pause Young (Normal) (G1 Evacuation Pause)
[2022-04-27T05:23:31.432+0000][1094.295s] GC(408) Using 8 workers of 8 for evacuation
[2022-04-27T05:23:31.439+0000][1094.302s] GC(408)   Pre Evacuate Collection Set: 0.0ms
[2022-04-27T05:23:31.439+0000][1094.303s] GC(408)   Evacuate Collection Set: 4.4ms
[2022-04-27T05:23:31.439+0000][1094.303s] GC(408)   Post Evacuate Collection Set: 2.3ms
[2022-04-27T05:23:31.440+0000][1094.303s] GC(408)   Other: 0.8ms
[2022-04-27T05:23:31.440+0000][1094.304s] GC(408) Eden regions: 282->0(287)
[2022-04-27T05:23:31.440+0000][1094.304s] GC(408) Survivor regions: 25->20(39)
[2022-04-27T05:23:31.441+0000][1094.304s] GC(408) Old regions: 63->63
[2022-04-27T05:23:31.441+0000][1094.305s] GC(408) Humongous regions: 7->7
[2022-04-27T05:23:31.441+0000][1094.305s] GC(408) Metaspace: 57184K->57184K(1101824K)
[2022-04-27T05:23:31.442+0000][1094.305s] GC(408) Pause Young (Normal) (G1 Evacuation Pause) 374M->87M(512M) 10.516ms
[2022-04-27T05:23:31.442+0000][1094.306s] GC(408) User=0.03s Sys=0.01s Real=0.01s
[2022-04-27T05:23:33.604+0000][1096.467s] GC(409) Pause Young (Normal) (G1 Evacuation Pause)
[2022-04-27T05:23:33.604+0000][1096.468s] GC(409) Using 8 workers of 8 for evacuation
[2022-04-27T05:23:33.612+0000][1096.476s] GC(409)   Pre Evacuate Collection Set: 0.0ms
[2022-04-27T05:23:33.612+0000][1096.476s] GC(409)   Evacuate Collection Set: 4.2ms
[2022-04-27T05:23:33.613+0000][1096.476s] GC(409)   Post Evacuate Collection Set: 3.4ms
[2022-04-27T05:23:33.613+0000][1096.477s] GC(409)   Other: 0.9ms
[2022-04-27T05:23:33.613+0000][1096.477s] GC(409) Eden regions: 287->0(285)
[2022-04-27T05:23:33.614+0000][1096.477s] GC(409) Survivor regions: 20->22(39)
[2022-04-27T05:23:33.614+0000][1096.478s] GC(409) Old regions: 63->63
[2022-04-27T05:23:33.614+0000][1096.478s] GC(409) Humongous regions: 7->7
[2022-04-27T05:23:33.615+0000][1096.478s] GC(409) Metaspace: 57184K->57184K(1101824K)
[2022-04-27T05:23:33.615+0000][1096.479s] GC(409) Pause Young (Normal) (G1 Evacuation Pause) 374M->90M(512M) 11.395ms
[2022-04-27T05:23:33.615+0000][1096.479s] GC(409) User=0.06s Sys=0.00s Real=0.01s
[2022-04-27T05:23:35.300+0000][1098.164s] GC(410) Pause Young (Normal) (G1 Evacuation Pause)
[2022-04-27T05:23:35.301+0000][1098.164s] GC(410) Using 8 workers of 8 for evacuation
[2022-04-27T05:23:35.310+0000][1098.173s] GC(410)   Pre Evacuate Collection Set: 0.0ms
[2022-04-27T05:23:35.310+0000][1098.174s] GC(410)   Evacuate Collection Set: 4.9ms
[2022-04-27T05:23:35.310+0000][1098.174s] GC(410)   Post Evacuate Collection Set: 3.4ms
[2022-04-27T05:23:35.311+0000][1098.174s] GC(410)   Other: 1.0ms
[2022-04-27T05:23:35.311+0000][1098.175s] GC(410) Eden regions: 285->0(287)
[2022-04-27T05:23:35.312+0000][1098.175s] GC(410) Survivor regions: 22->20(39)
[2022-04-27T05:23:35.312+0000][1098.176s] GC(410) Old regions: 63->63
[2022-04-27T05:23:35.312+0000][1098.176s] GC(410) Humongous regions: 7->7
[2022-04-27T05:23:35.313+0000][1098.176s] GC(410) Metaspace: 57184K->57184K(1101824K)
[2022-04-27T05:23:35.313+0000][1098.177s] GC(410) Pause Young (Normal) (G1 Evacuation Pause) 375M->88M(512M) 12.568ms
[2022-04-27T05:23:35.313+0000][1098.177s] GC(410) User=0.05s Sys=0.01s Real=0.02s
[2022-04-27T05:23:36.978+0000][1099.842s] GC(411) Pause Young (Normal) (G1 Evacuation Pause)
[2022-04-27T05:23:36.978+0000][1099.842s] GC(411) Using 8 workers of 8 for evacuation
[2022-04-27T05:23:36.985+0000][1099.848s] GC(411)   Pre Evacuate Collection Set: 0.0ms
[2022-04-27T05:23:36.985+0000][1099.849s] GC(411)   Evacuate Collection Set: 3.6ms
[2022-04-27T05:23:36.986+0000][1099.849s] GC(411)   Post Evacuate Collection Set: 2.1ms
[2022-04-27T05:23:36.986+0000][1099.850s] GC(411)   Other: 1.0ms
[2022-04-27T05:23:36.986+0000][1099.850s] GC(411) Eden regions: 287->0(290)
[2022-04-27T05:23:36.987+0000][1099.850s] GC(411) Survivor regions: 20->17(39)
[2022-04-27T05:23:36.987+0000][1099.851s] GC(411) Old regions: 63->63
[2022-04-27T05:23:36.988+0000][1099.851s] GC(411) Humongous regions: 7->7
[2022-04-27T05:23:36.988+0000][1099.852s] GC(411) Metaspace: 57184K->57184K(1101824K)
[2022-04-27T05:23:36.988+0000][1099.852s] GC(411) Pause Young (Normal) (G1 Evacuation Pause) 375M->84M(512M) 10.352ms
[2022-04-27T05:23:36.989+0000][1099.852s] GC(411) User=0.04s Sys=0.00s Real=0.01s
[2022-04-27T05:23:39.306+0000][1102.169s] GC(412) Pause Young (Normal) (G1 Evacuation Pause)
[2022-04-27T05:23:39.306+0000][1102.170s] GC(412) Using 8 workers of 8 for evacuation
[2022-04-27T05:23:39.313+0000][1102.176s] GC(412)   Pre Evacuate Collection Set: 0.0ms
[2022-04-27T05:23:39.313+0000][1102.177s] GC(412)   Evacuate Collection Set: 2.8ms
[2022-04-27T05:23:39.314+0000][1102.177s] GC(412)   Post Evacuate Collection Set: 3.5ms
[2022-04-27T05:23:39.314+0000][1102.178s] GC(412)   Other: 0.9ms
[2022-04-27T05:23:39.314+0000][1102.178s] GC(412) Eden regions: 290->0(287)
[2022-04-27T05:23:39.315+0000][1102.178s] GC(412) Survivor regions: 17->20(39)
[2022-04-27T05:23:39.315+0000][1102.179s] GC(412) Old regions: 63->63
[2022-04-27T05:23:39.315+0000][1102.179s] GC(412) Humongous regions: 7->7
[2022-04-27T05:23:39.316+0000][1102.179s] GC(412) Metaspace: 57184K->57184K(1101824K)
[2022-04-27T05:23:39.316+0000][1102.180s] GC(412) Pause Young (Normal) (G1 Evacuation Pause) 374M->87M(512M) 10.415ms
[2022-04-27T05:23:39.316+0000][1102.180s] GC(412) User=0.05s Sys=0.00s Real=0.01s
[2022-04-27T05:23:41.074+0000][1103.938s] GC(413) Pause Young (Normal) (G1 Evacuation Pause)
[2022-04-27T05:23:41.075+0000][1103.938s] GC(413) Using 8 workers of 8 for evacuation
[2022-04-27T05:23:41.084+0000][1103.948s] GC(413)   Pre Evacuate Collection Set: 0.0ms
[2022-04-27T05:23:41.085+0000][1103.949s] GC(413)   Evacuate Collection Set: 4.7ms
[2022-04-27T05:23:41.085+0000][1103.949s] GC(413)   Post Evacuate Collection Set: 4.4ms
[2022-04-27T05:23:41.086+0000][1103.949s] GC(413)   Other: 0.9ms
[2022-04-27T05:23:41.086+0000][1103.950s] GC(413) Eden regions: 287->0(288)
[2022-04-27T05:23:41.086+0000][1103.950s] GC(413) Survivor regions: 20->19(39)
[2022-04-27T05:23:41.087+0000][1103.950s] GC(413) Old regions: 63->63
[2022-04-27T05:23:41.087+0000][1103.951s] GC(413) Humongous regions: 7->7
[2022-04-27T05:23:41.087+0000][1103.951s] GC(413) Metaspace: 57184K->57184K(1101824K)
[2022-04-27T05:23:41.087+0000][1103.951s] GC(413) Pause Young (Normal) (G1 Evacuation Pause) 374M->87M(512M) 12.983ms
[2022-04-27T05:23:41.088+0000][1103.951s] GC(413) User=0.07s Sys=0.00s Real=0.01s
[2022-04-27T05:23:43.400+0000][1106.264s] GC(414) Pause Young (Normal) (G1 Evacuation Pause)
[2022-04-27T05:23:43.400+0000][1106.264s] GC(414) Using 8 workers of 8 for evacuation
[2022-04-27T05:23:43.409+0000][1106.273s] GC(414)   Pre Evacuate Collection Set: 0.0ms
[2022-04-27T05:23:43.410+0000][1106.273s] GC(414)   Evacuate Collection Set: 5.4ms
[2022-04-27T05:23:43.410+0000][1106.274s] GC(414)   Post Evacuate Collection Set: 2.9ms
[2022-04-27T05:23:43.410+0000][1106.274s] GC(414)   Other: 0.8ms
[2022-04-27T05:23:43.411+0000][1106.274s] GC(414) Eden regions: 288->0(286)
[2022-04-27T05:23:43.411+0000][1106.275s] GC(414) Survivor regions: 19->21(39)
[2022-04-27T05:23:43.411+0000][1106.275s] GC(414) Old regions: 63->63
[2022-04-27T05:23:43.412+0000][1106.275s] GC(414) Humongous regions: 7->7
[2022-04-27T05:23:43.412+0000][1106.276s] GC(414) Metaspace: 57184K->57184K(1101824K)
[2022-04-27T05:23:43.412+0000][1106.276s] GC(414) Pause Young (Normal) (G1 Evacuation Pause) 375M->89M(512M) 12.405ms
[2022-04-27T05:23:43.413+0000][1106.276s] GC(414) User=0.05s Sys=0.00s Real=0.02s
[2022-04-27T05:23:45.269+0000][1108.133s] GC(415) Pause Young (Normal) (G1 Evacuation Pause)
[2022-04-27T05:23:45.270+0000][1108.133s] GC(415) Using 8 workers of 8 for evacuation
[2022-04-27T05:23:45.279+0000][1108.143s] GC(415)   Pre Evacuate Collection Set: 0.0ms
[2022-04-27T05:23:45.280+0000][1108.143s] GC(415)   Evacuate Collection Set: 5.3ms
[2022-04-27T05:23:45.280+0000][1108.144s] GC(415)   Post Evacuate Collection Set: 3.9ms
[2022-04-27T05:23:45.280+0000][1108.144s] GC(415)   Other: 0.8ms
[2022-04-27T05:23:45.281+0000][1108.144s] GC(415) Eden regions: 286->0(283)
[2022-04-27T05:23:45.281+0000][1108.145s] GC(415) Survivor regions: 21->24(39)
[2022-04-27T05:23:45.281+0000][1108.145s] GC(415) Old regions: 63->63
[2022-04-27T05:23:45.282+0000][1108.145s] GC(415) Humongous regions: 7->7
[2022-04-27T05:23:45.282+0000][1108.146s] GC(415) Metaspace: 57184K->57184K(1101824K)
[2022-04-27T05:23:45.282+0000][1108.146s] GC(415) Pause Young (Normal) (G1 Evacuation Pause) 375M->92M(512M) 13.147ms
[2022-04-27T05:23:45.283+0000][1108.146s] GC(415) User=0.06s Sys=0.00s Real=0.02s
[2022-04-27T05:23:47.140+0000][1110.003s] GC(416) Pause Young (Normal) (G1 Evacuation Pause)
[2022-04-27T05:23:47.140+0000][1110.004s] GC(416) Using 8 workers of 8 for evacuation
[2022-04-27T05:23:47.149+0000][1110.012s] GC(416)   Pre Evacuate Collection Set: 0.1ms
[2022-04-27T05:23:47.149+0000][1110.013s] GC(416)   Evacuate Collection Set: 4.7ms
[2022-04-27T05:23:47.149+0000][1110.013s] GC(416)   Post Evacuate Collection Set: 3.1ms
[2022-04-27T05:23:47.150+0000][1110.013s] GC(416)   Other: 1.0ms
[2022-04-27T05:23:47.150+0000][1110.013s] GC(416) Eden regions: 283->0(287)
[2022-04-27T05:23:47.150+0000][1110.014s] GC(416) Survivor regions: 24->20(39)
[2022-04-27T05:23:47.151+0000][1110.014s] GC(416) Old regions: 63->63
[2022-04-27T05:23:47.151+0000][1110.014s] GC(416) Humongous regions: 7->7
[2022-04-27T05:23:47.151+0000][1110.015s] GC(416) Metaspace: 57184K->57184K(1101824K)
[2022-04-27T05:23:47.151+0000][1110.015s] GC(416) Pause Young (Normal) (G1 Evacuation Pause) 375M->88M(512M) 11.615ms
[2022-04-27T05:23:47.152+0000][1110.015s] GC(416) User=0.05s Sys=0.00s Real=0.02s
[2022-04-27T05:23:49.365+0000][1112.228s] GC(417) Pause Young (Normal) (G1 Evacuation Pause)
[2022-04-27T05:23:49.365+0000][1112.229s] GC(417) Using 8 workers of 8 for evacuation
[2022-04-27T05:23:49.373+0000][1112.237s] GC(417)   Pre Evacuate Collection Set: 0.0ms
[2022-04-27T05:23:49.373+0000][1112.237s] GC(417)   Evacuate Collection Set: 3.9ms
[2022-04-27T05:23:49.374+0000][1112.237s] GC(417)   Post Evacuate Collection Set: 3.6ms
[2022-04-27T05:23:49.374+0000][1112.238s] GC(417)   Other: 0.8ms
[2022-04-27T05:23:49.374+0000][1112.238s] GC(417) Eden regions: 287->0(285)
[2022-04-27T05:23:49.375+0000][1112.238s] GC(417) Survivor regions: 20->22(39)
[2022-04-27T05:23:49.375+0000][1112.239s] GC(417) Old regions: 63->63
[2022-04-27T05:23:49.375+0000][1112.239s] GC(417) Humongous regions: 7->7
[2022-04-27T05:23:49.376+0000][1112.239s] GC(417) Metaspace: 57185K->57185K(1101824K)
[2022-04-27T05:23:49.376+0000][1112.240s] GC(417) Pause Young (Normal) (G1 Evacuation Pause) 375M->90M(512M) 11.269ms
[2022-04-27T05:23:49.376+0000][1112.240s] GC(417) User=0.05s Sys=0.00s Real=0.01s
[2022-04-27T05:23:51.070+0000][1113.934s] GC(418) Pause Young (Normal) (G1 Evacuation Pause)
[2022-04-27T05:23:51.071+0000][1113.934s] GC(418) Using 8 workers of 8 for evacuation
[2022-04-27T05:23:51.078+0000][1113.942s] GC(418)   Pre Evacuate Collection Set: 0.0ms
[2022-04-27T05:23:51.079+0000][1113.942s] GC(418)   Evacuate Collection Set: 4.6ms
[2022-04-27T05:23:51.079+0000][1113.943s] GC(418)   Post Evacuate Collection Set: 2.8ms
[2022-04-27T05:23:51.079+0000][1113.943s] GC(418)   Other: 0.7ms
[2022-04-27T05:23:51.080+0000][1113.943s] GC(418) Eden regions: 285->0(287)
[2022-04-27T05:23:51.080+0000][1113.944s] GC(418) Survivor regions: 22->20(39)
[2022-04-27T05:23:51.080+0000][1113.944s] GC(418) Old regions: 63->63
[2022-04-27T05:23:51.081+0000][1113.944s] GC(418) Humongous regions: 7->7
[2022-04-27T05:23:51.081+0000][1113.945s] GC(418) Metaspace: 57185K->57185K(1101824K)
[2022-04-27T05:23:51.081+0000][1113.945s] GC(418) Pause Young (Normal) (G1 Evacuation Pause) 375M->88M(512M) 11.042ms
[2022-04-27T05:23:51.082+0000][1113.945s] GC(418) User=0.05s Sys=0.01s Real=0.02s
[2022-04-27T05:23:52.789+0000][1115.652s] GC(419) Pause Young (Normal) (G1 Evacuation Pause)
[2022-04-27T05:23:52.789+0000][1115.653s] GC(419) Using 8 workers of 8 for evacuation
[2022-04-27T05:23:52.794+0000][1115.658s] GC(419)   Pre Evacuate Collection Set: 0.0ms
[2022-04-27T05:23:52.795+0000][1115.658s] GC(419)   Evacuate Collection Set: 2.8ms
[2022-04-27T05:23:52.795+0000][1115.659s] GC(419)   Post Evacuate Collection Set: 2.0ms
[2022-04-27T05:23:52.795+0000][1115.659s] GC(419)   Other: 0.8ms
[2022-04-27T05:23:52.796+0000][1115.659s] GC(419) Eden regions: 287->0(291)
[2022-04-27T05:23:52.796+0000][1115.660s] GC(419) Survivor regions: 20->16(39)
[2022-04-27T05:23:52.796+0000][1115.660s] GC(419) Old regions: 63->63
[2022-04-27T05:23:52.797+0000][1115.660s] GC(419) Humongous regions: 7->7
[2022-04-27T05:23:52.797+0000][1115.661s] GC(419) Metaspace: 57185K->57185K(1101824K)
[2022-04-27T05:23:52.797+0000][1115.661s] GC(419) Pause Young (Normal) (G1 Evacuation Pause) 375M->84M(512M) 8.562ms
[2022-04-27T05:23:52.797+0000][1115.661s] GC(419) User=0.03s Sys=0.00s Real=0.01s
[2022-04-27T05:23:55.276+0000][1118.139s] GC(420) Pause Young (Normal) (G1 Evacuation Pause)
[2022-04-27T05:23:55.276+0000][1118.140s] GC(420) Using 8 workers of 8 for evacuation
[2022-04-27T05:23:55.292+0000][1118.155s] GC(420)   Pre Evacuate Collection Set: 0.1ms
[2022-04-27T05:23:55.292+0000][1118.156s] GC(420)   Evacuate Collection Set: 6.1ms
[2022-04-27T05:23:55.293+0000][1118.156s] GC(420)   Post Evacuate Collection Set: 8.6ms
[2022-04-27T05:23:55.294+0000][1118.157s] GC(420)   Other: 1.5ms
[2022-04-27T05:23:55.294+0000][1118.158s] GC(420) Eden regions: 291->0(287)
[2022-04-27T05:23:55.294+0000][1118.158s] GC(420) Survivor regions: 16->20(39)
[2022-04-27T05:23:55.295+0000][1118.159s] GC(420) Old regions: 63->63
[2022-04-27T05:23:55.295+0000][1118.159s] GC(420) Humongous regions: 7->7
[2022-04-27T05:23:55.296+0000][1118.159s] GC(420) Metaspace: 57185K->57185K(1101824K)
[2022-04-27T05:23:55.296+0000][1118.160s] GC(420) Pause Young (Normal) (G1 Evacuation Pause) 375M->88M(512M) 20.823ms
[2022-04-27T05:23:55.297+0000][1118.161s] GC(420) User=0.10s Sys=0.00s Real=0.02s
[2022-04-27T05:23:57.388+0000][1120.251s] GC(421) Pause Young (Normal) (G1 Evacuation Pause)
[2022-04-27T05:23:57.388+0000][1120.252s] GC(421) Using 8 workers of 8 for evacuation
[2022-04-27T05:23:57.403+0000][1120.266s] GC(421)   Pre Evacuate Collection Set: 0.0ms
[2022-04-27T05:23:57.403+0000][1120.267s] GC(421)   Evacuate Collection Set: 9.1ms
[2022-04-27T05:23:57.403+0000][1120.267s] GC(421)   Post Evacuate Collection Set: 5.0ms
[2022-04-27T05:23:57.404+0000][1120.267s] GC(421)   Other: 0.9ms
[2022-04-27T05:23:57.404+0000][1120.267s] GC(421) Eden regions: 287->0(288)
[2022-04-27T05:23:57.404+0000][1120.268s] GC(421) Survivor regions: 20->19(39)
[2022-04-27T05:23:57.404+0000][1120.268s] GC(421) Old regions: 63->63
[2022-04-27T05:23:57.404+0000][1120.268s] GC(421) Humongous regions: 7->7
[2022-04-27T05:23:57.405+0000][1120.268s] GC(421) Metaspace: 57185K->57185K(1101824K)
[2022-04-27T05:23:57.405+0000][1120.269s] GC(421) Pause Young (Normal) (G1 Evacuation Pause) 375M->87M(512M) 17.207ms
[2022-04-27T05:23:57.405+0000][1120.269s] GC(421) User=0.07s Sys=0.02s Real=0.02s
[2022-04-27T05:23:59.372+0000][1122.236s] GC(422) Pause Young (Normal) (G1 Evacuation Pause)
[2022-04-27T05:23:59.373+0000][1122.236s] GC(422) Using 8 workers of 8 for evacuation
[2022-04-27T05:23:59.379+0000][1122.243s] GC(422)   Pre Evacuate Collection Set: 0.0ms
[2022-04-27T05:23:59.380+0000][1122.243s] GC(422)   Evacuate Collection Set: 3.6ms
[2022-04-27T05:23:59.380+0000][1122.244s] GC(422)   Post Evacuate Collection Set: 2.3ms
[2022-04-27T05:23:59.380+0000][1122.244s] GC(422)   Other: 0.7ms
[2022-04-27T05:23:59.381+0000][1122.244s] GC(422) Eden regions: 288->0(288)
[2022-04-27T05:23:59.381+0000][1122.245s] GC(422) Survivor regions: 19->19(39)
[2022-04-27T05:23:59.382+0000][1122.245s] GC(422) Old regions: 63->63
[2022-04-27T05:23:59.382+0000][1122.245s] GC(422) Humongous regions: 7->7
[2022-04-27T05:23:59.382+0000][1122.246s] GC(422) Metaspace: 57185K->57185K(1101824K)
[2022-04-27T05:23:59.382+0000][1122.246s] GC(422) Pause Young (Normal) (G1 Evacuation Pause) 375M->87M(512M) 9.934ms
[2022-04-27T05:23:59.383+0000][1122.246s] GC(422) User=0.04s Sys=0.01s Real=0.01s
[2022-04-27T05:24:01.228+0000][1124.091s] GC(423) Pause Young (Normal) (G1 Evacuation Pause)
[2022-04-27T05:24:01.228+0000][1124.092s] GC(423) Using 8 workers of 8 for evacuation
[2022-04-27T05:24:01.240+0000][1124.104s] GC(423)   Pre Evacuate Collection Set: 0.0ms
[2022-04-27T05:24:01.241+0000][1124.104s] GC(423)   Evacuate Collection Set: 4.6ms
[2022-04-27T05:24:01.241+0000][1124.105s] GC(423)   Post Evacuate Collection Set: 7.0ms
[2022-04-27T05:24:01.242+0000][1124.105s] GC(423)   Other: 0.8ms
[2022-04-27T05:24:01.242+0000][1124.106s] GC(423) Eden regions: 288->0(283)
[2022-04-27T05:24:01.242+0000][1124.106s] GC(423) Survivor regions: 19->24(39)
[2022-04-27T05:24:01.243+0000][1124.106s] GC(423) Old regions: 63->63
[2022-04-27T05:24:01.243+0000][1124.107s] GC(423) Humongous regions: 7->7
[2022-04-27T05:24:01.244+0000][1124.107s] GC(423) Metaspace: 57185K->57185K(1101824K)
[2022-04-27T05:24:01.244+0000][1124.108s] GC(423) Pause Young (Normal) (G1 Evacuation Pause) 375M->91M(512M) 16.073ms
[2022-04-27T05:24:01.244+0000][1124.108s] GC(423) User=0.09s Sys=0.00s Real=0.02s
[2022-04-27T05:24:02.987+0000][1125.851s] GC(424) Pause Young (Normal) (G1 Evacuation Pause)
[2022-04-27T05:24:02.988+0000][1125.851s] GC(424) Using 8 workers of 8 for evacuation
[2022-04-27T05:24:02.995+0000][1125.858s] GC(424)   Pre Evacuate Collection Set: 0.0ms
[2022-04-27T05:24:02.995+0000][1125.859s] GC(424)   Evacuate Collection Set: 4.5ms
[2022-04-27T05:24:02.995+0000][1125.859s] GC(424)   Post Evacuate Collection Set: 2.0ms
[2022-04-27T05:24:02.996+0000][1125.859s] GC(424)   Other: 0.8ms
[2022-04-27T05:24:02.996+0000][1125.860s] GC(424) Eden regions: 283->0(287)
[2022-04-27T05:24:02.997+0000][1125.860s] GC(424) Survivor regions: 24->20(39)
[2022-04-27T05:24:02.997+0000][1125.860s] GC(424) Old regions: 63->64
[2022-04-27T05:24:02.997+0000][1125.861s] GC(424) Humongous regions: 7->7
[2022-04-27T05:24:02.997+0000][1125.861s] GC(424) Metaspace: 57185K->57185K(1101824K)
[2022-04-27T05:24:02.998+0000][1125.861s] GC(424) Pause Young (Normal) (G1 Evacuation Pause) 374M->88M(512M) 10.461ms
[2022-04-27T05:24:02.998+0000][1125.862s] GC(424) User=0.05s Sys=0.00s Real=0.01s
[2022-04-27T05:24:05.344+0000][1128.208s] GC(425) Pause Young (Normal) (G1 Evacuation Pause)
[2022-04-27T05:24:05.344+0000][1128.208s] GC(425) Using 8 workers of 8 for evacuation
[2022-04-27T05:24:05.352+0000][1128.216s] GC(425)   Pre Evacuate Collection Set: 0.0ms
[2022-04-27T05:24:05.353+0000][1128.216s] GC(425)   Evacuate Collection Set: 5.2ms
[2022-04-27T05:24:05.353+0000][1128.217s] GC(425)   Post Evacuate Collection Set: 2.2ms
[2022-04-27T05:24:05.353+0000][1128.217s] GC(425)   Other: 0.8ms
[2022-04-27T05:24:05.354+0000][1128.218s] GC(425) Eden regions: 287->0(286)
[2022-04-27T05:24:05.354+0000][1128.218s] GC(425) Survivor regions: 20->21(39)
[2022-04-27T05:24:05.355+0000][1128.218s] GC(425) Old regions: 64->64
[2022-04-27T05:24:05.355+0000][1128.219s] GC(425) Humongous regions: 7->7
[2022-04-27T05:24:05.355+0000][1128.219s] GC(425) Metaspace: 57186K->57186K(1101824K)
[2022-04-27T05:24:05.356+0000][1128.219s] GC(425) Pause Young (Normal) (G1 Evacuation Pause) 375M->89M(512M) 11.779ms
[2022-04-27T05:24:05.356+0000][1128.220s] GC(425) User=0.06s Sys=0.00s Real=0.01s
[2022-04-27T05:24:07.021+0000][1129.885s] GC(426) Pause Young (Normal) (G1 Evacuation Pause)
[2022-04-27T05:24:07.022+0000][1129.885s] GC(426) Using 8 workers of 8 for evacuation
[2022-04-27T05:24:07.029+0000][1129.892s] GC(426)   Pre Evacuate Collection Set: 0.0ms
[2022-04-27T05:24:07.029+0000][1129.893s] GC(426)   Evacuate Collection Set: 3.1ms
[2022-04-27T05:24:07.030+0000][1129.893s] GC(426)   Post Evacuate Collection Set: 3.5ms
[2022-04-27T05:24:07.030+0000][1129.894s] GC(426)   Other: 0.9ms
[2022-04-27T05:24:07.030+0000][1129.894s] GC(426) Eden regions: 286->0(286)
[2022-04-27T05:24:07.031+0000][1129.894s] GC(426) Survivor regions: 21->21(39)
[2022-04-27T05:24:07.031+0000][1129.895s] GC(426) Old regions: 64->64
[2022-04-27T05:24:07.032+0000][1129.895s] GC(426) Humongous regions: 7->7
[2022-04-27T05:24:07.032+0000][1129.896s] GC(426) Metaspace: 57186K->57186K(1101824K)
[2022-04-27T05:24:07.032+0000][1129.896s] GC(426) Pause Young (Normal) (G1 Evacuation Pause) 375M->89M(512M) 10.890ms
[2022-04-27T05:24:07.033+0000][1129.896s] GC(426) User=0.04s Sys=0.00s Real=0.01s
[2022-04-27T05:24:08.774+0000][1131.638s] GC(427) Pause Young (Normal) (G1 Evacuation Pause)
[2022-04-27T05:24:08.775+0000][1131.638s] GC(427) Using 8 workers of 8 for evacuation
[2022-04-27T05:24:08.789+0000][1131.653s] GC(427)   Pre Evacuate Collection Set: 0.0ms
[2022-04-27T05:24:08.790+0000][1131.653s] GC(427)   Evacuate Collection Set: 9.3ms
[2022-04-27T05:24:08.790+0000][1131.653s] GC(427)   Post Evacuate Collection Set: 4.8ms
[2022-04-27T05:24:08.790+0000][1131.654s] GC(427)   Other: 0.8ms
[2022-04-27T05:24:08.790+0000][1131.654s] GC(427) Eden regions: 286->0(288)
[2022-04-27T05:24:08.790+0000][1131.654s] GC(427) Survivor regions: 21->19(39)
[2022-04-27T05:24:08.791+0000][1131.654s] GC(427) Old regions: 64->64
[2022-04-27T05:24:08.791+0000][1131.654s] GC(427) Humongous regions: 7->7
[2022-04-27T05:24:08.791+0000][1131.655s] GC(427) Metaspace: 57186K->57186K(1101824K)
[2022-04-27T05:24:08.791+0000][1131.655s] GC(427) Pause Young (Normal) (G1 Evacuation Pause) 375M->87M(512M) 16.761ms
[2022-04-27T05:24:08.791+0000][1131.655s] GC(427) User=0.10s Sys=0.00s Real=0.02s
[2022-04-27T05:24:10.970+0000][1133.833s] GC(428) Pause Young (Normal) (G1 Evacuation Pause)
[2022-04-27T05:24:10.970+0000][1133.834s] GC(428) Using 8 workers of 8 for evacuation
[2022-04-27T05:24:10.977+0000][1133.841s] GC(428)   Pre Evacuate Collection Set: 0.0ms
[2022-04-27T05:24:10.978+0000][1133.841s] GC(428)   Evacuate Collection Set: 3.2ms
[2022-04-27T05:24:10.978+0000][1133.842s] GC(428)   Post Evacuate Collection Set: 3.4ms
[2022-04-27T05:24:10.978+0000][1133.842s] GC(428)   Other: 0.9ms
[2022-04-27T05:24:10.979+0000][1133.842s] GC(428) Eden regions: 288->0(286)
[2022-04-27T05:24:10.979+0000][1133.843s] GC(428) Survivor regions: 19->21(39)
[2022-04-27T05:24:10.979+0000][1133.843s] GC(428) Old regions: 64->64
[2022-04-27T05:24:10.979+0000][1133.843s] GC(428) Humongous regions: 7->7
[2022-04-27T05:24:10.980+0000][1133.843s] GC(428) Metaspace: 57186K->57186K(1101824K)
[2022-04-27T05:24:10.980+0000][1133.844s] GC(428) Pause Young (Normal) (G1 Evacuation Pause) 375M->89M(512M) 10.354ms
[2022-04-27T05:24:10.980+0000][1133.844s] GC(428) User=0.03s Sys=0.01s Real=0.01s
[2022-04-27T05:24:12.608+0000][1135.472s] GC(429) Pause Young (Normal) (G1 Evacuation Pause)
[2022-04-27T05:24:12.609+0000][1135.472s] GC(429) Using 8 workers of 8 for evacuation
[2022-04-27T05:24:12.617+0000][1135.480s] GC(429)   Pre Evacuate Collection Set: 0.0ms
[2022-04-27T05:24:12.617+0000][1135.481s] GC(429)   Evacuate Collection Set: 4.6ms
[2022-04-27T05:24:12.618+0000][1135.481s] GC(429)   Post Evacuate Collection Set: 3.0ms
[2022-04-27T05:24:12.618+0000][1135.481s] GC(429)   Other: 0.9ms
[2022-04-27T05:24:12.618+0000][1135.482s] GC(429) Eden regions: 286->0(288)
[2022-04-27T05:24:12.618+0000][1135.482s] GC(429) Survivor regions: 21->19(39)
[2022-04-27T05:24:12.619+0000][1135.482s] GC(429) Old regions: 64->64
[2022-04-27T05:24:12.619+0000][1135.483s] GC(429) Humongous regions: 7->7
[2022-04-27T05:24:12.619+0000][1135.483s] GC(429) Metaspace: 57186K->57186K(1101824K)
[2022-04-27T05:24:12.620+0000][1135.483s] GC(429) Pause Young (Normal) (G1 Evacuation Pause) 375M->87M(512M) 11.405ms
[2022-04-27T05:24:12.620+0000][1135.484s] GC(429) User=0.05s Sys=0.00s Real=0.01s
[2022-04-27T05:24:14.396+0000][1137.260s] GC(430) Pause Young (Normal) (G1 Evacuation Pause)
[2022-04-27T05:24:14.396+0000][1137.260s] GC(430) Using 8 workers of 8 for evacuation
[2022-04-27T05:24:14.403+0000][1137.267s] GC(430)   Pre Evacuate Collection Set: 0.0ms
[2022-04-27T05:24:14.404+0000][1137.267s] GC(430)   Evacuate Collection Set: 3.6ms
[2022-04-27T05:24:14.404+0000][1137.268s] GC(430)   Post Evacuate Collection Set: 2.9ms
[2022-04-27T05:24:14.404+0000][1137.268s] GC(430)   Other: 0.8ms
[2022-04-27T05:24:14.405+0000][1137.268s] GC(430) Eden regions: 288->0(290)
[2022-04-27T05:24:14.405+0000][1137.269s] GC(430) Survivor regions: 19->17(39)
[2022-04-27T05:24:14.406+0000][1137.269s] GC(430) Old regions: 64->64
[2022-04-27T05:24:14.406+0000][1137.270s] GC(430) Humongous regions: 7->7
[2022-04-27T05:24:14.406+0000][1137.270s] GC(430) Metaspace: 57186K->57186K(1101824K)
[2022-04-27T05:24:14.407+0000][1137.270s] GC(430) Pause Young (Normal) (G1 Evacuation Pause) 375M->85M(512M) 10.614ms
[2022-04-27T05:24:14.407+0000][1137.270s] GC(430) User=0.05s Sys=0.00s Real=0.01s
[2022-04-27T05:24:16.658+0000][1139.522s] GC(431) Pause Young (Normal) (G1 Evacuation Pause)
[2022-04-27T05:24:16.659+0000][1139.522s] GC(431) Using 8 workers of 8 for evacuation
[2022-04-27T05:24:16.667+0000][1139.530s] GC(431)   Pre Evacuate Collection Set: 0.0ms
[2022-04-27T05:24:16.667+0000][1139.531s] GC(431)   Evacuate Collection Set: 4.2ms
[2022-04-27T05:24:16.667+0000][1139.531s] GC(431)   Post Evacuate Collection Set: 3.2ms
[2022-04-27T05:24:16.668+0000][1139.531s] GC(431)   Other: 0.8ms
[2022-04-27T05:24:16.668+0000][1139.531s] GC(431) Eden regions: 290->0(284)
[2022-04-27T05:24:16.668+0000][1139.532s] GC(431) Survivor regions: 17->23(39)
[2022-04-27T05:24:16.668+0000][1139.532s] GC(431) Old regions: 64->64
[2022-04-27T05:24:16.669+0000][1139.532s] GC(431) Humongous regions: 7->7
[2022-04-27T05:24:16.669+0000][1139.532s] GC(431) Metaspace: 57186K->57186K(1101824K)
[2022-04-27T05:24:16.669+0000][1139.533s] GC(431) Pause Young (Normal) (G1 Evacuation Pause) 375M->91M(512M) 10.685ms
[2022-04-27T05:24:16.669+0000][1139.533s] GC(431) User=0.05s Sys=0.00s Real=0.01s
[2022-04-27T05:24:18.442+0000][1141.306s] GC(432) Pause Young (Normal) (G1 Evacuation Pause)
[2022-04-27T05:24:18.443+0000][1141.306s] GC(432) Using 8 workers of 8 for evacuation
[2022-04-27T05:24:18.450+0000][1141.314s] GC(432)   Pre Evacuate Collection Set: 0.0ms
[2022-04-27T05:24:18.450+0000][1141.314s] GC(432)   Evacuate Collection Set: 4.7ms
[2022-04-27T05:24:18.451+0000][1141.314s] GC(432)   Post Evacuate Collection Set: 2.1ms
[2022-04-27T05:24:18.451+0000][1141.315s] GC(432)   Other: 0.7ms
[2022-04-27T05:24:18.451+0000][1141.315s] GC(432) Eden regions: 284->0(286)
[2022-04-27T05:24:18.452+0000][1141.315s] GC(432) Survivor regions: 23->21(39)
[2022-04-27T05:24:18.452+0000][1141.315s] GC(432) Old regions: 64->64
[2022-04-27T05:24:18.452+0000][1141.316s] GC(432) Humongous regions: 7->7
[2022-04-27T05:24:18.452+0000][1141.316s] GC(432) Metaspace: 57186K->57186K(1101824K)
[2022-04-27T05:24:18.453+0000][1141.316s] GC(432) Pause Young (Normal) (G1 Evacuation Pause) 375M->89M(512M) 10.146ms
[2022-04-27T05:24:18.453+0000][1141.317s] GC(432) User=0.04s Sys=0.01s Real=0.01s
[2022-04-27T05:24:20.334+0000][1143.198s] GC(433) Pause Young (Normal) (G1 Evacuation Pause)
[2022-04-27T05:24:20.335+0000][1143.198s] GC(433) Using 8 workers of 8 for evacuation
[2022-04-27T05:24:20.342+0000][1143.206s] GC(433)   Pre Evacuate Collection Set: 0.0ms
[2022-04-27T05:24:20.342+0000][1143.206s] GC(433)   Evacuate Collection Set: 3.6ms
[2022-04-27T05:24:20.343+0000][1143.206s] GC(433)   Post Evacuate Collection Set: 3.3ms
[2022-04-27T05:24:20.343+0000][1143.207s] GC(433)   Other: 0.7ms
[2022-04-27T05:24:20.344+0000][1143.207s] GC(433) Eden regions: 286->0(289)
[2022-04-27T05:24:20.344+0000][1143.208s] GC(433) Survivor regions: 21->18(39)
[2022-04-27T05:24:20.344+0000][1143.208s] GC(433) Old regions: 64->64
[2022-04-27T05:24:20.345+0000][1143.208s] GC(433) Humongous regions: 7->7
[2022-04-27T05:24:20.345+0000][1143.209s] GC(433) Metaspace: 57186K->57186K(1101824K)
[2022-04-27T05:24:20.346+0000][1143.209s] GC(433) Pause Young (Normal) (G1 Evacuation Pause) 375M->86M(512M) 11.154ms
[2022-04-27T05:24:20.346+0000][1143.210s] GC(433) User=0.05s Sys=0.00s Real=0.01s
[2022-04-27T05:24:22.349+0000][1145.213s] GC(434) Pause Young (Normal) (G1 Evacuation Pause)
[2022-04-27T05:24:22.349+0000][1145.213s] GC(434) Using 8 workers of 8 for evacuation
[2022-04-27T05:24:22.360+0000][1145.224s] GC(434)   Pre Evacuate Collection Set: 0.0ms
[2022-04-27T05:24:22.360+0000][1145.224s] GC(434)   Evacuate Collection Set: 4.2ms
[2022-04-27T05:24:22.361+0000][1145.224s] GC(434)   Post Evacuate Collection Set: 6.0ms
[2022-04-27T05:24:22.361+0000][1145.225s] GC(434)   Other: 0.9ms
[2022-04-27T05:24:22.361+0000][1145.225s] GC(434) Eden regions: 289->0(283)
[2022-04-27T05:24:22.361+0000][1145.225s] GC(434) Survivor regions: 18->24(39)
[2022-04-27T05:24:22.362+0000][1145.225s] GC(434) Old regions: 64->64
[2022-04-27T05:24:22.362+0000][1145.226s] GC(434) Humongous regions: 7->7
[2022-04-27T05:24:22.362+0000][1145.226s] GC(434) Metaspace: 57186K->57186K(1101824K)
[2022-04-27T05:24:22.362+0000][1145.226s] GC(434) Pause Young (Normal) (G1 Evacuation Pause) 375M->92M(512M) 13.374ms
[2022-04-27T05:24:22.363+0000][1145.226s] GC(434) User=0.08s Sys=0.00s Real=0.02s
[2022-04-27T05:24:24.000+0000][1146.863s] GC(435) Pause Young (Normal) (G1 Evacuation Pause)
[2022-04-27T05:24:24.000+0000][1146.864s] GC(435) Using 8 workers of 8 for evacuation
[2022-04-27T05:24:24.007+0000][1146.871s] GC(435)   Pre Evacuate Collection Set: 0.0ms
[2022-04-27T05:24:24.007+0000][1146.871s] GC(435)   Evacuate Collection Set: 4.4ms
[2022-04-27T05:24:24.008+0000][1146.872s] GC(435)   Post Evacuate Collection Set: 2.3ms
[2022-04-27T05:24:24.008+0000][1146.872s] GC(435)   Other: 0.9ms
[2022-04-27T05:24:24.009+0000][1146.872s] GC(435) Eden regions: 283->0(287)
[2022-04-27T05:24:24.009+0000][1146.873s] GC(435) Survivor regions: 24->20(39)
[2022-04-27T05:24:24.009+0000][1146.873s] GC(435) Old regions: 64->64
[2022-04-27T05:24:24.010+0000][1146.873s] GC(435) Humongous regions: 7->7
[2022-04-27T05:24:24.010+0000][1146.874s] GC(435) Metaspace: 57186K->57186K(1101824K)
[2022-04-27T05:24:24.010+0000][1146.874s] GC(435) Pause Young (Normal) (G1 Evacuation Pause) 375M->89M(512M) 10.813ms
[2022-04-27T05:24:24.011+0000][1146.874s] GC(435) User=0.05s Sys=0.00s Real=0.01s
[2022-04-27T05:24:26.208+0000][1149.072s] GC(436) Pause Young (Normal) (G1 Evacuation Pause)
[2022-04-27T05:24:26.209+0000][1149.072s] GC(436) Using 8 workers of 8 for evacuation
[2022-04-27T05:24:26.223+0000][1149.087s] GC(436)   Pre Evacuate Collection Set: 0.0ms
[2022-04-27T05:24:26.224+0000][1149.087s] GC(436)   Evacuate Collection Set: 8.7ms
[2022-04-27T05:24:26.224+0000][1149.088s] GC(436)   Post Evacuate Collection Set: 5.3ms
[2022-04-27T05:24:26.225+0000][1149.088s] GC(436)   Other: 0.8ms
[2022-04-27T05:24:26.225+0000][1149.089s] GC(436) Eden regions: 287->0(286)
[2022-04-27T05:24:26.225+0000][1149.089s] GC(436) Survivor regions: 20->21(39)
[2022-04-27T05:24:26.226+0000][1149.089s] GC(436) Old regions: 64->64
[2022-04-27T05:24:26.226+0000][1149.090s] GC(436) Humongous regions: 7->7
[2022-04-27T05:24:26.226+0000][1149.090s] GC(436) Metaspace: 57186K->57186K(1101824K)
[2022-04-27T05:24:26.227+0000][1149.090s] GC(436) Pause Young (Normal) (G1 Evacuation Pause) 376M->89M(512M) 18.160ms
[2022-04-27T05:24:26.227+0000][1149.091s] GC(436) User=0.10s Sys=0.00s Real=0.02s
[2022-04-27T05:24:27.921+0000][1150.785s] GC(437) Pause Young (Normal) (G1 Evacuation Pause)
[2022-04-27T05:24:27.922+0000][1150.786s] GC(437) Using 8 workers of 8 for evacuation
[2022-04-27T05:24:27.933+0000][1150.797s] GC(437)   Pre Evacuate Collection Set: 0.0ms
[2022-04-27T05:24:27.933+0000][1150.797s] GC(437)   Evacuate Collection Set: 5.2ms
[2022-04-27T05:24:27.934+0000][1150.797s] GC(437)   Post Evacuate Collection Set: 5.5ms
[2022-04-27T05:24:27.934+0000][1150.798s] GC(437)   Other: 1.0ms
[2022-04-27T05:24:27.934+0000][1150.798s] GC(437) Eden regions: 286->0(287)
[2022-04-27T05:24:27.935+0000][1150.798s] GC(437) Survivor regions: 21->20(39)
[2022-04-27T05:24:27.935+0000][1150.798s] GC(437) Old regions: 64->64
[2022-04-27T05:24:27.935+0000][1150.799s] GC(437) Humongous regions: 7->7
[2022-04-27T05:24:27.935+0000][1150.799s] GC(437) Metaspace: 57187K->57187K(1101824K)
[2022-04-27T05:24:27.936+0000][1150.799s] GC(437) Pause Young (Normal) (G1 Evacuation Pause) 375M->89M(512M) 14.305ms
[2022-04-27T05:24:27.936+0000][1150.800s] GC(437) User=0.07s Sys=0.00s Real=0.01s
[2022-04-27T05:24:29.660+0000][1152.524s] GC(438) Pause Young (Normal) (G1 Evacuation Pause)
[2022-04-27T05:24:29.660+0000][1152.524s] GC(438) Using 8 workers of 8 for evacuation
[2022-04-27T05:24:29.668+0000][1152.532s] GC(438)   Pre Evacuate Collection Set: 0.0ms
[2022-04-27T05:24:29.669+0000][1152.532s] GC(438)   Evacuate Collection Set: 4.7ms
[2022-04-27T05:24:29.669+0000][1152.533s] GC(438)   Post Evacuate Collection Set: 2.8ms
[2022-04-27T05:24:29.670+0000][1152.533s] GC(438)   Other: 0.7ms
[2022-04-27T05:24:29.670+0000][1152.534s] GC(438) Eden regions: 287->0(287)
[2022-04-27T05:24:29.670+0000][1152.534s] GC(438) Survivor regions: 20->20(39)
[2022-04-27T05:24:29.671+0000][1152.534s] GC(438) Old regions: 64->64
[2022-04-27T05:24:29.671+0000][1152.534s] GC(438) Humongous regions: 7->7
[2022-04-27T05:24:29.671+0000][1152.535s] GC(438) Metaspace: 57187K->57187K(1101824K)
[2022-04-27T05:24:29.671+0000][1152.535s] GC(438) Pause Young (Normal) (G1 Evacuation Pause) 376M->88M(512M) 11.328ms
[2022-04-27T05:24:29.671+0000][1152.535s] GC(438) User=0.05s Sys=0.01s Real=0.02s
[2022-04-27T05:24:31.834+0000][1154.698s] GC(439) Pause Young (Normal) (G1 Evacuation Pause)
[2022-04-27T05:24:31.834+0000][1154.698s] GC(439) Using 8 workers of 8 for evacuation
[2022-04-27T05:24:31.842+0000][1154.705s] GC(439)   Pre Evacuate Collection Set: 0.0ms
[2022-04-27T05:24:31.842+0000][1154.706s] GC(439)   Evacuate Collection Set: 3.1ms
[2022-04-27T05:24:31.842+0000][1154.706s] GC(439)   Post Evacuate Collection Set: 3.6ms
[2022-04-27T05:24:31.843+0000][1154.706s] GC(439)   Other: 0.8ms
[2022-04-27T05:24:31.843+0000][1154.707s] GC(439) Eden regions: 287->0(288)
[2022-04-27T05:24:31.844+0000][1154.707s] GC(439) Survivor regions: 20->19(39)
[2022-04-27T05:24:31.844+0000][1154.707s] GC(439) Old regions: 64->64
[2022-04-27T05:24:31.844+0000][1154.708s] GC(439) Humongous regions: 7->7
[2022-04-27T05:24:31.844+0000][1154.708s] GC(439) Metaspace: 57187K->57187K(1101824K)
[2022-04-27T05:24:31.845+0000][1154.708s] GC(439) Pause Young (Normal) (G1 Evacuation Pause) 375M->87M(512M) 10.559ms
[2022-04-27T05:24:31.845+0000][1154.709s] GC(439) User=0.04s Sys=0.01s Real=0.01s
[2022-04-27T05:24:33.607+0000][1156.471s] GC(440) Pause Young (Normal) (G1 Evacuation Pause)
[2022-04-27T05:24:33.608+0000][1156.471s] GC(440) Using 8 workers of 8 for evacuation
[2022-04-27T05:24:33.618+0000][1156.482s] GC(440)   Pre Evacuate Collection Set: 0.0ms
[2022-04-27T05:24:33.619+0000][1156.482s] GC(440)   Evacuate Collection Set: 3.0ms
[2022-04-27T05:24:33.619+0000][1156.483s] GC(440)   Post Evacuate Collection Set: 7.3ms
[2022-04-27T05:24:33.619+0000][1156.483s] GC(440)   Other: 0.9ms
[2022-04-27T05:24:33.620+0000][1156.483s] GC(440) Eden regions: 288->0(291)
[2022-04-27T05:24:33.620+0000][1156.484s] GC(440) Survivor regions: 19->16(39)
[2022-04-27T05:24:33.620+0000][1156.484s] GC(440) Old regions: 64->64
[2022-04-27T05:24:33.621+0000][1156.484s] GC(440) Humongous regions: 7->7
[2022-04-27T05:24:33.621+0000][1156.485s] GC(440) Metaspace: 57187K->57187K(1101824K)
[2022-04-27T05:24:33.621+0000][1156.485s] GC(440) Pause Young (Normal) (G1 Evacuation Pause) 375M->85M(512M) 14.240ms
[2022-04-27T05:24:33.622+0000][1156.485s] GC(440) User=0.08s Sys=0.00s Real=0.02s
[2022-04-27T05:24:35.394+0000][1158.258s] GC(441) Pause Young (Normal) (G1 Evacuation Pause)
[2022-04-27T05:24:35.395+0000][1158.258s] GC(441) Using 8 workers of 8 for evacuation
[2022-04-27T05:24:35.414+0000][1158.277s] GC(441)   Pre Evacuate Collection Set: 0.0ms
[2022-04-27T05:24:35.414+0000][1158.278s] GC(441)   Evacuate Collection Set: 13.0ms
[2022-04-27T05:24:35.414+0000][1158.278s] GC(441)   Post Evacuate Collection Set: 5.3ms
[2022-04-27T05:24:35.415+0000][1158.278s] GC(441)   Other: 1.1ms
[2022-04-27T05:24:35.415+0000][1158.279s] GC(441) Eden regions: 291->0(289)
[2022-04-27T05:24:35.415+0000][1158.279s] GC(441) Survivor regions: 16->18(39)
[2022-04-27T05:24:35.416+0000][1158.279s] GC(441) Old regions: 64->64
[2022-04-27T05:24:35.416+0000][1158.280s] GC(441) Humongous regions: 7->7
[2022-04-27T05:24:35.416+0000][1158.280s] GC(441) Metaspace: 57187K->57187K(1101824K)
[2022-04-27T05:24:35.417+0000][1158.280s] GC(441) Pause Young (Normal) (G1 Evacuation Pause) 376M->86M(512M) 22.546ms
[2022-04-27T05:24:35.417+0000][1158.281s] GC(441) User=0.14s Sys=0.00s Real=0.02s
[2022-04-27T05:24:37.662+0000][1160.526s] GC(442) Pause Young (Normal) (G1 Evacuation Pause)
[2022-04-27T05:24:37.663+0000][1160.526s] GC(442) Using 8 workers of 8 for evacuation
[2022-04-27T05:24:37.671+0000][1160.535s] GC(442)   Pre Evacuate Collection Set: 0.0ms
[2022-04-27T05:24:37.672+0000][1160.535s] GC(442)   Evacuate Collection Set: 4.6ms
[2022-04-27T05:24:37.672+0000][1160.536s] GC(442)   Post Evacuate Collection Set: 3.5ms
[2022-04-27T05:24:37.672+0000][1160.536s] GC(442)   Other: 1.0ms
[2022-04-27T05:24:37.673+0000][1160.536s] GC(442) Eden regions: 289->0(285)
[2022-04-27T05:24:37.673+0000][1160.537s] GC(442) Survivor regions: 18->22(39)
[2022-04-27T05:24:37.673+0000][1160.537s] GC(442) Old regions: 64->64
[2022-04-27T05:24:37.674+0000][1160.537s] GC(442) Humongous regions: 7->7
[2022-04-27T05:24:37.674+0000][1160.538s] GC(442) Metaspace: 57187K->57187K(1101824K)
[2022-04-27T05:24:37.674+0000][1160.538s] GC(442) Pause Young (Normal) (G1 Evacuation Pause) 375M->90M(512M) 12.228ms
[2022-04-27T05:24:37.675+0000][1160.538s] GC(442) User=0.04s Sys=0.03s Real=0.01s
[2022-04-27T05:24:39.470+0000][1162.333s] GC(443) Pause Young (Normal) (G1 Evacuation Pause)
[2022-04-27T05:24:39.470+0000][1162.334s] GC(443) Using 8 workers of 8 for evacuation
[2022-04-27T05:24:39.478+0000][1162.342s] GC(443)   Pre Evacuate Collection Set: 0.1ms
[2022-04-27T05:24:39.479+0000][1162.342s] GC(443)   Evacuate Collection Set: 4.6ms
[2022-04-27T05:24:39.479+0000][1162.343s] GC(443)   Post Evacuate Collection Set: 3.0ms
[2022-04-27T05:24:39.479+0000][1162.343s] GC(443)   Other: 0.9ms
[2022-04-27T05:24:39.480+0000][1162.343s] GC(443) Eden regions: 285->0(286)
[2022-04-27T05:24:39.480+0000][1162.344s] GC(443) Survivor regions: 22->21(39)
[2022-04-27T05:24:39.480+0000][1162.344s] GC(443) Old regions: 64->64
[2022-04-27T05:24:39.481+0000][1162.344s] GC(443) Humongous regions: 7->7
[2022-04-27T05:24:39.481+0000][1162.344s] GC(443) Metaspace: 57187K->57187K(1101824K)
[2022-04-27T05:24:39.481+0000][1162.345s] GC(443) Pause Young (Normal) (G1 Evacuation Pause) 375M->89M(512M) 11.616ms
[2022-04-27T05:24:39.482+0000][1162.345s] GC(443) User=0.05s Sys=0.00s Real=0.02s
[2022-04-27T05:24:41.196+0000][1164.060s] GC(444) Pause Young (Normal) (G1 Evacuation Pause)
[2022-04-27T05:24:41.197+0000][1164.060s] GC(444) Using 8 workers of 8 for evacuation
[2022-04-27T05:24:41.204+0000][1164.067s] GC(444)   Pre Evacuate Collection Set: 0.0ms
[2022-04-27T05:24:41.204+0000][1164.068s] GC(444)   Evacuate Collection Set: 4.4ms
[2022-04-27T05:24:41.204+0000][1164.068s] GC(444)   Post Evacuate Collection Set: 2.0ms
[2022-04-27T05:24:41.205+0000][1164.068s] GC(444)   Other: 0.9ms
[2022-04-27T05:24:41.205+0000][1164.069s] GC(444) Eden regions: 286->0(287)
[2022-04-27T05:24:41.205+0000][1164.069s] GC(444) Survivor regions: 21->20(39)
[2022-04-27T05:24:41.206+0000][1164.069s] GC(444) Old regions: 64->64
[2022-04-27T05:24:41.206+0000][1164.070s] GC(444) Humongous regions: 7->7
[2022-04-27T05:24:41.206+0000][1164.070s] GC(444) Metaspace: 57187K->57187K(1101824K)
[2022-04-27T05:24:41.206+0000][1164.070s] GC(444) Pause Young (Normal) (G1 Evacuation Pause) 375M->89M(512M) 10.154ms
[2022-04-27T05:24:41.207+0000][1164.070s] GC(444) User=0.05s Sys=0.00s Real=0.01s
[2022-04-27T05:24:43.487+0000][1166.351s] GC(445) Pause Young (Normal) (G1 Evacuation Pause)
[2022-04-27T05:24:43.487+0000][1166.351s] GC(445) Using 8 workers of 8 for evacuation
[2022-04-27T05:24:43.494+0000][1166.358s] GC(445)   Pre Evacuate Collection Set: 0.0ms
[2022-04-27T05:24:43.494+0000][1166.358s] GC(445)   Evacuate Collection Set: 2.8ms
[2022-04-27T05:24:43.495+0000][1166.358s] GC(445)   Post Evacuate Collection Set: 3.5ms
[2022-04-27T05:24:43.495+0000][1166.359s] GC(445)   Other: 0.7ms
[2022-04-27T05:24:43.495+0000][1166.359s] GC(445) Eden regions: 287->0(287)
[2022-04-27T05:24:43.495+0000][1166.359s] GC(445) Survivor regions: 20->20(39)
[2022-04-27T05:24:43.496+0000][1166.359s] GC(445) Old regions: 64->64
[2022-04-27T05:24:43.496+0000][1166.360s] GC(445) Humongous regions: 7->7
[2022-04-27T05:24:43.496+0000][1166.360s] GC(445) Metaspace: 57187K->57187K(1101824K)
[2022-04-27T05:24:43.497+0000][1166.360s] GC(445) Pause Young (Normal) (G1 Evacuation Pause) 376M->88M(512M) 9.639ms
[2022-04-27T05:24:43.497+0000][1166.361s] GC(445) User=0.04s Sys=0.00s Real=0.01s
[2022-04-27T05:24:45.239+0000][1168.103s] GC(446) Pause Young (Normal) (G1 Evacuation Pause)
[2022-04-27T05:24:45.240+0000][1168.103s] GC(446) Using 8 workers of 8 for evacuation
[2022-04-27T05:24:45.251+0000][1168.115s] GC(446)   Pre Evacuate Collection Set: 0.0ms
[2022-04-27T05:24:45.252+0000][1168.115s] GC(446)   Evacuate Collection Set: 4.8ms
[2022-04-27T05:24:45.252+0000][1168.116s] GC(446)   Post Evacuate Collection Set: 6.2ms
[2022-04-27T05:24:45.252+0000][1168.116s] GC(446)   Other: 0.8ms
[2022-04-27T05:24:45.253+0000][1168.116s] GC(446) Eden regions: 287->0(286)
[2022-04-27T05:24:45.253+0000][1168.117s] GC(446) Survivor regions: 20->21(39)
[2022-04-27T05:24:45.253+0000][1168.117s] GC(446) Old regions: 64->64
[2022-04-27T05:24:45.254+0000][1168.117s] GC(446) Humongous regions: 7->7
[2022-04-27T05:24:45.254+0000][1168.117s] GC(446) Metaspace: 57187K->57187K(1101824K)
[2022-04-27T05:24:45.254+0000][1168.118s] GC(446) Pause Young (Normal) (G1 Evacuation Pause) 375M->89M(512M) 14.769ms
[2022-04-27T05:24:45.254+0000][1168.118s] GC(446) User=0.08s Sys=0.01s Real=0.02s
[2022-04-27T05:24:47.067+0000][1169.931s] GC(447) Pause Young (Normal) (G1 Evacuation Pause)
[2022-04-27T05:24:47.067+0000][1169.931s] GC(447) Using 8 workers of 8 for evacuation
[2022-04-27T05:24:47.075+0000][1169.939s] GC(447)   Pre Evacuate Collection Set: 0.0ms
[2022-04-27T05:24:47.075+0000][1169.939s] GC(447)   Evacuate Collection Set: 4.8ms
[2022-04-27T05:24:47.076+0000][1169.939s] GC(447)   Post Evacuate Collection Set: 2.4ms
[2022-04-27T05:24:47.076+0000][1169.940s] GC(447)   Other: 0.8ms
[2022-04-27T05:24:47.076+0000][1169.940s] GC(447) Eden regions: 286->0(287)
[2022-04-27T05:24:47.077+0000][1169.940s] GC(447) Survivor regions: 21->20(39)
[2022-04-27T05:24:47.077+0000][1169.941s] GC(447) Old regions: 64->64
[2022-04-27T05:24:47.077+0000][1169.941s] GC(447) Humongous regions: 7->7
[2022-04-27T05:24:47.078+0000][1169.941s] GC(447) Metaspace: 57188K->57188K(1101824K)
[2022-04-27T05:24:47.078+0000][1169.942s] GC(447) Pause Young (Normal) (G1 Evacuation Pause) 375M->89M(512M) 11.065ms
[2022-04-27T05:24:47.079+0000][1169.942s] GC(447) User=0.05s Sys=0.00s Real=0.01s
[2022-04-27T05:24:49.407+0000][1172.271s] GC(448) Pause Young (Normal) (G1 Evacuation Pause)
[2022-04-27T05:24:49.407+0000][1172.271s] GC(448) Using 8 workers of 8 for evacuation
[2022-04-27T05:24:49.415+0000][1172.279s] GC(448)   Pre Evacuate Collection Set: 0.0ms
[2022-04-27T05:24:49.416+0000][1172.279s] GC(448)   Evacuate Collection Set: 3.5ms
[2022-04-27T05:24:49.416+0000][1172.280s] GC(448)   Post Evacuate Collection Set: 3.8ms
[2022-04-27T05:24:49.416+0000][1172.280s] GC(448)   Other: 0.8ms
[2022-04-27T05:24:49.417+0000][1172.280s] GC(448) Eden regions: 287->0(285)
[2022-04-27T05:24:49.417+0000][1172.281s] GC(448) Survivor regions: 20->22(39)
[2022-04-27T05:24:49.418+0000][1172.281s] GC(448) Old regions: 64->64
[2022-04-27T05:24:49.418+0000][1172.282s] GC(448) Humongous regions: 7->7
[2022-04-27T05:24:49.418+0000][1172.282s] GC(448) Metaspace: 57188K->57188K(1101824K)
[2022-04-27T05:24:49.419+0000][1172.282s] GC(448) Pause Young (Normal) (G1 Evacuation Pause) 376M->90M(512M) 11.669ms
[2022-04-27T05:24:49.419+0000][1172.283s] GC(448) User=0.05s Sys=0.00s Real=0.01s
[2022-04-27T05:24:51.047+0000][1173.910s] GC(449) Pause Young (Normal) (G1 Evacuation Pause)
[2022-04-27T05:24:51.047+0000][1173.911s] GC(449) Using 8 workers of 8 for evacuation
[2022-04-27T05:24:51.053+0000][1173.916s] GC(449)   Pre Evacuate Collection Set: 0.0ms
[2022-04-27T05:24:51.053+0000][1173.917s] GC(449)   Evacuate Collection Set: 3.1ms
[2022-04-27T05:24:51.053+0000][1173.917s] GC(449)   Post Evacuate Collection Set: 2.2ms
[2022-04-27T05:24:51.054+0000][1173.917s] GC(449)   Other: 0.9ms
[2022-04-27T05:24:51.054+0000][1173.918s] GC(449) Eden regions: 285->0(291)
[2022-04-27T05:24:51.054+0000][1173.918s] GC(449) Survivor regions: 22->16(39)
[2022-04-27T05:24:51.055+0000][1173.918s] GC(449) Old regions: 64->64
[2022-04-27T05:24:51.055+0000][1173.919s] GC(449) Humongous regions: 7->7
[2022-04-27T05:24:51.055+0000][1173.919s] GC(449) Metaspace: 57188K->57188K(1101824K)
[2022-04-27T05:24:51.055+0000][1173.919s] GC(449) Pause Young (Normal) (G1 Evacuation Pause) 375M->85M(512M) 8.796ms
[2022-04-27T05:24:51.056+0000][1173.919s] GC(449) User=0.04s Sys=0.00s Real=0.01s
[2022-04-27T05:24:52.829+0000][1175.692s] GC(450) Pause Young (Normal) (G1 Evacuation Pause)
[2022-04-27T05:24:52.829+0000][1175.693s] GC(450) Using 8 workers of 8 for evacuation
[2022-04-27T05:24:52.835+0000][1175.699s] GC(450)   Pre Evacuate Collection Set: 0.0ms
[2022-04-27T05:24:52.835+0000][1175.699s] GC(450)   Evacuate Collection Set: 3.2ms
[2022-04-27T05:24:52.836+0000][1175.699s] GC(450)   Post Evacuate Collection Set: 2.1ms
[2022-04-27T05:24:52.836+0000][1175.700s] GC(450)   Other: 0.9ms
[2022-04-27T05:24:52.837+0000][1175.700s] GC(450) Eden regions: 291->0(290)
[2022-04-27T05:24:52.837+0000][1175.701s] GC(450) Survivor regions: 16->17(39)
[2022-04-27T05:24:52.837+0000][1175.701s] GC(450) Old regions: 64->64
[2022-04-27T05:24:52.838+0000][1175.701s] GC(450) Humongous regions: 7->7
[2022-04-27T05:24:52.838+0000][1175.702s] GC(450) Metaspace: 57188K->57188K(1101824K)
[2022-04-27T05:24:52.839+0000][1175.702s] GC(450) Pause Young (Normal) (G1 Evacuation Pause) 376M->85M(512M) 9.878ms
[2022-04-27T05:24:52.839+0000][1175.703s] GC(450) User=0.04s Sys=0.00s Real=0.01s
[2022-04-27T05:24:55.213+0000][1178.076s] GC(451) Pause Young (Normal) (G1 Evacuation Pause)
[2022-04-27T05:24:55.213+0000][1178.077s] GC(451) Using 8 workers of 8 for evacuation
[2022-04-27T05:24:55.235+0000][1178.098s] GC(451)   Pre Evacuate Collection Set: 0.0ms
[2022-04-27T05:24:55.235+0000][1178.099s] GC(451)   Evacuate Collection Set: 10.0ms
[2022-04-27T05:24:55.235+0000][1178.099s] GC(451)   Post Evacuate Collection Set: 10.6ms
[2022-04-27T05:24:55.236+0000][1178.100s] GC(451)   Other: 1.1ms
[2022-04-27T05:24:55.236+0000][1178.100s] GC(451) Eden regions: 290->0(283)
[2022-04-27T05:24:55.237+0000][1178.100s] GC(451) Survivor regions: 17->24(39)
[2022-04-27T05:24:55.237+0000][1178.101s] GC(451) Old regions: 64->64
[2022-04-27T05:24:55.237+0000][1178.101s] GC(451) Humongous regions: 7->7
[2022-04-27T05:24:55.238+0000][1178.101s] GC(451) Metaspace: 57188K->57188K(1101824K)
[2022-04-27T05:24:55.238+0000][1178.102s] GC(451) Pause Young (Normal) (G1 Evacuation Pause) 375M->93M(512M) 25.084ms
[2022-04-27T05:24:55.238+0000][1178.102s] GC(451) User=0.14s Sys=0.00s Real=0.02s
[2022-04-27T05:24:57.194+0000][1180.057s] GC(452) Pause Young (Normal) (G1 Evacuation Pause)
[2022-04-27T05:24:57.194+0000][1180.058s] GC(452) Using 8 workers of 8 for evacuation
[2022-04-27T05:24:57.202+0000][1180.066s] GC(452)   Pre Evacuate Collection Set: 0.0ms
[2022-04-27T05:24:57.203+0000][1180.066s] GC(452)   Evacuate Collection Set: 5.0ms
[2022-04-27T05:24:57.203+0000][1180.067s] GC(452)   Post Evacuate Collection Set: 2.8ms
[2022-04-27T05:24:57.204+0000][1180.067s] GC(452)   Other: 1.0ms
[2022-04-27T05:24:57.204+0000][1180.068s] GC(452) Eden regions: 283->0(287)
[2022-04-27T05:24:57.204+0000][1180.068s] GC(452) Survivor regions: 24->20(39)
[2022-04-27T05:24:57.205+0000][1180.068s] GC(452) Old regions: 64->64
[2022-04-27T05:24:57.205+0000][1180.069s] GC(452) Humongous regions: 7->7
[2022-04-27T05:24:57.205+0000][1180.069s] GC(452) Metaspace: 57188K->57188K(1101824K)
[2022-04-27T05:24:57.206+0000][1180.069s] GC(452) Pause Young (Normal) (G1 Evacuation Pause) 376M->89M(512M) 11.945ms
[2022-04-27T05:24:57.206+0000][1180.069s] GC(452) User=0.06s Sys=0.00s Real=0.01s
[2022-04-27T05:24:59.105+0000][1181.969s] GC(453) Pause Young (Normal) (G1 Evacuation Pause)
[2022-04-27T05:24:59.105+0000][1181.969s] GC(453) Using 8 workers of 8 for evacuation
[2022-04-27T05:24:59.120+0000][1181.984s] GC(453)   Pre Evacuate Collection Set: 0.0ms
[2022-04-27T05:24:59.120+0000][1181.984s] GC(453)   Evacuate Collection Set: 9.1ms
[2022-04-27T05:24:59.121+0000][1181.984s] GC(453)   Post Evacuate Collection Set: 4.7ms
[2022-04-27T05:24:59.121+0000][1181.985s] GC(453)   Other: 0.9ms
[2022-04-27T05:24:59.121+0000][1181.985s] GC(453) Eden regions: 287->0(290)
[2022-04-27T05:24:59.122+0000][1181.985s] GC(453) Survivor regions: 20->17(39)
[2022-04-27T05:24:59.122+0000][1181.986s] GC(453) Old regions: 64->64
[2022-04-27T05:24:59.122+0000][1181.986s] GC(453) Humongous regions: 7->7
[2022-04-27T05:24:59.123+0000][1181.986s] GC(453) Metaspace: 57190K->57190K(1101824K)
[2022-04-27T05:24:59.123+0000][1181.987s] GC(453) Pause Young (Normal) (G1 Evacuation Pause) 376M->86M(512M) 17.798ms
[2022-04-27T05:24:59.123+0000][1181.987s] GC(453) User=0.11s Sys=0.00s Real=0.02s
[2022-04-27T05:25:01.403+0000][1184.266s] GC(454) Pause Young (Normal) (G1 Evacuation Pause)
[2022-04-27T05:25:01.403+0000][1184.267s] GC(454) Using 8 workers of 8 for evacuation
[2022-04-27T05:25:01.410+0000][1184.274s] GC(454)   Pre Evacuate Collection Set: 0.0ms
[2022-04-27T05:25:01.410+0000][1184.274s] GC(454)   Evacuate Collection Set: 2.7ms
[2022-04-27T05:25:01.411+0000][1184.274s] GC(454)   Post Evacuate Collection Set: 3.7ms
[2022-04-27T05:25:01.411+0000][1184.275s] GC(454)   Other: 0.7ms
[2022-04-27T05:25:01.411+0000][1184.275s] GC(454) Eden regions: 290->0(288)
[2022-04-27T05:25:01.412+0000][1184.275s] GC(454) Survivor regions: 17->19(39)
[2022-04-27T05:25:01.412+0000][1184.275s] GC(454) Old regions: 64->64
[2022-04-27T05:25:01.412+0000][1184.276s] GC(454) Humongous regions: 7->7
[2022-04-27T05:25:01.412+0000][1184.276s] GC(454) Metaspace: 57190K->57190K(1101824K)
[2022-04-27T05:25:01.413+0000][1184.276s] GC(454) Pause Young (Normal) (G1 Evacuation Pause) 376M->88M(512M) 10.010ms
[2022-04-27T05:25:01.413+0000][1184.277s] GC(454) User=0.04s Sys=0.01s Real=0.01s
[2022-04-27T05:25:03.102+0000][1185.966s] GC(455) Pause Young (Normal) (G1 Evacuation Pause)
[2022-04-27T05:25:03.103+0000][1185.966s] GC(455) Using 8 workers of 8 for evacuation
[2022-04-27T05:25:03.108+0000][1185.972s] GC(455)   Pre Evacuate Collection Set: 0.0ms
[2022-04-27T05:25:03.109+0000][1185.973s] GC(455)   Evacuate Collection Set: 3.1ms
[2022-04-27T05:25:03.109+0000][1185.973s] GC(455)   Post Evacuate Collection Set: 2.4ms
[2022-04-27T05:25:03.110+0000][1185.973s] GC(455)   Other: 0.7ms
[2022-04-27T05:25:03.110+0000][1185.974s] GC(455) Eden regions: 288->0(290)
[2022-04-27T05:25:03.110+0000][1185.974s] GC(455) Survivor regions: 19->17(39)
[2022-04-27T05:25:03.111+0000][1185.974s] GC(455) Old regions: 64->64
[2022-04-27T05:25:03.111+0000][1185.975s] GC(455) Humongous regions: 7->7
[2022-04-27T05:25:03.112+0000][1185.975s] GC(455) Metaspace: 57190K->57190K(1101824K)
[2022-04-27T05:25:03.112+0000][1185.976s] GC(455) Pause Young (Normal) (G1 Evacuation Pause) 376M->86M(512M) 9.638ms
[2022-04-27T05:25:03.112+0000][1185.976s] GC(455) User=0.04s Sys=0.00s Real=0.01s
[2022-04-27T05:25:04.756+0000][1187.619s] GC(456) Pause Young (Normal) (G1 Evacuation Pause)
[2022-04-27T05:25:04.756+0000][1187.620s] GC(456) Using 8 workers of 8 for evacuation
[2022-04-27T05:25:04.762+0000][1187.626s] GC(456)   Pre Evacuate Collection Set: 0.0ms
[2022-04-27T05:25:04.763+0000][1187.627s] GC(456)   Evacuate Collection Set: 4.1ms
[2022-04-27T05:25:04.763+0000][1187.627s] GC(456)   Post Evacuate Collection Set: 2.3ms
[2022-04-27T05:25:04.764+0000][1187.627s] GC(456)   Other: 0.5ms
[2022-04-27T05:25:04.764+0000][1187.628s] GC(456) Eden regions: 290->0(290)
[2022-04-27T05:25:04.764+0000][1187.628s] GC(456) Survivor regions: 17->17(39)
[2022-04-27T05:25:04.765+0000][1187.628s] GC(456) Old regions: 64->64
[2022-04-27T05:25:04.765+0000][1187.629s] GC(456) Humongous regions: 7->7
[2022-04-27T05:25:04.765+0000][1187.629s] GC(456) Metaspace: 57190K->57190K(1101824K)
[2022-04-27T05:25:04.765+0000][1187.629s] GC(456) Pause Young (Normal) (G1 Evacuation Pause) 376M->86M(512M) 9.762ms
[2022-04-27T05:25:04.766+0000][1187.629s] GC(456) User=0.04s Sys=0.00s Real=0.01s
[2022-04-27T05:25:07.004+0000][1189.868s] GC(457) Pause Young (Normal) (G1 Evacuation Pause)
[2022-04-27T05:25:07.004+0000][1189.868s] GC(457) Using 8 workers of 8 for evacuation
[2022-04-27T05:25:07.013+0000][1189.876s] GC(457)   Pre Evacuate Collection Set: 0.0ms
[2022-04-27T05:25:07.013+0000][1189.877s] GC(457)   Evacuate Collection Set: 4.3ms
[2022-04-27T05:25:07.013+0000][1189.877s] GC(457)   Post Evacuate Collection Set: 3.5ms
[2022-04-27T05:25:07.014+0000][1189.878s] GC(457)   Other: 0.9ms
[2022-04-27T05:25:07.014+0000][1189.878s] GC(457) Eden regions: 290->0(284)
[2022-04-27T05:25:07.015+0000][1189.878s] GC(457) Survivor regions: 17->23(39)
[2022-04-27T05:25:07.015+0000][1189.879s] GC(457) Old regions: 64->64
[2022-04-27T05:25:07.015+0000][1189.879s] GC(457) Humongous regions: 7->7
[2022-04-27T05:25:07.015+0000][1189.879s] GC(457) Metaspace: 57190K->57190K(1101824K)
[2022-04-27T05:25:07.016+0000][1189.879s] GC(457) Pause Young (Normal) (G1 Evacuation Pause) 376M->92M(512M) 11.660ms
[2022-04-27T05:25:07.016+0000][1189.880s] GC(457) User=0.05s Sys=0.00s Real=0.01s
[2022-04-27T05:25:08.685+0000][1191.549s] GC(458) Pause Young (Normal) (G1 Evacuation Pause)
[2022-04-27T05:25:08.685+0000][1191.549s] GC(458) Using 8 workers of 8 for evacuation
[2022-04-27T05:25:08.693+0000][1191.557s] GC(458)   Pre Evacuate Collection Set: 0.0ms
[2022-04-27T05:25:08.693+0000][1191.557s] GC(458)   Evacuate Collection Set: 4.9ms
[2022-04-27T05:25:08.694+0000][1191.558s] GC(458)   Post Evacuate Collection Set: 2.2ms
[2022-04-27T05:25:08.694+0000][1191.558s] GC(458)   Other: 0.8ms
[2022-04-27T05:25:08.695+0000][1191.558s] GC(458) Eden regions: 284->0(287)
[2022-04-27T05:25:08.695+0000][1191.558s] GC(458) Survivor regions: 23->20(39)
[2022-04-27T05:25:08.695+0000][1191.559s] GC(458) Old regions: 64->65
[2022-04-27T05:25:08.695+0000][1191.559s] GC(458) Humongous regions: 7->7
[2022-04-27T05:25:08.696+0000][1191.559s] GC(458) Metaspace: 57190K->57190K(1101824K)
[2022-04-27T05:25:08.696+0000][1191.560s] GC(458) Pause Young (Normal) (G1 Evacuation Pause) 376M->89M(512M) 11.097ms
[2022-04-27T05:25:08.696+0000][1191.560s] GC(458) User=0.04s Sys=0.01s Real=0.01s
[2022-04-27T05:25:10.710+0000][1193.574s] GC(459) Pause Young (Normal) (G1 Evacuation Pause)
[2022-04-27T05:25:10.710+0000][1193.574s] GC(459) Using 8 workers of 8 for evacuation
[2022-04-27T05:25:10.723+0000][1193.586s] GC(459)   Pre Evacuate Collection Set: 0.0ms
[2022-04-27T05:25:10.723+0000][1193.587s] GC(459)   Evacuate Collection Set: 4.6ms
[2022-04-27T05:25:10.723+0000][1193.587s] GC(459)   Post Evacuate Collection Set: 7.2ms
[2022-04-27T05:25:10.723+0000][1193.587s] GC(459)   Other: 0.7ms
[2022-04-27T05:25:10.724+0000][1193.587s] GC(459) Eden regions: 287->0(290)
[2022-04-27T05:25:10.724+0000][1193.588s] GC(459) Survivor regions: 20->17(39)
[2022-04-27T05:25:10.725+0000][1193.588s] GC(459) Old regions: 65->65
[2022-04-27T05:25:10.725+0000][1193.588s] GC(459) Humongous regions: 7->7
[2022-04-27T05:25:10.725+0000][1193.589s] GC(459) Metaspace: 57190K->57190K(1101824K)
[2022-04-27T05:25:10.725+0000][1193.589s] GC(459) Pause Young (Normal) (G1 Evacuation Pause) 376M->86M(512M) 15.357ms
[2022-04-27T05:25:10.726+0000][1193.589s] GC(459) User=0.08s Sys=0.01s Real=0.02s
[2022-04-27T05:25:12.833+0000][1195.697s] GC(460) Pause Young (Normal) (G1 Evacuation Pause)
[2022-04-27T05:25:12.833+0000][1195.697s] GC(460) Using 8 workers of 8 for evacuation
[2022-04-27T05:25:12.842+0000][1195.705s] GC(460)   Pre Evacuate Collection Set: 0.0ms
[2022-04-27T05:25:12.842+0000][1195.706s] GC(460)   Evacuate Collection Set: 4.3ms
[2022-04-27T05:25:12.842+0000][1195.706s] GC(460)   Post Evacuate Collection Set: 3.5ms
[2022-04-27T05:25:12.843+0000][1195.706s] GC(460)   Other: 0.9ms
[2022-04-27T05:25:12.843+0000][1195.707s] GC(460) Eden regions: 290->0(283)
[2022-04-27T05:25:12.843+0000][1195.707s] GC(460) Survivor regions: 17->24(39)
[2022-04-27T05:25:12.844+0000][1195.707s] GC(460) Old regions: 65->65
[2022-04-27T05:25:12.844+0000][1195.707s] GC(460) Humongous regions: 7->7
[2022-04-27T05:25:12.844+0000][1195.708s] GC(460) Metaspace: 57190K->57190K(1101824K)
[2022-04-27T05:25:12.844+0000][1195.708s] GC(460) Pause Young (Normal) (G1 Evacuation Pause) 376M->93M(512M) 11.258ms
[2022-04-27T05:25:12.845+0000][1195.708s] GC(460) User=0.05s Sys=0.00s Real=0.01s
[2022-04-27T05:25:14.538+0000][1197.402s] GC(461) Pause Young (Normal) (G1 Evacuation Pause)
[2022-04-27T05:25:14.538+0000][1197.402s] GC(461) Using 8 workers of 8 for evacuation
[2022-04-27T05:25:14.546+0000][1197.409s] GC(461)   Pre Evacuate Collection Set: 0.0ms
[2022-04-27T05:25:14.546+0000][1197.410s] GC(461)   Evacuate Collection Set: 4.7ms
[2022-04-27T05:25:14.546+0000][1197.410s] GC(461)   Post Evacuate Collection Set: 2.3ms
[2022-04-27T05:25:14.547+0000][1197.410s] GC(461)   Other: 0.8ms
[2022-04-27T05:25:14.547+0000][1197.410s] GC(461) Eden regions: 283->0(286)
[2022-04-27T05:25:14.547+0000][1197.411s] GC(461) Survivor regions: 24->21(39)
[2022-04-27T05:25:14.547+0000][1197.411s] GC(461) Old regions: 65->65
[2022-04-27T05:25:14.547+0000][1197.411s] GC(461) Humongous regions: 7->7
[2022-04-27T05:25:14.548+0000][1197.411s] GC(461) Metaspace: 57190K->57190K(1101824K)
[2022-04-27T05:25:14.548+0000][1197.412s] GC(461) Pause Young (Normal) (G1 Evacuation Pause) 376M->90M(512M) 9.978ms
[2022-04-27T05:25:14.548+0000][1197.412s] GC(461) User=0.05s Sys=0.00s Real=0.01s
[2022-04-27T05:25:16.394+0000][1199.258s] GC(462) Pause Young (Normal) (G1 Evacuation Pause)
[2022-04-27T05:25:16.395+0000][1199.258s] GC(462) Using 8 workers of 8 for evacuation
[2022-04-27T05:25:16.407+0000][1199.271s] GC(462)   Pre Evacuate Collection Set: 0.0ms
[2022-04-27T05:25:16.407+0000][1199.271s] GC(462)   Evacuate Collection Set: 9.0ms
[2022-04-27T05:25:16.408+0000][1199.271s] GC(462)   Post Evacuate Collection Set: 3.1ms
[2022-04-27T05:25:16.408+0000][1199.272s] GC(462)   Other: 0.8ms
[2022-04-27T05:25:16.408+0000][1199.272s] GC(462) Eden regions: 286->0(290)
[2022-04-27T05:25:16.409+0000][1199.272s] GC(462) Survivor regions: 21->17(39)
[2022-04-27T05:25:16.409+0000][1199.273s] GC(462) Old regions: 65->65
[2022-04-27T05:25:16.409+0000][1199.273s] GC(462) Humongous regions: 7->7
[2022-04-27T05:25:16.409+0000][1199.273s] GC(462) Metaspace: 57190K->57190K(1101824K)
[2022-04-27T05:25:16.410+0000][1199.273s] GC(462) Pause Young (Normal) (G1 Evacuation Pause) 376M->86M(512M) 15.516ms
[2022-04-27T05:25:16.410+0000][1199.274s] GC(462) User=0.08s Sys=0.01s Real=0.01s
[2022-04-27T05:25:18.855+0000][1201.718s] GC(463) Pause Young (Normal) (G1 Evacuation Pause)
[2022-04-27T05:25:18.935+0000][1201.799s] GC(463) Using 8 workers of 8 for evacuation
[2022-04-27T05:25:18.945+0000][1201.809s] GC(463)   Pre Evacuate Collection Set: 0.0ms
[2022-04-27T05:25:18.946+0000][1201.810s] GC(463)   Evacuate Collection Set: 5.7ms
[2022-04-27T05:25:18.947+0000][1201.810s] GC(463)   Post Evacuate Collection Set: 3.4ms
[2022-04-27T05:25:18.947+0000][1201.811s] GC(463)   Other: 81.5ms
[2022-04-27T05:25:18.948+0000][1201.811s] GC(463) Eden regions: 290->0(286)
[2022-04-27T05:25:18.948+0000][1201.812s] GC(463) Survivor regions: 17->21(39)
[2022-04-27T05:25:18.949+0000][1201.812s] GC(463) Old regions: 65->65
[2022-04-27T05:25:18.949+0000][1201.813s] GC(463) Humongous regions: 7->7
[2022-04-27T05:25:18.950+0000][1201.814s] GC(463) Metaspace: 57190K->57190K(1101824K)
[2022-04-27T05:25:18.951+0000][1201.814s] GC(463) Pause Young (Normal) (G1 Evacuation Pause) 376M->90M(512M) 95.833ms
[2022-04-27T05:25:18.951+0000][1201.815s] GC(463) User=0.06s Sys=0.00s Real=0.10s
[2022-04-27T05:25:20.558+0000][1203.422s] GC(464) Pause Young (Normal) (G1 Evacuation Pause)
[2022-04-27T05:25:20.558+0000][1203.422s] GC(464) Using 8 workers of 8 for evacuation
[2022-04-27T05:25:20.565+0000][1203.429s] GC(464)   Pre Evacuate Collection Set: 0.0ms
[2022-04-27T05:25:20.565+0000][1203.429s] GC(464)   Evacuate Collection Set: 3.0ms
[2022-04-27T05:25:20.566+0000][1203.429s] GC(464)   Post Evacuate Collection Set: 3.4ms
[2022-04-27T05:25:20.566+0000][1203.430s] GC(464)   Other: 0.4ms
[2022-04-27T05:25:20.567+0000][1203.430s] GC(464) Eden regions: 286->0(285)
[2022-04-27T05:25:20.567+0000][1203.431s] GC(464) Survivor regions: 21->22(39)
[2022-04-27T05:25:20.567+0000][1203.431s] GC(464) Old regions: 65->65
[2022-04-27T05:25:20.568+0000][1203.431s] GC(464) Humongous regions: 7->7
[2022-04-27T05:25:20.568+0000][1203.431s] GC(464) Metaspace: 57190K->57190K(1101824K)
[2022-04-27T05:25:20.568+0000][1203.432s] GC(464) Pause Young (Normal) (G1 Evacuation Pause) 376M->91M(512M) 9.818ms
[2022-04-27T05:25:20.568+0000][1203.432s] GC(464) User=0.05s Sys=0.00s Real=0.01s
[2022-04-27T05:25:22.367+0000][1205.230s] GC(465) Pause Young (Normal) (G1 Evacuation Pause)
[2022-04-27T05:25:22.367+0000][1205.231s] GC(465) Using 8 workers of 8 for evacuation
[2022-04-27T05:25:22.377+0000][1205.241s] GC(465)   Pre Evacuate Collection Set: 0.0ms
[2022-04-27T05:25:22.377+0000][1205.241s] GC(465)   Evacuate Collection Set: 3.6ms
[2022-04-27T05:25:22.378+0000][1205.241s] GC(465)   Post Evacuate Collection Set: 6.1ms
[2022-04-27T05:25:22.378+0000][1205.242s] GC(465)   Other: 0.8ms
[2022-04-27T05:25:22.378+0000][1205.242s] GC(465) Eden regions: 285->0(289)
[2022-04-27T05:25:22.378+0000][1205.242s] GC(465) Survivor regions: 22->18(39)
[2022-04-27T05:25:22.379+0000][1205.242s] GC(465) Old regions: 65->65
[2022-04-27T05:25:22.379+0000][1205.243s] GC(465) Humongous regions: 7->7
[2022-04-27T05:25:22.379+0000][1205.243s] GC(465) Metaspace: 57190K->57190K(1101824K)
[2022-04-27T05:25:22.380+0000][1205.243s] GC(465) Pause Young (Normal) (G1 Evacuation Pause) 376M->87M(512M) 13.136ms
[2022-04-27T05:25:22.380+0000][1205.244s] GC(465) User=0.06s Sys=0.01s Real=0.01s
[2022-04-27T05:25:24.262+0000][1207.126s] GC(466) Pause Young (Normal) (G1 Evacuation Pause)
[2022-04-27T05:25:24.262+0000][1207.126s] GC(466) Using 8 workers of 8 for evacuation
[2022-04-27T05:25:24.270+0000][1207.133s] GC(466)   Pre Evacuate Collection Set: 0.0ms
[2022-04-27T05:25:24.270+0000][1207.134s] GC(466)   Evacuate Collection Set: 3.2ms
[2022-04-27T05:25:24.270+0000][1207.134s] GC(466)   Post Evacuate Collection Set: 3.6ms
[2022-04-27T05:25:24.271+0000][1207.134s] GC(466)   Other: 0.9ms
[2022-04-27T05:25:24.271+0000][1207.135s] GC(466) Eden regions: 289->0(286)
[2022-04-27T05:25:24.271+0000][1207.135s] GC(466) Survivor regions: 18->21(39)
[2022-04-27T05:25:24.272+0000][1207.135s] GC(466) Old regions: 65->65
[2022-04-27T05:25:24.272+0000][1207.136s] GC(466) Humongous regions: 7->7
[2022-04-27T05:25:24.272+0000][1207.136s] GC(466) Metaspace: 57190K->57190K(1101824K)
[2022-04-27T05:25:24.273+0000][1207.136s] GC(466) Pause Young (Normal) (G1 Evacuation Pause) 376M->90M(512M) 10.647ms
[2022-04-27T05:25:24.273+0000][1207.137s] GC(466) User=0.04s Sys=0.01s Real=0.01s
[2022-04-27T05:25:25.888+0000][1208.752s] GC(467) Pause Young (Normal) (G1 Evacuation Pause)
[2022-04-27T05:25:25.889+0000][1208.752s] GC(467) Using 8 workers of 8 for evacuation
[2022-04-27T05:25:25.895+0000][1208.758s] GC(467)   Pre Evacuate Collection Set: 0.0ms
[2022-04-27T05:25:25.895+0000][1208.759s] GC(467)   Evacuate Collection Set: 3.6ms
[2022-04-27T05:25:25.896+0000][1208.759s] GC(467)   Post Evacuate Collection Set: 2.3ms
[2022-04-27T05:25:25.896+0000][1208.760s] GC(467)   Other: 0.5ms
[2022-04-27T05:25:25.896+0000][1208.760s] GC(467) Eden regions: 286->0(289)
[2022-04-27T05:25:25.897+0000][1208.760s] GC(467) Survivor regions: 21->18(39)
[2022-04-27T05:25:25.897+0000][1208.761s] GC(467) Old regions: 65->65
[2022-04-27T05:25:25.897+0000][1208.761s] GC(467) Humongous regions: 7->7
[2022-04-27T05:25:25.898+0000][1208.761s] GC(467) Metaspace: 57190K->57190K(1101824K)
[2022-04-27T05:25:25.898+0000][1208.761s] GC(467) Pause Young (Normal) (G1 Evacuation Pause) 376M->87M(512M) 9.473ms
[2022-04-27T05:25:25.898+0000][1208.762s] GC(467) User=0.04s Sys=0.00s Real=0.01s
[2022-04-27T05:25:28.567+0000][1211.431s] GC(468) Pause Young (Normal) (G1 Evacuation Pause)
[2022-04-27T05:25:28.567+0000][1211.431s] GC(468) Using 8 workers of 8 for evacuation
[2022-04-27T05:25:28.574+0000][1211.438s] GC(468)   Pre Evacuate Collection Set: 0.0ms
[2022-04-27T05:25:28.574+0000][1211.438s] GC(468)   Evacuate Collection Set: 3.7ms
[2022-04-27T05:25:28.575+0000][1211.438s] GC(468)   Post Evacuate Collection Set: 2.3ms
[2022-04-27T05:25:28.575+0000][1211.439s] GC(468)   Other: 0.7ms
[2022-04-27T05:25:28.576+0000][1211.439s] GC(468) Eden regions: 289->0(289)
[2022-04-27T05:25:28.576+0000][1211.440s] GC(468) Survivor regions: 18->18(39)
[2022-04-27T05:25:28.576+0000][1211.440s] GC(468) Old regions: 65->65
[2022-04-27T05:25:28.577+0000][1211.440s] GC(468) Humongous regions: 7->7
[2022-04-27T05:25:28.577+0000][1211.441s] GC(468) Metaspace: 57190K->57190K(1101824K)
[2022-04-27T05:25:28.578+0000][1211.441s] GC(468) Pause Young (Normal) (G1 Evacuation Pause) 376M->87M(512M) 10.565ms
[2022-04-27T05:25:28.578+0000][1211.442s] GC(468) User=0.04s Sys=0.00s Real=0.01s
[2022-04-27T05:25:30.349+0000][1213.213s] GC(469) Pause Young (Normal) (G1 Evacuation Pause)
[2022-04-27T05:25:30.350+0000][1213.213s] GC(469) Using 8 workers of 8 for evacuation
[2022-04-27T05:25:30.359+0000][1213.222s] GC(469)   Pre Evacuate Collection Set: 0.0ms
[2022-04-27T05:25:30.359+0000][1213.223s] GC(469)   Evacuate Collection Set: 3.9ms
[2022-04-27T05:25:30.359+0000][1213.223s] GC(469)   Post Evacuate Collection Set: 4.2ms
[2022-04-27T05:25:30.360+0000][1213.223s] GC(469)   Other: 1.0ms
[2022-04-27T05:25:30.360+0000][1213.224s] GC(469) Eden regions: 289->0(283)
[2022-04-27T05:25:30.360+0000][1213.224s] GC(469) Survivor regions: 18->24(39)
[2022-04-27T05:25:30.361+0000][1213.224s] GC(469) Old regions: 65->65
[2022-04-27T05:25:30.361+0000][1213.225s] GC(469) Humongous regions: 7->7
[2022-04-27T05:25:30.361+0000][1213.225s] GC(469) Metaspace: 57190K->57190K(1101824K)
[2022-04-27T05:25:30.362+0000][1213.226s] GC(469) Pause Young (Normal) (G1 Evacuation Pause) 376M->93M(512M) 12.541ms
[2022-04-27T05:25:30.362+0000][1213.226s] GC(469) User=0.06s Sys=0.00s Real=0.02s
[2022-04-27T05:25:31.901+0000][1214.764s] GC(470) Pause Young (Normal) (G1 Evacuation Pause)
[2022-04-27T05:25:31.901+0000][1214.765s] GC(470) Using 8 workers of 8 for evacuation
[2022-04-27T05:25:31.909+0000][1214.772s] GC(470)   Pre Evacuate Collection Set: 0.0ms
[2022-04-27T05:25:31.909+0000][1214.773s] GC(470)   Evacuate Collection Set: 4.6ms
[2022-04-27T05:25:31.909+0000][1214.773s] GC(470)   Post Evacuate Collection Set: 2.5ms
[2022-04-27T05:25:31.910+0000][1214.773s] GC(470)   Other: 0.8ms
[2022-04-27T05:25:31.910+0000][1214.774s] GC(470) Eden regions: 283->0(286)
[2022-04-27T05:25:31.911+0000][1214.774s] GC(470) Survivor regions: 24->21(39)
[2022-04-27T05:25:31.911+0000][1214.774s] GC(470) Old regions: 65->65
[2022-04-27T05:25:31.911+0000][1214.775s] GC(470) Humongous regions: 7->7
[2022-04-27T05:25:31.911+0000][1214.775s] GC(470) Metaspace: 57190K->57190K(1101824K)
[2022-04-27T05:25:31.912+0000][1214.775s] GC(470) Pause Young (Normal) (G1 Evacuation Pause) 376M->90M(512M) 10.967ms
[2022-04-27T05:25:31.912+0000][1214.776s] GC(470) User=0.05s Sys=0.00s Real=0.01s
[2022-04-27T05:25:33.876+0000][1216.739s] GC(471) Pause Young (Normal) (G1 Evacuation Pause)
[2022-04-27T05:25:33.876+0000][1216.740s] GC(471) Using 8 workers of 8 for evacuation
[2022-04-27T05:25:33.883+0000][1216.747s] GC(471)   Pre Evacuate Collection Set: 0.0ms
[2022-04-27T05:25:33.884+0000][1216.747s] GC(471)   Evacuate Collection Set: 3.4ms
[2022-04-27T05:25:33.884+0000][1216.748s] GC(471)   Post Evacuate Collection Set: 3.1ms
[2022-04-27T05:25:33.884+0000][1216.748s] GC(471)   Other: 0.8ms
[2022-04-27T05:25:33.885+0000][1216.748s] GC(471) Eden regions: 286->0(289)
[2022-04-27T05:25:33.885+0000][1216.749s] GC(471) Survivor regions: 21->18(39)
[2022-04-27T05:25:33.885+0000][1216.749s] GC(471) Old regions: 65->65
[2022-04-27T05:25:33.886+0000][1216.749s] GC(471) Humongous regions: 7->7
[2022-04-27T05:25:33.886+0000][1216.750s] GC(471) Metaspace: 57190K->57190K(1101824K)
[2022-04-27T05:25:33.886+0000][1216.750s] GC(471) Pause Young (Normal) (G1 Evacuation Pause) 376M->87M(512M) 10.546ms
[2022-04-27T05:25:33.887+0000][1216.750s] GC(471) User=0.05s Sys=0.00s Real=0.01s
[2022-04-27T05:25:36.046+0000][1218.909s] GC(472) Pause Young (Normal) (G1 Evacuation Pause)
[2022-04-27T05:25:36.046+0000][1218.910s] GC(472) Using 8 workers of 8 for evacuation
[2022-04-27T05:25:36.054+0000][1218.918s] GC(472)   Pre Evacuate Collection Set: 0.0ms
[2022-04-27T05:25:36.054+0000][1218.918s] GC(472)   Evacuate Collection Set: 4.4ms
[2022-04-27T05:25:36.055+0000][1218.919s] GC(472)   Post Evacuate Collection Set: 3.4ms
[2022-04-27T05:25:36.055+0000][1218.919s] GC(472)   Other: 0.8ms
[2022-04-27T05:25:36.055+0000][1218.919s] GC(472) Eden regions: 289->0(283)
[2022-04-27T05:25:36.056+0000][1218.919s] GC(472) Survivor regions: 18->24(39)
[2022-04-27T05:25:36.056+0000][1218.920s] GC(472) Old regions: 65->65
[2022-04-27T05:25:36.056+0000][1218.920s] GC(472) Humongous regions: 7->7
[2022-04-27T05:25:36.057+0000][1218.920s] GC(472) Metaspace: 57190K->57190K(1101824K)
[2022-04-27T05:25:36.057+0000][1218.921s] GC(472) Pause Young (Normal) (G1 Evacuation Pause) 376M->93M(512M) 11.380ms
[2022-04-27T05:25:36.057+0000][1218.921s] GC(472) User=0.05s Sys=0.01s Real=0.01s
[2022-04-27T05:25:37.643+0000][1220.506s] GC(473) Pause Young (Normal) (G1 Evacuation Pause)
[2022-04-27T05:25:37.643+0000][1220.507s] GC(473) Using 8 workers of 8 for evacuation
[2022-04-27T05:25:37.650+0000][1220.514s] GC(473)   Pre Evacuate Collection Set: 0.0ms
[2022-04-27T05:25:37.651+0000][1220.514s] GC(473)   Evacuate Collection Set: 4.6ms
[2022-04-27T05:25:37.651+0000][1220.515s] GC(473)   Post Evacuate Collection Set: 2.1ms
[2022-04-27T05:25:37.651+0000][1220.515s] GC(473)   Other: 1.0ms
[2022-04-27T05:25:37.652+0000][1220.515s] GC(473) Eden regions: 283->0(287)
[2022-04-27T05:25:37.652+0000][1220.516s] GC(473) Survivor regions: 24->20(39)
[2022-04-27T05:25:37.653+0000][1220.516s] GC(473) Old regions: 65->65
[2022-04-27T05:25:37.653+0000][1220.516s] GC(473) Humongous regions: 7->7
[2022-04-27T05:25:37.653+0000][1220.517s] GC(473) Metaspace: 57190K->57190K(1101824K)
[2022-04-27T05:25:37.654+0000][1220.517s] GC(473) Pause Young (Normal) (G1 Evacuation Pause) 376M->90M(512M) 10.952ms
[2022-04-27T05:25:37.654+0000][1220.518s] GC(473) User=0.04s Sys=0.00s Real=0.01s
[2022-04-27T05:25:39.215+0000][1222.078s] GC(474) Pause Young (Normal) (G1 Evacuation Pause)
[2022-04-27T05:25:39.215+0000][1222.079s] GC(474) Using 8 workers of 8 for evacuation
[2022-04-27T05:25:39.221+0000][1222.085s] GC(474)   Pre Evacuate Collection Set: 0.0ms
[2022-04-27T05:25:39.221+0000][1222.085s] GC(474)   Evacuate Collection Set: 3.6ms
[2022-04-27T05:25:39.222+0000][1222.085s] GC(474)   Post Evacuate Collection Set: 2.1ms
[2022-04-27T05:25:39.222+0000][1222.086s] GC(474)   Other: 0.8ms
[2022-04-27T05:25:39.222+0000][1222.086s] GC(474) Eden regions: 287->0(290)
[2022-04-27T05:25:39.223+0000][1222.086s] GC(474) Survivor regions: 20->17(39)
[2022-04-27T05:25:39.223+0000][1222.087s] GC(474) Old regions: 65->65
[2022-04-27T05:25:39.223+0000][1222.087s] GC(474) Humongous regions: 7->7
[2022-04-27T05:25:39.224+0000][1222.087s] GC(474) Metaspace: 57190K->57190K(1101824K)
[2022-04-27T05:25:39.224+0000][1222.088s] GC(474) Pause Young (Normal) (G1 Evacuation Pause) 377M->87M(512M) 9.406ms
[2022-04-27T05:25:39.224+0000][1222.088s] GC(474) User=0.02s Sys=0.01s Real=0.01s
[2022-04-27T05:25:41.482+0000][1224.345s] GC(475) Pause Young (Normal) (G1 Evacuation Pause)
[2022-04-27T05:25:41.482+0000][1224.346s] GC(475) Using 8 workers of 8 for evacuation
[2022-04-27T05:25:41.490+0000][1224.354s] GC(475)   Pre Evacuate Collection Set: 0.0ms
[2022-04-27T05:25:41.490+0000][1224.354s] GC(475)   Evacuate Collection Set: 4.1ms
[2022-04-27T05:25:41.491+0000][1224.354s] GC(475)   Post Evacuate Collection Set: 3.7ms
[2022-04-27T05:25:41.491+0000][1224.355s] GC(475)   Other: 0.7ms
[2022-04-27T05:25:41.492+0000][1224.355s] GC(475) Eden regions: 290->0(284)
[2022-04-27T05:25:41.492+0000][1224.356s] GC(475) Survivor regions: 17->23(39)
[2022-04-27T05:25:41.492+0000][1224.356s] GC(475) Old regions: 65->65
[2022-04-27T05:25:41.492+0000][1224.356s] GC(475) Humongous regions: 7->7
[2022-04-27T05:25:41.493+0000][1224.356s] GC(475) Metaspace: 57190K->57190K(1101824K)
[2022-04-27T05:25:41.493+0000][1224.357s] GC(475) Pause Young (Normal) (G1 Evacuation Pause) 377M->93M(512M) 11.449ms
[2022-04-27T05:25:41.493+0000][1224.357s] GC(475) User=0.04s Sys=0.02s Real=0.01s
[2022-04-27T05:25:43.111+0000][1225.975s] GC(476) Pause Young (Normal) (G1 Evacuation Pause)
[2022-04-27T05:25:43.112+0000][1225.975s] GC(476) Using 8 workers of 8 for evacuation
[2022-04-27T05:25:43.118+0000][1225.982s] GC(476)   Pre Evacuate Collection Set: 0.0ms
[2022-04-27T05:25:43.118+0000][1225.982s] GC(476)   Evacuate Collection Set: 3.2ms
[2022-04-27T05:25:43.119+0000][1225.982s] GC(476)   Post Evacuate Collection Set: 2.7ms
[2022-04-27T05:25:43.119+0000][1225.983s] GC(476)   Other: 0.8ms
[2022-04-27T05:25:43.119+0000][1225.983s] GC(476) Eden regions: 284->0(289)
[2022-04-27T05:25:43.120+0000][1225.983s] GC(476) Survivor regions: 23->18(39)
[2022-04-27T05:25:43.120+0000][1225.984s] GC(476) Old regions: 65->65
[2022-04-27T05:25:43.120+0000][1225.984s] GC(476) Humongous regions: 7->7
[2022-04-27T05:25:43.121+0000][1225.984s] GC(476) Metaspace: 57190K->57190K(1101824K)
[2022-04-27T05:25:43.121+0000][1225.984s] GC(476) Pause Young (Normal) (G1 Evacuation Pause) 377M->88M(512M) 9.497ms
[2022-04-27T05:25:43.121+0000][1225.985s] GC(476) User=0.04s Sys=0.00s Real=0.01s
[2022-04-27T05:25:44.828+0000][1227.692s] GC(477) Pause Young (Normal) (G1 Evacuation Pause)
[2022-04-27T05:25:44.829+0000][1227.692s] GC(477) Using 8 workers of 8 for evacuation
[2022-04-27T05:25:44.835+0000][1227.698s] GC(477)   Pre Evacuate Collection Set: 0.0ms
[2022-04-27T05:25:44.835+0000][1227.699s] GC(477)   Evacuate Collection Set: 3.5ms
[2022-04-27T05:25:44.835+0000][1227.699s] GC(477)   Post Evacuate Collection Set: 2.2ms
[2022-04-27T05:25:44.836+0000][1227.700s] GC(477)   Other: 1.0ms
[2022-04-27T05:25:44.836+0000][1227.700s] GC(477) Eden regions: 289->0(289)
[2022-04-27T05:25:44.837+0000][1227.700s] GC(477) Survivor regions: 18->18(39)
[2022-04-27T05:25:44.837+0000][1227.701s] GC(477) Old regions: 65->65
[2022-04-27T05:25:44.837+0000][1227.701s] GC(477) Humongous regions: 7->7
[2022-04-27T05:25:44.838+0000][1227.702s] GC(477) Metaspace: 57190K->57190K(1101824K)
[2022-04-27T05:25:44.838+0000][1227.702s] GC(477) Pause Young (Normal) (G1 Evacuation Pause) 377M->87M(512M) 10.166ms
[2022-04-27T05:25:44.839+0000][1227.702s] GC(477) User=0.04s Sys=0.00s Real=0.01s
[2022-04-27T05:25:47.309+0000][1230.173s] GC(478) Pause Young (Normal) (G1 Evacuation Pause)
[2022-04-27T05:25:47.310+0000][1230.173s] GC(478) Using 8 workers of 8 for evacuation
[2022-04-27T05:25:47.323+0000][1230.186s] GC(478)   Pre Evacuate Collection Set: 0.0ms
[2022-04-27T05:25:47.323+0000][1230.187s] GC(478)   Evacuate Collection Set: 8.1ms
[2022-04-27T05:25:47.323+0000][1230.187s] GC(478)   Post Evacuate Collection Set: 4.2ms
[2022-04-27T05:25:47.324+0000][1230.187s] GC(478)   Other: 1.0ms
[2022-04-27T05:25:47.324+0000][1230.188s] GC(478) Eden regions: 289->0(287)
[2022-04-27T05:25:47.325+0000][1230.188s] GC(478) Survivor regions: 18->20(39)
[2022-04-27T05:25:47.325+0000][1230.188s] GC(478) Old regions: 65->65
[2022-04-27T05:25:47.325+0000][1230.189s] GC(478) Humongous regions: 7->7
[2022-04-27T05:25:47.326+0000][1230.189s] GC(478) Metaspace: 57190K->57190K(1101824K)
[2022-04-27T05:25:47.326+0000][1230.190s] GC(478) Pause Young (Normal) (G1 Evacuation Pause) 376M->90M(512M) 16.764ms
[2022-04-27T05:25:47.326+0000][1230.190s] GC(478) User=0.09s Sys=0.00s Real=0.02s
[2022-04-27T05:25:49.020+0000][1231.884s] GC(479) Pause Young (Normal) (G1 Evacuation Pause)
[2022-04-27T05:25:49.020+0000][1231.884s] GC(479) Using 8 workers of 8 for evacuation
[2022-04-27T05:25:49.025+0000][1231.889s] GC(479)   Pre Evacuate Collection Set: 0.0ms
[2022-04-27T05:25:49.026+0000][1231.889s] GC(479)   Evacuate Collection Set: 2.7ms
[2022-04-27T05:25:49.026+0000][1231.890s] GC(479)   Post Evacuate Collection Set: 2.2ms
[2022-04-27T05:25:49.026+0000][1231.890s] GC(479)   Other: 0.4ms
[2022-04-27T05:25:49.027+0000][1231.890s] GC(479) Eden regions: 287->0(291)
[2022-04-27T05:25:49.027+0000][1231.891s] GC(479) Survivor regions: 20->16(39)
[2022-04-27T05:25:49.027+0000][1231.891s] GC(479) Old regions: 65->65
[2022-04-27T05:25:49.027+0000][1231.891s] GC(479) Humongous regions: 7->7
[2022-04-27T05:25:49.028+0000][1231.891s] GC(479) Metaspace: 57190K->57190K(1101824K)
[2022-04-27T05:25:49.028+0000][1231.892s] GC(479) Pause Young (Normal) (G1 Evacuation Pause) 377M->86M(512M) 7.780ms
[2022-04-27T05:25:49.028+0000][1231.892s] GC(479) User=0.04s Sys=0.00s Real=0.01s
[2022-04-27T05:25:50.766+0000][1233.630s] GC(480) Pause Young (Normal) (G1 Evacuation Pause)
[2022-04-27T05:25:50.767+0000][1233.630s] GC(480) Using 8 workers of 8 for evacuation
[2022-04-27T05:25:50.773+0000][1233.637s] GC(480)   Pre Evacuate Collection Set: 0.0ms
[2022-04-27T05:25:50.774+0000][1233.637s] GC(480)   Evacuate Collection Set: 3.7ms
[2022-04-27T05:25:50.774+0000][1233.638s] GC(480)   Post Evacuate Collection Set: 2.2ms
[2022-04-27T05:25:50.774+0000][1233.638s] GC(480)   Other: 1.0ms
[2022-04-27T05:25:50.775+0000][1233.638s] GC(480) Eden regions: 291->0(290)
[2022-04-27T05:25:50.775+0000][1233.639s] GC(480) Survivor regions: 16->17(39)
[2022-04-27T05:25:50.776+0000][1233.639s] GC(480) Old regions: 65->65
[2022-04-27T05:25:50.776+0000][1233.639s] GC(480) Humongous regions: 7->7
[2022-04-27T05:25:50.776+0000][1233.640s] GC(480) Metaspace: 57190K->57190K(1101824K)
[2022-04-27T05:25:50.776+0000][1233.640s] GC(480) Pause Young (Normal) (G1 Evacuation Pause) 377M->87M(512M) 10.018ms
[2022-04-27T05:25:50.777+0000][1233.640s] GC(480) User=0.04s Sys=0.00s Real=0.01s
[2022-04-27T05:25:53.197+0000][1236.061s] GC(481) Pause Young (Normal) (G1 Evacuation Pause)
[2022-04-27T05:25:53.197+0000][1236.061s] GC(481) Using 8 workers of 8 for evacuation
[2022-04-27T05:25:53.205+0000][1236.069s] GC(481)   Pre Evacuate Collection Set: 0.0ms
[2022-04-27T05:25:53.206+0000][1236.069s] GC(481)   Evacuate Collection Set: 3.8ms
[2022-04-27T05:25:53.206+0000][1236.070s] GC(481)   Post Evacuate Collection Set: 3.5ms
[2022-04-27T05:25:53.206+0000][1236.070s] GC(481)   Other: 0.8ms
[2022-04-27T05:25:53.207+0000][1236.070s] GC(481) Eden regions: 290->0(285)
[2022-04-27T05:25:53.207+0000][1236.071s] GC(481) Survivor regions: 17->22(39)
[2022-04-27T05:25:53.207+0000][1236.071s] GC(481) Old regions: 65->65
[2022-04-27T05:25:53.208+0000][1236.071s] GC(481) Humongous regions: 7->7
[2022-04-27T05:25:53.208+0000][1236.072s] GC(481) Metaspace: 57190K->57190K(1101824K)
[2022-04-27T05:25:53.208+0000][1236.072s] GC(481) Pause Young (Normal) (G1 Evacuation Pause) 377M->91M(512M) 11.277ms
[2022-04-27T05:25:53.209+0000][1236.072s] GC(481) User=0.05s Sys=0.00s Real=0.01s
[2022-04-27T05:25:54.913+0000][1237.776s] GC(482) Pause Young (Normal) (G1 Evacuation Pause)
[2022-04-27T05:25:54.913+0000][1237.777s] GC(482) Using 8 workers of 8 for evacuation
[2022-04-27T05:25:54.919+0000][1237.782s] GC(482)   Pre Evacuate Collection Set: 0.0ms
[2022-04-27T05:25:54.919+0000][1237.783s] GC(482)   Evacuate Collection Set: 2.9ms
[2022-04-27T05:25:54.919+0000][1237.783s] GC(482)   Post Evacuate Collection Set: 2.5ms
[2022-04-27T05:25:54.919+0000][1237.783s] GC(482)   Other: 0.5ms
[2022-04-27T05:25:54.920+0000][1237.783s] GC(482) Eden regions: 285->0(290)
[2022-04-27T05:25:54.920+0000][1237.784s] GC(482) Survivor regions: 22->17(39)
[2022-04-27T05:25:54.920+0000][1237.784s] GC(482) Old regions: 65->65
[2022-04-27T05:25:54.921+0000][1237.784s] GC(482) Humongous regions: 7->7
[2022-04-27T05:25:54.921+0000][1237.784s] GC(482) Metaspace: 57190K->57190K(1101824K)
[2022-04-27T05:25:54.921+0000][1237.785s] GC(482) Pause Young (Normal) (G1 Evacuation Pause) 376M->86M(512M) 8.329ms
[2022-04-27T05:25:54.921+0000][1237.785s] GC(482) User=0.04s Sys=0.00s Real=0.01s
[2022-04-27T05:25:56.662+0000][1239.526s] GC(483) Pause Young (Normal) (G1 Evacuation Pause)
[2022-04-27T05:25:56.662+0000][1239.526s] GC(483) Using 8 workers of 8 for evacuation
[2022-04-27T05:25:56.669+0000][1239.532s] GC(483)   Pre Evacuate Collection Set: 0.0ms
[2022-04-27T05:25:56.669+0000][1239.533s] GC(483)   Evacuate Collection Set: 3.5ms
[2022-04-27T05:25:56.669+0000][1239.533s] GC(483)   Post Evacuate Collection Set: 2.3ms
[2022-04-27T05:25:56.669+0000][1239.533s] GC(483)   Other: 0.8ms
[2022-04-27T05:25:56.670+0000][1239.533s] GC(483) Eden regions: 290->0(290)
[2022-04-27T05:25:56.670+0000][1239.534s] GC(483) Survivor regions: 17->17(39)
[2022-04-27T05:25:56.670+0000][1239.534s] GC(483) Old regions: 65->65
[2022-04-27T05:25:56.670+0000][1239.534s] GC(483) Humongous regions: 7->7
[2022-04-27T05:25:56.671+0000][1239.534s] GC(483) Metaspace: 57190K->57190K(1101824K)
[2022-04-27T05:25:56.671+0000][1239.535s] GC(483) Pause Young (Normal) (G1 Evacuation Pause) 376M->87M(512M) 8.988ms
[2022-04-27T05:25:56.671+0000][1239.535s] GC(483) User=0.04s Sys=0.00s Real=0.01s
[2022-04-27T05:25:58.923+0000][1241.787s] GC(484) Pause Young (Normal) (G1 Evacuation Pause)
[2022-04-27T05:25:58.924+0000][1241.787s] GC(484) Using 8 workers of 8 for evacuation
[2022-04-27T05:25:58.930+0000][1241.794s] GC(484)   Pre Evacuate Collection Set: 0.0ms
[2022-04-27T05:25:58.931+0000][1241.794s] GC(484)   Evacuate Collection Set: 2.9ms
[2022-04-27T05:25:58.931+0000][1241.794s] GC(484)   Post Evacuate Collection Set: 3.2ms
[2022-04-27T05:25:58.931+0000][1241.795s] GC(484)   Other: 0.6ms
[2022-04-27T05:25:58.931+0000][1241.795s] GC(484) Eden regions: 290->0(287)
[2022-04-27T05:25:58.932+0000][1241.795s] GC(484) Survivor regions: 17->20(39)
[2022-04-27T05:25:58.932+0000][1241.796s] GC(484) Old regions: 65->65
[2022-04-27T05:25:58.932+0000][1241.796s] GC(484) Humongous regions: 7->7
[2022-04-27T05:25:58.932+0000][1241.796s] GC(484) Metaspace: 57190K->57190K(1101824K)
[2022-04-27T05:25:58.933+0000][1241.796s] GC(484) Pause Young (Normal) (G1 Evacuation Pause) 377M->90M(512M) 9.303ms
[2022-04-27T05:25:58.933+0000][1241.797s] GC(484) User=0.05s Sys=0.01s Real=0.01s
[2022-04-27T05:26:00.525+0000][1243.388s] GC(485) Pause Young (Normal) (G1 Evacuation Pause)
[2022-04-27T05:26:00.525+0000][1243.389s] GC(485) Using 8 workers of 8 for evacuation
[2022-04-27T05:26:00.530+0000][1243.394s] GC(485)   Pre Evacuate Collection Set: 0.0ms
[2022-04-27T05:26:00.531+0000][1243.394s] GC(485)   Evacuate Collection Set: 2.9ms
[2022-04-27T05:26:00.531+0000][1243.395s] GC(485)   Post Evacuate Collection Set: 2.1ms
[2022-04-27T05:26:00.531+0000][1243.395s] GC(485)   Other: 0.4ms
[2022-04-27T05:26:00.532+0000][1243.395s] GC(485) Eden regions: 287->0(290)
[2022-04-27T05:26:00.532+0000][1243.396s] GC(485) Survivor regions: 20->17(39)
[2022-04-27T05:26:00.532+0000][1243.396s] GC(485) Old regions: 65->65
[2022-04-27T05:26:00.533+0000][1243.397s] GC(485) Humongous regions: 7->7
[2022-04-27T05:26:00.533+0000][1243.397s] GC(485) Metaspace: 57190K->57190K(1101824K)
[2022-04-27T05:26:00.534+0000][1243.397s] GC(485) Pause Young (Normal) (G1 Evacuation Pause) 377M->86M(512M) 8.874ms
[2022-04-27T05:26:00.534+0000][1243.398s] GC(485) User=0.03s Sys=0.00s Real=0.01s
[2022-04-27T05:26:02.124+0000][1244.987s] GC(486) Pause Young (Normal) (G1 Evacuation Pause)
[2022-04-27T05:26:02.124+0000][1244.988s] GC(486) Using 8 workers of 8 for evacuation
[2022-04-27T05:26:02.130+0000][1244.994s] GC(486)   Pre Evacuate Collection Set: 0.0ms
[2022-04-27T05:26:02.131+0000][1244.994s] GC(486)   Evacuate Collection Set: 3.6ms
[2022-04-27T05:26:02.131+0000][1244.995s] GC(486)   Post Evacuate Collection Set: 2.1ms
[2022-04-27T05:26:02.131+0000][1244.995s] GC(486)   Other: 1.0ms
[2022-04-27T05:26:02.131+0000][1244.995s] GC(486) Eden regions: 290->0(289)
[2022-04-27T05:26:02.132+0000][1244.995s] GC(486) Survivor regions: 17->18(39)
[2022-04-27T05:26:02.132+0000][1244.996s] GC(486) Old regions: 65->65
[2022-04-27T05:26:02.132+0000][1244.996s] GC(486) Humongous regions: 7->7
[2022-04-27T05:26:02.133+0000][1244.996s] GC(486) Metaspace: 57190K->57190K(1101824K)
[2022-04-27T05:26:02.133+0000][1244.997s] GC(486) Pause Young (Normal) (G1 Evacuation Pause) 376M->87M(512M) 9.275ms
[2022-04-27T05:26:02.133+0000][1244.997s] GC(486) User=0.04s Sys=0.01s Real=0.01s
[2022-04-27T05:26:04.330+0000][1247.194s] GC(487) Pause Young (Normal) (G1 Evacuation Pause)
[2022-04-27T05:26:04.331+0000][1247.194s] GC(487) Using 8 workers of 8 for evacuation
[2022-04-27T05:26:04.337+0000][1247.201s] GC(487)   Pre Evacuate Collection Set: 0.0ms
[2022-04-27T05:26:04.338+0000][1247.201s] GC(487)   Evacuate Collection Set: 2.6ms
[2022-04-27T05:26:04.338+0000][1247.202s] GC(487)   Post Evacuate Collection Set: 3.4ms
[2022-04-27T05:26:04.338+0000][1247.202s] GC(487)   Other: 0.5ms
[2022-04-27T05:26:04.339+0000][1247.202s] GC(487) Eden regions: 289->0(287)
[2022-04-27T05:26:04.339+0000][1247.203s] GC(487) Survivor regions: 18->20(39)
[2022-04-27T05:26:04.339+0000][1247.203s] GC(487) Old regions: 65->65
[2022-04-27T05:26:04.340+0000][1247.203s] GC(487) Humongous regions: 7->7
[2022-04-27T05:26:04.340+0000][1247.204s] GC(487) Metaspace: 57190K->57190K(1101824K)
[2022-04-27T05:26:04.340+0000][1247.204s] GC(487) Pause Young (Normal) (G1 Evacuation Pause) 376M->89M(512M) 9.748ms
[2022-04-27T05:26:04.340+0000][1247.204s] GC(487) User=0.04s Sys=0.00s Real=0.01s
[2022-04-27T05:26:05.930+0000][1248.794s] GC(488) Pause Young (Normal) (G1 Evacuation Pause)
[2022-04-27T05:26:05.930+0000][1248.794s] GC(488) Using 8 workers of 8 for evacuation
[2022-04-27T05:26:05.938+0000][1248.802s] GC(488)   Pre Evacuate Collection Set: 0.0ms
[2022-04-27T05:26:05.939+0000][1248.802s] GC(488)   Evacuate Collection Set: 4.6ms
[2022-04-27T05:26:05.939+0000][1248.803s] GC(488)   Post Evacuate Collection Set: 2.8ms
[2022-04-27T05:26:05.939+0000][1248.803s] GC(488)   Other: 0.9ms
[2022-04-27T05:26:05.940+0000][1248.803s] GC(488) Eden regions: 287->0(286)
[2022-04-27T05:26:05.940+0000][1248.804s] GC(488) Survivor regions: 20->21(39)
[2022-04-27T05:26:05.940+0000][1248.804s] GC(488) Old regions: 65->65
[2022-04-27T05:26:05.941+0000][1248.804s] GC(488) Humongous regions: 7->7
[2022-04-27T05:26:05.941+0000][1248.805s] GC(488) Metaspace: 57190K->57190K(1101824K)
[2022-04-27T05:26:05.941+0000][1248.805s] GC(488) Pause Young (Normal) (G1 Evacuation Pause) 376M->91M(512M) 11.374ms
[2022-04-27T05:26:05.942+0000][1248.805s] GC(488) User=0.04s Sys=0.02s Real=0.02s
[2022-04-27T05:26:07.548+0000][1250.412s] GC(489) Pause Young (Normal) (G1 Evacuation Pause)
[2022-04-27T05:26:07.549+0000][1250.412s] GC(489) Using 8 workers of 8 for evacuation
[2022-04-27T05:26:07.554+0000][1250.418s] GC(489)   Pre Evacuate Collection Set: 0.0ms
[2022-04-27T05:26:07.555+0000][1250.418s] GC(489)   Evacuate Collection Set: 3.4ms
[2022-04-27T05:26:07.555+0000][1250.419s] GC(489)   Post Evacuate Collection Set: 2.0ms
[2022-04-27T05:26:07.555+0000][1250.419s] GC(489)   Other: 0.5ms
[2022-04-27T05:26:07.556+0000][1250.419s] GC(489) Eden regions: 286->0(289)
[2022-04-27T05:26:07.556+0000][1250.420s] GC(489) Survivor regions: 21->18(39)
[2022-04-27T05:26:07.556+0000][1250.420s] GC(489) Old regions: 65->65
[2022-04-27T05:26:07.557+0000][1250.420s] GC(489) Humongous regions: 7->7
[2022-04-27T05:26:07.557+0000][1250.420s] GC(489) Metaspace: 57190K->57190K(1101824K)
[2022-04-27T05:26:07.557+0000][1250.421s] GC(489) Pause Young (Normal) (G1 Evacuation Pause) 377M->87M(512M) 8.824ms
[2022-04-27T05:26:07.558+0000][1250.421s] GC(489) User=0.04s Sys=0.00s Real=0.01s
[2022-04-27T05:26:09.717+0000][1252.580s] GC(490) Pause Young (Normal) (G1 Evacuation Pause)
[2022-04-27T05:26:09.717+0000][1252.581s] GC(490) Using 8 workers of 8 for evacuation
[2022-04-27T05:26:09.725+0000][1252.589s] GC(490)   Pre Evacuate Collection Set: 0.0ms
[2022-04-27T05:26:09.726+0000][1252.589s] GC(490)   Evacuate Collection Set: 4.4ms
[2022-04-27T05:26:09.726+0000][1252.590s] GC(490)   Post Evacuate Collection Set: 3.6ms
[2022-04-27T05:26:09.726+0000][1252.590s] GC(490)   Other: 0.8ms
[2022-04-27T05:26:09.727+0000][1252.590s] GC(490) Eden regions: 289->0(283)
[2022-04-27T05:26:09.727+0000][1252.591s] GC(490) Survivor regions: 18->24(39)
[2022-04-27T05:26:09.727+0000][1252.591s] GC(490) Old regions: 65->65
[2022-04-27T05:26:09.728+0000][1252.591s] GC(490) Humongous regions: 7->7
[2022-04-27T05:26:09.728+0000][1252.592s] GC(490) Metaspace: 57190K->57190K(1101824K)
[2022-04-27T05:26:09.728+0000][1252.592s] GC(490) Pause Young (Normal) (G1 Evacuation Pause) 376M->93M(512M) 11.775ms
[2022-04-27T05:26:09.729+0000][1252.592s] GC(490) User=0.06s Sys=0.00s Real=0.01s
[2022-04-27T05:26:11.307+0000][1254.170s] GC(491) Pause Young (Normal) (G1 Evacuation Pause)
[2022-04-27T05:26:11.307+0000][1254.171s] GC(491) Using 8 workers of 8 for evacuation
[2022-04-27T05:26:11.314+0000][1254.177s] GC(491)   Pre Evacuate Collection Set: 0.0ms
[2022-04-27T05:26:11.314+0000][1254.178s] GC(491)   Evacuate Collection Set: 4.1ms
[2022-04-27T05:26:11.314+0000][1254.178s] GC(491)   Post Evacuate Collection Set: 2.0ms
[2022-04-27T05:26:11.315+0000][1254.178s] GC(491)   Other: 1.0ms
[2022-04-27T05:26:11.315+0000][1254.179s] GC(491) Eden regions: 283->0(287)
[2022-04-27T05:26:11.315+0000][1254.179s] GC(491) Survivor regions: 24->20(39)
[2022-04-27T05:26:11.316+0000][1254.179s] GC(491) Old regions: 65->65
[2022-04-27T05:26:11.316+0000][1254.180s] GC(491) Humongous regions: 7->7
[2022-04-27T05:26:11.316+0000][1254.180s] GC(491) Metaspace: 57190K->57190K(1101824K)
[2022-04-27T05:26:11.317+0000][1254.181s] GC(491) Pause Young (Normal) (G1 Evacuation Pause) 376M->90M(512M) 10.268ms
[2022-04-27T05:26:11.317+0000][1254.181s] GC(491) User=0.05s Sys=0.00s Real=0.01s
[2022-04-27T05:26:13.061+0000][1255.925s] GC(492) Pause Young (Normal) (G1 Evacuation Pause)
[2022-04-27T05:26:13.061+0000][1255.925s] GC(492) Using 8 workers of 8 for evacuation
[2022-04-27T05:26:13.069+0000][1255.932s] GC(492)   Pre Evacuate Collection Set: 0.0ms
[2022-04-27T05:26:13.069+0000][1255.933s] GC(492)   Evacuate Collection Set: 4.5ms
[2022-04-27T05:26:13.069+0000][1255.933s] GC(492)   Post Evacuate Collection Set: 2.3ms
[2022-04-27T05:26:13.070+0000][1255.934s] GC(492)   Other: 0.9ms
[2022-04-27T05:26:13.070+0000][1255.934s] GC(492) Eden regions: 287->0(286)
[2022-04-27T05:26:13.070+0000][1255.934s] GC(492) Survivor regions: 20->21(39)
[2022-04-27T05:26:13.071+0000][1255.934s] GC(492) Old regions: 65->65
[2022-04-27T05:26:13.071+0000][1255.935s] GC(492) Humongous regions: 7->7
[2022-04-27T05:26:13.071+0000][1255.935s] GC(492) Metaspace: 57190K->57190K(1101824K)
[2022-04-27T05:26:13.072+0000][1255.935s] GC(492) Pause Young (Normal) (G1 Evacuation Pause) 377M->91M(512M) 10.787ms
[2022-04-27T05:26:13.072+0000][1255.936s] GC(492) User=0.04s Sys=0.00s Real=0.01s
[2022-04-27T05:26:15.312+0000][1258.176s] GC(493) Pause Young (Normal) (G1 Evacuation Pause)
[2022-04-27T05:26:15.312+0000][1258.176s] GC(493) Using 8 workers of 8 for evacuation
[2022-04-27T05:26:15.320+0000][1258.183s] GC(493)   Pre Evacuate Collection Set: 0.0ms
[2022-04-27T05:26:15.320+0000][1258.184s] GC(493)   Evacuate Collection Set: 2.7ms
[2022-04-27T05:26:15.320+0000][1258.184s] GC(493)   Post Evacuate Collection Set: 4.0ms
[2022-04-27T05:26:15.321+0000][1258.184s] GC(493)   Other: 0.8ms
[2022-04-27T05:26:15.321+0000][1258.185s] GC(493) Eden regions: 286->0(287)
[2022-04-27T05:26:15.321+0000][1258.185s] GC(493) Survivor regions: 21->20(39)
[2022-04-27T05:26:15.322+0000][1258.185s] GC(493) Old regions: 65->65
[2022-04-27T05:26:15.322+0000][1258.186s] GC(493) Humongous regions: 7->7
[2022-04-27T05:26:15.322+0000][1258.186s] GC(493) Metaspace: 57190K->57190K(1101824K)
[2022-04-27T05:26:15.323+0000][1258.186s] GC(493) Pause Young (Normal) (G1 Evacuation Pause) 377M->90M(512M) 10.511ms
[2022-04-27T05:26:15.323+0000][1258.186s] GC(493) User=0.05s Sys=0.01s Real=0.01s
[2022-04-27T05:26:17.043+0000][1259.907s] GC(494) Pause Young (Normal) (G1 Evacuation Pause)
[2022-04-27T05:26:17.044+0000][1259.907s] GC(494) Using 8 workers of 8 for evacuation
[2022-04-27T05:26:17.060+0000][1259.923s] GC(494)   Pre Evacuate Collection Set: 0.0ms
[2022-04-27T05:26:17.060+0000][1259.924s] GC(494)   Evacuate Collection Set: 6.9ms
[2022-04-27T05:26:17.060+0000][1259.924s] GC(494)   Post Evacuate Collection Set: 8.4ms
[2022-04-27T05:26:17.060+0000][1259.924s] GC(494)   Other: 0.9ms
[2022-04-27T05:26:17.061+0000][1259.924s] GC(494) Eden regions: 287->0(286)
[2022-04-27T05:26:17.061+0000][1259.925s] GC(494) Survivor regions: 20->21(39)
[2022-04-27T05:26:17.061+0000][1259.925s] GC(494) Old regions: 65->65
[2022-04-27T05:26:17.062+0000][1259.925s] GC(494) Humongous regions: 7->7
[2022-04-27T05:26:17.062+0000][1259.925s] GC(494) Metaspace: 57190K->57190K(1101824K)
[2022-04-27T05:26:17.062+0000][1259.926s] GC(494) Pause Young (Normal) (G1 Evacuation Pause) 377M->91M(512M) 18.606ms
[2022-04-27T05:26:17.062+0000][1259.926s] GC(494) User=0.10s Sys=0.01s Real=0.02s
[2022-04-27T05:26:21.043+0000][1263.906s] GC(495) Pause Young (Normal) (G1 Evacuation Pause)
[2022-04-27T05:26:21.043+0000][1263.907s] GC(495) Using 8 workers of 8 for evacuation
[2022-04-27T05:26:21.049+0000][1263.913s] GC(495)   Pre Evacuate Collection Set: 0.0ms
[2022-04-27T05:26:21.049+0000][1263.913s] GC(495)   Evacuate Collection Set: 4.6ms
[2022-04-27T05:26:21.050+0000][1263.913s] GC(495)   Post Evacuate Collection Set: 0.9ms
[2022-04-27T05:26:21.050+0000][1263.914s] GC(495)   Other: 0.8ms
[2022-04-27T05:26:21.050+0000][1263.914s] GC(495) Eden regions: 286->0(291)
[2022-04-27T05:26:21.051+0000][1263.914s] GC(495) Survivor regions: 21->16(39)
[2022-04-27T05:26:21.051+0000][1263.915s] GC(495) Old regions: 65->65
[2022-04-27T05:26:21.051+0000][1263.915s] GC(495) Humongous regions: 7->7
[2022-04-27T05:26:21.052+0000][1263.915s] GC(495) Metaspace: 57190K->57190K(1101824K)
[2022-04-27T05:26:21.052+0000][1263.915s] GC(495) Pause Young (Normal) (G1 Evacuation Pause) 377M->86M(512M) 9.211ms
[2022-04-27T05:26:21.052+0000][1263.916s] GC(495) User=0.03s Sys=0.00s Real=0.01s
[2022-04-27T05:26:23.424+0000][1266.288s] GC(496) Pause Young (Normal) (G1 Evacuation Pause)
[2022-04-27T05:26:23.425+0000][1266.288s] GC(496) Using 8 workers of 8 for evacuation
[2022-04-27T05:26:23.436+0000][1266.299s] GC(496)   Pre Evacuate Collection Set: 0.0ms
[2022-04-27T05:26:23.436+0000][1266.300s] GC(496)   Evacuate Collection Set: 6.6ms
[2022-04-27T05:26:23.436+0000][1266.300s] GC(496)   Post Evacuate Collection Set: 4.0ms
[2022-04-27T05:26:23.437+0000][1266.300s] GC(496)   Other: 0.7ms
[2022-04-27T05:26:23.437+0000][1266.301s] GC(496) Eden regions: 291->0(279)
[2022-04-27T05:26:23.437+0000][1266.301s] GC(496) Survivor regions: 16->28(39)
[2022-04-27T05:26:23.437+0000][1266.301s] GC(496) Old regions: 65->65
[2022-04-27T05:26:23.438+0000][1266.301s] GC(496) Humongous regions: 7->7
[2022-04-27T05:26:23.438+0000][1266.302s] GC(496) Metaspace: 57190K->57190K(1101824K)
[2022-04-27T05:26:23.438+0000][1266.302s] GC(496) Pause Young (Normal) (G1 Evacuation Pause) 377M->97M(512M) 14.128ms
[2022-04-27T05:26:23.439+0000][1266.303s] GC(496) User=0.08s Sys=0.00s Real=0.01s
[2022-04-27T05:26:25.309+0000][1268.173s] GC(497) Pause Young (Normal) (G1 Evacuation Pause)
[2022-04-27T05:26:25.310+0000][1268.174s] GC(497) Using 8 workers of 8 for evacuation
[2022-04-27T05:26:25.328+0000][1268.191s] GC(497)   Pre Evacuate Collection Set: 0.0ms
[2022-04-27T05:26:25.328+0000][1268.192s] GC(497)   Evacuate Collection Set: 12.2ms
[2022-04-27T05:26:25.328+0000][1268.192s] GC(497)   Post Evacuate Collection Set: 5.0ms
[2022-04-27T05:26:25.329+0000][1268.192s] GC(497)   Other: 0.8ms
[2022-04-27T05:26:25.329+0000][1268.193s] GC(497) Eden regions: 279->0(285)
[2022-04-27T05:26:25.329+0000][1268.193s] GC(497) Survivor regions: 28->22(39)
[2022-04-27T05:26:25.329+0000][1268.193s] GC(497) Old regions: 65->69
[2022-04-27T05:26:25.330+0000][1268.193s] GC(497) Humongous regions: 7->7
[2022-04-27T05:26:25.330+0000][1268.194s] GC(497) Metaspace: 57190K->57190K(1101824K)
[2022-04-27T05:26:25.330+0000][1268.194s] GC(497) Pause Young (Normal) (G1 Evacuation Pause) 376M->95M(512M) 20.646ms
[2022-04-27T05:26:25.330+0000][1268.194s] GC(497) User=0.13s Sys=0.00s Real=0.02s
[2022-04-27T05:26:27.154+0000][1270.017s] GC(498) Pause Young (Normal) (G1 Evacuation Pause)
[2022-04-27T05:26:27.154+0000][1270.018s] GC(498) Using 8 workers of 8 for evacuation
[2022-04-27T05:26:27.164+0000][1270.027s] GC(498)   Pre Evacuate Collection Set: 0.0ms
[2022-04-27T05:26:27.164+0000][1270.028s] GC(498)   Evacuate Collection Set: 6.0ms
[2022-04-27T05:26:27.165+0000][1270.028s] GC(498)   Post Evacuate Collection Set: 3.1ms
[2022-04-27T05:26:27.165+0000][1270.029s] GC(498)   Other: 0.9ms
[2022-04-27T05:26:27.165+0000][1270.029s] GC(498) Eden regions: 285->0(284)
[2022-04-27T05:26:27.166+0000][1270.029s] GC(498) Survivor regions: 22->23(39)
[2022-04-27T05:26:27.166+0000][1270.030s] GC(498) Old regions: 69->69
[2022-04-27T05:26:27.168+0000][1270.032s] GC(498) Humongous regions: 7->7
[2022-04-27T05:26:27.168+0000][1270.032s] GC(498) Metaspace: 57190K->57190K(1101824K)
[2022-04-27T05:26:27.169+0000][1270.032s] GC(498) Pause Young (Normal) (G1 Evacuation Pause) 380M->96M(512M) 15.075ms
[2022-04-27T05:26:27.169+0000][1270.033s] GC(498) User=0.06s Sys=0.00s Real=0.01s
[2022-04-27T05:26:29.805+0000][1272.669s] GC(499) Pause Young (Normal) (G1 Evacuation Pause)
[2022-04-27T05:26:29.806+0000][1272.669s] GC(499) Using 8 workers of 8 for evacuation
[2022-04-27T05:26:29.816+0000][1272.680s] GC(499)   Pre Evacuate Collection Set: 0.0ms
[2022-04-27T05:26:29.816+0000][1272.680s] GC(499)   Evacuate Collection Set: 5.2ms
[2022-04-27T05:26:29.817+0000][1272.680s] GC(499)   Post Evacuate Collection Set: 4.6ms
[2022-04-27T05:26:29.817+0000][1272.681s] GC(499)   Other: 0.9ms
[2022-04-27T05:26:29.817+0000][1272.681s] GC(499) Eden regions: 284->0(289)
[2022-04-27T05:26:29.818+0000][1272.682s] GC(499) Survivor regions: 23->18(39)
[2022-04-27T05:26:29.818+0000][1272.682s] GC(499) Old regions: 69->71
[2022-04-27T05:26:29.819+0000][1272.682s] GC(499) Humongous regions: 7->7
[2022-04-27T05:26:29.819+0000][1272.683s] GC(499) Metaspace: 57190K->57190K(1101824K)
[2022-04-27T05:26:29.819+0000][1272.683s] GC(499) Pause Young (Normal) (G1 Evacuation Pause) 380M->93M(512M) 14.137ms
[2022-04-27T05:26:29.820+0000][1272.683s] GC(499) User=0.06s Sys=0.00s Real=0.01s
[2022-04-27T05:26:31.674+0000][1274.538s] GC(500) Pause Young (Normal) (G1 Evacuation Pause)
[2022-04-27T05:26:31.675+0000][1274.538s] GC(500) Using 8 workers of 8 for evacuation
[2022-04-27T05:26:31.685+0000][1274.548s] GC(500)   Pre Evacuate Collection Set: 0.0ms
[2022-04-27T05:26:31.685+0000][1274.549s] GC(500)   Evacuate Collection Set: 6.1ms
[2022-04-27T05:26:31.685+0000][1274.549s] GC(500)   Post Evacuate Collection Set: 3.3ms
[2022-04-27T05:26:31.686+0000][1274.549s] GC(500)   Other: 0.9ms
[2022-04-27T05:26:31.686+0000][1274.550s] GC(500) Eden regions: 289->0(283)
[2022-04-27T05:26:31.686+0000][1274.550s] GC(500) Survivor regions: 18->24(39)
[2022-04-27T05:26:31.686+0000][1274.550s] GC(500) Old regions: 71->71
[2022-04-27T05:26:31.687+0000][1274.550s] GC(500) Humongous regions: 7->7
[2022-04-27T05:26:31.687+0000][1274.551s] GC(500) Metaspace: 57190K->57190K(1101824K)
[2022-04-27T05:26:31.687+0000][1274.551s] GC(500) Pause Young (Normal) (G1 Evacuation Pause) 382M->99M(512M) 13.069ms
[2022-04-27T05:26:31.688+0000][1274.551s] GC(500) User=0.07s Sys=0.00s Real=0.01s
[2022-04-27T05:26:33.673+0000][1276.536s] GC(501) Pause Young (Normal) (G1 Evacuation Pause)
[2022-04-27T05:26:33.673+0000][1276.537s] GC(501) Using 8 workers of 8 for evacuation
[2022-04-27T05:26:33.686+0000][1276.550s] GC(501)   Pre Evacuate Collection Set: 0.0ms
[2022-04-27T05:26:33.686+0000][1276.550s] GC(501)   Evacuate Collection Set: 8.8ms
[2022-04-27T05:26:33.687+0000][1276.550s] GC(501)   Post Evacuate Collection Set: 3.6ms
[2022-04-27T05:26:33.687+0000][1276.551s] GC(501)   Other: 0.9ms
[2022-04-27T05:26:33.687+0000][1276.551s] GC(501) Eden regions: 283->0(285)
[2022-04-27T05:26:33.688+0000][1276.551s] GC(501) Survivor regions: 24->22(39)
[2022-04-27T05:26:33.688+0000][1276.552s] GC(501) Old regions: 71->71
[2022-04-27T05:26:33.688+0000][1276.552s] GC(501) Humongous regions: 7->7
[2022-04-27T05:26:33.689+0000][1276.552s] GC(501) Metaspace: 57190K->57190K(1101824K)
[2022-04-27T05:26:33.689+0000][1276.552s] GC(501) Pause Young (Normal) (G1 Evacuation Pause) 382M->97M(512M) 16.204ms
[2022-04-27T05:26:33.689+0000][1276.553s] GC(501) User=0.09s Sys=0.00s Real=0.01s
[2022-04-27T05:26:35.664+0000][1278.528s] GC(502) Pause Young (Normal) (G1 Evacuation Pause)
[2022-04-27T05:26:35.664+0000][1278.528s] GC(502) Using 8 workers of 8 for evacuation
[2022-04-27T05:26:35.684+0000][1278.547s] GC(502)   Pre Evacuate Collection Set: 0.0ms
[2022-04-27T05:26:35.684+0000][1278.548s] GC(502)   Evacuate Collection Set: 9.0ms
[2022-04-27T05:26:35.684+0000][1278.548s] GC(502)   Post Evacuate Collection Set: 10.0ms
[2022-04-27T05:26:35.685+0000][1278.548s] GC(502)   Other: 0.7ms
[2022-04-27T05:26:35.685+0000][1278.549s] GC(502) Eden regions: 285->0(283)
[2022-04-27T05:26:35.685+0000][1278.549s] GC(502) Survivor regions: 22->24(39)
[2022-04-27T05:26:35.685+0000][1278.549s] GC(502) Old regions: 71->71
[2022-04-27T05:26:35.686+0000][1278.549s] GC(502) Humongous regions: 7->7
[2022-04-27T05:26:35.686+0000][1278.550s] GC(502) Metaspace: 57190K->57190K(1101824K)
[2022-04-27T05:26:35.686+0000][1278.550s] GC(502) Pause Young (Normal) (G1 Evacuation Pause) 382M->99M(512M) 22.184ms
[2022-04-27T05:26:35.687+0000][1278.550s] GC(502) User=0.13s Sys=0.00s Real=0.02s
[2022-04-27T05:26:37.811+0000][1280.675s] GC(503) Pause Young (Normal) (G1 Evacuation Pause)
[2022-04-27T05:26:37.812+0000][1280.676s] GC(503) Using 8 workers of 8 for evacuation
[2022-04-27T05:26:37.821+0000][1280.685s] GC(503)   Pre Evacuate Collection Set: 0.0ms
[2022-04-27T05:26:37.821+0000][1280.685s] GC(503)   Evacuate Collection Set: 4.3ms
[2022-04-27T05:26:37.822+0000][1280.685s] GC(503)   Post Evacuate Collection Set: 4.3ms
[2022-04-27T05:26:37.822+0000][1280.686s] GC(503)   Other: 1.0ms
[2022-04-27T05:26:37.822+0000][1280.686s] GC(503) Eden regions: 283->0(285)
[2022-04-27T05:26:37.823+0000][1280.686s] GC(503) Survivor regions: 24->22(39)
[2022-04-27T05:26:37.823+0000][1280.687s] GC(503) Old regions: 71->76
[2022-04-27T05:26:37.823+0000][1280.687s] GC(503) Humongous regions: 7->7
[2022-04-27T05:26:37.824+0000][1280.687s] GC(503) Metaspace: 57190K->57190K(1101824K)
[2022-04-27T05:26:37.824+0000][1280.688s] GC(503) Pause Young (Normal) (G1 Evacuation Pause) 382M->102M(512M) 12.653ms
[2022-04-27T05:26:37.824+0000][1280.688s] GC(503) User=0.05s Sys=0.01s Real=0.01s
[2022-04-27T05:26:39.553+0000][1282.417s] GC(504) Pause Young (Normal) (G1 Evacuation Pause)
[2022-04-27T05:26:39.554+0000][1282.417s] GC(504) Using 8 workers of 8 for evacuation
[2022-04-27T05:26:39.565+0000][1282.429s] GC(504)   Pre Evacuate Collection Set: 0.0ms
[2022-04-27T05:26:39.565+0000][1282.429s] GC(504)   Evacuate Collection Set: 7.9ms
[2022-04-27T05:26:39.566+0000][1282.429s] GC(504)   Post Evacuate Collection Set: 2.9ms
[2022-04-27T05:26:39.566+0000][1282.430s] GC(504)   Other: 0.6ms
[2022-04-27T05:26:39.566+0000][1282.430s] GC(504) Eden regions: 285->0(286)
[2022-04-27T05:26:39.567+0000][1282.430s] GC(504) Survivor regions: 22->21(39)
[2022-04-27T05:26:39.567+0000][1282.431s] GC(504) Old regions: 76->76
[2022-04-27T05:26:39.567+0000][1282.431s] GC(504) Humongous regions: 7->7
[2022-04-27T05:26:39.568+0000][1282.431s] GC(504) Metaspace: 57190K->57190K(1101824K)
[2022-04-27T05:26:39.568+0000][1282.432s] GC(504) Pause Young (Normal) (G1 Evacuation Pause) 387M->101M(512M) 14.620ms
[2022-04-27T05:26:39.568+0000][1282.432s] GC(504) User=0.08s Sys=0.00s Real=0.01s
[2022-04-27T05:26:41.292+0000][1284.155s] GC(505) Pause Young (Normal) (G1 Evacuation Pause)
[2022-04-27T05:26:41.292+0000][1284.156s] GC(505) Using 8 workers of 8 for evacuation
[2022-04-27T05:26:41.299+0000][1284.162s] GC(505)   Pre Evacuate Collection Set: 0.0ms
[2022-04-27T05:26:41.299+0000][1284.163s] GC(505)   Evacuate Collection Set: 3.0ms
[2022-04-27T05:26:41.299+0000][1284.163s] GC(505)   Post Evacuate Collection Set: 2.9ms
[2022-04-27T05:26:41.300+0000][1284.163s] GC(505)   Other: 0.9ms
[2022-04-27T05:26:41.300+0000][1284.164s] GC(505) Eden regions: 286->0(290)
[2022-04-27T05:26:41.300+0000][1284.164s] GC(505) Survivor regions: 21->17(39)
[2022-04-27T05:26:41.300+0000][1284.164s] GC(505) Old regions: 76->76
[2022-04-27T05:26:41.301+0000][1284.164s] GC(505) Humongous regions: 7->7
[2022-04-27T05:26:41.301+0000][1284.165s] GC(505) Metaspace: 57190K->57190K(1101824K)
[2022-04-27T05:26:41.301+0000][1284.165s] GC(505) Pause Young (Normal) (G1 Evacuation Pause) 387M->97M(512M) 9.424ms
[2022-04-27T05:26:41.301+0000][1284.165s] GC(505) User=0.04s Sys=0.00s Real=0.01s
[2022-04-27T05:26:43.501+0000][1286.364s] GC(506) Pause Young (Normal) (G1 Evacuation Pause)
[2022-04-27T05:26:43.501+0000][1286.365s] GC(506) Using 8 workers of 8 for evacuation
[2022-04-27T05:26:43.511+0000][1286.374s] GC(506)   Pre Evacuate Collection Set: 0.0ms
[2022-04-27T05:26:43.511+0000][1286.375s] GC(506)   Evacuate Collection Set: 4.3ms
[2022-04-27T05:26:43.511+0000][1286.375s] GC(506)   Post Evacuate Collection Set: 4.6ms
[2022-04-27T05:26:43.512+0000][1286.375s] GC(506)   Other: 0.8ms
[2022-04-27T05:26:43.512+0000][1286.376s] GC(506) Eden regions: 290->0(284)
[2022-04-27T05:26:43.512+0000][1286.376s] GC(506) Survivor regions: 17->23(39)
[2022-04-27T05:26:43.513+0000][1286.376s] GC(506) Old regions: 76->76
[2022-04-27T05:26:43.513+0000][1286.377s] GC(506) Humongous regions: 7->7
[2022-04-27T05:26:43.513+0000][1286.377s] GC(506) Metaspace: 57190K->57190K(1101824K)
[2022-04-27T05:26:43.514+0000][1286.377s] GC(506) Pause Young (Normal) (G1 Evacuation Pause) 387M->103M(512M) 13.023ms
[2022-04-27T05:26:43.514+0000][1286.378s] GC(506) User=0.06s Sys=0.01s Real=0.02s
[2022-04-27T05:26:45.181+0000][1288.045s] GC(507) Pause Young (Normal) (G1 Evacuation Pause)
[2022-04-27T05:26:45.181+0000][1288.045s] GC(507) Using 8 workers of 8 for evacuation
[2022-04-27T05:26:45.192+0000][1288.055s] GC(507)   Pre Evacuate Collection Set: 0.0ms
[2022-04-27T05:26:45.192+0000][1288.056s] GC(507)   Evacuate Collection Set: 4.8ms
[2022-04-27T05:26:45.192+0000][1288.056s] GC(507)   Post Evacuate Collection Set: 4.9ms
[2022-04-27T05:26:45.192+0000][1288.056s] GC(507)   Other: 0.9ms
[2022-04-27T05:26:45.193+0000][1288.056s] GC(507) Eden regions: 284->0(286)
[2022-04-27T05:26:45.193+0000][1288.056s] GC(507) Survivor regions: 23->21(39)
[2022-04-27T05:26:45.193+0000][1288.057s] GC(507) Old regions: 76->76
[2022-04-27T05:26:45.193+0000][1288.057s] GC(507) Humongous regions: 7->7
[2022-04-27T05:26:45.194+0000][1288.057s] GC(507) Metaspace: 57190K->57190K(1101824K)
[2022-04-27T05:26:45.194+0000][1288.058s] GC(507) Pause Young (Normal) (G1 Evacuation Pause) 387M->101M(512M) 13.185ms
[2022-04-27T05:26:45.195+0000][1288.058s] GC(507) User=0.07s Sys=0.00s Real=0.01s
[2022-04-27T05:26:47.126+0000][1289.990s] GC(508) Pause Young (Normal) (G1 Evacuation Pause)
[2022-04-27T05:26:47.126+0000][1289.990s] GC(508) Using 8 workers of 8 for evacuation
[2022-04-27T05:26:47.134+0000][1289.997s] GC(508)   Pre Evacuate Collection Set: 0.0ms
[2022-04-27T05:26:47.134+0000][1289.998s] GC(508)   Evacuate Collection Set: 4.0ms
[2022-04-27T05:26:47.135+0000][1289.998s] GC(508)   Post Evacuate Collection Set: 2.8ms
[2022-04-27T05:26:47.135+0000][1289.999s] GC(508)   Other: 0.7ms
[2022-04-27T05:26:47.136+0000][1289.999s] GC(508) Eden regions: 286->0(288)
[2022-04-27T05:26:47.136+0000][1290.000s] GC(508) Survivor regions: 21->19(39)
[2022-04-27T05:26:47.136+0000][1290.000s] GC(508) Old regions: 76->76
[2022-04-27T05:26:47.137+0000][1290.000s] GC(508) Humongous regions: 7->7
[2022-04-27T05:26:47.137+0000][1290.001s] GC(508) Metaspace: 57191K->57191K(1101824K)
[2022-04-27T05:26:47.137+0000][1290.001s] GC(508) Pause Young (Normal) (G1 Evacuation Pause) 387M->99M(512M) 11.194ms
[2022-04-27T05:26:47.138+0000][1290.001s] GC(508) User=0.05s Sys=0.00s Real=0.01s
[2022-04-27T05:26:49.551+0000][1292.415s] GC(509) Pause Young (Normal) (G1 Evacuation Pause)
[2022-04-27T05:26:49.552+0000][1292.415s] GC(509) Using 8 workers of 8 for evacuation
[2022-04-27T05:26:49.564+0000][1292.428s] GC(509)   Pre Evacuate Collection Set: 0.0ms
[2022-04-27T05:26:49.565+0000][1292.428s] GC(509)   Evacuate Collection Set: 6.6ms
[2022-04-27T05:26:49.565+0000][1292.429s] GC(509)   Post Evacuate Collection Set: 5.1ms
[2022-04-27T05:26:49.565+0000][1292.429s] GC(509)   Other: 1.3ms
[2022-04-27T05:26:49.566+0000][1292.430s] GC(509) Eden regions: 288->0(285)
[2022-04-27T05:26:49.566+0000][1292.430s] GC(509) Survivor regions: 19->22(39)
[2022-04-27T05:26:49.567+0000][1292.430s] GC(509) Old regions: 76->76
[2022-04-27T05:26:49.567+0000][1292.431s] GC(509) Humongous regions: 7->7
[2022-04-27T05:26:49.567+0000][1292.431s] GC(509) Metaspace: 57191K->57191K(1101824K)
[2022-04-27T05:26:49.568+0000][1292.431s] GC(509) Pause Young (Normal) (G1 Evacuation Pause) 387M->102M(512M) 16.672ms
[2022-04-27T05:26:49.568+0000][1292.432s] GC(509) User=0.09s Sys=0.00s Real=0.01s
[2022-04-27T05:26:51.681+0000][1294.545s] GC(510) Pause Young (Normal) (G1 Evacuation Pause)
[2022-04-27T05:26:51.682+0000][1294.545s] GC(510) Using 8 workers of 8 for evacuation
[2022-04-27T05:26:51.690+0000][1294.553s] GC(510)   Pre Evacuate Collection Set: 0.0ms
[2022-04-27T05:26:51.690+0000][1294.554s] GC(510)   Evacuate Collection Set: 4.7ms
[2022-04-27T05:26:51.691+0000][1294.554s] GC(510)   Post Evacuate Collection Set: 2.9ms
[2022-04-27T05:26:51.691+0000][1294.555s] GC(510)   Other: 0.8ms
[2022-04-27T05:26:51.691+0000][1294.555s] GC(510) Eden regions: 285->0(286)
[2022-04-27T05:26:51.692+0000][1294.555s] GC(510) Survivor regions: 22->21(39)
[2022-04-27T05:26:51.692+0000][1294.556s] GC(510) Old regions: 76->76
[2022-04-27T05:26:51.693+0000][1294.556s] GC(510) Humongous regions: 7->7
[2022-04-27T05:26:51.693+0000][1294.557s] GC(510) Metaspace: 57191K->57191K(1101824K)
[2022-04-27T05:26:51.694+0000][1294.557s] GC(510) Pause Young (Normal) (G1 Evacuation Pause) 387M->101M(512M) 12.549ms
[2022-04-27T05:26:51.694+0000][1294.558s] GC(510) User=0.05s Sys=0.00s Real=0.01s
[2022-04-27T05:26:53.371+0000][1296.235s] GC(511) Pause Young (Normal) (G1 Evacuation Pause)
[2022-04-27T05:26:53.372+0000][1296.235s] GC(511) Using 8 workers of 8 for evacuation
[2022-04-27T05:26:53.379+0000][1296.242s] GC(511)   Pre Evacuate Collection Set: 0.0ms
[2022-04-27T05:26:53.379+0000][1296.243s] GC(511)   Evacuate Collection Set: 3.6ms
[2022-04-27T05:26:53.379+0000][1296.243s] GC(511)   Post Evacuate Collection Set: 2.8ms
[2022-04-27T05:26:53.380+0000][1296.243s] GC(511)   Other: 0.9ms
[2022-04-27T05:26:53.380+0000][1296.243s] GC(511) Eden regions: 286->0(288)
[2022-04-27T05:26:53.380+0000][1296.244s] GC(511) Survivor regions: 21->19(39)
[2022-04-27T05:26:53.380+0000][1296.244s] GC(511) Old regions: 76->76
[2022-04-27T05:26:53.381+0000][1296.244s] GC(511) Humongous regions: 7->7
[2022-04-27T05:26:53.381+0000][1296.245s] GC(511) Metaspace: 57191K->57191K(1101824K)
[2022-04-27T05:26:53.381+0000][1296.245s] GC(511) Pause Young (Normal) (G1 Evacuation Pause) 387M->99M(512M) 9.688ms
[2022-04-27T05:26:53.381+0000][1296.245s] GC(511) User=0.04s Sys=0.00s Real=0.01s
[2022-04-27T05:26:55.655+0000][1298.519s] GC(512) Pause Young (Normal) (G1 Evacuation Pause)
[2022-04-27T05:26:55.655+0000][1298.519s] GC(512) Using 8 workers of 8 for evacuation
[2022-04-27T05:26:55.663+0000][1298.527s] GC(512)   Pre Evacuate Collection Set: 0.0ms
[2022-04-27T05:26:55.664+0000][1298.527s] GC(512)   Evacuate Collection Set: 4.0ms
[2022-04-27T05:26:55.664+0000][1298.528s] GC(512)   Post Evacuate Collection Set: 3.6ms
[2022-04-27T05:26:55.664+0000][1298.528s] GC(512)   Other: 0.5ms
[2022-04-27T05:26:55.665+0000][1298.528s] GC(512) Eden regions: 288->0(286)
[2022-04-27T05:26:55.665+0000][1298.529s] GC(512) Survivor regions: 19->21(39)
[2022-04-27T05:26:55.665+0000][1298.529s] GC(512) Old regions: 76->76
[2022-04-27T05:26:55.666+0000][1298.529s] GC(512) Humongous regions: 7->7
[2022-04-27T05:26:55.666+0000][1298.530s] GC(512) Metaspace: 57191K->57191K(1101824K)
[2022-04-27T05:26:55.666+0000][1298.530s] GC(512) Pause Young (Normal) (G1 Evacuation Pause) 387M->101M(512M) 11.299ms
[2022-04-27T05:26:55.667+0000][1298.530s] GC(512) User=0.05s Sys=0.00s Real=0.01s
[2022-04-27T05:26:57.299+0000][1300.163s] GC(513) Pause Young (Normal) (G1 Evacuation Pause)
[2022-04-27T05:26:57.300+0000][1300.163s] GC(513) Using 8 workers of 8 for evacuation
[2022-04-27T05:26:57.307+0000][1300.171s] GC(513)   Pre Evacuate Collection Set: 0.0ms
[2022-04-27T05:26:57.307+0000][1300.171s] GC(513)   Evacuate Collection Set: 4.5ms
[2022-04-27T05:26:57.308+0000][1300.172s] GC(513)   Post Evacuate Collection Set: 2.4ms
[2022-04-27T05:26:57.308+0000][1300.172s] GC(513)   Other: 0.9ms
[2022-04-27T05:26:57.309+0000][1300.172s] GC(513) Eden regions: 286->0(287)
[2022-04-27T05:26:57.309+0000][1300.173s] GC(513) Survivor regions: 21->20(39)
[2022-04-27T05:26:57.309+0000][1300.173s] GC(513) Old regions: 76->76
[2022-04-27T05:26:57.310+0000][1300.173s] GC(513) Humongous regions: 7->7
[2022-04-27T05:26:57.310+0000][1300.174s] GC(513) Metaspace: 57191K->57191K(1101824K)
[2022-04-27T05:26:57.310+0000][1300.174s] GC(513) Pause Young (Normal) (G1 Evacuation Pause) 387M->100M(512M) 10.906ms
[2022-04-27T05:26:57.311+0000][1300.174s] GC(513) User=0.05s Sys=0.00s Real=0.01s
[2022-04-27T05:26:59.103+0000][1301.967s] GC(514) Pause Young (Normal) (G1 Evacuation Pause)
[2022-04-27T05:26:59.104+0000][1301.967s] GC(514) Using 8 workers of 8 for evacuation
[2022-04-27T05:26:59.113+0000][1301.977s] GC(514)   Pre Evacuate Collection Set: 0.0ms
[2022-04-27T05:26:59.113+0000][1301.977s] GC(514)   Evacuate Collection Set: 5.0ms
[2022-04-27T05:26:59.114+0000][1301.977s] GC(514)   Post Evacuate Collection Set: 3.7ms
[2022-04-27T05:26:59.114+0000][1301.978s] GC(514)   Other: 0.9ms
[2022-04-27T05:26:59.114+0000][1301.978s] GC(514) Eden regions: 287->0(287)
[2022-04-27T05:26:59.114+0000][1301.978s] GC(514) Survivor regions: 20->20(39)
[2022-04-27T05:26:59.115+0000][1301.978s] GC(514) Old regions: 76->76
[2022-04-27T05:26:59.115+0000][1301.979s] GC(514) Humongous regions: 7->7
[2022-04-27T05:26:59.115+0000][1301.979s] GC(514) Metaspace: 57191K->57191K(1101824K)
[2022-04-27T05:26:59.116+0000][1301.979s] GC(514) Pause Young (Normal) (G1 Evacuation Pause) 387M->101M(512M) 12.202ms
[2022-04-27T05:26:59.116+0000][1301.979s] GC(514) User=0.06s Sys=0.00s Real=0.01s
[2022-04-27T05:27:01.049+0000][1303.913s] GC(515) Pause Young (Normal) (G1 Evacuation Pause)
[2022-04-27T05:27:01.050+0000][1303.913s] GC(515) Using 8 workers of 8 for evacuation
[2022-04-27T05:27:01.056+0000][1303.919s] GC(515)   Pre Evacuate Collection Set: 0.0ms
[2022-04-27T05:27:01.056+0000][1303.920s] GC(515)   Evacuate Collection Set: 3.5ms
[2022-04-27T05:27:01.057+0000][1303.920s] GC(515)   Post Evacuate Collection Set: 2.2ms
[2022-04-27T05:27:01.057+0000][1303.921s] GC(515)   Other: 0.8ms
[2022-04-27T05:27:01.057+0000][1303.921s] GC(515) Eden regions: 287->0(289)
[2022-04-27T05:27:01.058+0000][1303.921s] GC(515) Survivor regions: 20->18(39)
[2022-04-27T05:27:01.058+0000][1303.922s] GC(515) Old regions: 76->76
[2022-04-27T05:27:01.059+0000][1303.922s] GC(515) Humongous regions: 7->7
[2022-04-27T05:27:01.059+0000][1303.922s] GC(515) Metaspace: 57191K->57191K(1101824K)
[2022-04-27T05:27:01.059+0000][1303.923s] GC(515) Pause Young (Normal) (G1 Evacuation Pause) 388M->99M(512M) 9.748ms
[2022-04-27T05:27:01.059+0000][1303.923s] GC(515) User=0.04s Sys=0.00s Real=0.01s
[2022-04-27T05:27:03.106+0000][1305.969s] GC(516) Pause Young (Normal) (G1 Evacuation Pause)
[2022-04-27T05:27:03.106+0000][1305.970s] GC(516) Using 8 workers of 8 for evacuation
[2022-04-27T05:27:03.114+0000][1305.978s] GC(516)   Pre Evacuate Collection Set: 0.0ms
[2022-04-27T05:27:03.115+0000][1305.978s] GC(516)   Evacuate Collection Set: 3.5ms
[2022-04-27T05:27:03.115+0000][1305.979s] GC(516)   Post Evacuate Collection Set: 3.6ms
[2022-04-27T05:27:03.115+0000][1305.979s] GC(516)   Other: 1.0ms
[2022-04-27T05:27:03.116+0000][1305.979s] GC(516) Eden regions: 289->0(284)
[2022-04-27T05:27:03.116+0000][1305.980s] GC(516) Survivor regions: 18->23(39)
[2022-04-27T05:27:03.117+0000][1305.980s] GC(516) Old regions: 76->76
[2022-04-27T05:27:03.117+0000][1305.981s] GC(516) Humongous regions: 7->7
[2022-04-27T05:27:03.117+0000][1305.981s] GC(516) Metaspace: 57191K->57191K(1101824K)
[2022-04-27T05:27:03.118+0000][1305.981s] GC(516) Pause Young (Normal) (G1 Evacuation Pause) 388M->103M(512M) 11.907ms
[2022-04-27T05:27:03.118+0000][1305.982s] GC(516) User=0.05s Sys=0.00s Real=0.01s
[2022-04-27T05:27:04.792+0000][1307.656s] GC(517) Pause Young (Normal) (G1 Evacuation Pause)
[2022-04-27T05:27:04.793+0000][1307.656s] GC(517) Using 8 workers of 8 for evacuation
[2022-04-27T05:27:04.800+0000][1307.664s] GC(517)   Pre Evacuate Collection Set: 0.0ms
[2022-04-27T05:27:04.800+0000][1307.664s] GC(517)   Evacuate Collection Set: 4.7ms
[2022-04-27T05:27:04.801+0000][1307.664s] GC(517)   Post Evacuate Collection Set: 2.2ms
[2022-04-27T05:27:04.801+0000][1307.665s] GC(517)   Other: 0.9ms
[2022-04-27T05:27:04.802+0000][1307.665s] GC(517) Eden regions: 284->0(286)
[2022-04-27T05:27:04.802+0000][1307.666s] GC(517) Survivor regions: 23->21(39)
[2022-04-27T05:27:04.802+0000][1307.666s] GC(517) Old regions: 76->76
[2022-04-27T05:27:04.803+0000][1307.666s] GC(517) Humongous regions: 7->7
[2022-04-27T05:27:04.803+0000][1307.667s] GC(517) Metaspace: 57191K->57191K(1101824K)
[2022-04-27T05:27:04.804+0000][1307.667s] GC(517) Pause Young (Normal) (G1 Evacuation Pause) 387M->102M(512M) 11.440ms
[2022-04-27T05:27:04.804+0000][1307.668s] GC(517) User=0.05s Sys=0.00s Real=0.01s
[2022-04-27T05:27:06.431+0000][1309.295s] GC(518) Pause Young (Normal) (G1 Evacuation Pause)
[2022-04-27T05:27:06.432+0000][1309.295s] GC(518) Using 8 workers of 8 for evacuation
[2022-04-27T05:27:06.438+0000][1309.301s] GC(518)   Pre Evacuate Collection Set: 0.0ms
[2022-04-27T05:27:06.438+0000][1309.302s] GC(518)   Evacuate Collection Set: 3.4ms
[2022-04-27T05:27:06.438+0000][1309.302s] GC(518)   Post Evacuate Collection Set: 2.3ms
[2022-04-27T05:27:06.439+0000][1309.302s] GC(518)   Other: 0.5ms
[2022-04-27T05:27:06.439+0000][1309.303s] GC(518) Eden regions: 286->0(289)
[2022-04-27T05:27:06.439+0000][1309.303s] GC(518) Survivor regions: 21->18(39)
[2022-04-27T05:27:06.439+0000][1309.303s] GC(518) Old regions: 76->76
[2022-04-27T05:27:06.440+0000][1309.303s] GC(518) Humongous regions: 7->7
[2022-04-27T05:27:06.440+0000][1309.304s] GC(518) Metaspace: 57191K->57191K(1101824K)
[2022-04-27T05:27:06.440+0000][1309.304s] GC(518) Pause Young (Normal) (G1 Evacuation Pause) 388M->98M(512M) 8.903ms
[2022-04-27T05:27:06.441+0000][1309.304s] GC(518) User=0.04s Sys=0.00s Real=0.00s
[2022-04-27T05:27:08.715+0000][1311.579s] GC(519) Pause Young (Normal) (G1 Evacuation Pause)
[2022-04-27T05:27:08.716+0000][1311.579s] GC(519) Using 8 workers of 8 for evacuation
[2022-04-27T05:27:08.723+0000][1311.586s] GC(519)   Pre Evacuate Collection Set: 0.0ms
[2022-04-27T05:27:08.723+0000][1311.587s] GC(519)   Evacuate Collection Set: 3.5ms
[2022-04-27T05:27:08.724+0000][1311.587s] GC(519)   Post Evacuate Collection Set: 3.3ms
[2022-04-27T05:27:08.724+0000][1311.588s] GC(519)   Other: 0.8ms
[2022-04-27T05:27:08.724+0000][1311.588s] GC(519) Eden regions: 289->0(285)
[2022-04-27T05:27:08.725+0000][1311.588s] GC(519) Survivor regions: 18->22(39)
[2022-04-27T05:27:08.725+0000][1311.589s] GC(519) Old regions: 76->76
[2022-04-27T05:27:08.725+0000][1311.589s] GC(519) Humongous regions: 7->7
[2022-04-27T05:27:08.726+0000][1311.589s] GC(519) Metaspace: 57191K->57191K(1101824K)
[2022-04-27T05:27:08.726+0000][1311.590s] GC(519) Pause Young (Normal) (G1 Evacuation Pause) 387M->102M(512M) 10.894ms
[2022-04-27T05:27:08.726+0000][1311.590s] GC(519) User=0.05s Sys=0.00s Real=0.01s
[2022-04-27T05:27:10.317+0000][1313.181s] GC(520) Pause Young (Normal) (G1 Evacuation Pause)
[2022-04-27T05:27:10.318+0000][1313.181s] GC(520) Using 8 workers of 8 for evacuation
[2022-04-27T05:27:10.325+0000][1313.189s] GC(520)   Pre Evacuate Collection Set: 0.0ms
[2022-04-27T05:27:10.326+0000][1313.189s] GC(520)   Evacuate Collection Set: 4.7ms
[2022-04-27T05:27:10.326+0000][1313.190s] GC(520)   Post Evacuate Collection Set: 2.7ms
[2022-04-27T05:27:10.326+0000][1313.190s] GC(520)   Other: 0.6ms
[2022-04-27T05:27:10.327+0000][1313.190s] GC(520) Eden regions: 285->0(286)
[2022-04-27T05:27:10.327+0000][1313.191s] GC(520) Survivor regions: 22->21(39)
[2022-04-27T05:27:10.327+0000][1313.191s] GC(520) Old regions: 76->76
[2022-04-27T05:27:10.328+0000][1313.191s] GC(520) Humongous regions: 7->7
[2022-04-27T05:27:10.328+0000][1313.192s] GC(520) Metaspace: 57191K->57191K(1101824K)
[2022-04-27T05:27:10.328+0000][1313.192s] GC(520) Pause Young (Normal) (G1 Evacuation Pause) 387M->101M(512M) 10.853ms
[2022-04-27T05:27:10.328+0000][1313.192s] GC(520) User=0.05s Sys=0.00s Real=0.01s
[2022-04-27T05:27:12.043+0000][1314.907s] GC(521) Pause Young (Normal) (G1 Evacuation Pause)
[2022-04-27T05:27:12.043+0000][1314.907s] GC(521) Using 8 workers of 8 for evacuation
[2022-04-27T05:27:12.049+0000][1314.913s] GC(521)   Pre Evacuate Collection Set: 0.0ms
[2022-04-27T05:27:12.049+0000][1314.913s] GC(521)   Evacuate Collection Set: 2.8ms
[2022-04-27T05:27:12.050+0000][1314.913s] GC(521)   Post Evacuate Collection Set: 2.4ms
[2022-04-27T05:27:12.050+0000][1314.914s] GC(521)   Other: 0.7ms
[2022-04-27T05:27:12.050+0000][1314.914s] GC(521) Eden regions: 286->0(290)
[2022-04-27T05:27:12.051+0000][1314.914s] GC(521) Survivor regions: 21->17(39)
[2022-04-27T05:27:12.051+0000][1314.914s] GC(521) Old regions: 76->76
[2022-04-27T05:27:12.051+0000][1314.915s] GC(521) Humongous regions: 7->7
[2022-04-27T05:27:12.051+0000][1314.915s] GC(521) Metaspace: 57191K->57191K(1101824K)
[2022-04-27T05:27:12.052+0000][1314.915s] GC(521) Pause Young (Normal) (G1 Evacuation Pause) 387M->97M(512M) 8.499ms
[2022-04-27T05:27:12.052+0000][1314.916s] GC(521) User=0.03s Sys=0.00s Real=0.01s
[2022-04-27T05:27:14.254+0000][1317.117s] GC(522) Pause Young (Normal) (G1 Evacuation Pause)
[2022-04-27T05:27:14.254+0000][1317.118s] GC(522) Using 8 workers of 8 for evacuation
[2022-04-27T05:27:14.263+0000][1317.126s] GC(522)   Pre Evacuate Collection Set: 0.0ms
[2022-04-27T05:27:14.263+0000][1317.127s] GC(522)   Evacuate Collection Set: 4.3ms
[2022-04-27T05:27:14.263+0000][1317.127s] GC(522)   Post Evacuate Collection Set: 3.7ms
[2022-04-27T05:27:14.264+0000][1317.127s] GC(522)   Other: 1.0ms
[2022-04-27T05:27:14.264+0000][1317.128s] GC(522) Eden regions: 290->0(284)
[2022-04-27T05:27:14.265+0000][1317.128s] GC(522) Survivor regions: 17->23(39)
[2022-04-27T05:27:14.265+0000][1317.129s] GC(522) Old regions: 76->76
[2022-04-27T05:27:14.265+0000][1317.129s] GC(522) Humongous regions: 7->7
[2022-04-27T05:27:14.266+0000][1317.129s] GC(522) Metaspace: 57191K->57191K(1101824K)
[2022-04-27T05:27:14.266+0000][1317.130s] GC(522) Pause Young (Normal) (G1 Evacuation Pause) 387M->103M(512M) 12.418ms
[2022-04-27T05:27:14.267+0000][1317.130s] GC(522) User=0.06s Sys=0.00s Real=0.01s
[2022-04-27T05:27:15.880+0000][1318.744s] GC(523) Pause Young (Normal) (G1 Evacuation Pause)
[2022-04-27T05:27:15.881+0000][1318.744s] GC(523) Using 8 workers of 8 for evacuation
[2022-04-27T05:27:15.889+0000][1318.752s] GC(523)   Pre Evacuate Collection Set: 0.0ms
[2022-04-27T05:27:15.889+0000][1318.753s] GC(523)   Evacuate Collection Set: 4.7ms
[2022-04-27T05:27:15.889+0000][1318.753s] GC(523)   Post Evacuate Collection Set: 2.8ms
[2022-04-27T05:27:15.890+0000][1318.753s] GC(523)   Other: 0.9ms
[2022-04-27T05:27:15.890+0000][1318.754s] GC(523) Eden regions: 284->0(286)
[2022-04-27T05:27:15.890+0000][1318.754s] GC(523) Survivor regions: 23->21(39)
[2022-04-27T05:27:15.891+0000][1318.755s] GC(523) Old regions: 76->76
[2022-04-27T05:27:15.891+0000][1318.755s] GC(523) Humongous regions: 7->7
[2022-04-27T05:27:15.892+0000][1318.755s] GC(523) Metaspace: 57191K->57191K(1101824K)
[2022-04-27T05:27:15.892+0000][1318.756s] GC(523) Pause Young (Normal) (G1 Evacuation Pause) 387M->102M(512M) 11.645ms
[2022-04-27T05:27:15.892+0000][1318.756s] GC(523) User=0.06s Sys=0.00s Real=0.02s
[2022-04-27T05:27:17.543+0000][1320.407s] GC(524) Pause Young (Normal) (G1 Evacuation Pause)
[2022-04-27T05:27:17.544+0000][1320.407s] GC(524) Using 8 workers of 8 for evacuation
[2022-04-27T05:27:17.550+0000][1320.413s] GC(524)   Pre Evacuate Collection Set: 0.0ms
[2022-04-27T05:27:17.550+0000][1320.414s] GC(524)   Evacuate Collection Set: 3.6ms
[2022-04-27T05:27:17.551+0000][1320.414s] GC(524)   Post Evacuate Collection Set: 2.0ms
[2022-04-27T05:27:17.551+0000][1320.414s] GC(524)   Other: 0.8ms
[2022-04-27T05:27:17.551+0000][1320.415s] GC(524) Eden regions: 286->0(290)
[2022-04-27T05:27:17.552+0000][1320.415s] GC(524) Survivor regions: 21->17(39)
[2022-04-27T05:27:17.552+0000][1320.416s] GC(524) Old regions: 76->76
[2022-04-27T05:27:17.552+0000][1320.416s] GC(524) Humongous regions: 7->7
[2022-04-27T05:27:17.552+0000][1320.416s] GC(524) Metaspace: 57191K->57191K(1101824K)
[2022-04-27T05:27:17.553+0000][1320.416s] GC(524) Pause Young (Normal) (G1 Evacuation Pause) 388M->98M(512M) 9.227ms
[2022-04-27T05:27:17.553+0000][1320.416s] GC(524) User=0.03s Sys=0.00s Real=0.01s
[2022-04-27T05:27:19.895+0000][1322.758s] GC(525) Pause Young (Normal) (G1 Evacuation Pause)
[2022-04-27T05:27:19.895+0000][1322.759s] GC(525) Using 8 workers of 8 for evacuation
[2022-04-27T05:27:19.904+0000][1322.767s] GC(525)   Pre Evacuate Collection Set: 0.0ms
[2022-04-27T05:27:19.904+0000][1322.768s] GC(525)   Evacuate Collection Set: 4.4ms
[2022-04-27T05:27:19.904+0000][1322.768s] GC(525)   Post Evacuate Collection Set: 3.6ms
[2022-04-27T05:27:19.905+0000][1322.768s] GC(525)   Other: 0.7ms
[2022-04-27T05:27:19.905+0000][1322.769s] GC(525) Eden regions: 290->0(285)
[2022-04-27T05:27:19.906+0000][1322.769s] GC(525) Survivor regions: 17->22(39)
[2022-04-27T05:27:19.906+0000][1322.770s] GC(525) Old regions: 76->76
[2022-04-27T05:27:19.906+0000][1322.770s] GC(525) Humongous regions: 7->7
[2022-04-27T05:27:19.907+0000][1322.770s] GC(525) Metaspace: 57191K->57191K(1101824K)
[2022-04-27T05:27:19.907+0000][1322.771s] GC(525) Pause Young (Normal) (G1 Evacuation Pause) 388M->102M(512M) 12.204ms
[2022-04-27T05:27:19.907+0000][1322.771s] GC(525) User=0.06s Sys=0.00s Real=0.01s
[2022-04-27T05:27:21.630+0000][1324.493s] GC(526) Pause Young (Normal) (G1 Evacuation Pause)
[2022-04-27T05:27:21.630+0000][1324.494s] GC(526) Using 8 workers of 8 for evacuation
[2022-04-27T05:27:21.638+0000][1324.502s] GC(526)   Pre Evacuate Collection Set: 0.0ms
[2022-04-27T05:27:21.639+0000][1324.502s] GC(526)   Evacuate Collection Set: 4.7ms
[2022-04-27T05:27:21.639+0000][1324.503s] GC(526)   Post Evacuate Collection Set: 3.1ms
[2022-04-27T05:27:21.640+0000][1324.503s] GC(526)   Other: 0.9ms
[2022-04-27T05:27:21.640+0000][1324.504s] GC(526) Eden regions: 285->0(287)
[2022-04-27T05:27:21.640+0000][1324.504s] GC(526) Survivor regions: 22->20(39)
[2022-04-27T05:27:21.641+0000][1324.504s] GC(526) Old regions: 76->76
[2022-04-27T05:27:21.641+0000][1324.505s] GC(526) Humongous regions: 7->7
[2022-04-27T05:27:21.641+0000][1324.505s] GC(526) Metaspace: 57191K->57191K(1101824K)
[2022-04-27T05:27:21.642+0000][1324.505s] GC(526) Pause Young (Normal) (G1 Evacuation Pause) 387M->101M(512M) 12.249ms
[2022-04-27T05:27:21.642+0000][1324.506s] GC(526) User=0.05s Sys=0.00s Real=0.02s
[2022-04-27T05:27:23.419+0000][1326.283s] GC(527) Pause Young (Normal) (G1 Evacuation Pause)
[2022-04-27T05:27:23.419+0000][1326.283s] GC(527) Using 8 workers of 8 for evacuation
[2022-04-27T05:27:23.427+0000][1326.291s] GC(527)   Pre Evacuate Collection Set: 0.0ms
[2022-04-27T05:27:23.427+0000][1326.291s] GC(527)   Evacuate Collection Set: 4.6ms
[2022-04-27T05:27:23.428+0000][1326.291s] GC(527)   Post Evacuate Collection Set: 2.4ms
[2022-04-27T05:27:23.428+0000][1326.292s] GC(527)   Other: 1.0ms
[2022-04-27T05:27:23.429+0000][1326.292s] GC(527) Eden regions: 287->0(286)
[2022-04-27T05:27:23.429+0000][1326.293s] GC(527) Survivor regions: 20->21(39)
[2022-04-27T05:27:23.429+0000][1326.293s] GC(527) Old regions: 76->76
[2022-04-27T05:27:23.430+0000][1326.293s] GC(527) Humongous regions: 7->7
[2022-04-27T05:27:23.430+0000][1326.294s] GC(527) Metaspace: 57191K->57191K(1101824K)
[2022-04-27T05:27:23.430+0000][1326.294s] GC(527) Pause Young (Normal) (G1 Evacuation Pause) 388M->102M(512M) 11.345ms
[2022-04-27T05:27:23.431+0000][1326.294s] GC(527) User=0.05s Sys=0.00s Real=0.01s
[2022-04-27T05:27:25.695+0000][1328.558s] GC(528) Pause Young (Normal) (G1 Evacuation Pause)
[2022-04-27T05:27:25.695+0000][1328.559s] GC(528) Using 8 workers of 8 for evacuation
[2022-04-27T05:27:25.701+0000][1328.565s] GC(528)   Pre Evacuate Collection Set: 0.0ms
[2022-04-27T05:27:25.702+0000][1328.565s] GC(528)   Evacuate Collection Set: 3.6ms
[2022-04-27T05:27:25.702+0000][1328.566s] GC(528)   Post Evacuate Collection Set: 2.5ms
[2022-04-27T05:27:25.703+0000][1328.566s] GC(528)   Other: 0.5ms
[2022-04-27T05:27:25.703+0000][1328.567s] GC(528) Eden regions: 286->0(288)
[2022-04-27T05:27:25.703+0000][1328.567s] GC(528) Survivor regions: 21->19(39)
[2022-04-27T05:27:25.704+0000][1328.568s] GC(528) Old regions: 76->76
[2022-04-27T05:27:25.704+0000][1328.568s] GC(528) Humongous regions: 7->7
[2022-04-27T05:27:25.705+0000][1328.568s] GC(528) Metaspace: 57191K->57191K(1101824K)
[2022-04-27T05:27:25.705+0000][1328.569s] GC(528) Pause Young (Normal) (G1 Evacuation Pause) 388M->99M(512M) 10.324ms
[2022-04-27T05:27:25.705+0000][1328.569s] GC(528) User=0.04s Sys=0.00s Real=0.01s
[2022-04-27T05:27:27.498+0000][1330.361s] GC(529) Pause Young (Normal) (G1 Evacuation Pause)
[2022-04-27T05:27:27.498+0000][1330.362s] GC(529) Using 8 workers of 8 for evacuation
[2022-04-27T05:27:27.506+0000][1330.370s] GC(529)   Pre Evacuate Collection Set: 0.0ms
[2022-04-27T05:27:27.507+0000][1330.370s] GC(529)   Evacuate Collection Set: 4.0ms
[2022-04-27T05:27:27.507+0000][1330.371s] GC(529)   Post Evacuate Collection Set: 3.5ms
[2022-04-27T05:27:27.507+0000][1330.371s] GC(529)   Other: 0.8ms
[2022-04-27T05:27:27.508+0000][1330.371s] GC(529) Eden regions: 288->0(284)
[2022-04-27T05:27:27.508+0000][1330.372s] GC(529) Survivor regions: 19->23(39)
[2022-04-27T05:27:27.508+0000][1330.372s] GC(529) Old regions: 76->76
[2022-04-27T05:27:27.509+0000][1330.372s] GC(529) Humongous regions: 7->7
[2022-04-27T05:27:27.509+0000][1330.373s] GC(529) Metaspace: 57191K->57191K(1101824K)
[2022-04-27T05:27:27.509+0000][1330.373s] GC(529) Pause Young (Normal) (G1 Evacuation Pause) 387M->104M(512M) 11.613ms
[2022-04-27T05:27:27.510+0000][1330.373s] GC(529) User=0.05s Sys=0.00s Real=0.01s
[2022-04-27T05:27:29.127+0000][1331.990s] GC(530) Pause Young (Normal) (G1 Evacuation Pause)
[2022-04-27T05:27:29.127+0000][1331.991s] GC(530) Using 8 workers of 8 for evacuation
[2022-04-27T05:27:29.142+0000][1332.006s] GC(530)   Pre Evacuate Collection Set: 0.0ms
[2022-04-27T05:27:29.143+0000][1332.006s] GC(530)   Evacuate Collection Set: 10.5ms
[2022-04-27T05:27:29.143+0000][1332.007s] GC(530)   Post Evacuate Collection Set: 4.2ms
[2022-04-27T05:27:29.143+0000][1332.007s] GC(530)   Other: 0.8ms
[2022-04-27T05:27:29.144+0000][1332.007s] GC(530) Eden regions: 284->0(286)
[2022-04-27T05:27:29.144+0000][1332.008s] GC(530) Survivor regions: 23->21(39)
[2022-04-27T05:27:29.144+0000][1332.008s] GC(530) Old regions: 76->76
[2022-04-27T05:27:29.144+0000][1332.008s] GC(530) Humongous regions: 7->7
[2022-04-27T05:27:29.145+0000][1332.008s] GC(530) Metaspace: 57191K->57191K(1101824K)
[2022-04-27T05:27:29.145+0000][1332.009s] GC(530) Pause Young (Normal) (G1 Evacuation Pause) 388M->101M(512M) 18.164ms
[2022-04-27T05:27:29.145+0000][1332.009s] GC(530) User=0.11s Sys=0.01s Real=0.02s
[2022-04-27T05:27:30.836+0000][1333.699s] GC(531) Pause Young (Normal) (G1 Evacuation Pause)
[2022-04-27T05:27:30.836+0000][1333.700s] GC(531) Using 8 workers of 8 for evacuation
[2022-04-27T05:27:30.843+0000][1333.706s] GC(531)   Pre Evacuate Collection Set: 0.0ms
[2022-04-27T05:27:30.843+0000][1333.707s] GC(531)   Evacuate Collection Set: 3.6ms
[2022-04-27T05:27:30.843+0000][1333.707s] GC(531)   Post Evacuate Collection Set: 2.4ms
[2022-04-27T05:27:30.844+0000][1333.707s] GC(531)   Other: 0.9ms
[2022-04-27T05:27:30.844+0000][1333.708s] GC(531) Eden regions: 286->0(290)
[2022-04-27T05:27:30.844+0000][1333.708s] GC(531) Survivor regions: 21->17(39)
[2022-04-27T05:27:30.845+0000][1333.708s] GC(531) Old regions: 76->76
[2022-04-27T05:27:30.845+0000][1333.709s] GC(531) Humongous regions: 7->7
[2022-04-27T05:27:30.845+0000][1333.709s] GC(531) Metaspace: 57191K->57191K(1101824K)
[2022-04-27T05:27:30.846+0000][1333.709s] GC(531) Pause Young (Normal) (G1 Evacuation Pause) 387M->98M(512M) 9.934ms
[2022-04-27T05:27:30.846+0000][1333.710s] GC(531) User=0.04s Sys=0.00s Real=0.01s
[2022-04-27T05:27:33.206+0000][1336.070s] GC(532) Pause Young (Normal) (G1 Evacuation Pause)
[2022-04-27T05:27:33.207+0000][1336.070s] GC(532) Using 8 workers of 8 for evacuation
[2022-04-27T05:27:33.215+0000][1336.079s] GC(532)   Pre Evacuate Collection Set: 0.1ms
[2022-04-27T05:27:33.215+0000][1336.079s] GC(532)   Evacuate Collection Set: 3.0ms
[2022-04-27T05:27:33.216+0000][1336.079s] GC(532)   Post Evacuate Collection Set: 5.0ms
[2022-04-27T05:27:33.216+0000][1336.080s] GC(532)   Other: 0.8ms
[2022-04-27T05:27:33.216+0000][1336.080s] GC(532) Eden regions: 290->0(287)
[2022-04-27T05:27:33.216+0000][1336.080s] GC(532) Survivor regions: 17->20(39)
[2022-04-27T05:27:33.217+0000][1336.080s] GC(532) Old regions: 76->76
[2022-04-27T05:27:33.217+0000][1336.081s] GC(532) Humongous regions: 7->7
[2022-04-27T05:27:33.217+0000][1336.081s] GC(532) Metaspace: 57191K->57191K(1101824K)
[2022-04-27T05:27:33.218+0000][1336.081s] GC(532) Pause Young (Normal) (G1 Evacuation Pause) 388M->100M(512M) 11.450ms
[2022-04-27T05:27:33.218+0000][1336.082s] GC(532) User=0.05s Sys=0.00s Real=0.01s
[2022-04-27T05:27:35.087+0000][1337.950s] GC(533) Pause Young (Normal) (G1 Evacuation Pause)
[2022-04-27T05:27:35.087+0000][1337.951s] GC(533) Using 8 workers of 8 for evacuation
[2022-04-27T05:27:35.099+0000][1337.963s] GC(533)   Pre Evacuate Collection Set: 0.0ms
[2022-04-27T05:27:35.099+0000][1337.963s] GC(533)   Evacuate Collection Set: 5.2ms
[2022-04-27T05:27:35.100+0000][1337.963s] GC(533)   Post Evacuate Collection Set: 6.3ms
[2022-04-27T05:27:35.100+0000][1337.963s] GC(533)   Other: 0.8ms
[2022-04-27T05:27:35.100+0000][1337.964s] GC(533) Eden regions: 287->0(286)
[2022-04-27T05:27:35.100+0000][1337.964s] GC(533) Survivor regions: 20->21(39)
[2022-04-27T05:27:35.100+0000][1337.964s] GC(533) Old regions: 76->76
[2022-04-27T05:27:35.101+0000][1337.964s] GC(533) Humongous regions: 7->7
[2022-04-27T05:27:35.101+0000][1337.965s] GC(533) Metaspace: 57191K->57191K(1101824K)
[2022-04-27T05:27:35.101+0000][1337.965s] GC(533) Pause Young (Normal) (G1 Evacuation Pause) 387M->102M(512M) 14.533ms
[2022-04-27T05:27:35.101+0000][1337.965s] GC(533) User=0.08s Sys=0.00s Real=0.02s
[2022-04-27T05:27:36.905+0000][1339.769s] GC(534) Pause Young (Normal) (G1 Evacuation Pause)
[2022-04-27T05:27:36.906+0000][1339.769s] GC(534) Using 8 workers of 8 for evacuation
[2022-04-27T05:27:36.913+0000][1339.777s] GC(534)   Pre Evacuate Collection Set: 0.0ms
[2022-04-27T05:27:36.914+0000][1339.778s] GC(534)   Evacuate Collection Set: 4.9ms
[2022-04-27T05:27:36.914+0000][1339.778s] GC(534)   Post Evacuate Collection Set: 2.3ms
[2022-04-27T05:27:36.915+0000][1339.778s] GC(534)   Other: 1.0ms
[2022-04-27T05:27:36.915+0000][1339.779s] GC(534) Eden regions: 286->0(286)
[2022-04-27T05:27:36.915+0000][1339.779s] GC(534) Survivor regions: 21->21(39)
[2022-04-27T05:27:36.916+0000][1339.779s] GC(534) Old regions: 76->76
[2022-04-27T05:27:36.916+0000][1339.780s] GC(534) Humongous regions: 7->7
[2022-04-27T05:27:36.916+0000][1339.780s] GC(534) Metaspace: 57191K->57191K(1101824K)
[2022-04-27T05:27:36.917+0000][1339.780s] GC(534) Pause Young (Normal) (G1 Evacuation Pause) 388M->102M(512M) 11.520ms
[2022-04-27T05:27:36.917+0000][1339.781s] GC(534) User=0.05s Sys=0.00s Real=0.01s
[2022-04-27T05:27:39.154+0000][1342.017s] GC(535) Pause Young (Normal) (G1 Evacuation Pause)
[2022-04-27T05:27:39.154+0000][1342.018s] GC(535) Using 8 workers of 8 for evacuation
[2022-04-27T05:27:39.161+0000][1342.025s] GC(535)   Pre Evacuate Collection Set: 0.0ms
[2022-04-27T05:27:39.162+0000][1342.025s] GC(535)   Evacuate Collection Set: 3.1ms
[2022-04-27T05:27:39.162+0000][1342.026s] GC(535)   Post Evacuate Collection Set: 3.5ms
[2022-04-27T05:27:39.162+0000][1342.026s] GC(535)   Other: 1.0ms
[2022-04-27T05:27:39.163+0000][1342.026s] GC(535) Eden regions: 286->0(288)
[2022-04-27T05:27:39.163+0000][1342.027s] GC(535) Survivor regions: 21->19(39)
[2022-04-27T05:27:39.164+0000][1342.027s] GC(535) Old regions: 76->76
[2022-04-27T05:27:39.164+0000][1342.028s] GC(535) Humongous regions: 7->7
[2022-04-27T05:27:39.164+0000][1342.028s] GC(535) Metaspace: 57191K->57191K(1101824K)
[2022-04-27T05:27:39.165+0000][1342.028s] GC(535) Pause Young (Normal) (G1 Evacuation Pause) 388M->100M(512M) 10.951ms
[2022-04-27T05:27:39.165+0000][1342.029s] GC(535) User=0.04s Sys=0.01s Real=0.01s
[2022-04-27T05:27:40.810+0000][1343.673s] GC(536) Pause Young (Normal) (G1 Evacuation Pause)
[2022-04-27T05:27:40.810+0000][1343.674s] GC(536) Using 8 workers of 8 for evacuation
[2022-04-27T05:27:40.817+0000][1343.681s] GC(536)   Pre Evacuate Collection Set: 0.0ms
[2022-04-27T05:27:40.818+0000][1343.681s] GC(536)   Evacuate Collection Set: 4.5ms
[2022-04-27T05:27:40.818+0000][1343.682s] GC(536)   Post Evacuate Collection Set: 2.1ms
[2022-04-27T05:27:40.818+0000][1343.682s] GC(536)   Other: 0.8ms
[2022-04-27T05:27:40.819+0000][1343.682s] GC(536) Eden regions: 288->0(286)
[2022-04-27T05:27:40.819+0000][1343.683s] GC(536) Survivor regions: 19->21(39)
[2022-04-27T05:27:40.819+0000][1343.683s] GC(536) Old regions: 76->76
[2022-04-27T05:27:40.820+0000][1343.683s] GC(536) Humongous regions: 7->7
[2022-04-27T05:27:40.820+0000][1343.684s] GC(536) Metaspace: 57191K->57191K(1101824K)
[2022-04-27T05:27:40.820+0000][1343.684s] GC(536) Pause Young (Normal) (G1 Evacuation Pause) 388M->101M(512M) 10.675ms
[2022-04-27T05:27:40.821+0000][1343.684s] GC(536) User=0.04s Sys=0.01s Real=0.02s
[2022-04-27T05:27:42.596+0000][1345.460s] GC(537) Pause Young (Normal) (G1 Evacuation Pause)
[2022-04-27T05:27:42.596+0000][1345.460s] GC(537) Using 8 workers of 8 for evacuation
[2022-04-27T05:27:42.605+0000][1345.469s] GC(537)   Pre Evacuate Collection Set: 0.0ms
[2022-04-27T05:27:42.605+0000][1345.469s] GC(537)   Evacuate Collection Set: 5.4ms
[2022-04-27T05:27:42.606+0000][1345.469s] GC(537)   Post Evacuate Collection Set: 2.7ms
[2022-04-27T05:27:42.606+0000][1345.470s] GC(537)   Other: 0.9ms
[2022-04-27T05:27:42.606+0000][1345.470s] GC(537) Eden regions: 286->0(286)
[2022-04-27T05:27:42.607+0000][1345.470s] GC(537) Survivor regions: 21->21(39)
[2022-04-27T05:27:42.607+0000][1345.470s] GC(537) Old regions: 76->76
[2022-04-27T05:27:42.607+0000][1345.471s] GC(537) Humongous regions: 7->7
[2022-04-27T05:27:42.607+0000][1345.471s] GC(537) Metaspace: 57191K->57191K(1101824K)
[2022-04-27T05:27:42.608+0000][1345.471s] GC(537) Pause Young (Normal) (G1 Evacuation Pause) 387M->102M(512M) 11.565ms
[2022-04-27T05:27:42.608+0000][1345.472s] GC(537) User=0.06s Sys=0.00s Real=0.01s
[2022-04-27T05:27:44.840+0000][1347.704s] GC(538) Pause Young (Normal) (G1 Evacuation Pause)
[2022-04-27T05:27:44.840+0000][1347.704s] GC(538) Using 8 workers of 8 for evacuation
[2022-04-27T05:27:44.847+0000][1347.710s] GC(538)   Pre Evacuate Collection Set: 0.0ms
[2022-04-27T05:27:44.847+0000][1347.711s] GC(538)   Evacuate Collection Set: 3.6ms
[2022-04-27T05:27:44.848+0000][1347.711s] GC(538)   Post Evacuate Collection Set: 2.5ms
[2022-04-27T05:27:44.848+0000][1347.711s] GC(538)   Other: 0.5ms
[2022-04-27T05:27:44.848+0000][1347.712s] GC(538) Eden regions: 286->0(288)
[2022-04-27T05:27:44.848+0000][1347.712s] GC(538) Survivor regions: 21->19(39)
[2022-04-27T05:27:44.849+0000][1347.712s] GC(538) Old regions: 76->76
[2022-04-27T05:27:44.849+0000][1347.713s] GC(538) Humongous regions: 7->7
[2022-04-27T05:27:44.849+0000][1347.713s] GC(538) Metaspace: 57191K->57191K(1101824K)
[2022-04-27T05:27:44.850+0000][1347.713s] GC(538) Pause Young (Normal) (G1 Evacuation Pause) 388M->99M(512M) 9.434ms
[2022-04-27T05:27:44.850+0000][1347.713s] GC(538) User=0.02s Sys=0.02s Real=0.01s
[2022-04-27T05:27:46.580+0000][1349.443s] GC(539) Pause Young (Normal) (G1 Evacuation Pause)
[2022-04-27T05:27:46.580+0000][1349.444s] GC(539) Using 8 workers of 8 for evacuation
[2022-04-27T05:27:46.589+0000][1349.453s] GC(539)   Pre Evacuate Collection Set: 0.0ms
[2022-04-27T05:27:46.590+0000][1349.453s] GC(539)   Evacuate Collection Set: 4.6ms
[2022-04-27T05:27:46.590+0000][1349.454s] GC(539)   Post Evacuate Collection Set: 4.2ms
[2022-04-27T05:27:46.590+0000][1349.454s] GC(539)   Other: 0.9ms
[2022-04-27T05:27:46.591+0000][1349.454s] GC(539) Eden regions: 288->0(282)
[2022-04-27T05:27:46.591+0000][1349.455s] GC(539) Survivor regions: 19->25(39)
[2022-04-27T05:27:46.592+0000][1349.455s] GC(539) Old regions: 76->76
[2022-04-27T05:27:46.592+0000][1349.456s] GC(539) Humongous regions: 7->7
[2022-04-27T05:27:46.592+0000][1349.456s] GC(539) Metaspace: 57191K->57191K(1101824K)
[2022-04-27T05:27:46.593+0000][1349.456s] GC(539) Pause Young (Normal) (G1 Evacuation Pause) 387M->106M(512M) 12.924ms
[2022-04-27T05:27:46.593+0000][1349.456s] GC(539) User=0.07s Sys=0.00s Real=0.02s
[2022-04-27T05:27:48.251+0000][1351.115s] GC(540) Pause Young (Normal) (G1 Evacuation Pause)
[2022-04-27T05:27:48.252+0000][1351.116s] GC(540) Using 8 workers of 8 for evacuation
[2022-04-27T05:27:48.259+0000][1351.123s] GC(540)   Pre Evacuate Collection Set: 0.0ms
[2022-04-27T05:27:48.260+0000][1351.123s] GC(540)   Evacuate Collection Set: 4.6ms
[2022-04-27T05:27:48.260+0000][1351.123s] GC(540)   Post Evacuate Collection Set: 2.2ms
[2022-04-27T05:27:48.260+0000][1351.124s] GC(540)   Other: 0.9ms
[2022-04-27T05:27:48.260+0000][1351.124s] GC(540) Eden regions: 282->0(287)
[2022-04-27T05:27:48.261+0000][1351.124s] GC(540) Survivor regions: 25->20(39)
[2022-04-27T05:27:48.261+0000][1351.125s] GC(540) Old regions: 76->77
[2022-04-27T05:27:48.261+0000][1351.125s] GC(540) Humongous regions: 7->7
[2022-04-27T05:27:48.262+0000][1351.125s] GC(540) Metaspace: 57191K->57191K(1101824K)
[2022-04-27T05:27:48.262+0000][1351.125s] GC(540) Pause Young (Normal) (G1 Evacuation Pause) 388M->101M(512M) 10.304ms
[2022-04-27T05:27:48.262+0000][1351.126s] GC(540) User=0.04s Sys=0.01s Real=0.01s
[2022-04-27T05:27:50.176+0000][1353.040s] GC(541) Pause Young (Normal) (G1 Evacuation Pause)
[2022-04-27T05:27:50.176+0000][1353.040s] GC(541) Using 8 workers of 8 for evacuation
[2022-04-27T05:27:50.183+0000][1353.046s] GC(541)   Pre Evacuate Collection Set: 0.0ms
[2022-04-27T05:27:50.183+0000][1353.047s] GC(541)   Evacuate Collection Set: 3.7ms
[2022-04-27T05:27:50.183+0000][1353.047s] GC(541)   Post Evacuate Collection Set: 2.3ms
[2022-04-27T05:27:50.184+0000][1353.047s] GC(541)   Other: 0.5ms
[2022-04-27T05:27:50.184+0000][1353.048s] GC(541) Eden regions: 287->0(288)
[2022-04-27T05:27:50.184+0000][1353.048s] GC(541) Survivor regions: 20->19(39)
[2022-04-27T05:27:50.185+0000][1353.049s] GC(541) Old regions: 77->77
[2022-04-27T05:27:50.185+0000][1353.049s] GC(541) Humongous regions: 7->7
[2022-04-27T05:27:50.186+0000][1353.049s] GC(541) Metaspace: 57191K->57191K(1101824K)
[2022-04-27T05:27:50.186+0000][1353.050s] GC(541) Pause Young (Normal) (G1 Evacuation Pause) 388M->100M(512M) 9.713ms
[2022-04-27T05:27:50.186+0000][1353.050s] GC(541) User=0.03s Sys=0.01s Real=0.01s
[2022-04-27T05:27:52.065+0000][1354.928s] GC(542) Pause Young (Normal) (G1 Evacuation Pause)
[2022-04-27T05:27:52.065+0000][1354.928s] GC(542) Using 8 workers of 8 for evacuation
[2022-04-27T05:27:52.072+0000][1354.936s] GC(542)   Pre Evacuate Collection Set: 0.0ms
[2022-04-27T05:27:52.073+0000][1354.936s] GC(542)   Evacuate Collection Set: 2.9ms
[2022-04-27T05:27:52.073+0000][1354.937s] GC(542)   Post Evacuate Collection Set: 4.2ms
[2022-04-27T05:27:52.073+0000][1354.937s] GC(542)   Other: 0.6ms
[2022-04-27T05:27:52.074+0000][1354.937s] GC(542) Eden regions: 288->0(286)
[2022-04-27T05:27:52.074+0000][1354.938s] GC(542) Survivor regions: 19->21(39)
[2022-04-27T05:27:52.074+0000][1354.938s] GC(542) Old regions: 77->77
[2022-04-27T05:27:52.074+0000][1354.938s] GC(542) Humongous regions: 7->7
[2022-04-27T05:27:52.075+0000][1354.938s] GC(542) Metaspace: 57191K->57191K(1101824K)
[2022-04-27T05:27:52.075+0000][1354.939s] GC(542) Pause Young (Normal) (G1 Evacuation Pause) 388M->102M(512M) 10.480ms
[2022-04-27T05:27:52.075+0000][1354.939s] GC(542) User=0.05s Sys=0.00s Real=0.01s
[2022-04-27T05:27:53.750+0000][1356.614s] GC(543) Pause Young (Normal) (G1 Evacuation Pause)
[2022-04-27T05:27:53.751+0000][1356.614s] GC(543) Using 8 workers of 8 for evacuation
[2022-04-27T05:27:53.759+0000][1356.622s] GC(543)   Pre Evacuate Collection Set: 0.0ms
[2022-04-27T05:27:53.759+0000][1356.623s] GC(543)   Evacuate Collection Set: 4.7ms
[2022-04-27T05:27:53.759+0000][1356.623s] GC(543)   Post Evacuate Collection Set: 2.7ms
[2022-04-27T05:27:53.760+0000][1356.623s] GC(543)   Other: 0.9ms
[2022-04-27T05:27:53.760+0000][1356.624s] GC(543) Eden regions: 286->0(286)
[2022-04-27T05:27:53.761+0000][1356.624s] GC(543) Survivor regions: 21->21(39)
[2022-04-27T05:27:53.761+0000][1356.625s] GC(543) Old regions: 77->77
[2022-04-27T05:27:53.761+0000][1356.625s] GC(543) Humongous regions: 7->7
[2022-04-27T05:27:53.762+0000][1356.625s] GC(543) Metaspace: 57191K->57191K(1101824K)
[2022-04-27T05:27:53.762+0000][1356.626s] GC(543) Pause Young (Normal) (G1 Evacuation Pause) 388M->102M(512M) 11.762ms
[2022-04-27T05:27:53.762+0000][1356.626s] GC(543) User=0.05s Sys=0.00s Real=0.02s
[2022-04-27T05:27:55.407+0000][1358.270s] GC(544) Pause Young (Normal) (G1 Evacuation Pause)
[2022-04-27T05:27:55.407+0000][1358.271s] GC(544) Using 8 workers of 8 for evacuation
[2022-04-27T05:27:55.418+0000][1358.281s] GC(544)   Pre Evacuate Collection Set: 0.0ms
[2022-04-27T05:27:55.418+0000][1358.282s] GC(544)   Evacuate Collection Set: 3.6ms
[2022-04-27T05:27:55.418+0000][1358.282s] GC(544)   Post Evacuate Collection Set: 6.4ms
[2022-04-27T05:27:55.419+0000][1358.282s] GC(544)   Other: 0.9ms
[2022-04-27T05:27:55.419+0000][1358.283s] GC(544) Eden regions: 286->0(289)
[2022-04-27T05:27:55.419+0000][1358.283s] GC(544) Survivor regions: 21->18(39)
[2022-04-27T05:27:55.419+0000][1358.283s] GC(544) Old regions: 77->77
[2022-04-27T05:27:55.420+0000][1358.283s] GC(544) Humongous regions: 7->7
[2022-04-27T05:27:55.420+0000][1358.284s] GC(544) Metaspace: 57191K->57191K(1101824K)
[2022-04-27T05:27:55.420+0000][1358.284s] GC(544) Pause Young (Normal) (G1 Evacuation Pause) 388M->99M(512M) 13.577ms
[2022-04-27T05:27:55.421+0000][1358.284s] GC(544) User=0.07s Sys=0.00s Real=0.01s
[2022-04-27T05:27:57.659+0000][1360.522s] GC(545) Pause Young (Normal) (G1 Evacuation Pause)
[2022-04-27T05:27:57.659+0000][1360.523s] GC(545) Using 8 workers of 8 for evacuation
[2022-04-27T05:27:57.667+0000][1360.530s] GC(545)   Pre Evacuate Collection Set: 0.0ms
[2022-04-27T05:27:57.667+0000][1360.531s] GC(545)   Evacuate Collection Set: 2.8ms
[2022-04-27T05:27:57.667+0000][1360.531s] GC(545)   Post Evacuate Collection Set: 4.3ms
[2022-04-27T05:27:57.668+0000][1360.531s] GC(545)   Other: 0.7ms
[2022-04-27T05:27:57.668+0000][1360.532s] GC(545) Eden regions: 289->0(287)
[2022-04-27T05:27:57.668+0000][1360.532s] GC(545) Survivor regions: 18->20(39)
[2022-04-27T05:27:57.669+0000][1360.532s] GC(545) Old regions: 77->77
[2022-04-27T05:27:57.669+0000][1360.533s] GC(545) Humongous regions: 7->7
[2022-04-27T05:27:57.670+0000][1360.533s] GC(545) Metaspace: 57192K->57192K(1101824K)
[2022-04-27T05:27:57.670+0000][1360.534s] GC(545) Pause Young (Normal) (G1 Evacuation Pause) 388M->101M(512M) 11.153ms
[2022-04-27T05:27:57.670+0000][1360.534s] GC(545) User=0.05s Sys=0.00s Real=0.01s
[2022-04-27T05:27:59.360+0000][1362.224s] GC(546) Pause Young (Normal) (G1 Evacuation Pause)
[2022-04-27T05:27:59.361+0000][1362.224s] GC(546) Using 8 workers of 8 for evacuation
[2022-04-27T05:27:59.369+0000][1362.232s] GC(546)   Pre Evacuate Collection Set: 0.0ms
[2022-04-27T05:27:59.369+0000][1362.233s] GC(546)   Evacuate Collection Set: 4.6ms
[2022-04-27T05:27:59.370+0000][1362.233s] GC(546)   Post Evacuate Collection Set: 2.9ms
[2022-04-27T05:27:59.370+0000][1362.234s] GC(546)   Other: 0.9ms
[2022-04-27T05:27:59.370+0000][1362.234s] GC(546) Eden regions: 287->0(286)
[2022-04-27T05:27:59.371+0000][1362.234s] GC(546) Survivor regions: 20->21(39)
[2022-04-27T05:27:59.371+0000][1362.235s] GC(546) Old regions: 77->77
[2022-04-27T05:27:59.371+0000][1362.235s] GC(546) Humongous regions: 7->7
[2022-04-27T05:27:59.371+0000][1362.235s] GC(546) Metaspace: 57192K->57192K(1101824K)
[2022-04-27T05:27:59.372+0000][1362.235s] GC(546) Pause Young (Normal) (G1 Evacuation Pause) 388M->102M(512M) 11.388ms
[2022-04-27T05:27:59.372+0000][1362.236s] GC(546) User=0.05s Sys=0.01s Real=0.02s
[2022-04-27T05:28:01.211+0000][1364.075s] GC(547) Pause Young (Normal) (G1 Evacuation Pause)
[2022-04-27T05:28:01.212+0000][1364.075s] GC(547) Using 8 workers of 8 for evacuation
[2022-04-27T05:28:01.220+0000][1364.084s] GC(547)   Pre Evacuate Collection Set: 0.0ms
[2022-04-27T05:28:01.221+0000][1364.084s] GC(547)   Evacuate Collection Set: 5.4ms
[2022-04-27T05:28:01.221+0000][1364.085s] GC(547)   Post Evacuate Collection Set: 2.4ms
[2022-04-27T05:28:01.221+0000][1364.085s] GC(547)   Other: 0.9ms
[2022-04-27T05:28:01.222+0000][1364.085s] GC(547) Eden regions: 286->0(286)
[2022-04-27T05:28:01.222+0000][1364.086s] GC(547) Survivor regions: 21->21(39)
[2022-04-27T05:28:01.222+0000][1364.086s] GC(547) Old regions: 77->77
[2022-04-27T05:28:01.223+0000][1364.086s] GC(547) Humongous regions: 7->7
[2022-04-27T05:28:01.223+0000][1364.087s] GC(547) Metaspace: 57192K->57192K(1101824K)
[2022-04-27T05:28:01.223+0000][1364.087s] GC(547) Pause Young (Normal) (G1 Evacuation Pause) 388M->102M(512M) 11.802ms
[2022-04-27T05:28:01.223+0000][1364.087s] GC(547) User=0.05s Sys=0.00s Real=0.01s
[2022-04-27T05:28:03.402+0000][1366.266s] GC(548) Pause Young (Normal) (G1 Evacuation Pause)
[2022-04-27T05:28:03.402+0000][1366.266s] GC(548) Using 8 workers of 8 for evacuation
[2022-04-27T05:28:03.409+0000][1366.273s] GC(548)   Pre Evacuate Collection Set: 0.0ms
[2022-04-27T05:28:03.409+0000][1366.273s] GC(548)   Evacuate Collection Set: 3.1ms
[2022-04-27T05:28:03.410+0000][1366.273s] GC(548)   Post Evacuate Collection Set: 3.6ms
[2022-04-27T05:28:03.410+0000][1366.274s] GC(548)   Other: 0.4ms
[2022-04-27T05:28:03.410+0000][1366.274s] GC(548) Eden regions: 286->0(288)
[2022-04-27T05:28:03.410+0000][1366.274s] GC(548) Survivor regions: 21->19(39)
[2022-04-27T05:28:03.411+0000][1366.274s] GC(548) Old regions: 77->77
[2022-04-27T05:28:03.411+0000][1366.274s] GC(548) Humongous regions: 7->7
[2022-04-27T05:28:03.411+0000][1366.275s] GC(548) Metaspace: 57192K->57192K(1101824K)
[2022-04-27T05:28:03.411+0000][1366.275s] GC(548) Pause Young (Normal) (G1 Evacuation Pause) 388M->100M(512M) 9.539ms
[2022-04-27T05:28:03.412+0000][1366.275s] GC(548) User=0.04s Sys=0.01s Real=0.01s
[2022-04-27T05:28:05.077+0000][1367.941s] GC(549) Pause Young (Normal) (G1 Evacuation Pause)
[2022-04-27T05:28:05.078+0000][1367.941s] GC(549) Using 8 workers of 8 for evacuation
[2022-04-27T05:28:05.085+0000][1367.949s] GC(549)   Pre Evacuate Collection Set: 0.0ms
[2022-04-27T05:28:05.086+0000][1367.949s] GC(549)   Evacuate Collection Set: 4.8ms
[2022-04-27T05:28:05.086+0000][1367.950s] GC(549)   Post Evacuate Collection Set: 2.2ms
[2022-04-27T05:28:05.087+0000][1367.950s] GC(549)   Other: 0.8ms
[2022-04-27T05:28:05.087+0000][1367.951s] GC(549) Eden regions: 288->0(287)
[2022-04-27T05:28:05.087+0000][1367.951s] GC(549) Survivor regions: 19->20(39)
[2022-04-27T05:28:05.088+0000][1367.951s] GC(549) Old regions: 77->77
[2022-04-27T05:28:05.088+0000][1367.952s] GC(549) Humongous regions: 7->7
[2022-04-27T05:28:05.088+0000][1367.952s] GC(549) Metaspace: 57192K->57192K(1101824K)
[2022-04-27T05:28:05.089+0000][1367.953s] GC(549) Pause Young (Normal) (G1 Evacuation Pause) 388M->101M(512M) 11.486ms
[2022-04-27T05:28:05.089+0000][1367.953s] GC(549) User=0.05s Sys=0.00s Real=0.01s
[2022-04-27T05:28:06.895+0000][1369.759s] GC(550) Pause Young (Normal) (G1 Evacuation Pause)
[2022-04-27T05:28:06.896+0000][1369.760s] GC(550) Using 8 workers of 8 for evacuation
[2022-04-27T05:28:06.904+0000][1369.767s] GC(550)   Pre Evacuate Collection Set: 0.0ms
[2022-04-27T05:28:06.904+0000][1369.768s] GC(550)   Evacuate Collection Set: 4.9ms
[2022-04-27T05:28:06.904+0000][1369.768s] GC(550)   Post Evacuate Collection Set: 2.4ms
[2022-04-27T05:28:06.905+0000][1369.769s] GC(550)   Other: 0.8ms
[2022-04-27T05:28:06.905+0000][1369.769s] GC(550) Eden regions: 287->0(286)
[2022-04-27T05:28:06.906+0000][1369.769s] GC(550) Survivor regions: 20->21(39)
[2022-04-27T05:28:06.906+0000][1369.770s] GC(550) Old regions: 77->77
[2022-04-27T05:28:06.906+0000][1369.770s] GC(550) Humongous regions: 7->7
[2022-04-27T05:28:06.907+0000][1369.770s] GC(550) Metaspace: 57192K->57192K(1101824K)
[2022-04-27T05:28:06.907+0000][1369.771s] GC(550) Pause Young (Normal) (G1 Evacuation Pause) 388M->102M(512M) 11.770ms
[2022-04-27T05:28:06.907+0000][1369.771s] GC(550) User=0.05s Sys=0.00s Real=0.01s
[2022-04-27T05:28:09.073+0000][1371.937s] GC(551) Pause Young (Normal) (G1 Evacuation Pause)
[2022-04-27T05:28:09.073+0000][1371.937s] GC(551) Using 8 workers of 8 for evacuation
[2022-04-27T05:28:09.081+0000][1371.945s] GC(551)   Pre Evacuate Collection Set: 0.0ms
[2022-04-27T05:28:09.081+0000][1371.945s] GC(551)   Evacuate Collection Set: 4.4ms
[2022-04-27T05:28:09.082+0000][1371.945s] GC(551)   Post Evacuate Collection Set: 3.1ms
[2022-04-27T05:28:09.082+0000][1371.945s] GC(551)   Other: 0.4ms
[2022-04-27T05:28:09.082+0000][1371.946s] GC(551) Eden regions: 286->0(288)
[2022-04-27T05:28:09.083+0000][1371.946s] GC(551) Survivor regions: 21->19(39)
[2022-04-27T05:28:09.083+0000][1371.947s] GC(551) Old regions: 77->77
[2022-04-27T05:28:09.083+0000][1371.947s] GC(551) Humongous regions: 7->7
[2022-04-27T05:28:09.084+0000][1371.947s] GC(551) Metaspace: 57192K->57192K(1101824K)
[2022-04-27T05:28:09.084+0000][1371.948s] GC(551) Pause Young (Normal) (G1 Evacuation Pause) 388M->100M(512M) 11.043ms
[2022-04-27T05:28:09.085+0000][1371.948s] GC(551) User=0.05s Sys=0.00s Real=0.01s
[2022-04-27T05:28:10.872+0000][1373.736s] GC(552) Pause Young (Normal) (G1 Evacuation Pause)
[2022-04-27T05:28:10.873+0000][1373.736s] GC(552) Using 8 workers of 8 for evacuation
[2022-04-27T05:28:10.882+0000][1373.745s] GC(552)   Pre Evacuate Collection Set: 0.0ms
[2022-04-27T05:28:10.882+0000][1373.746s] GC(552)   Evacuate Collection Set: 4.9ms
[2022-04-27T05:28:10.882+0000][1373.746s] GC(552)   Post Evacuate Collection Set: 3.7ms
[2022-04-27T05:28:10.883+0000][1373.746s] GC(552)   Other: 0.8ms
[2022-04-27T05:28:10.883+0000][1373.747s] GC(552) Eden regions: 288->0(282)
[2022-04-27T05:28:10.883+0000][1373.747s] GC(552) Survivor regions: 19->25(39)
[2022-04-27T05:28:10.884+0000][1373.747s] GC(552) Old regions: 77->77
[2022-04-27T05:28:10.884+0000][1373.747s] GC(552) Humongous regions: 7->7
[2022-04-27T05:28:10.884+0000][1373.748s] GC(552) Metaspace: 57192K->57192K(1101824K)
[2022-04-27T05:28:10.884+0000][1373.748s] GC(552) Pause Young (Normal) (G1 Evacuation Pause) 388M->106M(512M) 12.150ms
[2022-04-27T05:28:10.885+0000][1373.748s] GC(552) User=0.06s Sys=0.00s Real=0.01s
[2022-04-27T05:28:12.653+0000][1375.517s] GC(553) Pause Young (Normal) (G1 Evacuation Pause)
[2022-04-27T05:28:12.654+0000][1375.517s] GC(553) Using 8 workers of 8 for evacuation
[2022-04-27T05:28:12.670+0000][1375.534s] GC(553)   Pre Evacuate Collection Set: 0.0ms
[2022-04-27T05:28:12.671+0000][1375.535s] GC(553)   Evacuate Collection Set: 7.0ms
[2022-04-27T05:28:12.671+0000][1375.535s] GC(553)   Post Evacuate Collection Set: 9.4ms
[2022-04-27T05:28:12.671+0000][1375.535s] GC(553)   Other: 1.0ms
[2022-04-27T05:28:12.672+0000][1375.535s] GC(553) Eden regions: 282->0(287)
[2022-04-27T05:28:12.672+0000][1375.536s] GC(553) Survivor regions: 25->20(39)
[2022-04-27T05:28:12.672+0000][1375.536s] GC(553) Old regions: 77->77
[2022-04-27T05:28:12.672+0000][1375.536s] GC(553) Humongous regions: 7->7
[2022-04-27T05:28:12.673+0000][1375.536s] GC(553) Metaspace: 57192K->57192K(1101824K)
[2022-04-27T05:28:12.673+0000][1375.537s] GC(553) Pause Young (Normal) (G1 Evacuation Pause) 388M->102M(512M) 19.711ms
[2022-04-27T05:28:12.673+0000][1375.537s] GC(553) User=0.11s Sys=0.00s Real=0.02s
[2022-04-27T05:28:14.669+0000][1377.533s] GC(554) Pause Young (Normal) (G1 Evacuation Pause)
[2022-04-27T05:28:14.669+0000][1377.533s] GC(554) Using 8 workers of 8 for evacuation
[2022-04-27T05:28:14.676+0000][1377.539s] GC(554)   Pre Evacuate Collection Set: 0.0ms
[2022-04-27T05:28:14.676+0000][1377.540s] GC(554)   Evacuate Collection Set: 3.5ms
[2022-04-27T05:28:14.676+0000][1377.540s] GC(554)   Post Evacuate Collection Set: 2.2ms
[2022-04-27T05:28:14.677+0000][1377.541s] GC(554)   Other: 0.7ms
[2022-04-27T05:28:14.677+0000][1377.541s] GC(554) Eden regions: 287->0(289)
[2022-04-27T05:28:14.678+0000][1377.541s] GC(554) Survivor regions: 20->18(39)
[2022-04-27T05:28:14.678+0000][1377.542s] GC(554) Old regions: 77->77
[2022-04-27T05:28:14.678+0000][1377.542s] GC(554) Humongous regions: 7->7
[2022-04-27T05:28:14.678+0000][1377.542s] GC(554) Metaspace: 57192K->57192K(1101824K)
[2022-04-27T05:28:14.679+0000][1377.542s] GC(554) Pause Young (Normal) (G1 Evacuation Pause) 389M->100M(512M) 9.601ms
[2022-04-27T05:28:14.679+0000][1377.543s] GC(554) User=0.04s Sys=0.00s Real=0.01s
[2022-04-27T05:28:16.714+0000][1379.578s] GC(555) Pause Young (Normal) (G1 Evacuation Pause)
[2022-04-27T05:28:16.714+0000][1379.578s] GC(555) Using 8 workers of 8 for evacuation
[2022-04-27T05:28:16.722+0000][1379.586s] GC(555)   Pre Evacuate Collection Set: 0.0ms
[2022-04-27T05:28:16.722+0000][1379.586s] GC(555)   Evacuate Collection Set: 3.8ms
[2022-04-27T05:28:16.723+0000][1379.587s] GC(555)   Post Evacuate Collection Set: 3.2ms
[2022-04-27T05:28:16.723+0000][1379.587s] GC(555)   Other: 0.9ms
[2022-04-27T05:28:16.724+0000][1379.587s] GC(555) Eden regions: 289->0(285)
[2022-04-27T05:28:16.724+0000][1379.588s] GC(555) Survivor regions: 18->22(39)
[2022-04-27T05:28:16.724+0000][1379.588s] GC(555) Old regions: 77->77
[2022-04-27T05:28:16.725+0000][1379.588s] GC(555) Humongous regions: 7->7
[2022-04-27T05:28:16.725+0000][1379.589s] GC(555) Metaspace: 57192K->57192K(1101824K)
[2022-04-27T05:28:16.725+0000][1379.589s] GC(555) Pause Young (Normal) (G1 Evacuation Pause) 389M->103M(512M) 11.343ms
[2022-04-27T05:28:16.726+0000][1379.589s] GC(555) User=0.05s Sys=0.00s Real=0.01s
[2022-04-27T05:28:18.378+0000][1381.242s] GC(556) Pause Young (Normal) (G1 Evacuation Pause)
[2022-04-27T05:28:18.379+0000][1381.242s] GC(556) Using 8 workers of 8 for evacuation
[2022-04-27T05:28:18.386+0000][1381.249s] GC(556)   Pre Evacuate Collection Set: 0.0ms
[2022-04-27T05:28:18.386+0000][1381.250s] GC(556)   Evacuate Collection Set: 4.6ms
[2022-04-27T05:28:18.386+0000][1381.250s] GC(556)   Post Evacuate Collection Set: 2.1ms
[2022-04-27T05:28:18.387+0000][1381.250s] GC(556)   Other: 0.8ms
[2022-04-27T05:28:18.387+0000][1381.251s] GC(556) Eden regions: 285->0(286)
[2022-04-27T05:28:18.387+0000][1381.251s] GC(556) Survivor regions: 22->21(39)
[2022-04-27T05:28:18.388+0000][1381.251s] GC(556) Old regions: 77->77
[2022-04-27T05:28:18.388+0000][1381.252s] GC(556) Humongous regions: 7->7
[2022-04-27T05:28:18.388+0000][1381.252s] GC(556) Metaspace: 57192K->57192K(1101824K)
[2022-04-27T05:28:18.389+0000][1381.252s] GC(556) Pause Young (Normal) (G1 Evacuation Pause) 388M->102M(512M) 10.661ms
[2022-04-27T05:28:18.389+0000][1381.253s] GC(556) User=0.05s Sys=0.00s Real=0.01s
[2022-04-27T05:28:19.970+0000][1382.834s] GC(557) Pause Young (Normal) (G1 Evacuation Pause)
[2022-04-27T05:28:19.971+0000][1382.834s] GC(557) Using 8 workers of 8 for evacuation
[2022-04-27T05:28:19.977+0000][1382.840s] GC(557)   Pre Evacuate Collection Set: 0.0ms
[2022-04-27T05:28:19.977+0000][1382.841s] GC(557)   Evacuate Collection Set: 3.5ms
[2022-04-27T05:28:19.977+0000][1382.841s] GC(557)   Post Evacuate Collection Set: 2.0ms
[2022-04-27T05:28:19.978+0000][1382.841s] GC(557)   Other: 0.9ms
[2022-04-27T05:28:19.978+0000][1382.841s] GC(557) Eden regions: 286->0(289)
[2022-04-27T05:28:19.978+0000][1382.842s] GC(557) Survivor regions: 21->18(39)
[2022-04-27T05:28:19.978+0000][1382.842s] GC(557) Old regions: 77->77
[2022-04-27T05:28:19.979+0000][1382.842s] GC(557) Humongous regions: 7->7
[2022-04-27T05:28:19.979+0000][1382.843s] GC(557) Metaspace: 57192K->57192K(1101824K)
[2022-04-27T05:28:19.979+0000][1382.843s] GC(557) Pause Young (Normal) (G1 Evacuation Pause) 388M->99M(512M) 9.398ms
[2022-04-27T05:28:19.980+0000][1382.843s] GC(557) User=0.04s Sys=0.00s Real=0.01s
[2022-04-27T05:28:22.228+0000][1385.092s] GC(558) Pause Young (Normal) (G1 Evacuation Pause)
[2022-04-27T05:28:22.228+0000][1385.092s] GC(558) Using 8 workers of 8 for evacuation
[2022-04-27T05:28:22.235+0000][1385.098s] GC(558)   Pre Evacuate Collection Set: 0.0ms
[2022-04-27T05:28:22.235+0000][1385.099s] GC(558)   Evacuate Collection Set: 2.7ms
[2022-04-27T05:28:22.235+0000][1385.099s] GC(558)   Post Evacuate Collection Set: 3.3ms
[2022-04-27T05:28:22.236+0000][1385.099s] GC(558)   Other: 0.5ms
[2022-04-27T05:28:22.236+0000][1385.099s] GC(558) Eden regions: 289->0(286)
[2022-04-27T05:28:22.236+0000][1385.100s] GC(558) Survivor regions: 18->21(39)
[2022-04-27T05:28:22.236+0000][1385.100s] GC(558) Old regions: 77->77
[2022-04-27T05:28:22.237+0000][1385.100s] GC(558) Humongous regions: 7->7
[2022-04-27T05:28:22.237+0000][1385.101s] GC(558) Metaspace: 57192K->57192K(1101824K)
[2022-04-27T05:28:22.237+0000][1385.101s] GC(558) Pause Young (Normal) (G1 Evacuation Pause) 388M->102M(512M) 9.192ms
[2022-04-27T05:28:22.238+0000][1385.101s] GC(558) User=0.04s Sys=0.00s Real=0.01s
[2022-04-27T05:28:23.868+0000][1386.732s] GC(559) Pause Young (Normal) (G1 Evacuation Pause)
[2022-04-27T05:28:23.868+0000][1386.732s] GC(559) Using 8 workers of 8 for evacuation
[2022-04-27T05:28:23.880+0000][1386.743s] GC(559)   Pre Evacuate Collection Set: 0.0ms
[2022-04-27T05:28:23.880+0000][1386.744s] GC(559)   Evacuate Collection Set: 6.4ms
[2022-04-27T05:28:23.880+0000][1386.744s] GC(559)   Post Evacuate Collection Set: 4.6ms
[2022-04-27T05:28:23.881+0000][1386.744s] GC(559)   Other: 0.8ms
[2022-04-27T05:28:23.881+0000][1386.745s] GC(559) Eden regions: 286->0(287)
[2022-04-27T05:28:23.881+0000][1386.745s] GC(559) Survivor regions: 21->20(39)
[2022-04-27T05:28:23.882+0000][1386.745s] GC(559) Old regions: 77->77
[2022-04-27T05:28:23.882+0000][1386.745s] GC(559) Humongous regions: 7->7
[2022-04-27T05:28:23.882+0000][1386.746s] GC(559) Metaspace: 57192K->57192K(1101824K)
[2022-04-27T05:28:23.882+0000][1386.746s] GC(559) Pause Young (Normal) (G1 Evacuation Pause) 388M->102M(512M) 14.323ms
[2022-04-27T05:28:23.882+0000][1386.746s] GC(559) User=0.08s Sys=0.00s Real=0.02s
[2022-04-27T05:28:25.476+0000][1388.339s] GC(560) Pause Young (Normal) (G1 Evacuation Pause)
[2022-04-27T05:28:25.476+0000][1388.340s] GC(560) Using 8 workers of 8 for evacuation
[2022-04-27T05:28:25.483+0000][1388.347s] GC(560)   Pre Evacuate Collection Set: 0.0ms
[2022-04-27T05:28:25.484+0000][1388.347s] GC(560)   Evacuate Collection Set: 4.6ms
[2022-04-27T05:28:25.484+0000][1388.348s] GC(560)   Post Evacuate Collection Set: 2.4ms
[2022-04-27T05:28:25.485+0000][1388.348s] GC(560)   Other: 0.6ms
[2022-04-27T05:28:25.485+0000][1388.349s] GC(560) Eden regions: 287->0(285)
[2022-04-27T05:28:25.485+0000][1388.349s] GC(560) Survivor regions: 20->22(39)
[2022-04-27T05:28:25.485+0000][1388.349s] GC(560) Old regions: 77->77
[2022-04-27T05:28:25.486+0000][1388.350s] GC(560) Humongous regions: 7->7
[2022-04-27T05:28:25.486+0000][1388.350s] GC(560) Metaspace: 57192K->57192K(1101824K)
[2022-04-27T05:28:25.487+0000][1388.350s] GC(560) Pause Young (Normal) (G1 Evacuation Pause) 389M->103M(512M) 10.772ms
[2022-04-27T05:28:25.487+0000][1388.351s] GC(560) User=0.05s Sys=0.00s Real=0.01s
[2022-04-27T05:28:28.301+0000][1391.165s] GC(561) Pause Young (Normal) (G1 Evacuation Pause)
[2022-04-27T05:28:28.302+0000][1391.165s] GC(561) Using 8 workers of 8 for evacuation
[2022-04-27T05:28:28.310+0000][1391.174s] GC(561)   Pre Evacuate Collection Set: 0.0ms
[2022-04-27T05:28:28.311+0000][1391.175s] GC(561)   Evacuate Collection Set: 4.1ms
[2022-04-27T05:28:28.311+0000][1391.175s] GC(561)   Post Evacuate Collection Set: 4.1ms
[2022-04-27T05:28:28.312+0000][1391.175s] GC(561)   Other: 1.0ms
[2022-04-27T05:28:28.312+0000][1391.176s] GC(561) Eden regions: 285->0(284)
[2022-04-27T05:28:28.313+0000][1391.176s] GC(561) Survivor regions: 22->23(39)
[2022-04-27T05:28:28.313+0000][1391.177s] GC(561) Old regions: 77->77
[2022-04-27T05:28:28.313+0000][1391.177s] GC(561) Humongous regions: 7->7
[2022-04-27T05:28:28.314+0000][1391.177s] GC(561) Metaspace: 57192K->57192K(1101824K)
[2022-04-27T05:28:28.314+0000][1391.178s] GC(561) Pause Young (Normal) (G1 Evacuation Pause) 388M->104M(512M) 12.722ms
[2022-04-27T05:28:28.314+0000][1391.178s] GC(561) User=0.06s Sys=0.01s Real=0.01s
[2022-04-27T05:28:29.933+0000][1392.796s] GC(562) Pause Young (Normal) (G1 Evacuation Pause)
[2022-04-27T05:28:29.933+0000][1392.797s] GC(562) Using 8 workers of 8 for evacuation
[2022-04-27T05:28:29.940+0000][1392.804s] GC(562)   Pre Evacuate Collection Set: 0.0ms
[2022-04-27T05:28:29.941+0000][1392.805s] GC(562)   Evacuate Collection Set: 5.9ms
[2022-04-27T05:28:29.941+0000][1392.805s] GC(562)   Post Evacuate Collection Set: 1.1ms
[2022-04-27T05:28:29.942+0000][1392.805s] GC(562)   Other: 0.9ms
[2022-04-27T05:28:29.942+0000][1392.806s] GC(562) Eden regions: 284->0(286)
[2022-04-27T05:28:29.942+0000][1392.806s] GC(562) Survivor regions: 23->21(39)
[2022-04-27T05:28:29.943+0000][1392.806s] GC(562) Old regions: 77->77
[2022-04-27T05:28:29.943+0000][1392.807s] GC(562) Humongous regions: 7->7
[2022-04-27T05:28:29.943+0000][1392.807s] GC(562) Metaspace: 57192K->57192K(1101824K)
[2022-04-27T05:28:29.944+0000][1392.807s] GC(562) Pause Young (Normal) (G1 Evacuation Pause) 388M->103M(512M) 10.997ms
[2022-04-27T05:28:29.944+0000][1392.808s] GC(562) User=0.05s Sys=0.01s Real=0.01s
[2022-04-27T05:28:31.575+0000][1394.439s] GC(563) Pause Young (Normal) (G1 Evacuation Pause)
[2022-04-27T05:28:31.575+0000][1394.439s] GC(563) Using 8 workers of 8 for evacuation
[2022-04-27T05:28:31.583+0000][1394.447s] GC(563)   Pre Evacuate Collection Set: 0.0ms
[2022-04-27T05:28:31.584+0000][1394.447s] GC(563)   Evacuate Collection Set: 3.2ms
[2022-04-27T05:28:31.584+0000][1394.448s] GC(563)   Post Evacuate Collection Set: 3.9ms
[2022-04-27T05:28:31.584+0000][1394.448s] GC(563)   Other: 0.9ms
[2022-04-27T05:28:31.585+0000][1394.448s] GC(563) Eden regions: 286->0(285)
[2022-04-27T05:28:31.585+0000][1394.449s] GC(563) Survivor regions: 21->22(39)
[2022-04-27T05:28:31.586+0000][1394.449s] GC(563) Old regions: 77->77
[2022-04-27T05:28:31.586+0000][1394.450s] GC(563) Humongous regions: 7->7
[2022-04-27T05:28:31.586+0000][1394.450s] GC(563) Metaspace: 57192K->57192K(1101824K)
[2022-04-27T05:28:31.587+0000][1394.450s] GC(563) Pause Young (Normal) (G1 Evacuation Pause) 389M->104M(512M) 11.730ms
[2022-04-27T05:28:31.587+0000][1394.451s] GC(563) User=0.05s Sys=0.00s Real=0.01s
[2022-04-27T05:28:33.851+0000][1396.714s] GC(564) Pause Young (Normal) (G1 Evacuation Pause)
[2022-04-27T05:28:33.851+0000][1396.715s] GC(564) Using 8 workers of 8 for evacuation
[2022-04-27T05:28:33.858+0000][1396.722s] GC(564)   Pre Evacuate Collection Set: 0.0ms
[2022-04-27T05:28:33.858+0000][1396.722s] GC(564)   Evacuate Collection Set: 3.8ms
[2022-04-27T05:28:33.859+0000][1396.722s] GC(564)   Post Evacuate Collection Set: 2.7ms
[2022-04-27T05:28:33.859+0000][1396.723s] GC(564)   Other: 0.8ms
[2022-04-27T05:28:33.859+0000][1396.723s] GC(564) Eden regions: 285->0(288)
[2022-04-27T05:28:33.860+0000][1396.723s] GC(564) Survivor regions: 22->19(39)
[2022-04-27T05:28:33.860+0000][1396.724s] GC(564) Old regions: 77->77
[2022-04-27T05:28:33.860+0000][1396.724s] GC(564) Humongous regions: 7->7
[2022-04-27T05:28:33.861+0000][1396.724s] GC(564) Metaspace: 57192K->57192K(1101824K)
[2022-04-27T05:28:33.861+0000][1396.725s] GC(564) Pause Young (Normal) (G1 Evacuation Pause) 389M->101M(512M) 10.407ms
[2022-04-27T05:28:33.861+0000][1396.725s] GC(564) User=0.04s Sys=0.00s Real=0.02s
[2022-04-27T05:28:35.649+0000][1398.512s] GC(565) Pause Young (Normal) (G1 Evacuation Pause)
[2022-04-27T05:28:35.649+0000][1398.513s] GC(565) Using 8 workers of 8 for evacuation
[2022-04-27T05:28:35.659+0000][1398.523s] GC(565)   Pre Evacuate Collection Set: 0.0ms
[2022-04-27T05:28:35.660+0000][1398.524s] GC(565)   Evacuate Collection Set: 4.2ms
[2022-04-27T05:28:35.660+0000][1398.524s] GC(565)   Post Evacuate Collection Set: 5.7ms
[2022-04-27T05:28:35.661+0000][1398.524s] GC(565)   Other: 0.8ms
[2022-04-27T05:28:35.661+0000][1398.525s] GC(565) Eden regions: 288->0(284)
[2022-04-27T05:28:35.661+0000][1398.525s] GC(565) Survivor regions: 19->23(39)
[2022-04-27T05:28:35.662+0000][1398.525s] GC(565) Old regions: 77->77
[2022-04-27T05:28:35.662+0000][1398.525s] GC(565) Humongous regions: 7->7
[2022-04-27T05:28:35.662+0000][1398.526s] GC(565) Metaspace: 57192K->57192K(1101824K)
[2022-04-27T05:28:35.662+0000][1398.526s] GC(565) Pause Young (Normal) (G1 Evacuation Pause) 389M->105M(512M) 13.662ms
[2022-04-27T05:28:35.663+0000][1398.526s] GC(565) User=0.07s Sys=0.00s Real=0.02s
[2022-04-27T05:28:37.275+0000][1400.139s] GC(566) Pause Young (Normal) (G1 Evacuation Pause)
[2022-04-27T05:28:37.276+0000][1400.139s] GC(566) Using 8 workers of 8 for evacuation
[2022-04-27T05:28:37.287+0000][1400.150s] GC(566)   Pre Evacuate Collection Set: 0.0ms
[2022-04-27T05:28:37.287+0000][1400.151s] GC(566)   Evacuate Collection Set: 5.1ms
[2022-04-27T05:28:37.287+0000][1400.151s] GC(566)   Post Evacuate Collection Set: 5.6ms
[2022-04-27T05:28:37.288+0000][1400.151s] GC(566)   Other: 0.6ms
[2022-04-27T05:28:37.288+0000][1400.152s] GC(566) Eden regions: 284->0(286)
[2022-04-27T05:28:37.288+0000][1400.152s] GC(566) Survivor regions: 23->21(39)
[2022-04-27T05:28:37.288+0000][1400.152s] GC(566) Old regions: 77->77
[2022-04-27T05:28:37.289+0000][1400.152s] GC(566) Humongous regions: 7->7
[2022-04-27T05:28:37.289+0000][1400.152s] GC(566) Metaspace: 57192K->57192K(1101824K)
[2022-04-27T05:28:37.289+0000][1400.153s] GC(566) Pause Young (Normal) (G1 Evacuation Pause) 389M->102M(512M) 13.727ms
[2022-04-27T05:28:37.290+0000][1400.153s] GC(566) User=0.08s Sys=0.00s Real=0.01s
[2022-04-27T05:28:39.042+0000][1401.906s] GC(567) Pause Young (Normal) (G1 Evacuation Pause)
[2022-04-27T05:28:39.042+0000][1401.906s] GC(567) Using 8 workers of 8 for evacuation
[2022-04-27T05:28:39.049+0000][1401.912s] GC(567)   Pre Evacuate Collection Set: 0.0ms
[2022-04-27T05:28:39.049+0000][1401.913s] GC(567)   Evacuate Collection Set: 3.4ms
[2022-04-27T05:28:39.049+0000][1401.913s] GC(567)   Post Evacuate Collection Set: 2.5ms
[2022-04-27T05:28:39.049+0000][1401.913s] GC(567)   Other: 0.7ms
[2022-04-27T05:28:39.050+0000][1401.913s] GC(567) Eden regions: 286->0(290)
[2022-04-27T05:28:39.050+0000][1401.914s] GC(567) Survivor regions: 21->17(39)
[2022-04-27T05:28:39.050+0000][1401.914s] GC(567) Old regions: 77->77
[2022-04-27T05:28:39.050+0000][1401.914s] GC(567) Humongous regions: 7->7
[2022-04-27T05:28:39.051+0000][1401.914s] GC(567) Metaspace: 57192K->57192K(1101824K)
[2022-04-27T05:28:39.051+0000][1401.914s] GC(567) Pause Young (Normal) (G1 Evacuation Pause) 388M->99M(512M) 8.751ms
[2022-04-27T05:28:39.051+0000][1401.915s] GC(567) User=0.04s Sys=0.00s Real=0.01s
[2022-04-27T05:28:41.223+0000][1404.087s] GC(568) Pause Young (Normal) (G1 Evacuation Pause)
[2022-04-27T05:28:41.223+0000][1404.087s] GC(568) Using 8 workers of 8 for evacuation
[2022-04-27T05:28:41.235+0000][1404.098s] GC(568)   Pre Evacuate Collection Set: 0.0ms
[2022-04-27T05:28:41.235+0000][1404.099s] GC(568)   Evacuate Collection Set: 6.3ms
[2022-04-27T05:28:41.235+0000][1404.099s] GC(568)   Post Evacuate Collection Set: 4.5ms
[2022-04-27T05:28:41.236+0000][1404.099s] GC(568)   Other: 0.7ms
[2022-04-27T05:28:41.236+0000][1404.099s] GC(568) Eden regions: 290->0(283)
[2022-04-27T05:28:41.236+0000][1404.100s] GC(568) Survivor regions: 17->24(39)
[2022-04-27T05:28:41.236+0000][1404.100s] GC(568) Old regions: 77->77
[2022-04-27T05:28:41.237+0000][1404.100s] GC(568) Humongous regions: 7->7
[2022-04-27T05:28:41.237+0000][1404.101s] GC(568) Metaspace: 57192K->57192K(1101824K)
[2022-04-27T05:28:41.237+0000][1404.101s] GC(568) Pause Young (Normal) (G1 Evacuation Pause) 389M->105M(512M) 14.252ms
[2022-04-27T05:28:41.238+0000][1404.101s] GC(568) User=0.07s Sys=0.00s Real=0.01s
[2022-04-27T05:28:42.904+0000][1405.768s] GC(569) Pause Young (Normal) (G1 Evacuation Pause)
[2022-04-27T05:28:42.904+0000][1405.768s] GC(569) Using 8 workers of 8 for evacuation
[2022-04-27T05:28:42.911+0000][1405.775s] GC(569)   Pre Evacuate Collection Set: 0.0ms
[2022-04-27T05:28:42.911+0000][1405.775s] GC(569)   Evacuate Collection Set: 4.2ms
[2022-04-27T05:28:42.912+0000][1405.775s] GC(569)   Post Evacuate Collection Set: 2.2ms
[2022-04-27T05:28:42.912+0000][1405.776s] GC(569)   Other: 0.8ms
[2022-04-27T05:28:42.912+0000][1405.776s] GC(569) Eden regions: 283->0(287)
[2022-04-27T05:28:42.913+0000][1405.776s] GC(569) Survivor regions: 24->20(39)
[2022-04-27T05:28:42.913+0000][1405.777s] GC(569) Old regions: 77->77
[2022-04-27T05:28:42.913+0000][1405.777s] GC(569) Humongous regions: 7->7
[2022-04-27T05:28:42.914+0000][1405.777s] GC(569) Metaspace: 57192K->57192K(1101824K)
[2022-04-27T05:28:42.914+0000][1405.778s] GC(569) Pause Young (Normal) (G1 Evacuation Pause) 388M->102M(512M) 10.120ms
[2022-04-27T05:28:42.914+0000][1405.778s] GC(569) User=0.03s Sys=0.02s Real=0.01s
[2022-04-27T05:28:44.593+0000][1407.456s] GC(570) Pause Young (Normal) (G1 Evacuation Pause)
[2022-04-27T05:28:44.593+0000][1407.456s] GC(570) Using 8 workers of 8 for evacuation
[2022-04-27T05:28:44.600+0000][1407.464s] GC(570)   Pre Evacuate Collection Set: 0.0ms
[2022-04-27T05:28:44.600+0000][1407.464s] GC(570)   Evacuate Collection Set: 4.7ms
[2022-04-27T05:28:44.601+0000][1407.464s] GC(570)   Post Evacuate Collection Set: 2.0ms
[2022-04-27T05:28:44.601+0000][1407.465s] GC(570)   Other: 0.8ms
[2022-04-27T05:28:44.601+0000][1407.465s] GC(570) Eden regions: 287->0(287)
[2022-04-27T05:28:44.602+0000][1407.465s] GC(570) Survivor regions: 20->20(39)
[2022-04-27T05:28:44.602+0000][1407.466s] GC(570) Old regions: 77->77
[2022-04-27T05:28:44.602+0000][1407.466s] GC(570) Humongous regions: 7->7
[2022-04-27T05:28:44.603+0000][1407.466s] GC(570) Metaspace: 57192K->57192K(1101824K)
[2022-04-27T05:28:44.603+0000][1407.467s] GC(570) Pause Young (Normal) (G1 Evacuation Pause) 389M->102M(512M) 10.459ms
[2022-04-27T05:28:44.603+0000][1407.467s] GC(570) User=0.05s Sys=0.00s Real=0.01s
[2022-04-27T05:28:46.739+0000][1409.603s] GC(571) Pause Young (Normal) (G1 Evacuation Pause)
[2022-04-27T05:28:46.740+0000][1409.603s] GC(571) Using 8 workers of 8 for evacuation
[2022-04-27T05:28:46.746+0000][1409.610s] GC(571)   Pre Evacuate Collection Set: 0.0ms
[2022-04-27T05:28:46.747+0000][1409.610s] GC(571)   Evacuate Collection Set: 4.2ms
[2022-04-27T05:28:46.747+0000][1409.611s] GC(571)   Post Evacuate Collection Set: 2.3ms
[2022-04-27T05:28:46.748+0000][1409.611s] GC(571)   Other: 0.6ms
[2022-04-27T05:28:46.748+0000][1409.612s] GC(571) Eden regions: 287->0(287)
[2022-04-27T05:28:46.748+0000][1409.612s] GC(571) Survivor regions: 20->20(39)
[2022-04-27T05:28:46.749+0000][1409.612s] GC(571) Old regions: 77->77
[2022-04-27T05:28:46.749+0000][1409.613s] GC(571) Humongous regions: 7->7
[2022-04-27T05:28:46.749+0000][1409.613s] GC(571) Metaspace: 57192K->57192K(1101824K)
[2022-04-27T05:28:46.750+0000][1409.613s] GC(571) Pause Young (Normal) (G1 Evacuation Pause) 389M->101M(512M) 10.343ms
[2022-04-27T05:28:46.750+0000][1409.614s] GC(571) User=0.05s Sys=0.00s Real=0.01s
[2022-04-27T05:28:48.426+0000][1411.289s] GC(572) Pause Young (Normal) (G1 Evacuation Pause)
[2022-04-27T05:28:48.426+0000][1411.290s] GC(572) Using 8 workers of 8 for evacuation
[2022-04-27T05:28:48.434+0000][1411.298s] GC(572)   Pre Evacuate Collection Set: 0.0ms
[2022-04-27T05:28:48.434+0000][1411.298s] GC(572)   Evacuate Collection Set: 3.8ms
[2022-04-27T05:28:48.435+0000][1411.298s] GC(572)   Post Evacuate Collection Set: 3.7ms
[2022-04-27T05:28:48.435+0000][1411.299s] GC(572)   Other: 0.9ms
[2022-04-27T05:28:48.436+0000][1411.299s] GC(572) Eden regions: 287->0(284)
[2022-04-27T05:28:48.436+0000][1411.300s] GC(572) Survivor regions: 20->23(39)
[2022-04-27T05:28:48.436+0000][1411.300s] GC(572) Old regions: 77->77
[2022-04-27T05:28:48.437+0000][1411.300s] GC(572) Humongous regions: 7->7
[2022-04-27T05:28:48.437+0000][1411.301s] GC(572) Metaspace: 57192K->57192K(1101824K)
[2022-04-27T05:28:48.437+0000][1411.301s] GC(572) Pause Young (Normal) (G1 Evacuation Pause) 388M->105M(512M) 11.622ms
[2022-04-27T05:28:48.438+0000][1411.301s] GC(572) User=0.05s Sys=0.00s Real=0.01s
[2022-04-27T05:28:50.152+0000][1413.016s] GC(573) Pause Young (Normal) (G1 Evacuation Pause)
[2022-04-27T05:28:50.152+0000][1413.016s] GC(573) Using 8 workers of 8 for evacuation
[2022-04-27T05:28:50.160+0000][1413.024s] GC(573)   Pre Evacuate Collection Set: 0.0ms
[2022-04-27T05:28:50.160+0000][1413.024s] GC(573)   Evacuate Collection Set: 4.8ms
[2022-04-27T05:28:50.161+0000][1413.024s] GC(573)   Post Evacuate Collection Set: 2.3ms
[2022-04-27T05:28:50.161+0000][1413.025s] GC(573)   Other: 1.0ms
[2022-04-27T05:28:50.161+0000][1413.025s] GC(573) Eden regions: 284->0(286)
[2022-04-27T05:28:50.162+0000][1413.025s] GC(573) Survivor regions: 23->21(39)
[2022-04-27T05:28:50.162+0000][1413.026s] GC(573) Old regions: 77->77
[2022-04-27T05:28:50.162+0000][1413.026s] GC(573) Humongous regions: 7->7
[2022-04-27T05:28:50.163+0000][1413.026s] GC(573) Metaspace: 57192K->57192K(1101824K)
[2022-04-27T05:28:50.163+0000][1413.027s] GC(573) Pause Young (Normal) (G1 Evacuation Pause) 389M->103M(512M) 11.041ms
[2022-04-27T05:28:50.163+0000][1413.027s] GC(573) User=0.04s Sys=0.01s Real=0.01s
[2022-04-27T05:28:51.937+0000][1414.801s] GC(574) Pause Young (Normal) (G1 Evacuation Pause)
[2022-04-27T05:28:51.938+0000][1414.801s] GC(574) Using 8 workers of 8 for evacuation
[2022-04-27T05:28:51.944+0000][1414.807s] GC(574)   Pre Evacuate Collection Set: 0.0ms
[2022-04-27T05:28:51.944+0000][1414.808s] GC(574)   Evacuate Collection Set: 3.2ms
[2022-04-27T05:28:51.944+0000][1414.808s] GC(574)   Post Evacuate Collection Set: 2.1ms
[2022-04-27T05:28:51.945+0000][1414.808s] GC(574)   Other: 0.8ms
[2022-04-27T05:28:51.945+0000][1414.809s] GC(574) Eden regions: 286->0(290)
[2022-04-27T05:28:51.945+0000][1414.809s] GC(574) Survivor regions: 21->17(39)
[2022-04-27T05:28:51.946+0000][1414.809s] GC(574) Old regions: 77->77
[2022-04-27T05:28:51.946+0000][1414.810s] GC(574) Humongous regions: 7->7
[2022-04-27T05:28:51.946+0000][1414.810s] GC(574) Metaspace: 57192K->57192K(1101824K)
[2022-04-27T05:28:51.947+0000][1414.810s] GC(574) Pause Young (Normal) (G1 Evacuation Pause) 389M->99M(512M) 9.159ms
[2022-04-27T05:28:51.947+0000][1414.811s] GC(574) User=0.04s Sys=0.00s Real=0.01s
[2022-04-27T05:28:54.187+0000][1417.050s] GC(575) Pause Young (Normal) (G1 Evacuation Pause)
[2022-04-27T05:28:54.187+0000][1417.050s] GC(575) Using 8 workers of 8 for evacuation
[2022-04-27T05:28:54.195+0000][1417.059s] GC(575)   Pre Evacuate Collection Set: 0.0ms
[2022-04-27T05:28:54.195+0000][1417.059s] GC(575)   Evacuate Collection Set: 5.4ms
[2022-04-27T05:28:54.196+0000][1417.060s] GC(575)   Post Evacuate Collection Set: 2.4ms
[2022-04-27T05:28:54.196+0000][1417.060s] GC(575)   Other: 0.6ms
[2022-04-27T05:28:54.197+0000][1417.060s] GC(575) Eden regions: 290->0(285)
[2022-04-27T05:28:54.197+0000][1417.061s] GC(575) Survivor regions: 17->22(39)
[2022-04-27T05:28:54.197+0000][1417.061s] GC(575) Old regions: 77->77
[2022-04-27T05:28:54.198+0000][1417.061s] GC(575) Humongous regions: 7->7
[2022-04-27T05:28:54.198+0000][1417.062s] GC(575) Metaspace: 57192K->57192K(1101824K)
[2022-04-27T05:28:54.198+0000][1417.062s] GC(575) Pause Young (Normal) (G1 Evacuation Pause) 389M->104M(512M) 11.807ms
[2022-04-27T05:28:54.199+0000][1417.062s] GC(575) User=0.06s Sys=0.00s Real=0.01s
[2022-04-27T05:28:55.810+0000][1418.674s] GC(576) Pause Young (Normal) (G1 Evacuation Pause)
[2022-04-27T05:28:55.810+0000][1418.674s] GC(576) Using 8 workers of 8 for evacuation
[2022-04-27T05:28:55.818+0000][1418.682s] GC(576)   Pre Evacuate Collection Set: 0.0ms
[2022-04-27T05:28:55.819+0000][1418.683s] GC(576)   Evacuate Collection Set: 3.8ms
[2022-04-27T05:28:55.819+0000][1418.683s] GC(576)   Post Evacuate Collection Set: 3.8ms
[2022-04-27T05:28:55.820+0000][1418.683s] GC(576)   Other: 0.7ms
[2022-04-27T05:28:55.820+0000][1418.684s] GC(576) Eden regions: 285->0(282)
[2022-04-27T05:28:55.820+0000][1418.684s] GC(576) Survivor regions: 22->25(39)
[2022-04-27T05:28:55.821+0000][1418.684s] GC(576) Old regions: 77->78
[2022-04-27T05:28:55.821+0000][1418.684s] GC(576) Humongous regions: 7->7
[2022-04-27T05:28:55.821+0000][1418.685s] GC(576) Metaspace: 57192K->57192K(1101824K)
[2022-04-27T05:28:55.821+0000][1418.685s] GC(576) Pause Young (Normal) (G1 Evacuation Pause) 389M->107M(512M) 11.292ms
[2022-04-27T05:28:55.822+0000][1418.685s] GC(576) User=0.05s Sys=0.01s Real=0.02s
[2022-04-27T05:28:57.417+0000][1420.280s] GC(577) Pause Young (Normal) (G1 Evacuation Pause)
[2022-04-27T05:28:57.417+0000][1420.281s] GC(577) Using 8 workers of 8 for evacuation
[2022-04-27T05:28:57.424+0000][1420.288s] GC(577)   Pre Evacuate Collection Set: 0.0ms
[2022-04-27T05:28:57.425+0000][1420.288s] GC(577)   Evacuate Collection Set: 4.5ms
[2022-04-27T05:28:57.425+0000][1420.289s] GC(577)   Post Evacuate Collection Set: 2.2ms
[2022-04-27T05:28:57.425+0000][1420.289s] GC(577)   Other: 0.9ms
[2022-04-27T05:28:57.426+0000][1420.289s] GC(577) Eden regions: 282->0(285)
[2022-04-27T05:28:57.426+0000][1420.290s] GC(577) Survivor regions: 25->22(39)
[2022-04-27T05:28:57.426+0000][1420.290s] GC(577) Old regions: 78->78
[2022-04-27T05:28:57.427+0000][1420.290s] GC(577) Humongous regions: 7->7
[2022-04-27T05:28:57.427+0000][1420.291s] GC(577) Metaspace: 57192K->57192K(1101824K)
[2022-04-27T05:28:57.427+0000][1420.291s] GC(577) Pause Young (Normal) (G1 Evacuation Pause) 389M->104M(512M) 10.610ms
[2022-04-27T05:28:57.427+0000][1420.291s] GC(577) User=0.05s Sys=0.00s Real=0.01s
[2022-04-27T05:28:59.227+0000][1422.090s] GC(578) Pause Young (Normal) (G1 Evacuation Pause)
[2022-04-27T05:28:59.227+0000][1422.091s] GC(578) Using 8 workers of 8 for evacuation
[2022-04-27T05:28:59.234+0000][1422.097s] GC(578)   Pre Evacuate Collection Set: 0.0ms
[2022-04-27T05:28:59.234+0000][1422.098s] GC(578)   Evacuate Collection Set: 3.7ms
[2022-04-27T05:28:59.234+0000][1422.098s] GC(578)   Post Evacuate Collection Set: 2.4ms
[2022-04-27T05:28:59.235+0000][1422.098s] GC(578)   Other: 0.8ms
[2022-04-27T05:28:59.236+0000][1422.100s] GC(578) Eden regions: 285->0(288)
[2022-04-27T05:28:59.236+0000][1422.100s] GC(578) Survivor regions: 22->19(39)
[2022-04-27T05:28:59.237+0000][1422.100s] GC(578) Old regions: 78->78
[2022-04-27T05:28:59.237+0000][1422.101s] GC(578) Humongous regions: 7->7
[2022-04-27T05:28:59.237+0000][1422.101s] GC(578) Metaspace: 57192K->57192K(1101824K)
[2022-04-27T05:28:59.237+0000][1422.101s] GC(578) Pause Young (Normal) (G1 Evacuation Pause) 389M->101M(512M) 10.656ms
[2022-04-27T05:28:59.238+0000][1422.101s] GC(578) User=0.04s Sys=0.00s Real=0.01s
[2022-04-27T05:29:01.173+0000][1424.036s] GC(579) Pause Young (Normal) (G1 Evacuation Pause)
[2022-04-27T05:29:01.173+0000][1424.037s] GC(579) Using 8 workers of 8 for evacuation
[2022-04-27T05:29:01.181+0000][1424.045s] GC(579)   Pre Evacuate Collection Set: 0.0ms
[2022-04-27T05:29:01.182+0000][1424.045s] GC(579)   Evacuate Collection Set: 4.4ms
[2022-04-27T05:29:01.182+0000][1424.046s] GC(579)   Post Evacuate Collection Set: 3.5ms
[2022-04-27T05:29:01.183+0000][1424.046s] GC(579)   Other: 0.8ms
[2022-04-27T05:29:01.183+0000][1424.046s] GC(579) Eden regions: 288->0(283)
[2022-04-27T05:29:01.183+0000][1424.047s] GC(579) Survivor regions: 19->24(39)
[2022-04-27T05:29:01.183+0000][1424.047s] GC(579) Old regions: 78->78
[2022-04-27T05:29:01.184+0000][1424.047s] GC(579) Humongous regions: 7->7
[2022-04-27T05:29:01.184+0000][1424.048s] GC(579) Metaspace: 57192K->57192K(1101824K)
[2022-04-27T05:29:01.184+0000][1424.048s] GC(579) Pause Young (Normal) (G1 Evacuation Pause) 389M->106M(512M) 11.401ms
[2022-04-27T05:29:01.184+0000][1424.048s] GC(579) User=0.06s Sys=0.00s Real=0.01s
[2022-04-27T05:29:02.699+0000][1425.563s] GC(580) Pause Young (Normal) (G1 Evacuation Pause)
[2022-04-27T05:29:02.699+0000][1425.563s] GC(580) Using 8 workers of 8 for evacuation
[2022-04-27T05:29:02.708+0000][1425.572s] GC(580)   Pre Evacuate Collection Set: 0.0ms
[2022-04-27T05:29:02.709+0000][1425.572s] GC(580)   Evacuate Collection Set: 4.3ms
[2022-04-27T05:29:02.709+0000][1425.573s] GC(580)   Post Evacuate Collection Set: 4.0ms
[2022-04-27T05:29:02.709+0000][1425.573s] GC(580)   Other: 0.8ms
[2022-04-27T05:29:02.710+0000][1425.573s] GC(580) Eden regions: 283->0(286)
[2022-04-27T05:29:02.710+0000][1425.573s] GC(580) Survivor regions: 24->21(39)
[2022-04-27T05:29:02.710+0000][1425.574s] GC(580) Old regions: 78->78
[2022-04-27T05:29:02.710+0000][1425.574s] GC(580) Humongous regions: 7->7
[2022-04-27T05:29:02.710+0000][1425.574s] GC(580) Metaspace: 57192K->57192K(1101824K)
[2022-04-27T05:29:02.711+0000][1425.574s] GC(580) Pause Young (Normal) (G1 Evacuation Pause) 389M->103M(512M) 11.537ms
[2022-04-27T05:29:02.711+0000][1425.575s] GC(580) User=0.06s Sys=0.00s Real=0.02s
[2022-04-27T05:29:04.341+0000][1427.205s] GC(581) Pause Young (Normal) (G1 Evacuation Pause)
[2022-04-27T05:29:04.342+0000][1427.205s] GC(581) Using 8 workers of 8 for evacuation
[2022-04-27T05:29:04.347+0000][1427.211s] GC(581)   Pre Evacuate Collection Set: 0.0ms
[2022-04-27T05:29:04.348+0000][1427.211s] GC(581)   Evacuate Collection Set: 3.3ms
[2022-04-27T05:29:04.348+0000][1427.212s] GC(581)   Post Evacuate Collection Set: 2.0ms
[2022-04-27T05:29:04.348+0000][1427.212s] GC(581)   Other: 0.7ms
[2022-04-27T05:29:04.348+0000][1427.212s] GC(581) Eden regions: 286->0(288)
[2022-04-27T05:29:04.349+0000][1427.212s] GC(581) Survivor regions: 21->19(39)
[2022-04-27T05:29:04.349+0000][1427.213s] GC(581) Old regions: 78->78
[2022-04-27T05:29:04.349+0000][1427.213s] GC(581) Humongous regions: 7->7
[2022-04-27T05:29:04.350+0000][1427.213s] GC(581) Metaspace: 57192K->57192K(1101824K)
[2022-04-27T05:29:04.350+0000][1427.214s] GC(581) Pause Young (Normal) (G1 Evacuation Pause) 389M->101M(512M) 8.608ms
[2022-04-27T05:29:04.350+0000][1427.214s] GC(581) User=0.03s Sys=0.00s Real=0.00s
[2022-04-27T05:29:06.478+0000][1429.342s] GC(582) Pause Young (Normal) (G1 Evacuation Pause)
[2022-04-27T05:29:06.479+0000][1429.342s] GC(582) Using 8 workers of 8 for evacuation
[2022-04-27T05:29:06.485+0000][1429.349s] GC(582)   Pre Evacuate Collection Set: 0.0ms
[2022-04-27T05:29:06.486+0000][1429.349s] GC(582)   Evacuate Collection Set: 2.5ms
[2022-04-27T05:29:06.486+0000][1429.350s] GC(582)   Post Evacuate Collection Set: 3.7ms
[2022-04-27T05:29:06.486+0000][1429.350s] GC(582)   Other: 0.7ms
[2022-04-27T05:29:06.487+0000][1429.350s] GC(582) Eden regions: 288->0(288)
[2022-04-27T05:29:06.487+0000][1429.351s] GC(582) Survivor regions: 19->19(39)
[2022-04-27T05:29:06.488+0000][1429.351s] GC(582) Old regions: 78->78
[2022-04-27T05:29:06.488+0000][1429.351s] GC(582) Humongous regions: 7->7
[2022-04-27T05:29:06.488+0000][1429.352s] GC(582) Metaspace: 57192K->57192K(1101824K)
[2022-04-27T05:29:06.488+0000][1429.352s] GC(582) Pause Young (Normal) (G1 Evacuation Pause) 389M->101M(512M) 10.107ms
[2022-04-27T05:29:06.489+0000][1429.352s] GC(582) User=0.05s Sys=0.00s Real=0.01s
[2022-04-27T05:29:08.046+0000][1430.910s] GC(583) Pause Young (Normal) (G1 Evacuation Pause)
[2022-04-27T05:29:08.047+0000][1430.911s] GC(583) Using 8 workers of 8 for evacuation
[2022-04-27T05:29:08.054+0000][1430.918s] GC(583)   Pre Evacuate Collection Set: 0.0ms
[2022-04-27T05:29:08.055+0000][1430.919s] GC(583)   Evacuate Collection Set: 4.7ms
[2022-04-27T05:29:08.055+0000][1430.919s] GC(583)   Post Evacuate Collection Set: 2.3ms
[2022-04-27T05:29:08.056+0000][1430.919s] GC(583)   Other: 1.0ms
[2022-04-27T05:29:08.056+0000][1430.920s] GC(583) Eden regions: 288->0(287)
[2022-04-27T05:29:08.056+0000][1430.920s] GC(583) Survivor regions: 19->20(39)
[2022-04-27T05:29:08.057+0000][1430.920s] GC(583) Old regions: 78->78
[2022-04-27T05:29:08.057+0000][1430.921s] GC(583) Humongous regions: 7->7
[2022-04-27T05:29:08.057+0000][1430.921s] GC(583) Metaspace: 57192K->57192K(1101824K)
[2022-04-27T05:29:08.058+0000][1430.921s] GC(583) Pause Young (Normal) (G1 Evacuation Pause) 389M->102M(512M) 11.139ms
[2022-04-27T05:29:08.058+0000][1430.922s] GC(583) User=0.05s Sys=0.00s Real=0.01s
[2022-04-27T05:29:09.668+0000][1432.531s] GC(584) Pause Young (Normal) (G1 Evacuation Pause)
[2022-04-27T05:29:09.668+0000][1432.532s] GC(584) Using 8 workers of 8 for evacuation
[2022-04-27T05:29:09.673+0000][1432.537s] GC(584)   Pre Evacuate Collection Set: 0.0ms
[2022-04-27T05:29:09.674+0000][1432.537s] GC(584)   Evacuate Collection Set: 3.1ms
[2022-04-27T05:29:09.674+0000][1432.538s] GC(584)   Post Evacuate Collection Set: 2.1ms
[2022-04-27T05:29:09.674+0000][1432.538s] GC(584)   Other: 0.5ms
[2022-04-27T05:29:09.675+0000][1432.538s] GC(584) Eden regions: 287->0(290)
[2022-04-27T05:29:09.675+0000][1432.539s] GC(584) Survivor regions: 20->17(39)
[2022-04-27T05:29:09.676+0000][1432.539s] GC(584) Old regions: 78->78
[2022-04-27T05:29:09.676+0000][1432.540s] GC(584) Humongous regions: 7->7
[2022-04-27T05:29:09.676+0000][1432.540s] GC(584) Metaspace: 57192K->57192K(1101824K)
[2022-04-27T05:29:09.677+0000][1432.540s] GC(584) Pause Young (Normal) (G1 Evacuation Pause) 389M->99M(512M) 8.851ms
[2022-04-27T05:29:09.677+0000][1432.540s] GC(584) User=0.04s Sys=0.00s Real=0.01s
[2022-04-27T05:29:11.292+0000][1434.156s] GC(585) Pause Young (Normal) (G1 Evacuation Pause)
[2022-04-27T05:29:11.293+0000][1434.156s] GC(585) Using 8 workers of 8 for evacuation
[2022-04-27T05:29:11.299+0000][1434.163s] GC(585)   Pre Evacuate Collection Set: 0.0ms
[2022-04-27T05:29:11.299+0000][1434.163s] GC(585)   Evacuate Collection Set: 3.4ms
[2022-04-27T05:29:11.300+0000][1434.163s] GC(585)   Post Evacuate Collection Set: 2.6ms
[2022-04-27T05:29:11.300+0000][1434.164s] GC(585)   Other: 0.5ms
[2022-04-27T05:29:11.301+0000][1434.164s] GC(585) Eden regions: 290->0(289)
[2022-04-27T05:29:11.301+0000][1434.165s] GC(585) Survivor regions: 17->18(39)
[2022-04-27T05:29:11.301+0000][1434.165s] GC(585) Old regions: 78->78
[2022-04-27T05:29:11.302+0000][1434.165s] GC(585) Humongous regions: 7->7
[2022-04-27T05:29:11.302+0000][1434.166s] GC(585) Metaspace: 57192K->57192K(1101824K)
[2022-04-27T05:29:11.302+0000][1434.166s] GC(585) Pause Young (Normal) (G1 Evacuation Pause) 389M->100M(512M) 10.036ms
[2022-04-27T05:29:11.303+0000][1434.166s] GC(585) User=0.03s Sys=0.01s Real=0.01s
[2022-04-27T05:29:13.418+0000][1436.282s] GC(586) Pause Young (Normal) (G1 Evacuation Pause)
[2022-04-27T05:29:13.419+0000][1436.283s] GC(586) Using 8 workers of 8 for evacuation
[2022-04-27T05:29:13.428+0000][1436.291s] GC(586)   Pre Evacuate Collection Set: 0.0ms
[2022-04-27T05:29:13.428+0000][1436.292s] GC(586)   Evacuate Collection Set: 4.4ms
[2022-04-27T05:29:13.428+0000][1436.292s] GC(586)   Post Evacuate Collection Set: 3.7ms
[2022-04-27T05:29:13.429+0000][1436.292s] GC(586)   Other: 1.0ms
[2022-04-27T05:29:13.429+0000][1436.293s] GC(586) Eden regions: 289->0(283)
[2022-04-27T05:29:13.430+0000][1436.293s] GC(586) Survivor regions: 18->24(39)
[2022-04-27T05:29:13.430+0000][1436.294s] GC(586) Old regions: 78->78
[2022-04-27T05:29:13.430+0000][1436.294s] GC(586) Humongous regions: 7->7
[2022-04-27T05:29:13.431+0000][1436.294s] GC(586) Metaspace: 57192K->57192K(1101824K)
[2022-04-27T05:29:13.431+0000][1436.295s] GC(586) Pause Young (Normal) (G1 Evacuation Pause) 389M->106M(512M) 12.538ms
[2022-04-27T05:29:13.432+0000][1436.295s] GC(586) User=0.05s Sys=0.01s Real=0.02s
[2022-04-27T05:29:14.931+0000][1437.795s] GC(587) Pause Young (Normal) (G1 Evacuation Pause)
[2022-04-27T05:29:14.931+0000][1437.795s] GC(587) Using 8 workers of 8 for evacuation
[2022-04-27T05:29:14.937+0000][1437.800s] GC(587)   Pre Evacuate Collection Set: 0.0ms
[2022-04-27T05:29:14.937+0000][1437.801s] GC(587)   Evacuate Collection Set: 3.1ms
[2022-04-27T05:29:14.937+0000][1437.801s] GC(587)   Post Evacuate Collection Set: 2.1ms
[2022-04-27T05:29:14.938+0000][1437.801s] GC(587)   Other: 0.5ms
[2022-04-27T05:29:14.938+0000][1437.802s] GC(587) Eden regions: 283->0(289)
[2022-04-27T05:29:14.938+0000][1437.802s] GC(587) Survivor regions: 24->18(39)
[2022-04-27T05:29:14.939+0000][1437.802s] GC(587) Old regions: 78->78
[2022-04-27T05:29:14.939+0000][1437.803s] GC(587) Humongous regions: 7->7
[2022-04-27T05:29:14.939+0000][1437.803s] GC(587) Metaspace: 57192K->57192K(1101824K)
[2022-04-27T05:29:14.939+0000][1437.803s] GC(587) Pause Young (Normal) (G1 Evacuation Pause) 389M->100M(512M) 8.538ms
[2022-04-27T05:29:14.940+0000][1437.803s] GC(587) User=0.03s Sys=0.00s Real=0.00s
[2022-04-27T05:29:16.573+0000][1439.436s] GC(588) Pause Young (Normal) (G1 Evacuation Pause)
[2022-04-27T05:29:16.573+0000][1439.437s] GC(588) Using 8 workers of 8 for evacuation
[2022-04-27T05:29:16.581+0000][1439.444s] GC(588)   Pre Evacuate Collection Set: 0.0ms
[2022-04-27T05:29:16.581+0000][1439.445s] GC(588)   Evacuate Collection Set: 4.7ms
[2022-04-27T05:29:16.581+0000][1439.445s] GC(588)   Post Evacuate Collection Set: 2.4ms
[2022-04-27T05:29:16.582+0000][1439.445s] GC(588)   Other: 0.8ms
[2022-04-27T05:29:16.582+0000][1439.446s] GC(588) Eden regions: 289->0(285)
[2022-04-27T05:29:16.583+0000][1439.446s] GC(588) Survivor regions: 18->22(39)
[2022-04-27T05:29:16.583+0000][1439.447s] GC(588) Old regions: 78->78
[2022-04-27T05:29:16.583+0000][1439.447s] GC(588) Humongous regions: 7->7
[2022-04-27T05:29:16.584+0000][1439.447s] GC(588) Metaspace: 57192K->57192K(1101824K)
[2022-04-27T05:29:16.584+0000][1439.448s] GC(588) Pause Young (Normal) (G1 Evacuation Pause) 389M->104M(512M) 11.300ms
[2022-04-27T05:29:16.584+0000][1439.448s] GC(588) User=0.04s Sys=0.01s Real=0.01s
[2022-04-27T05:29:18.542+0000][1441.406s] GC(589) Pause Young (Normal) (G1 Evacuation Pause)
[2022-04-27T05:29:18.543+0000][1441.406s] GC(589) Using 8 workers of 8 for evacuation
[2022-04-27T05:29:18.549+0000][1441.413s] GC(589)   Pre Evacuate Collection Set: 0.0ms
[2022-04-27T05:29:18.550+0000][1441.413s] GC(589)   Evacuate Collection Set: 3.6ms
[2022-04-27T05:29:18.550+0000][1441.414s] GC(589)   Post Evacuate Collection Set: 2.6ms
[2022-04-27T05:29:18.550+0000][1441.414s] GC(589)   Other: 0.4ms
[2022-04-27T05:29:18.551+0000][1441.414s] GC(589) Eden regions: 285->0(289)
[2022-04-27T05:29:18.551+0000][1441.414s] GC(589) Survivor regions: 22->18(39)
[2022-04-27T05:29:18.551+0000][1441.415s] GC(589) Old regions: 78->78
[2022-04-27T05:29:18.551+0000][1441.415s] GC(589) Humongous regions: 7->7
[2022-04-27T05:29:18.552+0000][1441.415s] GC(589) Metaspace: 57192K->57192K(1101824K)
[2022-04-27T05:29:18.552+0000][1441.416s] GC(589) Pause Young (Normal) (G1 Evacuation Pause) 389M->100M(512M) 9.505ms
[2022-04-27T05:29:18.552+0000][1441.416s] GC(589) User=0.04s Sys=0.01s Real=0.01s
[2022-04-27T05:29:20.328+0000][1443.192s] GC(590) Pause Young (Normal) (G1 Evacuation Pause)
[2022-04-27T05:29:20.329+0000][1443.192s] GC(590) Using 8 workers of 8 for evacuation
[2022-04-27T05:29:20.337+0000][1443.201s] GC(590)   Pre Evacuate Collection Set: 0.0ms
[2022-04-27T05:29:20.338+0000][1443.201s] GC(590)   Evacuate Collection Set: 5.6ms
[2022-04-27T05:29:20.338+0000][1443.201s] GC(590)   Post Evacuate Collection Set: 2.4ms
[2022-04-27T05:29:20.338+0000][1443.202s] GC(590)   Other: 0.8ms
[2022-04-27T05:29:20.338+0000][1443.202s] GC(590) Eden regions: 289->0(282)
[2022-04-27T05:29:20.339+0000][1443.202s] GC(590) Survivor regions: 18->25(39)
[2022-04-27T05:29:20.339+0000][1443.203s] GC(590) Old regions: 78->78
[2022-04-27T05:29:20.339+0000][1443.203s] GC(590) Humongous regions: 7->7
[2022-04-27T05:29:20.339+0000][1443.203s] GC(590) Metaspace: 57192K->57192K(1101824K)
[2022-04-27T05:29:20.340+0000][1443.203s] GC(590) Pause Young (Normal) (G1 Evacuation Pause) 389M->107M(512M) 11.226ms
[2022-04-27T05:29:20.340+0000][1443.204s] GC(590) User=0.06s Sys=0.00s Real=0.01s
[2022-04-27T05:29:21.961+0000][1444.825s] GC(591) Pause Young (Normal) (G1 Evacuation Pause)
[2022-04-27T05:29:21.961+0000][1444.825s] GC(591) Using 8 workers of 8 for evacuation
[2022-04-27T05:29:21.974+0000][1444.837s] GC(591)   Pre Evacuate Collection Set: 0.0ms
[2022-04-27T05:29:21.974+0000][1444.838s] GC(591)   Evacuate Collection Set: 7.2ms
[2022-04-27T05:29:21.974+0000][1444.838s] GC(591)   Post Evacuate Collection Set: 4.5ms
[2022-04-27T05:29:21.975+0000][1444.838s] GC(591)   Other: 0.8ms
[2022-04-27T05:29:21.975+0000][1444.838s] GC(591) Eden regions: 282->0(286)
[2022-04-27T05:29:21.975+0000][1444.839s] GC(591) Survivor regions: 25->21(39)
[2022-04-27T05:29:21.975+0000][1444.839s] GC(591) Old regions: 78->83
[2022-04-27T05:29:21.976+0000][1444.839s] GC(591) Humongous regions: 7->7
[2022-04-27T05:29:21.976+0000][1444.840s] GC(591) Metaspace: 57192K->57192K(1101824K)
[2022-04-27T05:29:21.976+0000][1444.840s] GC(591) Pause Young (Normal) (G1 Evacuation Pause) 389M->109M(512M) 15.334ms
[2022-04-27T05:29:21.977+0000][1444.840s] GC(591) User=0.09s Sys=0.00s Real=0.01s
[2022-04-27T05:29:23.638+0000][1446.502s] GC(592) Pause Young (Normal) (G1 Evacuation Pause)
[2022-04-27T05:29:23.638+0000][1446.502s] GC(592) Using 8 workers of 8 for evacuation
[2022-04-27T05:29:23.650+0000][1446.513s] GC(592)   Pre Evacuate Collection Set: 0.0ms
[2022-04-27T05:29:23.650+0000][1446.514s] GC(592)   Evacuate Collection Set: 3.8ms
[2022-04-27T05:29:23.650+0000][1446.514s] GC(592)   Post Evacuate Collection Set: 7.0ms
[2022-04-27T05:29:23.650+0000][1446.514s] GC(592)   Other: 0.9ms
[2022-04-27T05:29:23.651+0000][1446.514s] GC(592) Eden regions: 286->0(282)
[2022-04-27T05:29:23.651+0000][1446.515s] GC(592) Survivor regions: 21->25(39)
[2022-04-27T05:29:23.651+0000][1446.515s] GC(592) Old regions: 83->83
[2022-04-27T05:29:23.651+0000][1446.515s] GC(592) Humongous regions: 7->7
[2022-04-27T05:29:23.652+0000][1446.515s] GC(592) Metaspace: 57192K->57192K(1101824K)
[2022-04-27T05:29:23.652+0000][1446.516s] GC(592) Pause Young (Normal) (G1 Evacuation Pause) 395M->113M(512M) 14.133ms
[2022-04-27T05:29:23.652+0000][1446.516s] GC(592) User=0.08s Sys=0.00s Real=0.02s
[2022-04-27T05:29:25.208+0000][1448.072s] GC(593) Pause Young (Normal) (G1 Evacuation Pause)
[2022-04-27T05:29:25.209+0000][1448.072s] GC(593) Using 8 workers of 8 for evacuation
[2022-04-27T05:29:25.219+0000][1448.083s] GC(593)   Pre Evacuate Collection Set: 0.0ms
[2022-04-27T05:29:25.220+0000][1448.083s] GC(593)   Evacuate Collection Set: 3.6ms
[2022-04-27T05:29:25.220+0000][1448.084s] GC(593)   Post Evacuate Collection Set: 6.5ms
[2022-04-27T05:29:25.220+0000][1448.084s] GC(593)   Other: 0.7ms
[2022-04-27T05:29:25.221+0000][1448.084s] GC(593) Eden regions: 282->0(288)
[2022-04-27T05:29:25.221+0000][1448.084s] GC(593) Survivor regions: 25->19(39)
[2022-04-27T05:29:25.221+0000][1448.085s] GC(593) Old regions: 83->83
[2022-04-27T05:29:25.221+0000][1448.085s] GC(593) Humongous regions: 7->7
[2022-04-27T05:29:25.222+0000][1448.085s] GC(593) Metaspace: 57192K->57192K(1101824K)
[2022-04-27T05:29:25.222+0000][1448.086s] GC(593) Pause Young (Normal) (G1 Evacuation Pause) 395M->106M(512M) 13.502ms
[2022-04-27T05:29:25.222+0000][1448.086s] GC(593) User=0.07s Sys=0.00s Real=0.02s
[2022-04-27T05:29:27.638+0000][1450.502s] GC(594) Pause Young (Normal) (G1 Evacuation Pause)
[2022-04-27T05:29:27.639+0000][1450.502s] GC(594) Using 8 workers of 8 for evacuation
[2022-04-27T05:29:27.646+0000][1450.509s] GC(594)   Pre Evacuate Collection Set: 0.0ms
[2022-04-27T05:29:27.646+0000][1450.510s] GC(594)   Evacuate Collection Set: 4.0ms
[2022-04-27T05:29:27.647+0000][1450.510s] GC(594)   Post Evacuate Collection Set: 2.5ms
[2022-04-27T05:29:27.647+0000][1450.511s] GC(594)   Other: 0.7ms
[2022-04-27T05:29:27.647+0000][1450.511s] GC(594) Eden regions: 288->0(287)
[2022-04-27T05:29:27.648+0000][1450.511s] GC(594) Survivor regions: 19->20(39)
[2022-04-27T05:29:27.648+0000][1450.512s] GC(594) Old regions: 83->83
[2022-04-27T05:29:27.648+0000][1450.512s] GC(594) Humongous regions: 7->7
[2022-04-27T05:29:27.649+0000][1450.512s] GC(594) Metaspace: 57192K->57192K(1101824K)
[2022-04-27T05:29:27.649+0000][1450.513s] GC(594) Pause Young (Normal) (G1 Evacuation Pause) 394M->108M(512M) 10.717ms
[2022-04-27T05:29:27.649+0000][1450.513s] GC(594) User=0.04s Sys=0.00s Real=0.01s
[2022-04-27T05:29:29.340+0000][1452.203s] GC(595) Pause Young (Normal) (G1 Evacuation Pause)
[2022-04-27T05:29:29.340+0000][1452.204s] GC(595) Using 8 workers of 8 for evacuation
[2022-04-27T05:29:29.349+0000][1452.212s] GC(595)   Pre Evacuate Collection Set: 0.0ms
[2022-04-27T05:29:29.349+0000][1452.213s] GC(595)   Evacuate Collection Set: 5.5ms
[2022-04-27T05:29:29.349+0000][1452.213s] GC(595)   Post Evacuate Collection Set: 2.7ms
[2022-04-27T05:29:29.349+0000][1452.213s] GC(595)   Other: 0.7ms
[2022-04-27T05:29:29.350+0000][1452.213s] GC(595) Eden regions: 287->0(282)
[2022-04-27T05:29:29.350+0000][1452.214s] GC(595) Survivor regions: 20->25(39)
[2022-04-27T05:29:29.350+0000][1452.214s] GC(595) Old regions: 83->83
[2022-04-27T05:29:29.351+0000][1452.214s] GC(595) Humongous regions: 7->7
[2022-04-27T05:29:29.351+0000][1452.215s] GC(595) Metaspace: 57192K->57192K(1101824K)
[2022-04-27T05:29:29.351+0000][1452.215s] GC(595) Pause Young (Normal) (G1 Evacuation Pause) 395M->113M(512M) 11.568ms
[2022-04-27T05:29:29.351+0000][1452.215s] GC(595) User=0.06s Sys=0.00s Real=0.02s
[2022-04-27T05:29:30.943+0000][1453.806s] GC(596) Pause Young (Normal) (G1 Evacuation Pause)
[2022-04-27T05:29:30.943+0000][1453.807s] GC(596) Using 8 workers of 8 for evacuation
[2022-04-27T05:29:30.952+0000][1453.816s] GC(596)   Pre Evacuate Collection Set: 0.0ms
[2022-04-27T05:29:30.953+0000][1453.816s] GC(596)   Evacuate Collection Set: 6.1ms
[2022-04-27T05:29:30.953+0000][1453.817s] GC(596)   Post Evacuate Collection Set: 2.5ms
[2022-04-27T05:29:30.954+0000][1453.817s] GC(596)   Other: 0.9ms
[2022-04-27T05:29:30.954+0000][1453.818s] GC(596) Eden regions: 282->0(280)
[2022-04-27T05:29:30.954+0000][1453.818s] GC(596) Survivor regions: 25->27(39)
[2022-04-27T05:29:30.955+0000][1453.818s] GC(596) Old regions: 83->83
[2022-04-27T05:29:30.955+0000][1453.819s] GC(596) Humongous regions: 7->7
[2022-04-27T05:29:30.955+0000][1453.819s] GC(596) Metaspace: 57192K->57192K(1101824K)
[2022-04-27T05:29:30.956+0000][1453.819s] GC(596) Pause Young (Normal) (G1 Evacuation Pause) 395M->115M(512M) 12.995ms
[2022-04-27T05:29:30.956+0000][1453.820s] GC(596) User=0.06s Sys=0.00s Real=0.01s
[2022-04-27T05:29:32.639+0000][1455.503s] GC(597) Pause Young (Normal) (G1 Evacuation Pause)
[2022-04-27T05:29:32.640+0000][1455.503s] GC(597) Using 8 workers of 8 for evacuation
[2022-04-27T05:29:32.649+0000][1455.513s] GC(597)   Pre Evacuate Collection Set: 0.0ms
[2022-04-27T05:29:32.649+0000][1455.513s] GC(597)   Evacuate Collection Set: 4.6ms
[2022-04-27T05:29:32.650+0000][1455.513s] GC(597)   Post Evacuate Collection Set: 4.3ms
[2022-04-27T05:29:32.650+0000][1455.514s] GC(597)   Other: 0.9ms
[2022-04-27T05:29:32.651+0000][1455.514s] GC(597) Eden regions: 280->0(280)
[2022-04-27T05:29:32.651+0000][1455.515s] GC(597) Survivor regions: 27->27(39)
[2022-04-27T05:29:32.651+0000][1455.515s] GC(597) Old regions: 83->84
[2022-04-27T05:29:32.651+0000][1455.515s] GC(597) Humongous regions: 7->7
[2022-04-27T05:29:32.652+0000][1455.515s] GC(597) Metaspace: 57192K->57192K(1101824K)
[2022-04-27T05:29:32.652+0000][1455.516s] GC(597) Pause Young (Normal) (G1 Evacuation Pause) 395M->115M(512M) 12.981ms
[2022-04-27T05:29:32.652+0000][1455.516s] GC(597) User=0.07s Sys=0.00s Real=0.02s
[2022-04-27T05:29:34.910+0000][1457.773s] GC(598) Pause Young (Normal) (G1 Evacuation Pause)
[2022-04-27T05:29:34.910+0000][1457.774s] GC(598) Using 8 workers of 8 for evacuation
[2022-04-27T05:29:34.919+0000][1457.783s] GC(598)   Pre Evacuate Collection Set: 0.0ms
[2022-04-27T05:29:34.920+0000][1457.783s] GC(598)   Evacuate Collection Set: 5.7ms
[2022-04-27T05:29:34.920+0000][1457.784s] GC(598)   Post Evacuate Collection Set: 2.8ms
[2022-04-27T05:29:34.920+0000][1457.784s] GC(598)   Other: 0.9ms
[2022-04-27T05:29:34.921+0000][1457.784s] GC(598) Eden regions: 280->0(286)
[2022-04-27T05:29:34.921+0000][1457.785s] GC(598) Survivor regions: 27->21(39)
[2022-04-27T05:29:34.921+0000][1457.785s] GC(598) Old regions: 84->89
[2022-04-27T05:29:34.922+0000][1457.785s] GC(598) Humongous regions: 7->7
[2022-04-27T05:29:34.922+0000][1457.786s] GC(598) Metaspace: 57192K->57192K(1101824K)
[2022-04-27T05:29:34.923+0000][1457.786s] GC(598) Pause Young (Normal) (G1 Evacuation Pause) 395M->114M(512M) 12.692ms
[2022-04-27T05:29:34.923+0000][1457.786s] GC(598) User=0.05s Sys=0.01s Real=0.02s
[2022-04-27T05:29:36.624+0000][1459.487s] GC(599) Pause Young (Normal) (G1 Evacuation Pause)
[2022-04-27T05:29:36.624+0000][1459.488s] GC(599) Using 8 workers of 8 for evacuation
[2022-04-27T05:29:36.633+0000][1459.497s] GC(599)   Pre Evacuate Collection Set: 0.0ms
[2022-04-27T05:29:36.633+0000][1459.497s] GC(599)   Evacuate Collection Set: 5.8ms
[2022-04-27T05:29:36.634+0000][1459.498s] GC(599)   Post Evacuate Collection Set: 2.5ms
[2022-04-27T05:29:36.634+0000][1459.498s] GC(599)   Other: 0.9ms
[2022-04-27T05:29:36.635+0000][1459.498s] GC(599) Eden regions: 286->0(282)
[2022-04-27T05:29:36.635+0000][1459.499s] GC(599) Survivor regions: 21->25(39)
[2022-04-27T05:29:36.635+0000][1459.499s] GC(599) Old regions: 89->89
[2022-04-27T05:29:36.636+0000][1459.499s] GC(599) Humongous regions: 7->7
[2022-04-27T05:29:36.636+0000][1459.500s] GC(599) Metaspace: 57192K->57192K(1101824K)
[2022-04-27T05:29:36.637+0000][1459.500s] GC(599) Pause Young (Normal) (G1 Evacuation Pause) 400M->118M(512M) 12.884ms
[2022-04-27T05:29:36.637+0000][1459.501s] GC(599) User=0.04s Sys=0.02s Real=0.01s
[2022-04-27T05:29:38.280+0000][1461.144s] GC(600) Pause Young (Normal) (G1 Evacuation Pause)
[2022-04-27T05:29:38.280+0000][1461.144s] GC(600) Using 8 workers of 8 for evacuation
[2022-04-27T05:29:38.291+0000][1461.154s] GC(600)   Pre Evacuate Collection Set: 0.0ms
[2022-04-27T05:29:38.291+0000][1461.155s] GC(600)   Evacuate Collection Set: 6.8ms
[2022-04-27T05:29:38.292+0000][1461.155s] GC(600)   Post Evacuate Collection Set: 3.1ms
[2022-04-27T05:29:38.292+0000][1461.156s] GC(600)   Other: 0.9ms
[2022-04-27T05:29:38.292+0000][1461.156s] GC(600) Eden regions: 282->0(279)
[2022-04-27T05:29:38.293+0000][1461.156s] GC(600) Survivor regions: 25->28(39)
[2022-04-27T05:29:38.293+0000][1461.157s] GC(600) Old regions: 89->89
[2022-04-27T05:29:38.293+0000][1461.157s] GC(600) Humongous regions: 7->7
[2022-04-27T05:29:38.294+0000][1461.157s] GC(600) Metaspace: 57192K->57192K(1101824K)
[2022-04-27T05:29:38.294+0000][1461.158s] GC(600) Pause Young (Normal) (G1 Evacuation Pause) 400M->121M(512M) 14.083ms
[2022-04-27T05:29:38.294+0000][1461.158s] GC(600) User=0.06s Sys=0.02s Real=0.02s
[2022-04-27T05:29:40.196+0000][1463.060s] GC(601) Pause Young (Normal) (G1 Evacuation Pause)
[2022-04-27T05:29:40.196+0000][1463.060s] GC(601) Using 8 workers of 8 for evacuation
[2022-04-27T05:29:40.206+0000][1463.070s] GC(601)   Pre Evacuate Collection Set: 0.0ms
[2022-04-27T05:29:40.207+0000][1463.070s] GC(601)   Evacuate Collection Set: 6.0ms
[2022-04-27T05:29:40.207+0000][1463.070s] GC(601)   Post Evacuate Collection Set: 3.5ms
[2022-04-27T05:29:40.207+0000][1463.071s] GC(601)   Other: 0.8ms
[2022-04-27T05:29:40.207+0000][1463.071s] GC(601) Eden regions: 279->0(281)
[2022-04-27T05:29:40.207+0000][1463.071s] GC(601) Survivor regions: 28->26(39)
[2022-04-27T05:29:40.208+0000][1463.071s] GC(601) Old regions: 89->89
[2022-04-27T05:29:40.208+0000][1463.072s] GC(601) Humongous regions: 7->7
[2022-04-27T05:29:40.208+0000][1463.072s] GC(601) Metaspace: 57192K->57192K(1101824K)
[2022-04-27T05:29:40.208+0000][1463.072s] GC(601) Pause Young (Normal) (G1 Evacuation Pause) 400M->119M(512M) 12.531ms
[2022-04-27T05:29:40.209+0000][1463.072s] GC(601) User=0.07s Sys=0.00s Real=0.01s
[2022-04-27T05:29:42.262+0000][1465.125s] GC(602) Pause Young (Normal) (G1 Evacuation Pause)
[2022-04-27T05:29:42.262+0000][1465.126s] GC(602) Using 8 workers of 8 for evacuation
[2022-04-27T05:29:42.272+0000][1465.136s] GC(602)   Pre Evacuate Collection Set: 0.0ms
[2022-04-27T05:29:42.272+0000][1465.136s] GC(602)   Evacuate Collection Set: 5.3ms
[2022-04-27T05:29:42.273+0000][1465.136s] GC(602)   Post Evacuate Collection Set: 4.2ms
[2022-04-27T05:29:42.273+0000][1465.137s] GC(602)   Other: 0.6ms
[2022-04-27T05:29:42.274+0000][1465.137s] GC(602) Eden regions: 281->0(283)
[2022-04-27T05:29:42.274+0000][1465.138s] GC(602) Survivor regions: 26->24(39)
[2022-04-27T05:29:42.274+0000][1465.138s] GC(602) Old regions: 89->94
[2022-04-27T05:29:42.275+0000][1465.138s] GC(602) Humongous regions: 7->7
[2022-04-27T05:29:42.275+0000][1465.139s] GC(602) Metaspace: 57192K->57192K(1101824K)
[2022-04-27T05:29:42.275+0000][1465.139s] GC(602) Pause Young (Normal) (G1 Evacuation Pause) 400M->123M(512M) 13.550ms
[2022-04-27T05:29:42.276+0000][1465.139s] GC(602) User=0.06s Sys=0.00s Real=0.01s
[2022-04-27T05:29:44.266+0000][1467.129s] GC(603) Pause Young (Normal) (G1 Evacuation Pause)
[2022-04-27T05:29:44.266+0000][1467.130s] GC(603) Using 8 workers of 8 for evacuation
[2022-04-27T05:29:44.278+0000][1467.141s] GC(603)   Pre Evacuate Collection Set: 0.0ms
[2022-04-27T05:29:44.278+0000][1467.142s] GC(603)   Evacuate Collection Set: 7.2ms
[2022-04-27T05:29:44.279+0000][1467.142s] GC(603)   Post Evacuate Collection Set: 4.1ms
[2022-04-27T05:29:44.279+0000][1467.143s] GC(603)   Other: 0.9ms
[2022-04-27T05:29:44.279+0000][1467.143s] GC(603) Eden regions: 283->0(282)
[2022-04-27T05:29:44.280+0000][1467.143s] GC(603) Survivor regions: 24->25(39)
[2022-04-27T05:29:44.280+0000][1467.144s] GC(603) Old regions: 94->99
[2022-04-27T05:29:44.280+0000][1467.144s] GC(603) Humongous regions: 7->7
[2022-04-27T05:29:44.280+0000][1467.144s] GC(603) Metaspace: 57192K->57192K(1101824K)
[2022-04-27T05:29:44.281+0000][1467.144s] GC(603) Pause Young (Normal) (G1 Evacuation Pause) 406M->128M(512M) 15.204ms
[2022-04-27T05:29:44.281+0000][1467.145s] GC(603) User=0.08s Sys=0.00s Real=0.02s
[2022-04-27T05:29:46.077+0000][1468.940s] GC(604) Pause Young (Normal) (G1 Evacuation Pause)
[2022-04-27T05:29:46.077+0000][1468.941s] GC(604) Using 8 workers of 8 for evacuation
[2022-04-27T05:29:46.086+0000][1468.949s] GC(604)   Pre Evacuate Collection Set: 0.0ms
[2022-04-27T05:29:46.086+0000][1468.950s] GC(604)   Evacuate Collection Set: 6.0ms
[2022-04-27T05:29:46.086+0000][1468.950s] GC(604)   Post Evacuate Collection Set: 2.1ms
[2022-04-27T05:29:46.087+0000][1468.950s] GC(604)   Other: 0.8ms
[2022-04-27T05:29:46.087+0000][1468.950s] GC(604) Eden regions: 282->0(281)
[2022-04-27T05:29:46.087+0000][1468.951s] GC(604) Survivor regions: 25->26(39)
[2022-04-27T05:29:46.087+0000][1468.951s] GC(604) Old regions: 99->99
[2022-04-27T05:29:46.088+0000][1468.951s] GC(604) Humongous regions: 7->7
[2022-04-27T05:29:46.088+0000][1468.952s] GC(604) Metaspace: 57192K->57192K(1101824K)
[2022-04-27T05:29:46.088+0000][1468.952s] GC(604) Pause Young (Normal) (G1 Evacuation Pause) 410M->130M(512M) 11.671ms
[2022-04-27T05:29:46.089+0000][1468.952s] GC(604) User=0.07s Sys=0.00s Real=0.01s
[2022-04-27T05:29:47.828+0000][1470.692s] GC(605) Pause Young (Normal) (G1 Evacuation Pause)
[2022-04-27T05:29:47.829+0000][1470.692s] GC(605) Using 8 workers of 8 for evacuation
[2022-04-27T05:29:47.839+0000][1470.703s] GC(605)   Pre Evacuate Collection Set: 0.0ms
[2022-04-27T05:29:47.840+0000][1470.703s] GC(605)   Evacuate Collection Set: 6.2ms
[2022-04-27T05:29:47.840+0000][1470.704s] GC(605)   Post Evacuate Collection Set: 3.7ms
[2022-04-27T05:29:47.840+0000][1470.704s] GC(605)   Other: 1.1ms
[2022-04-27T05:29:47.841+0000][1470.704s] GC(605) Eden regions: 281->0(280)
[2022-04-27T05:29:47.841+0000][1470.704s] GC(605) Survivor regions: 26->27(39)
[2022-04-27T05:29:47.841+0000][1470.705s] GC(605) Old regions: 99->99
[2022-04-27T05:29:47.842+0000][1470.705s] GC(605) Humongous regions: 7->7
[2022-04-27T05:29:47.842+0000][1470.706s] GC(605) Metaspace: 57193K->57193K(1101824K)
[2022-04-27T05:29:47.842+0000][1470.706s] GC(605) Pause Young (Normal) (G1 Evacuation Pause) 411M->131M(512M) 14.101ms
[2022-04-27T05:29:47.843+0000][1470.706s] GC(605) User=0.07s Sys=0.00s Real=0.02s
[2022-04-27T05:29:49.643+0000][1472.507s] GC(606) Pause Young (Normal) (G1 Evacuation Pause)
[2022-04-27T05:29:49.644+0000][1472.507s] GC(606) Using 8 workers of 8 for evacuation
[2022-04-27T05:29:49.653+0000][1472.516s] GC(606)   Pre Evacuate Collection Set: 0.0ms
[2022-04-27T05:29:49.653+0000][1472.517s] GC(606)   Evacuate Collection Set: 5.1ms
[2022-04-27T05:29:49.653+0000][1472.517s] GC(606)   Post Evacuate Collection Set: 3.6ms
[2022-04-27T05:29:49.654+0000][1472.517s] GC(606)   Other: 0.8ms
[2022-04-27T05:29:49.654+0000][1472.518s] GC(606) Eden regions: 280->0(280)
[2022-04-27T05:29:49.654+0000][1472.518s] GC(606) Survivor regions: 27->27(39)
[2022-04-27T05:29:49.654+0000][1472.518s] GC(606) Old regions: 99->100
[2022-04-27T05:29:49.655+0000][1472.518s] GC(606) Humongous regions: 7->7
[2022-04-27T05:29:49.655+0000][1472.519s] GC(606) Metaspace: 57193K->57193K(1101824K)
[2022-04-27T05:29:49.655+0000][1472.519s] GC(606) Pause Young (Normal) (G1 Evacuation Pause) 411M->131M(512M) 12.084ms
[2022-04-27T05:29:49.656+0000][1472.519s] GC(606) User=0.06s Sys=0.00s Real=0.01s
[2022-04-27T05:29:52.464+0000][1475.327s] GC(607) Pause Young (Normal) (G1 Evacuation Pause)
[2022-04-27T05:29:52.464+0000][1475.328s] GC(607) Using 8 workers of 8 for evacuation
[2022-04-27T05:29:52.494+0000][1475.358s] GC(607)   Pre Evacuate Collection Set: 0.0ms
[2022-04-27T05:29:52.494+0000][1475.358s] GC(607)   Evacuate Collection Set: 20.3ms
[2022-04-27T05:29:52.494+0000][1475.358s] GC(607)   Post Evacuate Collection Set: 9.2ms
[2022-04-27T05:29:52.495+0000][1475.358s] GC(607)   Other: 0.7ms
[2022-04-27T05:29:52.495+0000][1475.359s] GC(607) Eden regions: 280->0(283)
[2022-04-27T05:29:52.495+0000][1475.359s] GC(607) Survivor regions: 27->24(39)
[2022-04-27T05:29:52.495+0000][1475.359s] GC(607) Old regions: 100->105
[2022-04-27T05:29:52.496+0000][1475.359s] GC(607) Humongous regions: 7->7
[2022-04-27T05:29:52.496+0000][1475.359s] GC(607) Metaspace: 57196K->57196K(1101824K)
[2022-04-27T05:29:52.496+0000][1475.360s] GC(607) Pause Young (Normal) (G1 Evacuation Pause) 411M->133M(512M) 32.136ms
[2022-04-27T05:29:52.496+0000][1475.360s] GC(607) User=0.22s Sys=0.01s Real=0.03s
[2022-04-27T05:29:54.486+0000][1477.350s] GC(608) Pause Young (Normal) (G1 Evacuation Pause)
[2022-04-27T05:29:54.487+0000][1477.350s] GC(608) Using 8 workers of 8 for evacuation
[2022-04-27T05:29:54.497+0000][1477.361s] GC(608)   Pre Evacuate Collection Set: 0.0ms
[2022-04-27T05:29:54.498+0000][1477.361s] GC(608)   Evacuate Collection Set: 6.7ms
[2022-04-27T05:29:54.498+0000][1477.362s] GC(608)   Post Evacuate Collection Set: 3.1ms
[2022-04-27T05:29:54.498+0000][1477.362s] GC(608)   Other: 1.0ms
[2022-04-27T05:29:54.499+0000][1477.362s] GC(608) Eden regions: 283->0(281)
[2022-04-27T05:29:54.499+0000][1477.363s] GC(608) Survivor regions: 24->26(39)
[2022-04-27T05:29:54.499+0000][1477.363s] GC(608) Old regions: 105->105
[2022-04-27T05:29:54.500+0000][1477.363s] GC(608) Humongous regions: 7->7
[2022-04-27T05:29:54.500+0000][1477.364s] GC(608) Metaspace: 57200K->57200K(1101824K)
[2022-04-27T05:29:54.500+0000][1477.364s] GC(608) Pause Young (Normal) (G1 Evacuation Pause) 416M->135M(512M) 14.180ms
[2022-04-27T05:29:54.501+0000][1477.364s] GC(608) User=0.07s Sys=0.00s Real=0.01s
[2022-04-27T05:29:56.155+0000][1479.019s] GC(609) Pause Young (Normal) (G1 Evacuation Pause)
[2022-04-27T05:29:56.155+0000][1479.019s] GC(609) Using 8 workers of 8 for evacuation
[2022-04-27T05:29:56.165+0000][1479.028s] GC(609)   Pre Evacuate Collection Set: 0.0ms
[2022-04-27T05:29:56.165+0000][1479.029s] GC(609)   Evacuate Collection Set: 6.1ms
[2022-04-27T05:29:56.166+0000][1479.029s] GC(609)   Post Evacuate Collection Set: 2.7ms
[2022-04-27T05:29:56.166+0000][1479.030s] GC(609)   Other: 0.9ms
[2022-04-27T05:29:56.166+0000][1479.030s] GC(609) Eden regions: 281->0(279)
[2022-04-27T05:29:56.167+0000][1479.030s] GC(609) Survivor regions: 26->22(39)
[2022-04-27T05:29:56.167+0000][1479.031s] GC(609) Old regions: 105->111
[2022-04-27T05:29:56.167+0000][1479.031s] GC(609) Humongous regions: 7->7
[2022-04-27T05:29:56.168+0000][1479.031s] GC(609) Metaspace: 57200K->57200K(1101824K)
[2022-04-27T05:29:56.168+0000][1479.032s] GC(609) Pause Young (Normal) (G1 Evacuation Pause) 416M->137M(512M) 13.175ms
[2022-04-27T05:29:56.169+0000][1479.032s] GC(609) User=0.07s Sys=0.00s Real=0.01s
[2022-04-27T05:29:57.900+0000][1480.764s] GC(610) Pause Young (Normal) (G1 Evacuation Pause)
[2022-04-27T05:29:57.900+0000][1480.764s] GC(610) Using 8 workers of 8 for evacuation
[2022-04-27T05:29:57.908+0000][1480.772s] GC(610)   Pre Evacuate Collection Set: 0.0ms
[2022-04-27T05:29:57.908+0000][1480.772s] GC(610)   Evacuate Collection Set: 4.4ms
[2022-04-27T05:29:57.909+0000][1480.772s] GC(610)   Post Evacuate Collection Set: 2.7ms
[2022-04-27T05:29:57.909+0000][1480.773s] GC(610)   Other: 0.7ms
[2022-04-27T05:29:57.910+0000][1480.773s] GC(610) Eden regions: 279->0(280)
[2022-04-27T05:29:57.910+0000][1480.774s] GC(610) Survivor regions: 22->18(38)
[2022-04-27T05:29:57.910+0000][1480.774s] GC(610) Old regions: 111->116
[2022-04-27T05:29:57.911+0000][1480.774s] GC(610) Humongous regions: 7->7
[2022-04-27T05:29:57.911+0000][1480.775s] GC(610) Metaspace: 57200K->57200K(1101824K)
[2022-04-27T05:29:57.912+0000][1480.775s] GC(610) Pause Young (Normal) (G1 Evacuation Pause) 416M->139M(512M) 11.474ms
[2022-04-27T05:29:57.912+0000][1480.776s] GC(610) User=0.05s Sys=0.00s Real=0.02s
[2022-04-27T05:29:59.583+0000][1482.447s] GC(611) Pause Young (Normal) (G1 Evacuation Pause)
[2022-04-27T05:29:59.584+0000][1482.447s] GC(611) Using 8 workers of 8 for evacuation
[2022-04-27T05:29:59.597+0000][1482.460s] GC(611)   Pre Evacuate Collection Set: 0.0ms
[2022-04-27T05:29:59.597+0000][1482.461s] GC(611)   Evacuate Collection Set: 9.0ms
[2022-04-27T05:29:59.597+0000][1482.461s] GC(611)   Post Evacuate Collection Set: 3.6ms
[2022-04-27T05:29:59.597+0000][1482.461s] GC(611)   Other: 0.8ms
[2022-04-27T05:29:59.598+0000][1482.461s] GC(611) Eden regions: 280->0(271)
[2022-04-27T05:29:59.598+0000][1482.462s] GC(611) Survivor regions: 18->28(38)
[2022-04-27T05:29:59.598+0000][1482.462s] GC(611) Old regions: 116->116
[2022-04-27T05:29:59.599+0000][1482.462s] GC(611) Humongous regions: 7->7
[2022-04-27T05:29:59.599+0000][1482.463s] GC(611) Metaspace: 57200K->57200K(1101824K)
[2022-04-27T05:29:59.599+0000][1482.463s] GC(611) Pause Young (Normal) (G1 Evacuation Pause) 419M->148M(512M) 15.883ms
[2022-04-27T05:29:59.599+0000][1482.463s] GC(611) User=0.08s Sys=0.00s Real=0.01s
[2022-04-27T05:30:01.733+0000][1484.597s] GC(612) Pause Young (Normal) (G1 Evacuation Pause)
[2022-04-27T05:30:01.734+0000][1484.597s] GC(612) Using 8 workers of 8 for evacuation
[2022-04-27T05:30:01.744+0000][1484.608s] GC(612)   Pre Evacuate Collection Set: 0.0ms
[2022-04-27T05:30:01.745+0000][1484.608s] GC(612)   Evacuate Collection Set: 6.7ms
[2022-04-27T05:30:01.745+0000][1484.608s] GC(612)   Post Evacuate Collection Set: 3.6ms
[2022-04-27T05:30:01.745+0000][1484.609s] GC(612)   Other: 0.6ms
[2022-04-27T05:30:01.746+0000][1484.609s] GC(612) Eden regions: 271->0(270)
[2022-04-27T05:30:01.746+0000][1484.609s] GC(612) Survivor regions: 28->21(38)
[2022-04-27T05:30:01.746+0000][1484.610s] GC(612) Old regions: 116->124
[2022-04-27T05:30:01.746+0000][1484.610s] GC(612) Humongous regions: 7->7
[2022-04-27T05:30:01.747+0000][1484.610s] GC(612) Metaspace: 57201K->57201K(1101824K)
[2022-04-27T05:30:01.747+0000][1484.611s] GC(612) Pause Young (Normal) (G1 Evacuation Pause) 419M->149M(512M) 13.880ms
[2022-04-27T05:30:01.747+0000][1484.611s] GC(612) User=0.06s Sys=0.01s Real=0.01s
[2022-04-27T05:30:03.348+0000][1486.211s] GC(613) Pause Young (Normal) (G1 Evacuation Pause)
[2022-04-27T05:30:03.348+0000][1486.212s] GC(613) Using 8 workers of 8 for evacuation
[2022-04-27T05:30:03.372+0000][1486.236s] GC(613)   Pre Evacuate Collection Set: 0.0ms
[2022-04-27T05:30:03.372+0000][1486.236s] GC(613)   Evacuate Collection Set: 16.9ms
[2022-04-27T05:30:03.373+0000][1486.236s] GC(613)   Post Evacuate Collection Set: 6.6ms
[2022-04-27T05:30:03.373+0000][1486.236s] GC(613)   Other: 0.9ms
[2022-04-27T05:30:03.373+0000][1486.237s] GC(613) Eden regions: 270->0(265)
[2022-04-27T05:30:03.373+0000][1486.237s] GC(613) Survivor regions: 21->20(37)
[2022-04-27T05:30:03.373+0000][1486.237s] GC(613) Old regions: 124->131
[2022-04-27T05:30:03.374+0000][1486.237s] GC(613) Humongous regions: 7->7
[2022-04-27T05:30:03.374+0000][1486.237s] GC(613) Metaspace: 57201K->57201K(1101824K)
[2022-04-27T05:30:03.374+0000][1486.238s] GC(613) Pause Young (Normal) (G1 Evacuation Pause) 419M->156M(512M) 26.218ms
[2022-04-27T05:30:03.374+0000][1486.238s] GC(613) User=0.17s Sys=0.00s Real=0.03s
[2022-04-27T05:30:05.068+0000][1487.932s] GC(614) Pause Young (Normal) (G1 Evacuation Pause)
[2022-04-27T05:30:05.069+0000][1487.933s] GC(614) Using 8 workers of 8 for evacuation
[2022-04-27T05:30:05.077+0000][1487.941s] GC(614)   Pre Evacuate Collection Set: 0.0ms
[2022-04-27T05:30:05.078+0000][1487.941s] GC(614)   Evacuate Collection Set: 5.5ms
[2022-04-27T05:30:05.078+0000][1487.942s] GC(614)   Post Evacuate Collection Set: 2.2ms
[2022-04-27T05:30:05.078+0000][1487.942s] GC(614)   Other: 1.0ms
[2022-04-27T05:30:05.079+0000][1487.942s] GC(614) Eden regions: 265->0(261)
[2022-04-27T05:30:05.079+0000][1487.943s] GC(614) Survivor regions: 20->18(36)
[2022-04-27T05:30:05.079+0000][1487.943s] GC(614) Old regions: 131->138
[2022-04-27T05:30:05.080+0000][1487.943s] GC(614) Humongous regions: 7->7
[2022-04-27T05:30:05.080+0000][1487.944s] GC(614) Metaspace: 57201K->57201K(1101824K)
[2022-04-27T05:30:05.080+0000][1487.944s] GC(614) Pause Young (Normal) (G1 Evacuation Pause) 421M->161M(512M) 11.966ms
[2022-04-27T05:30:05.081+0000][1487.944s] GC(614) User=0.06s Sys=0.00s Real=0.02s
[2022-04-27T05:30:06.801+0000][1489.665s] GC(615) Pause Young (Normal) (G1 Evacuation Pause)
[2022-04-27T05:30:06.801+0000][1489.665s] GC(615) Using 8 workers of 8 for evacuation
[2022-04-27T05:30:06.813+0000][1489.677s] GC(615)   Pre Evacuate Collection Set: 0.0ms
[2022-04-27T05:30:06.814+0000][1489.678s] GC(615)   Evacuate Collection Set: 8.7ms
[2022-04-27T05:30:06.814+0000][1489.678s] GC(615)   Post Evacuate Collection Set: 2.8ms
[2022-04-27T05:30:06.815+0000][1489.678s] GC(615)   Other: 0.9ms
[2022-04-27T05:30:06.815+0000][1489.679s] GC(615) Eden regions: 261->0(252)
[2022-04-27T05:30:06.815+0000][1489.679s] GC(615) Survivor regions: 18->26(35)
[2022-04-27T05:30:06.816+0000][1489.679s] GC(615) Old regions: 138->138
[2022-04-27T05:30:06.816+0000][1489.680s] GC(615) Humongous regions: 7->7
[2022-04-27T05:30:06.816+0000][1489.680s] GC(615) Metaspace: 57201K->57201K(1101824K)
[2022-04-27T05:30:06.817+0000][1489.680s] GC(615) Pause Young (Normal) (G1 Evacuation Pause) 422M->169M(512M) 15.658ms
[2022-04-27T05:30:06.817+0000][1489.681s] GC(615) User=0.08s Sys=0.01s Real=0.01s
[2022-04-27T05:30:08.518+0000][1491.382s] GC(616) Pause Young (Normal) (G1 Evacuation Pause)
[2022-04-27T05:30:08.518+0000][1491.382s] GC(616) Using 8 workers of 8 for evacuation
[2022-04-27T05:30:08.532+0000][1491.395s] GC(616)   Pre Evacuate Collection Set: 0.0ms
[2022-04-27T05:30:08.532+0000][1491.396s] GC(616)   Evacuate Collection Set: 9.6ms
[2022-04-27T05:30:08.532+0000][1491.396s] GC(616)   Post Evacuate Collection Set: 3.3ms
[2022-04-27T05:30:08.532+0000][1491.396s] GC(616)   Other: 0.7ms
[2022-04-27T05:30:08.533+0000][1491.396s] GC(616) Eden regions: 252->0(250)
[2022-04-27T05:30:08.533+0000][1491.396s] GC(616) Survivor regions: 26->21(35)
[2022-04-27T05:30:08.533+0000][1491.397s] GC(616) Old regions: 138->144
[2022-04-27T05:30:08.533+0000][1491.397s] GC(616) Humongous regions: 7->7
[2022-04-27T05:30:08.533+0000][1491.397s] GC(616) Metaspace: 57201K->57201K(1101824K)
[2022-04-27T05:30:08.534+0000][1491.397s] GC(616) Pause Young (Normal) (G1 Evacuation Pause) 421M->169M(512M) 15.850ms
[2022-04-27T05:30:08.534+0000][1491.398s] GC(616) User=0.09s Sys=0.00s Real=0.02s
[2022-04-27T05:30:10.202+0000][1493.065s] GC(617) Pause Young (Normal) (G1 Evacuation Pause)
[2022-04-27T05:30:10.202+0000][1493.066s] GC(617) Using 8 workers of 8 for evacuation
[2022-04-27T05:30:10.219+0000][1493.083s] GC(617)   Pre Evacuate Collection Set: 0.0ms
[2022-04-27T05:30:10.220+0000][1493.083s] GC(617)   Evacuate Collection Set: 9.6ms
[2022-04-27T05:30:10.220+0000][1493.084s] GC(617)   Post Evacuate Collection Set: 7.3ms
[2022-04-27T05:30:10.220+0000][1493.084s] GC(617)   Other: 0.7ms
[2022-04-27T05:30:10.221+0000][1493.084s] GC(617) Eden regions: 250->0(241)
[2022-04-27T05:30:10.221+0000][1493.085s] GC(617) Survivor regions: 21->24(34)
[2022-04-27T05:30:10.221+0000][1493.085s] GC(617) Old regions: 144->149
[2022-04-27T05:30:10.222+0000][1493.085s] GC(617) Humongous regions: 7->7
[2022-04-27T05:30:10.222+0000][1493.086s] GC(617) Metaspace: 57201K->57201K(1101824K)
[2022-04-27T05:30:10.222+0000][1493.086s] GC(617) Pause Young (Normal) (G1 Evacuation Pause) 419M->177M(512M) 20.619ms
[2022-04-27T05:30:10.223+0000][1493.086s] GC(617) User=0.13s Sys=0.00s Real=0.02s
[2022-04-27T05:30:11.813+0000][1494.676s] GC(618) Pause Young (Normal) (G1 Evacuation Pause)
[2022-04-27T05:30:11.813+0000][1494.677s] GC(618) Using 8 workers of 8 for evacuation
[2022-04-27T05:30:11.824+0000][1494.687s] GC(618)   Pre Evacuate Collection Set: 0.0ms
[2022-04-27T05:30:11.824+0000][1494.687s] GC(618)   Evacuate Collection Set: 6.7ms
[2022-04-27T05:30:11.824+0000][1494.688s] GC(618)   Post Evacuate Collection Set: 3.3ms
[2022-04-27T05:30:11.824+0000][1494.688s] GC(618)   Other: 0.6ms
[2022-04-27T05:30:11.825+0000][1494.688s] GC(618) Eden regions: 241->0(243)
[2022-04-27T05:30:11.825+0000][1494.688s] GC(618) Survivor regions: 24->18(34)
[2022-04-27T05:30:11.825+0000][1494.689s] GC(618) Old regions: 149->155
[2022-04-27T05:30:11.825+0000][1494.689s] GC(618) Humongous regions: 7->7
[2022-04-27T05:30:11.825+0000][1494.689s] GC(618) Metaspace: 57201K->57201K(1101824K)
[2022-04-27T05:30:11.826+0000][1494.689s] GC(618) Pause Young (Normal) (G1 Evacuation Pause) 418M->177M(512M) 12.748ms
[2022-04-27T05:30:11.826+0000][1494.689s] GC(618) User=0.07s Sys=0.00s Real=0.01s
[2022-04-27T05:30:13.394+0000][1496.258s] GC(619) Pause Young (Normal) (G1 Evacuation Pause)
[2022-04-27T05:30:13.395+0000][1496.258s] GC(619) Using 8 workers of 8 for evacuation
[2022-04-27T05:30:13.404+0000][1496.268s] GC(619)   Pre Evacuate Collection Set: 0.0ms
[2022-04-27T05:30:13.404+0000][1496.268s] GC(619)   Evacuate Collection Set: 6.4ms
[2022-04-27T05:30:13.405+0000][1496.268s] GC(619)   Post Evacuate Collection Set: 2.3ms
[2022-04-27T05:30:13.405+0000][1496.269s] GC(619)   Other: 0.6ms
[2022-04-27T05:30:13.405+0000][1496.269s] GC(619) Eden regions: 243->0(233)
[2022-04-27T05:30:13.406+0000][1496.269s] GC(619) Survivor regions: 18->27(33)
[2022-04-27T05:30:13.406+0000][1496.270s] GC(619) Old regions: 155->155
[2022-04-27T05:30:13.406+0000][1496.270s] GC(619) Humongous regions: 7->7
[2022-04-27T05:30:13.407+0000][1496.270s] GC(619) Metaspace: 57201K->57201K(1101824K)
[2022-04-27T05:30:13.407+0000][1496.271s] GC(619) Pause Young (Normal) (G1 Evacuation Pause) 420M->186M(512M) 12.394ms
[2022-04-27T05:30:13.407+0000][1496.271s] GC(619) User=0.07s Sys=0.00s Real=0.01s
[2022-04-27T05:30:14.829+0000][1497.692s] GC(620) Pause Young (Normal) (G1 Evacuation Pause)
[2022-04-27T05:30:14.829+0000][1497.693s] GC(620) Using 8 workers of 8 for evacuation
[2022-04-27T05:30:14.838+0000][1497.702s] GC(620)   Pre Evacuate Collection Set: 0.0ms
[2022-04-27T05:30:14.839+0000][1497.702s] GC(620)   Evacuate Collection Set: 5.6ms
[2022-04-27T05:30:14.839+0000][1497.703s] GC(620)   Post Evacuate Collection Set: 3.4ms
[2022-04-27T05:30:14.840+0000][1497.703s] GC(620)   Other: 1.0ms
[2022-04-27T05:30:14.840+0000][1497.704s] GC(620) Eden regions: 233->0(234)
[2022-04-27T05:30:14.840+0000][1497.704s] GC(620) Survivor regions: 27->20(33)
[2022-04-27T05:30:14.841+0000][1497.704s] GC(620) Old regions: 155->161
[2022-04-27T05:30:14.841+0000][1497.705s] GC(620) Humongous regions: 7->7
[2022-04-27T05:30:14.841+0000][1497.705s] GC(620) Metaspace: 57201K->57201K(1101824K)
[2022-04-27T05:30:14.842+0000][1497.705s] GC(620) Pause Young (Normal) (G1 Evacuation Pause) 419M->185M(512M) 12.962ms
[2022-04-27T05:30:14.842+0000][1497.705s] GC(620) User=0.07s Sys=0.00s Real=0.02s
[2022-04-27T05:30:16.192+0000][1499.055s] GC(621) Pause Young (Normal) (G1 Evacuation Pause)
[2022-04-27T05:30:16.192+0000][1499.056s] GC(621) Using 8 workers of 8 for evacuation
[2022-04-27T05:30:16.201+0000][1499.064s] GC(621)   Pre Evacuate Collection Set: 0.0ms
[2022-04-27T05:30:16.201+0000][1499.065s] GC(621)   Evacuate Collection Set: 5.2ms
[2022-04-27T05:30:16.201+0000][1499.065s] GC(621)   Post Evacuate Collection Set: 2.7ms
[2022-04-27T05:30:16.202+0000][1499.065s] GC(621)   Other: 0.9ms
[2022-04-27T05:30:16.202+0000][1499.066s] GC(621) Eden regions: 234->0(232)
[2022-04-27T05:30:16.202+0000][1499.066s] GC(621) Survivor regions: 20->18(32)
[2022-04-27T05:30:16.203+0000][1499.066s] GC(621) Old regions: 161->167
[2022-04-27T05:30:16.203+0000][1499.067s] GC(621) Humongous regions: 7->7
[2022-04-27T05:30:16.203+0000][1499.067s] GC(621) Metaspace: 57201K->57201K(1101824K)
[2022-04-27T05:30:16.204+0000][1499.067s] GC(621) Pause Young (Normal) (G1 Evacuation Pause) 419M->189M(512M) 11.965ms
[2022-04-27T05:30:16.204+0000][1499.068s] GC(621) User=0.06s Sys=0.00s Real=0.01s
[2022-04-27T05:30:17.619+0000][1500.482s] GC(622) Pause Young (Normal) (G1 Evacuation Pause)
[2022-04-27T05:30:17.619+0000][1500.483s] GC(622) Using 8 workers of 8 for evacuation
[2022-04-27T05:30:17.629+0000][1500.492s] GC(622)   Pre Evacuate Collection Set: 0.0ms
[2022-04-27T05:30:17.629+0000][1500.493s] GC(622)   Evacuate Collection Set: 6.0ms
[2022-04-27T05:30:17.629+0000][1500.493s] GC(622)   Post Evacuate Collection Set: 3.1ms
[2022-04-27T05:30:17.630+0000][1500.493s] GC(622)   Other: 1.0ms
[2022-04-27T05:30:17.630+0000][1500.494s] GC(622) Eden regions: 232->0(222)
[2022-04-27T05:30:17.631+0000][1500.494s] GC(622) Survivor regions: 18->27(32)
[2022-04-27T05:30:17.631+0000][1500.495s] GC(622) Old regions: 167->167
[2022-04-27T05:30:17.631+0000][1500.495s] GC(622) Humongous regions: 7->7
[2022-04-27T05:30:17.632+0000][1500.495s] GC(622) Metaspace: 57201K->57201K(1101824K)
[2022-04-27T05:30:17.632+0000][1500.496s] GC(622) Pause Young (Normal) (G1 Evacuation Pause) 421M->198M(512M) 13.460ms
[2022-04-27T05:30:17.632+0000][1500.496s] GC(622) User=0.07s Sys=0.00s Real=0.02s
[2022-04-27T05:30:18.989+0000][1501.852s] GC(623) Pause Young (Normal) (G1 Evacuation Pause)
[2022-04-27T05:30:18.989+0000][1501.852s] GC(623) Using 8 workers of 8 for evacuation
[2022-04-27T05:30:18.995+0000][1501.859s] GC(623)   Pre Evacuate Collection Set: 0.0ms
[2022-04-27T05:30:18.996+0000][1501.859s] GC(623)   Evacuate Collection Set: 4.1ms
[2022-04-27T05:30:18.996+0000][1501.859s] GC(623)   Post Evacuate Collection Set: 2.1ms
[2022-04-27T05:30:18.996+0000][1501.860s] GC(623)   Other: 0.4ms
[2022-04-27T05:30:18.996+0000][1501.860s] GC(623) Eden regions: 222->0(228)
[2022-04-27T05:30:18.997+0000][1501.860s] GC(623) Survivor regions: 27->17(32)
[2022-04-27T05:30:18.997+0000][1501.860s] GC(623) Old regions: 167->172
[2022-04-27T05:30:18.997+0000][1501.861s] GC(623) Humongous regions: 7->7
[2022-04-27T05:30:18.997+0000][1501.861s] GC(623) Metaspace: 57201K->57201K(1101824K)
[2022-04-27T05:30:18.998+0000][1501.861s] GC(623) Pause Young (Normal) (G1 Evacuation Pause) 420M->193M(512M) 9.080ms
[2022-04-27T05:30:18.998+0000][1501.862s] GC(623) User=0.05s Sys=0.00s Real=0.01s
[2022-04-27T05:30:20.369+0000][1503.233s] GC(624) Pause Young (Normal) (G1 Evacuation Pause)
[2022-04-27T05:30:20.369+0000][1503.233s] GC(624) Using 8 workers of 8 for evacuation
[2022-04-27T05:30:20.378+0000][1503.242s] GC(624)   Pre Evacuate Collection Set: 0.0ms
[2022-04-27T05:30:20.379+0000][1503.242s] GC(624)   Evacuate Collection Set: 5.7ms
[2022-04-27T05:30:20.379+0000][1503.243s] GC(624)   Post Evacuate Collection Set: 3.0ms
[2022-04-27T05:30:20.380+0000][1503.243s] GC(624)   Other: 0.8ms
[2022-04-27T05:30:20.380+0000][1503.244s] GC(624) Eden regions: 228->0(218)
[2022-04-27T05:30:20.380+0000][1503.244s] GC(624) Survivor regions: 17->26(31)
[2022-04-27T05:30:20.380+0000][1503.244s] GC(624) Old regions: 172->172
[2022-04-27T05:30:20.381+0000][1503.244s] GC(624) Humongous regions: 7->7
[2022-04-27T05:30:20.381+0000][1503.245s] GC(624) Metaspace: 57201K->57201K(1101824K)
[2022-04-27T05:30:20.381+0000][1503.245s] GC(624) Pause Young (Normal) (G1 Evacuation Pause) 421M->203M(512M) 12.498ms
[2022-04-27T05:30:20.382+0000][1503.245s] GC(624) User=0.07s Sys=0.00s Real=0.02s
[2022-04-27T05:30:21.727+0000][1504.591s] GC(625) Pause Young (Normal) (G1 Evacuation Pause)
[2022-04-27T05:30:21.728+0000][1504.591s] GC(625) Using 8 workers of 8 for evacuation
[2022-04-27T05:30:21.737+0000][1504.601s] GC(625)   Pre Evacuate Collection Set: 0.0ms
[2022-04-27T05:30:21.738+0000][1504.601s] GC(625)   Evacuate Collection Set: 5.3ms
[2022-04-27T05:30:21.738+0000][1504.602s] GC(625)   Post Evacuate Collection Set: 3.4ms
[2022-04-27T05:30:21.744+0000][1504.608s] GC(625)   Other: 1.0ms
[2022-04-27T05:30:21.745+0000][1504.609s] GC(625) Eden regions: 218->0(219)
[2022-04-27T05:30:21.745+0000][1504.609s] GC(625) Survivor regions: 26->20(31)
[2022-04-27T05:30:21.746+0000][1504.609s] GC(625) Old regions: 172->177
[2022-04-27T05:30:21.746+0000][1504.610s] GC(625) Humongous regions: 7->7
[2022-04-27T05:30:21.746+0000][1504.610s] GC(625) Metaspace: 57201K->57201K(1101824K)
[2022-04-27T05:30:21.747+0000][1504.610s] GC(625) Pause Young (Normal) (G1 Evacuation Pause) 421M->201M(512M) 19.433ms
[2022-04-27T05:30:21.747+0000][1504.611s] GC(625) User=0.07s Sys=0.00s Real=0.02s
[2022-04-27T05:30:23.084+0000][1505.947s] GC(626) Pause Young (Normal) (G1 Evacuation Pause)
[2022-04-27T05:30:23.084+0000][1505.948s] GC(626) Using 8 workers of 8 for evacuation
[2022-04-27T05:30:23.092+0000][1505.956s] GC(626)   Pre Evacuate Collection Set: 0.0ms
[2022-04-27T05:30:23.093+0000][1505.956s] GC(626)   Evacuate Collection Set: 5.3ms
[2022-04-27T05:30:23.093+0000][1505.957s] GC(626)   Post Evacuate Collection Set: 2.3ms
[2022-04-27T05:30:23.093+0000][1505.957s] GC(626)   Other: 0.9ms
[2022-04-27T05:30:23.094+0000][1505.957s] GC(626) Eden regions: 219->0(216)
[2022-04-27T05:30:23.094+0000][1505.958s] GC(626) Survivor regions: 20->19(30)
[2022-04-27T05:30:23.094+0000][1505.958s] GC(626) Old regions: 177->182
[2022-04-27T05:30:23.095+0000][1505.958s] GC(626) Humongous regions: 7->7
[2022-04-27T05:30:23.095+0000][1505.959s] GC(626) Metaspace: 57201K->57201K(1101824K)
[2022-04-27T05:30:23.095+0000][1505.959s] GC(626) Pause Young (Normal) (G1 Evacuation Pause) 420M->205M(512M) 11.724ms
[2022-04-27T05:30:23.096+0000][1505.959s] GC(626) User=0.06s Sys=0.00s Real=0.01s
[2022-04-27T05:30:24.358+0000][1507.222s] GC(627) Pause Young (Normal) (G1 Evacuation Pause)
[2022-04-27T05:30:24.359+0000][1507.222s] GC(627) Using 8 workers of 8 for evacuation
[2022-04-27T05:30:24.368+0000][1507.232s] GC(627)   Pre Evacuate Collection Set: 0.0ms
[2022-04-27T05:30:24.369+0000][1507.232s] GC(627)   Evacuate Collection Set: 5.4ms
[2022-04-27T05:30:24.369+0000][1507.233s] GC(627)   Post Evacuate Collection Set: 3.9ms
[2022-04-27T05:30:24.370+0000][1507.233s] GC(627)   Other: 1.0ms
[2022-04-27T05:30:24.370+0000][1507.234s] GC(627) Eden regions: 216->0(212)
[2022-04-27T05:30:24.371+0000][1507.234s] GC(627) Survivor regions: 19->18(30)
[2022-04-27T05:30:24.371+0000][1507.235s] GC(627) Old regions: 182->188
[2022-04-27T05:30:24.371+0000][1507.235s] GC(627) Humongous regions: 7->7
[2022-04-27T05:30:24.372+0000][1507.235s] GC(627) Metaspace: 57201K->57201K(1101824K)
[2022-04-27T05:30:24.373+0000][1507.236s] GC(627) Pause Young (Normal) (G1 Evacuation Pause) 421M->210M(512M) 14.706ms
[2022-04-27T05:30:24.373+0000][1507.237s] GC(627) User=0.07s Sys=0.00s Real=0.02s
[2022-04-27T05:30:25.645+0000][1508.509s] GC(628) Pause Young (Normal) (G1 Evacuation Pause)
[2022-04-27T05:30:25.645+0000][1508.509s] GC(628) Using 8 workers of 8 for evacuation
[2022-04-27T05:30:25.655+0000][1508.519s] GC(628)   Pre Evacuate Collection Set: 0.0ms
[2022-04-27T05:30:25.656+0000][1508.519s] GC(628)   Evacuate Collection Set: 6.5ms
[2022-04-27T05:30:25.656+0000][1508.520s] GC(628)   Post Evacuate Collection Set: 2.8ms
[2022-04-27T05:30:25.656+0000][1508.520s] GC(628)   Other: 1.0ms
[2022-04-27T05:30:25.657+0000][1508.520s] GC(628) Eden regions: 212->0(207)
[2022-04-27T05:30:25.657+0000][1508.521s] GC(628) Survivor regions: 18->18(29)
[2022-04-27T05:30:25.658+0000][1508.521s] GC(628) Old regions: 188->193
[2022-04-27T05:30:25.658+0000][1508.522s] GC(628) Humongous regions: 7->7
[2022-04-27T05:30:25.658+0000][1508.522s] GC(628) Metaspace: 57201K->57201K(1101824K)
[2022-04-27T05:30:25.659+0000][1508.522s] GC(628) Pause Young (Normal) (G1 Evacuation Pause) 422M->215M(512M) 13.905ms
[2022-04-27T05:30:25.659+0000][1508.523s] GC(628) User=0.06s Sys=0.00s Real=0.01s
[2022-04-27T05:30:26.742+0000][1509.605s] GC(629) Pause Young (Normal) (G1 Evacuation Pause)
[2022-04-27T05:30:26.742+0000][1509.606s] GC(629) Using 8 workers of 8 for evacuation
[2022-04-27T05:30:26.749+0000][1509.612s] GC(629)   Pre Evacuate Collection Set: 0.0ms
[2022-04-27T05:30:26.749+0000][1509.613s] GC(629)   Evacuate Collection Set: 4.5ms
[2022-04-27T05:30:26.750+0000][1509.613s] GC(629)   Post Evacuate Collection Set: 1.8ms
[2022-04-27T05:30:26.750+0000][1509.614s] GC(629)   Other: 0.4ms
[2022-04-27T05:30:26.750+0000][1509.614s] GC(629) Eden regions: 207->0(210)
[2022-04-27T05:30:26.751+0000][1509.615s] GC(629) Survivor regions: 18->13(29)
[2022-04-27T05:30:26.751+0000][1509.615s] GC(629) Old regions: 193->199
[2022-04-27T05:30:26.752+0000][1509.615s] GC(629) Humongous regions: 7->7
[2022-04-27T05:30:26.752+0000][1509.616s] GC(629) Metaspace: 57201K->57201K(1101824K)
[2022-04-27T05:30:26.752+0000][1509.616s] GC(629) Pause Young (Normal) (G1 Evacuation Pause) 422M->216M(512M) 10.585ms
[2022-04-27T05:30:26.753+0000][1509.616s] GC(629) User=0.04s Sys=0.00s Real=0.01s
[2022-04-27T05:30:27.743+0000][1510.607s] GC(630) Pause Young (Normal) (G1 Evacuation Pause)
[2022-04-27T05:30:27.744+0000][1510.607s] GC(630) Using 8 workers of 8 for evacuation
[2022-04-27T05:30:27.751+0000][1510.615s] GC(630)   Pre Evacuate Collection Set: 0.0ms
[2022-04-27T05:30:27.752+0000][1510.615s] GC(630)   Evacuate Collection Set: 6.0ms
[2022-04-27T05:30:27.752+0000][1510.616s] GC(630)   Post Evacuate Collection Set: 1.0ms
[2022-04-27T05:30:27.752+0000][1510.616s] GC(630)   Other: 1.0ms
[2022-04-27T05:30:27.753+0000][1510.616s] GC(630) Eden regions: 210->0(203)
[2022-04-27T05:30:27.753+0000][1510.617s] GC(630) Survivor regions: 13->21(28)
[2022-04-27T05:30:27.754+0000][1510.617s] GC(630) Old regions: 199->199
[2022-04-27T05:30:27.754+0000][1510.618s] GC(630) Humongous regions: 7->7
[2022-04-27T05:30:27.754+0000][1510.618s] GC(630) Metaspace: 57201K->57201K(1101824K)
[2022-04-27T05:30:27.755+0000][1510.618s] GC(630) Pause Young (Normal) (G1 Evacuation Pause) 426M->225M(512M) 11.170ms
[2022-04-27T05:30:27.755+0000][1510.618s] GC(630) User=0.04s Sys=0.01s Real=0.01s
[2022-04-27T05:30:29.032+0000][1511.896s] GC(631) Pause Young (Normal) (G1 Evacuation Pause)
[2022-04-27T05:30:29.033+0000][1511.896s] GC(631) Using 8 workers of 8 for evacuation
[2022-04-27T05:30:29.042+0000][1511.905s] GC(631)   Pre Evacuate Collection Set: 0.0ms
[2022-04-27T05:30:29.042+0000][1511.906s] GC(631)   Evacuate Collection Set: 7.5ms
[2022-04-27T05:30:29.042+0000][1511.906s] GC(631)   Post Evacuate Collection Set: 1.0ms
[2022-04-27T05:30:29.043+0000][1511.906s] GC(631)   Other: 0.8ms
[2022-04-27T05:30:29.043+0000][1511.907s] GC(631) Eden regions: 203->0(196)
[2022-04-27T05:30:29.043+0000][1511.907s] GC(631) Survivor regions: 21->17(28)
[2022-04-27T05:30:29.044+0000][1511.907s] GC(631) Old regions: 199->210
[2022-04-27T05:30:29.044+0000][1511.908s] GC(631) Humongous regions: 7->7
[2022-04-27T05:30:29.044+0000][1511.908s] GC(631) Metaspace: 57201K->57201K(1101824K)
[2022-04-27T05:30:29.045+0000][1511.908s] GC(631) Pause Young (Normal) (G1 Evacuation Pause) 428M->231M(512M) 12.311ms
[2022-04-27T05:30:29.045+0000][1511.908s] GC(631) User=0.05s Sys=0.01s Real=0.01s
[2022-04-27T05:30:30.262+0000][1513.126s] GC(632) Pause Young (Normal) (G1 Evacuation Pause)
[2022-04-27T05:30:30.262+0000][1513.126s] GC(632) Using 8 workers of 8 for evacuation
[2022-04-27T05:30:30.269+0000][1513.133s] GC(632)   Pre Evacuate Collection Set: 0.0ms
[2022-04-27T05:30:30.269+0000][1513.133s] GC(632)   Evacuate Collection Set: 3.7ms
[2022-04-27T05:30:30.270+0000][1513.133s] GC(632)   Post Evacuate Collection Set: 2.2ms
[2022-04-27T05:30:30.270+0000][1513.134s] GC(632)   Other: 0.9ms
[2022-04-27T05:30:30.271+0000][1513.134s] GC(632) Eden regions: 196->0(193)
[2022-04-27T05:30:30.271+0000][1513.135s] GC(632) Survivor regions: 17->15(27)
[2022-04-27T05:30:30.271+0000][1513.135s] GC(632) Old regions: 210->214
[2022-04-27T05:30:30.272+0000][1513.135s] GC(632) Humongous regions: 7->7
[2022-04-27T05:30:30.272+0000][1513.136s] GC(632) Metaspace: 57201K->57201K(1101824K)
[2022-04-27T05:30:30.272+0000][1513.136s] GC(632) Pause Young (Normal) (G1 Evacuation Pause) 427M->233M(512M) 10.246ms
[2022-04-27T05:30:30.273+0000][1513.136s] GC(632) User=0.04s Sys=0.00s Real=0.01s
[2022-04-27T05:30:31.565+0000][1514.428s] GC(633) Pause Young (Normal) (G1 Evacuation Pause)
[2022-04-27T05:30:31.565+0000][1514.429s] GC(633) Using 8 workers of 8 for evacuation
[2022-04-27T05:30:31.573+0000][1514.437s] GC(633)   Pre Evacuate Collection Set: 0.0ms
[2022-04-27T05:30:31.573+0000][1514.437s] GC(633)   Evacuate Collection Set: 5.2ms
[2022-04-27T05:30:31.574+0000][1514.437s] GC(633)   Post Evacuate Collection Set: 2.1ms
[2022-04-27T05:30:31.574+0000][1514.438s] GC(633)   Other: 0.9ms
[2022-04-27T05:30:31.574+0000][1514.438s] GC(633) Eden regions: 193->0(187)
[2022-04-27T05:30:31.575+0000][1514.439s] GC(633) Survivor regions: 15->17(26)
[2022-04-27T05:30:31.575+0000][1514.439s] GC(633) Old regions: 214->218
[2022-04-27T05:30:31.576+0000][1514.439s] GC(633) Humongous regions: 7->7
[2022-04-27T05:30:31.576+0000][1514.440s] GC(633) Metaspace: 57201K->57201K(1101824K)
[2022-04-27T05:30:31.576+0000][1514.440s] GC(633) Pause Young (Normal) (G1 Evacuation Pause) 426M->240M(512M) 11.501ms
[2022-04-27T05:30:31.577+0000][1514.440s] GC(633) User=0.00s Sys=0.05s Real=0.01s
[2022-04-27T05:30:32.858+0000][1515.721s] GC(634) Pause Young (Normal) (G1 Evacuation Pause)
[2022-04-27T05:30:32.858+0000][1515.722s] GC(634) Using 8 workers of 8 for evacuation
[2022-04-27T05:30:32.866+0000][1515.730s] GC(634)   Pre Evacuate Collection Set: 0.0ms
[2022-04-27T05:30:32.867+0000][1515.730s] GC(634)   Evacuate Collection Set: 5.2ms
[2022-04-27T05:30:32.867+0000][1515.731s] GC(634)   Post Evacuate Collection Set: 2.5ms
[2022-04-27T05:30:32.867+0000][1515.731s] GC(634)   Other: 1.0ms
[2022-04-27T05:30:32.868+0000][1515.731s] GC(634) Eden regions: 187->0(182)
[2022-04-27T05:30:32.868+0000][1515.731s] GC(634) Survivor regions: 17->17(26)
[2022-04-27T05:30:32.868+0000][1515.732s] GC(634) Old regions: 218->222
[2022-04-27T05:30:32.869+0000][1515.732s] GC(634) Humongous regions: 7->7
[2022-04-27T05:30:32.869+0000][1515.732s] GC(634) Metaspace: 57201K->57201K(1101824K)
[2022-04-27T05:30:32.869+0000][1515.733s] GC(634) Pause Young (Normal) (G1 Evacuation Pause) 427M->243M(512M) 11.530ms
[2022-04-27T05:30:32.870+0000][1515.733s] GC(634) User=0.06s Sys=0.00s Real=0.01s
[2022-04-27T05:30:33.509+0000][1516.373s] GC(635) Pause Young (Normal) (G1 Evacuation Pause)
[2022-04-27T05:30:33.509+0000][1516.373s] GC(635) Using 8 workers of 8 for evacuation
[2022-04-27T05:30:33.516+0000][1516.379s] GC(635)   Pre Evacuate Collection Set: 0.0ms
[2022-04-27T05:30:33.516+0000][1516.380s] GC(635)   Evacuate Collection Set: 4.6ms
[2022-04-27T05:30:33.517+0000][1516.380s] GC(635)   Post Evacuate Collection Set: 1.2ms
[2022-04-27T05:30:33.517+0000][1516.381s] GC(635)   Other: 1.0ms
[2022-04-27T05:30:33.517+0000][1516.381s] GC(635) Eden regions: 182->0(185)
[2022-04-27T05:30:33.518+0000][1516.381s] GC(635) Survivor regions: 17->12(25)
[2022-04-27T05:30:33.518+0000][1516.382s] GC(635) Old regions: 222->227
[2022-04-27T05:30:33.518+0000][1516.382s] GC(635) Humongous regions: 7->7
[2022-04-27T05:30:33.519+0000][1516.382s] GC(635) Metaspace: 57201K->57201K(1101824K)
[2022-04-27T05:30:33.519+0000][1516.383s] GC(635) Pause Young (Normal) (G1 Evacuation Pause) 425M->243M(512M) 10.266ms
[2022-04-27T05:30:33.520+0000][1516.383s] GC(635) User=0.04s Sys=0.00s Real=0.01s
[2022-04-27T05:30:34.784+0000][1517.647s] GC(636) Pause Young (Concurrent Start) (G1 Evacuation Pause)
[2022-04-27T05:30:34.784+0000][1517.648s] GC(636) Using 8 workers of 8 for evacuation
[2022-04-27T05:30:34.796+0000][1517.660s] GC(636)   Pre Evacuate Collection Set: 0.3ms
[2022-04-27T05:30:34.797+0000][1517.660s] GC(636)   Evacuate Collection Set: 10.0ms
[2022-04-27T05:30:34.797+0000][1517.661s] GC(636)   Post Evacuate Collection Set: 1.0ms
[2022-04-27T05:30:34.797+0000][1517.661s] GC(636)   Other: 1.0ms
[2022-04-27T05:30:34.798+0000][1517.661s] GC(636) Eden regions: 185->0(179)
[2022-04-27T05:30:34.798+0000][1517.662s] GC(636) Survivor regions: 12->20(25)
[2022-04-27T05:30:34.798+0000][1517.662s] GC(636) Old regions: 227->227
[2022-04-27T05:30:34.799+0000][1517.662s] GC(636) Humongous regions: 7->7
[2022-04-27T05:30:34.799+0000][1517.662s] GC(636) Metaspace: 57201K->57201K(1101824K)
[2022-04-27T05:30:34.799+0000][1517.663s] GC(636) Pause Young (Concurrent Start) (G1 Evacuation Pause) 428M->251M(512M) 15.245ms
[2022-04-27T05:30:34.799+0000][1517.663s] GC(636) User=0.04s Sys=0.00s Real=0.01s
[2022-04-27T05:30:34.800+0000][1517.663s] GC(637) Concurrent Cycle
[2022-04-27T05:30:34.800+0000][1517.663s] GC(637) Concurrent Clear Claimed Marks
[2022-04-27T05:30:34.800+0000][1517.664s] GC(637) Concurrent Clear Claimed Marks 0.478ms
[2022-04-27T05:30:34.800+0000][1517.664s] GC(637) Concurrent Scan Root Regions
[2022-04-27T05:30:34.804+0000][1517.668s] GC(637) Concurrent Scan Root Regions 3.581ms
[2022-04-27T05:30:34.804+0000][1517.668s] GC(637) Concurrent Mark (1517.668s)
[2022-04-27T05:30:34.805+0000][1517.668s] GC(637) Concurrent Mark From Roots
[2022-04-27T05:30:34.805+0000][1517.669s] GC(637) Using 2 workers of 2 for marking
[2022-04-27T05:30:34.838+0000][1517.702s] GC(637) Concurrent Mark From Roots 33.332ms
[2022-04-27T05:30:34.838+0000][1517.702s] GC(637) Concurrent Preclean
[2022-04-27T05:30:34.839+0000][1517.702s] GC(637) Concurrent Preclean 0.618ms
[2022-04-27T05:30:34.839+0000][1517.703s] GC(637) Concurrent Mark (1517.668s, 1517.703s) 34.738ms
[2022-04-27T05:30:34.839+0000][1517.703s] GC(637) Pause Remark
[2022-04-27T05:30:34.854+0000][1517.718s] GC(637) Cleaned string and symbol table, strings: 26176 processed, 1375 removed, symbols: 139315 processed, 568 removed
[2022-04-27T05:30:34.860+0000][1517.724s] GC(637) Pause Remark 263M->199M(512M) 20.663ms
[2022-04-27T05:30:34.861+0000][1517.724s] GC(637) User=0.11s Sys=0.00s Real=0.02s
[2022-04-27T05:30:34.861+0000][1517.725s] GC(637) Concurrent Rebuild Remembered Sets
[2022-04-27T05:30:34.894+0000][1517.757s] GC(637) Concurrent Rebuild Remembered Sets 32.952ms
[2022-04-27T05:30:34.894+0000][1517.758s] GC(637) Pause Cleanup
[2022-04-27T05:30:34.895+0000][1517.759s] GC(637) Pause Cleanup 205M->205M(512M) 0.556ms
[2022-04-27T05:30:34.895+0000][1517.759s] GC(637) User=0.00s Sys=0.00s Real=0.00s
[2022-04-27T05:30:34.896+0000][1517.759s] GC(637) Concurrent Cleanup for Next Mark
[2022-04-27T05:30:34.897+0000][1517.760s] GC(637) Concurrent Cleanup for Next Mark 1.132ms
[2022-04-27T05:30:34.897+0000][1517.761s] GC(637) Concurrent Cycle 97.514ms
[2022-04-27T05:30:36.028+0000][1518.892s] GC(638) Pause Young (Prepare Mixed) (G1 Evacuation Pause)
[2022-04-27T05:30:36.029+0000][1518.892s] GC(638) Using 8 workers of 8 for evacuation
[2022-04-27T05:30:36.038+0000][1518.902s] GC(638)   Pre Evacuate Collection Set: 0.0ms
[2022-04-27T05:30:36.038+0000][1518.902s] GC(638)   Evacuate Collection Set: 7.7ms
[2022-04-27T05:30:36.039+0000][1518.902s] GC(638)   Post Evacuate Collection Set: 1.2ms
[2022-04-27T05:30:36.039+0000][1518.903s] GC(638)   Other: 0.9ms
[2022-04-27T05:30:36.040+0000][1518.903s] GC(638) Eden regions: 179->0(9)
[2022-04-27T05:30:36.040+0000][1518.904s] GC(638) Survivor regions: 20->16(25)
[2022-04-27T05:30:36.040+0000][1518.904s] GC(638) Old regions: 163->173
[2022-04-27T05:30:36.041+0000][1518.904s] GC(638) Humongous regions: 7->7
[2022-04-27T05:30:36.041+0000][1518.905s] GC(638) Metaspace: 56908K->56908K(1101824K)
[2022-04-27T05:30:36.042+0000][1518.905s] GC(638) Pause Young (Prepare Mixed) (G1 Evacuation Pause) 366M->193M(512M) 13.338ms
[2022-04-27T05:30:36.042+0000][1518.905s] GC(638) User=0.07s Sys=0.00s Real=0.02s
[2022-04-27T05:30:36.088+0000][1518.951s] GC(639) Pause Young (Mixed) (G1 Evacuation Pause)
[2022-04-27T05:30:36.088+0000][1518.952s] GC(639) Using 8 workers of 8 for evacuation
[2022-04-27T05:30:36.094+0000][1518.958s] GC(639)   Pre Evacuate Collection Set: 0.0ms
[2022-04-27T05:30:36.094+0000][1518.958s] GC(639)   Evacuate Collection Set: 4.8ms
[2022-04-27T05:30:36.095+0000][1518.958s] GC(639)   Post Evacuate Collection Set: 0.9ms
[2022-04-27T05:30:36.095+0000][1518.959s] GC(639)   Other: 0.7ms
[2022-04-27T05:30:36.095+0000][1518.959s] GC(639) Eden regions: 9->0(21)
[2022-04-27T05:30:36.096+0000][1518.959s] GC(639) Survivor regions: 16->4(4)
[2022-04-27T05:30:36.096+0000][1518.960s] GC(639) Old regions: 173->132
[2022-04-27T05:30:36.096+0000][1518.960s] GC(639) Humongous regions: 7->7
[2022-04-27T05:30:36.096+0000][1518.960s] GC(639) Metaspace: 56908K->56908K(1101824K)
[2022-04-27T05:30:36.097+0000][1518.960s] GC(639) Pause Young (Mixed) (G1 Evacuation Pause) 202M->141M(512M) 9.023ms
[2022-04-27T05:30:36.097+0000][1518.961s] GC(639) User=0.04s Sys=0.00s Real=0.01s
[2022-04-27T05:30:36.159+0000][1519.023s] GC(640) Pause Young (Mixed) (G1 Evacuation Pause)
[2022-04-27T05:30:36.160+0000][1519.023s] GC(640) Using 8 workers of 8 for evacuation
[2022-04-27T05:30:36.164+0000][1519.028s] GC(640)   Pre Evacuate Collection Set: 0.0ms
[2022-04-27T05:30:36.164+0000][1519.028s] GC(640)   Evacuate Collection Set: 3.4ms
[2022-04-27T05:30:36.165+0000][1519.028s] GC(640)   Post Evacuate Collection Set: 0.5ms
[2022-04-27T05:30:36.165+0000][1519.029s] GC(640)   Other: 0.8ms
[2022-04-27T05:30:36.165+0000][1519.029s] GC(640) Eden regions: 21->0(245)
[2022-04-27T05:30:36.166+0000][1519.029s] GC(640) Survivor regions: 4->4(4)
[2022-04-27T05:30:36.166+0000][1519.030s] GC(640) Old regions: 132->126
[2022-04-27T05:30:36.166+0000][1519.030s] GC(640) Humongous regions: 7->7
[2022-04-27T05:30:36.167+0000][1519.030s] GC(640) Metaspace: 56908K->56908K(1101824K)
[2022-04-27T05:30:36.167+0000][1519.030s] GC(640) Pause Young (Mixed) (G1 Evacuation Pause) 162M->135M(512M) 7.430ms
[2022-04-27T05:30:36.167+0000][1519.031s] GC(640) User=0.03s Sys=0.00s Real=0.01s
[2022-04-27T05:30:37.641+0000][1520.504s] GC(641) Pause Young (Normal) (G1 Evacuation Pause)
[2022-04-27T05:30:37.641+0000][1520.505s] GC(641) Using 8 workers of 8 for evacuation
[2022-04-27T05:30:37.652+0000][1520.516s] GC(641)   Pre Evacuate Collection Set: 0.0ms
[2022-04-27T05:30:37.652+0000][1520.516s] GC(641)   Evacuate Collection Set: 9.7ms
[2022-04-27T05:30:37.653+0000][1520.516s] GC(641)   Post Evacuate Collection Set: 0.9ms
[2022-04-27T05:30:37.653+0000][1520.517s] GC(641)   Other: 0.8ms
[2022-04-27T05:30:37.653+0000][1520.517s] GC(641) Eden regions: 245->0(244)
[2022-04-27T05:30:37.654+0000][1520.517s] GC(641) Survivor regions: 4->14(32)
[2022-04-27T05:30:37.654+0000][1520.518s] GC(641) Old regions: 126->126
[2022-04-27T05:30:37.654+0000][1520.518s] GC(641) Humongous regions: 7->7
[2022-04-27T05:30:37.655+0000][1520.518s] GC(641) Metaspace: 56908K->56908K(1101824K)
[2022-04-27T05:30:37.655+0000][1520.519s] GC(641) Pause Young (Normal) (G1 Evacuation Pause) 380M->145M(512M) 14.323ms
[2022-04-27T05:30:37.655+0000][1520.519s] GC(641) User=0.08s Sys=0.00s Real=0.02s
[2022-04-27T05:30:39.034+0000][1521.898s] GC(642) Pause Young (Normal) (G1 Evacuation Pause)
[2022-04-27T05:30:39.035+0000][1521.898s] GC(642) Using 8 workers of 8 for evacuation
[2022-04-27T05:30:39.043+0000][1521.906s] GC(642)   Pre Evacuate Collection Set: 0.0ms
[2022-04-27T05:30:39.043+0000][1521.907s] GC(642)   Evacuate Collection Set: 6.4ms
[2022-04-27T05:30:39.043+0000][1521.907s] GC(642)   Post Evacuate Collection Set: 1.1ms
[2022-04-27T05:30:39.044+0000][1521.907s] GC(642)   Other: 0.8ms
[2022-04-27T05:30:39.044+0000][1521.908s] GC(642) Eden regions: 244->0(243)
[2022-04-27T05:30:39.044+0000][1521.908s] GC(642) Survivor regions: 14->21(33)
[2022-04-27T05:30:39.045+0000][1521.908s] GC(642) Old regions: 126->126
[2022-04-27T05:30:39.045+0000][1521.909s] GC(642) Humongous regions: 7->7
[2022-04-27T05:30:39.045+0000][1521.909s] GC(642) Metaspace: 56908K->56908K(1101824K)
[2022-04-27T05:30:39.046+0000][1521.909s] GC(642) Pause Young (Normal) (G1 Evacuation Pause) 389M->152M(512M) 11.196ms
[2022-04-27T05:30:39.046+0000][1521.909s] GC(642) User=0.05s Sys=0.00s Real=0.01s
[2022-04-27T05:30:40.479+0000][1523.343s] GC(643) Pause Young (Normal) (G1 Evacuation Pause)
[2022-04-27T05:30:40.480+0000][1523.343s] GC(643) Using 8 workers of 8 for evacuation
[2022-04-27T05:30:40.486+0000][1523.350s] GC(643)   Pre Evacuate Collection Set: 0.0ms
[2022-04-27T05:30:40.487+0000][1523.350s] GC(643)   Evacuate Collection Set: 5.3ms
[2022-04-27T05:30:40.487+0000][1523.351s] GC(643)   Post Evacuate Collection Set: 0.9ms
[2022-04-27T05:30:40.487+0000][1523.351s] GC(643)   Other: 0.6ms
[2022-04-27T05:30:40.487+0000][1523.351s] GC(643) Eden regions: 243->0(247)
[2022-04-27T05:30:40.488+0000][1523.351s] GC(643) Survivor regions: 21->16(33)
[2022-04-27T05:30:40.488+0000][1523.352s] GC(643) Old regions: 126->133
[2022-04-27T05:30:40.488+0000][1523.352s] GC(643) Humongous regions: 7->7
[2022-04-27T05:30:40.489+0000][1523.352s] GC(643) Metaspace: 56908K->56908K(1101824K)
[2022-04-27T05:30:40.489+0000][1523.353s] GC(643) Pause Young (Normal) (G1 Evacuation Pause) 395M->153M(512M) 9.616ms
[2022-04-27T05:30:40.489+0000][1523.353s] GC(643) User=0.04s Sys=0.00s Real=0.01s
[2022-04-27T05:30:41.984+0000][1524.848s] GC(644) Pause Young (Normal) (G1 Evacuation Pause)
[2022-04-27T05:30:41.985+0000][1524.848s] GC(644) Using 8 workers of 8 for evacuation
[2022-04-27T05:30:41.993+0000][1524.857s] GC(644)   Pre Evacuate Collection Set: 0.0ms
[2022-04-27T05:30:41.994+0000][1524.858s] GC(644)   Evacuate Collection Set: 7.4ms
[2022-04-27T05:30:41.994+0000][1524.858s] GC(644)   Post Evacuate Collection Set: 1.0ms
[2022-04-27T05:30:41.995+0000][1524.858s] GC(644)   Other: 0.9ms
[2022-04-27T05:30:41.995+0000][1524.859s] GC(644) Eden regions: 247->0(244)
[2022-04-27T05:30:41.996+0000][1524.859s] GC(644) Survivor regions: 16->25(33)
[2022-04-27T05:30:41.996+0000][1524.860s] GC(644) Old regions: 133->133
[2022-04-27T05:30:41.996+0000][1524.860s] GC(644) Humongous regions: 7->7
[2022-04-27T05:30:41.997+0000][1524.860s] GC(644) Metaspace: 56908K->56908K(1101824K)
[2022-04-27T05:30:41.997+0000][1524.861s] GC(644) Pause Young (Normal) (G1 Evacuation Pause) 400M->163M(512M) 12.739ms
[2022-04-27T05:30:41.997+0000][1524.861s] GC(644) User=0.06s Sys=0.00s Real=0.01s
[2022-04-27T05:30:43.442+0000][1526.306s] GC(645) Pause Young (Normal) (G1 Evacuation Pause)
[2022-04-27T05:30:43.443+0000][1526.306s] GC(645) Using 8 workers of 8 for evacuation
[2022-04-27T05:30:43.455+0000][1526.319s] GC(645)   Pre Evacuate Collection Set: 0.0ms
[2022-04-27T05:30:43.456+0000][1526.319s] GC(645)   Evacuate Collection Set: 10.4ms
[2022-04-27T05:30:43.456+0000][1526.320s] GC(645)   Post Evacuate Collection Set: 1.3ms
[2022-04-27T05:30:43.456+0000][1526.320s] GC(645)   Other: 1.0ms
[2022-04-27T05:30:43.457+0000][1526.320s] GC(645) Eden regions: 244->0(241)
[2022-04-27T05:30:43.457+0000][1526.321s] GC(645) Survivor regions: 25->20(34)
[2022-04-27T05:30:43.458+0000][1526.321s] GC(645) Old regions: 133->145
[2022-04-27T05:30:43.458+0000][1526.321s] GC(645) Humongous regions: 7->7
[2022-04-27T05:30:43.458+0000][1526.322s] GC(645) Metaspace: 56908K->56908K(1101824K)
[2022-04-27T05:30:43.458+0000][1526.322s] GC(645) Pause Young (Normal) (G1 Evacuation Pause) 407M->170M(512M) 15.990ms
[2022-04-27T05:30:43.459+0000][1526.322s] GC(645) User=0.09s Sys=0.00s Real=0.01s
[2022-04-27T05:30:44.925+0000][1527.788s] GC(646) Pause Young (Normal) (G1 Evacuation Pause)
[2022-04-27T05:30:44.925+0000][1527.789s] GC(646) Using 8 workers of 8 for evacuation
[2022-04-27T05:30:44.932+0000][1527.796s] GC(646)   Pre Evacuate Collection Set: 0.0ms
[2022-04-27T05:30:44.933+0000][1527.797s] GC(646)   Evacuate Collection Set: 6.0ms
[2022-04-27T05:30:44.933+0000][1527.797s] GC(646)   Post Evacuate Collection Set: 1.1ms
[2022-04-27T05:30:44.934+0000][1527.797s] GC(646)   Other: 0.9ms
[2022-04-27T05:30:44.934+0000][1527.798s] GC(646) Eden regions: 241->0(244)
[2022-04-27T05:30:44.934+0000][1527.798s] GC(646) Survivor regions: 20->16(33)
[2022-04-27T05:30:44.935+0000][1527.798s] GC(646) Old regions: 145->151
[2022-04-27T05:30:44.935+0000][1527.799s] GC(646) Humongous regions: 7->7
[2022-04-27T05:30:44.936+0000][1527.799s] GC(646) Metaspace: 56908K->56908K(1101824K)
[2022-04-27T05:30:44.936+0000][1527.799s] GC(646) Pause Young (Normal) (G1 Evacuation Pause) 411M->171M(512M) 11.341ms
[2022-04-27T05:30:44.936+0000][1527.800s] GC(646) User=0.06s Sys=0.00s Real=0.01s
[2022-04-27T05:30:46.996+0000][1529.860s] GC(647) Pause Young (Normal) (G1 Evacuation Pause)
[2022-04-27T05:30:46.996+0000][1529.860s] GC(647) Using 8 workers of 8 for evacuation
[2022-04-27T05:30:47.005+0000][1529.869s] GC(647)   Pre Evacuate Collection Set: 0.0ms
[2022-04-27T05:30:47.005+0000][1529.869s] GC(647)   Evacuate Collection Set: 7.0ms
[2022-04-27T05:30:47.006+0000][1529.870s] GC(647)   Post Evacuate Collection Set: 1.2ms
[2022-04-27T05:30:47.006+0000][1529.870s] GC(647)   Other: 0.9ms
[2022-04-27T05:30:47.007+0000][1529.870s] GC(647) Eden regions: 244->0(239)
[2022-04-27T05:30:47.007+0000][1529.871s] GC(647) Survivor regions: 16->24(33)
[2022-04-27T05:30:47.007+0000][1529.871s] GC(647) Old regions: 151->151
[2022-04-27T05:30:47.008+0000][1529.871s] GC(647) Humongous regions: 7->7
[2022-04-27T05:30:47.008+0000][1529.872s] GC(647) Metaspace: 56908K->56908K(1101824K)
[2022-04-27T05:30:47.008+0000][1529.872s] GC(647) Pause Young (Normal) (G1 Evacuation Pause) 415M->180M(512M) 12.519ms
[2022-04-27T05:30:47.009+0000][1529.872s] GC(647) User=0.06s Sys=0.00s Real=0.01s
[2022-04-27T05:30:48.439+0000][1531.303s] GC(648) Pause Young (Normal) (G1 Evacuation Pause)
[2022-04-27T05:30:48.440+0000][1531.303s] GC(648) Using 8 workers of 8 for evacuation
[2022-04-27T05:30:48.450+0000][1531.314s] GC(648)   Pre Evacuate Collection Set: 0.0ms
[2022-04-27T05:30:48.450+0000][1531.314s] GC(648)   Evacuate Collection Set: 8.4ms
[2022-04-27T05:30:48.451+0000][1531.314s] GC(648)   Post Evacuate Collection Set: 1.4ms
[2022-04-27T05:30:48.451+0000][1531.315s] GC(648)   Other: 1.0ms
[2022-04-27T05:30:48.452+0000][1531.315s] GC(648) Eden regions: 239->0(235)
[2022-04-27T05:30:48.452+0000][1531.316s] GC(648) Survivor regions: 24->18(33)
[2022-04-27T05:30:48.453+0000][1531.316s] GC(648) Old regions: 151->163
[2022-04-27T05:30:48.453+0000][1531.317s] GC(648) Humongous regions: 7->7
[2022-04-27T05:30:48.453+0000][1531.317s] GC(648) Metaspace: 56908K->56908K(1101824K)
[2022-04-27T05:30:48.454+0000][1531.317s] GC(648) Pause Young (Normal) (G1 Evacuation Pause) 419M->185M(512M) 14.739ms
[2022-04-27T05:30:48.454+0000][1531.318s] GC(648) User=0.07s Sys=0.01s Real=0.02s
[2022-04-27T05:30:49.782+0000][1532.646s] GC(649) Pause Young (Normal) (G1 Evacuation Pause)
[2022-04-27T05:30:49.782+0000][1532.646s] GC(649) Using 8 workers of 8 for evacuation
[2022-04-27T05:30:49.790+0000][1532.653s] GC(649)   Pre Evacuate Collection Set: 0.0ms
[2022-04-27T05:30:49.790+0000][1532.654s] GC(649)   Evacuate Collection Set: 5.8ms
[2022-04-27T05:30:49.791+0000][1532.654s] GC(649)   Post Evacuate Collection Set: 1.1ms
[2022-04-27T05:30:49.791+0000][1532.655s] GC(649)   Other: 0.9ms
[2022-04-27T05:30:49.791+0000][1532.655s] GC(649) Eden regions: 235->0(234)
[2022-04-27T05:30:49.792+0000][1532.655s] GC(649) Survivor regions: 18->16(32)
[2022-04-27T05:30:49.792+0000][1532.656s] GC(649) Old regions: 163->169
[2022-04-27T05:30:49.793+0000][1532.656s] GC(649) Humongous regions: 7->7
[2022-04-27T05:30:49.793+0000][1532.657s] GC(649) Metaspace: 56908K->56908K(1101824K)
[2022-04-27T05:30:49.793+0000][1532.657s] GC(649) Pause Young (Normal) (G1 Evacuation Pause) 420M->189M(512M) 11.210ms
[2022-04-27T05:30:49.794+0000][1532.657s] GC(649) User=0.05s Sys=0.00s Real=0.01s
[2022-04-27T05:30:51.153+0000][1534.017s] GC(650) Pause Young (Normal) (G1 Evacuation Pause)
[2022-04-27T05:30:51.154+0000][1534.018s] GC(650) Using 8 workers of 8 for evacuation
[2022-04-27T05:30:51.163+0000][1534.027s] GC(650)   Pre Evacuate Collection Set: 0.0ms
[2022-04-27T05:30:51.164+0000][1534.027s] GC(650)   Evacuate Collection Set: 7.3ms
[2022-04-27T05:30:51.164+0000][1534.028s] GC(650)   Post Evacuate Collection Set: 1.5ms
[2022-04-27T05:30:51.164+0000][1534.028s] GC(650)   Other: 1.0ms
[2022-04-27T05:30:51.165+0000][1534.029s] GC(650) Eden regions: 234->0(225)
[2022-04-27T05:30:51.165+0000][1534.029s] GC(650) Survivor regions: 16->25(32)
[2022-04-27T05:30:51.166+0000][1534.029s] GC(650) Old regions: 169->169
[2022-04-27T05:30:51.166+0000][1534.029s] GC(650) Humongous regions: 7->7
[2022-04-27T05:30:51.166+0000][1534.030s] GC(650) Metaspace: 56908K->56908K(1101824K)
[2022-04-27T05:30:51.166+0000][1534.030s] GC(650) Pause Young (Normal) (G1 Evacuation Pause) 423M->198M(512M) 12.926ms
[2022-04-27T05:30:51.167+0000][1534.030s] GC(650) User=0.06s Sys=0.00s Real=0.01s
[2022-04-27T05:30:52.524+0000][1535.388s] GC(651) Pause Young (Normal) (G1 Evacuation Pause)
[2022-04-27T05:30:52.524+0000][1535.388s] GC(651) Using 8 workers of 8 for evacuation
[2022-04-27T05:30:52.533+0000][1535.397s] GC(651)   Pre Evacuate Collection Set: 0.0ms
[2022-04-27T05:30:52.533+0000][1535.397s] GC(651)   Evacuate Collection Set: 6.5ms
[2022-04-27T05:30:52.534+0000][1535.397s] GC(651)   Post Evacuate Collection Set: 1.7ms
[2022-04-27T05:30:52.534+0000][1535.398s] GC(651)   Other: 0.7ms
[2022-04-27T05:30:52.534+0000][1535.398s] GC(651) Eden regions: 225->0(227)
[2022-04-27T05:30:52.535+0000][1535.398s] GC(651) Survivor regions: 25->14(32)
[2022-04-27T05:30:52.535+0000][1535.399s] GC(651) Old regions: 169->180
[2022-04-27T05:30:52.535+0000][1535.399s] GC(651) Humongous regions: 7->7
[2022-04-27T05:30:52.535+0000][1535.399s] GC(651) Metaspace: 56908K->56908K(1101824K)
[2022-04-27T05:30:52.536+0000][1535.399s] GC(651) Pause Young (Normal) (G1 Evacuation Pause) 423M->199M(512M) 11.567ms
[2022-04-27T05:30:52.536+0000][1535.400s] GC(651) User=0.06s Sys=0.00s Real=0.01s
[2022-04-27T05:30:53.861+0000][1536.725s] GC(652) Pause Young (Normal) (G1 Evacuation Pause)
[2022-04-27T05:30:53.861+0000][1536.725s] GC(652) Using 8 workers of 8 for evacuation
[2022-04-27T05:30:53.870+0000][1536.734s] GC(652)   Pre Evacuate Collection Set: 0.0ms
[2022-04-27T05:30:53.870+0000][1536.734s] GC(652)   Evacuate Collection Set: 7.1ms
[2022-04-27T05:30:53.871+0000][1536.734s] GC(652)   Post Evacuate Collection Set: 1.2ms
[2022-04-27T05:30:53.871+0000][1536.735s] GC(652)   Other: 0.7ms
[2022-04-27T05:30:53.872+0000][1536.735s] GC(652) Eden regions: 227->0(216)
[2022-04-27T05:30:53.872+0000][1536.736s] GC(652) Survivor regions: 14->24(31)
[2022-04-27T05:30:53.872+0000][1536.736s] GC(652) Old regions: 180->180
[2022-04-27T05:30:53.873+0000][1536.736s] GC(652) Humongous regions: 7->7
[2022-04-27T05:30:53.873+0000][1536.737s] GC(652) Metaspace: 56908K->56908K(1101824K)
[2022-04-27T05:30:53.873+0000][1536.737s] GC(652) Pause Young (Normal) (G1 Evacuation Pause) 426M->209M(512M) 12.273ms
[2022-04-27T05:30:53.874+0000][1536.737s] GC(652) User=0.05s Sys=0.00s Real=0.01s
[2022-04-27T05:30:55.195+0000][1538.059s] GC(653) Pause Young (Normal) (G1 Evacuation Pause)
[2022-04-27T05:30:55.196+0000][1538.059s] GC(653) Using 8 workers of 8 for evacuation
[2022-04-27T05:30:55.213+0000][1538.076s] GC(653)   Pre Evacuate Collection Set: 0.0ms
[2022-04-27T05:30:55.213+0000][1538.077s] GC(653)   Evacuate Collection Set: 10.7ms
[2022-04-27T05:30:55.213+0000][1538.077s] GC(653)   Post Evacuate Collection Set: 5.6ms
[2022-04-27T05:30:55.213+0000][1538.077s] GC(653)   Other: 0.8ms
[2022-04-27T05:30:55.214+0000][1538.077s] GC(653) Eden regions: 216->0(213)
[2022-04-27T05:30:55.214+0000][1538.078s] GC(653) Survivor regions: 24->16(30)
[2022-04-27T05:30:55.214+0000][1538.078s] GC(653) Old regions: 180->191
[2022-04-27T05:30:55.214+0000][1538.078s] GC(653) Humongous regions: 7->7
[2022-04-27T05:30:55.215+0000][1538.078s] GC(653) Metaspace: 56908K->56908K(1101824K)
[2022-04-27T05:30:55.215+0000][1538.078s] GC(653) Pause Young (Normal) (G1 Evacuation Pause) 425M->212M(512M) 19.393ms
[2022-04-27T05:30:55.215+0000][1538.079s] GC(653) User=0.12s Sys=0.00s Real=0.02s
[2022-04-27T05:30:56.545+0000][1539.409s] GC(654) Pause Young (Normal) (G1 Evacuation Pause)
[2022-04-27T05:30:56.545+0000][1539.409s] GC(654) Using 8 workers of 8 for evacuation
[2022-04-27T05:30:56.554+0000][1539.418s] GC(654)   Pre Evacuate Collection Set: 0.0ms
[2022-04-27T05:30:56.554+0000][1539.418s] GC(654)   Evacuate Collection Set: 7.6ms
[2022-04-27T05:30:56.555+0000][1539.418s] GC(654)   Post Evacuate Collection Set: 0.9ms
[2022-04-27T05:30:56.555+0000][1539.419s] GC(654)   Other: 0.6ms
[2022-04-27T05:30:56.555+0000][1539.419s] GC(654) Eden regions: 213->0(204)
[2022-04-27T05:30:56.556+0000][1539.419s] GC(654) Survivor regions: 16->19(29)
[2022-04-27T05:30:56.556+0000][1539.419s] GC(654) Old regions: 191->196
[2022-04-27T05:30:56.556+0000][1539.420s] GC(654) Humongous regions: 7->7
[2022-04-27T05:30:56.556+0000][1539.420s] GC(654) Metaspace: 56908K->56908K(1101824K)
[2022-04-27T05:30:56.557+0000][1539.420s] GC(654) Pause Young (Normal) (G1 Evacuation Pause) 425M->220M(512M) 11.508ms
[2022-04-27T05:30:56.557+0000][1539.420s] GC(654) User=0.07s Sys=0.00s Real=0.01s
[2022-04-27T05:30:57.833+0000][1540.696s] GC(655) Pause Young (Normal) (G1 Evacuation Pause)
[2022-04-27T05:30:57.833+0000][1540.697s] GC(655) Using 8 workers of 8 for evacuation
[2022-04-27T05:30:57.842+0000][1540.705s] GC(655)   Pre Evacuate Collection Set: 0.0ms
[2022-04-27T05:30:57.842+0000][1540.706s] GC(655)   Evacuate Collection Set: 7.2ms
[2022-04-27T05:30:57.842+0000][1540.706s] GC(655)   Post Evacuate Collection Set: 1.0ms
[2022-04-27T05:30:57.843+0000][1540.706s] GC(655)   Other: 0.7ms
[2022-04-27T05:30:57.843+0000][1540.707s] GC(655) Eden regions: 204->0(199)
[2022-04-27T05:30:57.843+0000][1540.707s] GC(655) Survivor regions: 19->19(28)
[2022-04-27T05:30:57.844+0000][1540.707s] GC(655) Old regions: 196->201
[2022-04-27T05:30:57.844+0000][1540.708s] GC(655) Humongous regions: 7->7
[2022-04-27T05:30:57.844+0000][1540.708s] GC(655) Metaspace: 56908K->56908K(1101824K)
[2022-04-27T05:30:57.844+0000][1540.708s] GC(655) Pause Young (Normal) (G1 Evacuation Pause) 424M->225M(512M) 11.680ms
[2022-04-27T05:30:57.845+0000][1540.708s] GC(655) User=0.06s Sys=0.00s Real=0.01s
[2022-04-27T05:30:59.052+0000][1541.915s] GC(656) Pause Young (Normal) (G1 Evacuation Pause)
[2022-04-27T05:30:59.052+0000][1541.916s] GC(656) Using 8 workers of 8 for evacuation
[2022-04-27T05:30:59.060+0000][1541.924s] GC(656)   Pre Evacuate Collection Set: 0.0ms
[2022-04-27T05:30:59.061+0000][1541.924s] GC(656)   Evacuate Collection Set: 6.2ms
[2022-04-27T05:30:59.061+0000][1541.925s] GC(656)   Post Evacuate Collection Set: 1.3ms
[2022-04-27T05:30:59.061+0000][1541.925s] GC(656)   Other: 0.9ms
[2022-04-27T05:30:59.062+0000][1541.925s] GC(656) Eden regions: 199->0(198)
[2022-04-27T05:30:59.062+0000][1541.926s] GC(656) Survivor regions: 19->16(28)
[2022-04-27T05:30:59.063+0000][1541.926s] GC(656) Old regions: 201->206
[2022-04-27T05:30:59.063+0000][1541.927s] GC(656) Humongous regions: 7->7
[2022-04-27T05:30:59.063+0000][1541.927s] GC(656) Metaspace: 56908K->56908K(1101824K)
[2022-04-27T05:30:59.064+0000][1541.928s] GC(656) Pause Young (Normal) (G1 Evacuation Pause) 424M->227M(512M) 12.108ms
[2022-04-27T05:30:59.064+0000][1541.928s] GC(656) User=0.05s Sys=0.00s Real=0.01s
[2022-04-27T05:30:59.723+0000][1542.587s] GC(657) Pause Young (Normal) (G1 Evacuation Pause)
[2022-04-27T05:30:59.723+0000][1542.587s] GC(657) Using 8 workers of 8 for evacuation
[2022-04-27T05:30:59.730+0000][1542.594s] GC(657)   Pre Evacuate Collection Set: 0.0ms
[2022-04-27T05:30:59.731+0000][1542.594s] GC(657)   Evacuate Collection Set: 5.4ms
[2022-04-27T05:30:59.731+0000][1542.594s] GC(657)   Post Evacuate Collection Set: 0.9ms
[2022-04-27T05:30:59.731+0000][1542.595s] GC(657)   Other: 0.9ms
[2022-04-27T05:30:59.732+0000][1542.595s] GC(657) Eden regions: 198->0(199)
[2022-04-27T05:30:59.732+0000][1542.596s] GC(657) Survivor regions: 16->12(27)
[2022-04-27T05:30:59.732+0000][1542.596s] GC(657) Old regions: 206->212
[2022-04-27T05:30:59.733+0000][1542.596s] GC(657) Humongous regions: 7->7
[2022-04-27T05:30:59.733+0000][1542.597s] GC(657) Metaspace: 56908K->56908K(1101824K)
[2022-04-27T05:30:59.733+0000][1542.597s] GC(657) Pause Young (Normal) (G1 Evacuation Pause) 425M->229M(512M) 10.523ms
[2022-04-27T05:30:59.734+0000][1542.597s] GC(657) User=0.04s Sys=0.00s Real=0.01s
[2022-04-27T05:31:01.080+0000][1543.944s] GC(658) Pause Young (Normal) (G1 Evacuation Pause)
[2022-04-27T05:31:01.081+0000][1543.944s] GC(658) Using 8 workers of 8 for evacuation
[2022-04-27T05:31:01.089+0000][1543.952s] GC(658)   Pre Evacuate Collection Set: 0.0ms
[2022-04-27T05:31:01.089+0000][1543.953s] GC(658)   Evacuate Collection Set: 6.5ms
[2022-04-27T05:31:01.089+0000][1543.953s] GC(658)   Post Evacuate Collection Set: 1.0ms
[2022-04-27T05:31:01.090+0000][1543.953s] GC(658)   Other: 0.8ms
[2022-04-27T05:31:01.090+0000][1543.954s] GC(658) Eden regions: 199->0(192)
[2022-04-27T05:31:01.090+0000][1543.954s] GC(658) Survivor regions: 12->21(27)
[2022-04-27T05:31:01.091+0000][1543.954s] GC(658) Old regions: 212->212
[2022-04-27T05:31:01.091+0000][1543.954s] GC(658) Humongous regions: 7->7
[2022-04-27T05:31:01.091+0000][1543.955s] GC(658) Metaspace: 56908K->56908K(1101824K)
[2022-04-27T05:31:01.091+0000][1543.955s] GC(658) Pause Young (Normal) (G1 Evacuation Pause) 428M->237M(512M) 10.995ms
[2022-04-27T05:31:01.092+0000][1543.955s] GC(658) User=0.05s Sys=0.00s Real=0.02s
[2022-04-27T05:31:02.347+0000][1545.211s] GC(659) Pause Young (Normal) (G1 Evacuation Pause)
[2022-04-27T05:31:02.347+0000][1545.211s] GC(659) Using 8 workers of 8 for evacuation
[2022-04-27T05:31:02.357+0000][1545.220s] GC(659)   Pre Evacuate Collection Set: 0.0ms
[2022-04-27T05:31:02.357+0000][1545.221s] GC(659)   Evacuate Collection Set: 7.7ms
[2022-04-27T05:31:02.357+0000][1545.221s] GC(659)   Post Evacuate Collection Set: 1.2ms
[2022-04-27T05:31:02.358+0000][1545.221s] GC(659)   Other: 0.7ms
[2022-04-27T05:31:02.358+0000][1545.222s] GC(659) Eden regions: 192->0(182)
[2022-04-27T05:31:02.358+0000][1545.222s] GC(659) Survivor regions: 21->17(27)
[2022-04-27T05:31:02.359+0000][1545.222s] GC(659) Old regions: 212->223
[2022-04-27T05:31:02.359+0000][1545.223s] GC(659) Humongous regions: 7->7
[2022-04-27T05:31:02.359+0000][1545.223s] GC(659) Metaspace: 56908K->56908K(1101824K)
[2022-04-27T05:31:02.360+0000][1545.223s] GC(659) Pause Young (Normal) (G1 Evacuation Pause) 429M->244M(512M) 12.793ms
[2022-04-27T05:31:02.360+0000][1545.224s] GC(659) User=0.07s Sys=0.00s Real=0.01s
[2022-04-27T05:31:03.641+0000][1546.505s] GC(660) Pause Young (Normal) (G1 Evacuation Pause)
[2022-04-27T05:31:03.641+0000][1546.505s] GC(660) Using 8 workers of 8 for evacuation
[2022-04-27T05:31:03.649+0000][1546.513s] GC(660)   Pre Evacuate Collection Set: 0.0ms
[2022-04-27T05:31:03.649+0000][1546.513s] GC(660)   Evacuate Collection Set: 6.3ms
[2022-04-27T05:31:03.650+0000][1546.513s] GC(660)   Post Evacuate Collection Set: 1.0ms
[2022-04-27T05:31:03.650+0000][1546.514s] GC(660)   Other: 0.5ms
[2022-04-27T05:31:03.651+0000][1546.514s] GC(660) Eden regions: 182->0(178)
[2022-04-27T05:31:03.651+0000][1546.514s] GC(660) Survivor regions: 17->17(25)
[2022-04-27T05:31:03.651+0000][1546.515s] GC(660) Old regions: 223->227
[2022-04-27T05:31:03.651+0000][1546.515s] GC(660) Humongous regions: 7->7
[2022-04-27T05:31:03.652+0000][1546.515s] GC(660) Metaspace: 56908K->56908K(1101824K)
[2022-04-27T05:31:03.652+0000][1546.516s] GC(660) Pause Young (Normal) (G1 Evacuation Pause) 426M->248M(512M) 10.725ms
[2022-04-27T05:31:03.652+0000][1546.516s] GC(660) User=0.04s Sys=0.01s Real=0.01s
[2022-04-27T05:31:04.804+0000][1547.668s] GC(661) Pause Young (Concurrent Start) (G1 Evacuation Pause)
[2022-04-27T05:31:04.805+0000][1547.668s] GC(661) Using 8 workers of 8 for evacuation
[2022-04-27T05:31:04.820+0000][1547.683s] GC(661)   Pre Evacuate Collection Set: 0.1ms
[2022-04-27T05:31:04.820+0000][1547.684s] GC(661)   Evacuate Collection Set: 9.9ms
[2022-04-27T05:31:04.821+0000][1547.684s] GC(661)   Post Evacuate Collection Set: 4.4ms
[2022-04-27T05:31:04.821+0000][1547.685s] GC(661)   Other: 1.1ms
[2022-04-27T05:31:04.821+0000][1547.685s] GC(661) Eden regions: 178->0(174)
[2022-04-27T05:31:04.822+0000][1547.685s] GC(661) Survivor regions: 17->16(25)
[2022-04-27T05:31:04.822+0000][1547.686s] GC(661) Old regions: 227->231
[2022-04-27T05:31:04.822+0000][1547.686s] GC(661) Humongous regions: 7->7
[2022-04-27T05:31:04.823+0000][1547.686s] GC(661) Metaspace: 56908K->56908K(1101824K)
[2022-04-27T05:31:04.823+0000][1547.687s] GC(661) Pause Young (Concurrent Start) (G1 Evacuation Pause) 426M->251M(512M) 18.828ms
[2022-04-27T05:31:04.823+0000][1547.687s] GC(661) User=0.07s Sys=0.00s Real=0.02s
[2022-04-27T05:31:04.824+0000][1547.687s] GC(662) Concurrent Cycle
[2022-04-27T05:31:04.824+0000][1547.688s] GC(662) Concurrent Clear Claimed Marks
[2022-04-27T05:31:04.824+0000][1547.688s] GC(662) Concurrent Clear Claimed Marks 0.407ms
[2022-04-27T05:31:04.825+0000][1547.688s] GC(662) Concurrent Scan Root Regions
[2022-04-27T05:31:04.829+0000][1547.692s] GC(662) Concurrent Scan Root Regions 3.942ms
[2022-04-27T05:31:04.829+0000][1547.692s] GC(662) Concurrent Mark (1547.692s)
[2022-04-27T05:31:04.829+0000][1547.693s] GC(662) Concurrent Mark From Roots
[2022-04-27T05:31:04.830+0000][1547.693s] GC(662) Using 2 workers of 2 for marking
[2022-04-27T05:31:04.858+0000][1547.722s] GC(662) Concurrent Mark From Roots 28.942ms
[2022-04-27T05:31:04.858+0000][1547.722s] GC(662) Concurrent Preclean
[2022-04-27T05:31:04.859+0000][1547.723s] GC(662) Concurrent Preclean 0.540ms
[2022-04-27T05:31:04.859+0000][1547.723s] GC(662) Concurrent Mark (1547.692s, 1547.723s) 30.479ms
[2022-04-27T05:31:04.860+0000][1547.724s] GC(662) Pause Remark
[2022-04-27T05:31:04.880+0000][1547.743s] GC(662) Cleaned string and symbol table, strings: 24806 processed, 9 removed, symbols: 138768 processed, 1150 removed
[2022-04-27T05:31:04.881+0000][1547.744s] GC(662) Pause Remark 258M->232M(512M) 20.603ms
[2022-04-27T05:31:04.881+0000][1547.745s] GC(662) User=0.14s Sys=0.00s Real=0.03s
[2022-04-27T05:31:04.882+0000][1547.745s] GC(662) Concurrent Rebuild Remembered Sets
[2022-04-27T05:31:04.937+0000][1547.801s] GC(662) Concurrent Rebuild Remembered Sets 55.757ms
[2022-04-27T05:31:04.938+0000][1547.801s] GC(662) Pause Cleanup
[2022-04-27T05:31:04.938+0000][1547.802s] GC(662) Pause Cleanup 247M->247M(512M) 0.600ms
[2022-04-27T05:31:04.939+0000][1547.802s] GC(662) User=0.01s Sys=0.00s Real=0.00s
[2022-04-27T05:31:04.939+0000][1547.803s] GC(662) Concurrent Cleanup for Next Mark
[2022-04-27T05:31:04.940+0000][1547.804s] GC(662) Concurrent Cleanup for Next Mark 1.039ms
[2022-04-27T05:31:04.940+0000][1547.804s] GC(662) Concurrent Cycle 116.762ms
[2022-04-27T05:31:05.483+0000][1548.347s] GC(663) Pause Young (Prepare Mixed) (G1 Evacuation Pause)
[2022-04-27T05:31:05.483+0000][1548.347s] GC(663) Using 8 workers of 8 for evacuation
[2022-04-27T05:31:05.489+0000][1548.352s] GC(663)   Pre Evacuate Collection Set: 0.0ms
[2022-04-27T05:31:05.489+0000][1548.353s] GC(663)   Evacuate Collection Set: 4.2ms
[2022-04-27T05:31:05.489+0000][1548.353s] GC(663)   Post Evacuate Collection Set: 0.7ms
[2022-04-27T05:31:05.490+0000][1548.353s] GC(663)   Other: 0.8ms
[2022-04-27T05:31:05.490+0000][1548.354s] GC(663) Eden regions: 174->0(13)
[2022-04-27T05:31:05.490+0000][1548.354s] GC(663) Survivor regions: 16->12(24)
[2022-04-27T05:31:05.491+0000][1548.354s] GC(663) Old regions: 205->209
[2022-04-27T05:31:05.491+0000][1548.355s] GC(663) Humongous regions: 7->7
[2022-04-27T05:31:05.491+0000][1548.355s] GC(663) Metaspace: 56908K->56908K(1101824K)
[2022-04-27T05:31:05.492+0000][1548.355s] GC(663) Pause Young (Prepare Mixed) (G1 Evacuation Pause) 399M->225M(512M) 8.724ms
[2022-04-27T05:31:05.492+0000][1548.356s] GC(663) User=0.03s Sys=0.00s Real=0.01s
[2022-04-27T05:31:05.530+0000][1548.394s] GC(664) Pause Young (Mixed) (G1 Evacuation Pause)
[2022-04-27T05:31:05.530+0000][1548.394s] GC(664) Using 8 workers of 8 for evacuation
[2022-04-27T05:31:05.536+0000][1548.400s] GC(664)   Pre Evacuate Collection Set: 0.0ms
[2022-04-27T05:31:05.537+0000][1548.401s] GC(664)   Evacuate Collection Set: 4.9ms
[2022-04-27T05:31:05.537+0000][1548.401s] GC(664)   Post Evacuate Collection Set: 0.6ms
[2022-04-27T05:31:05.538+0000][1548.401s] GC(664)   Other: 0.9ms
[2022-04-27T05:31:05.538+0000][1548.402s] GC(664) Eden regions: 13->0(216)
[2022-04-27T05:31:05.538+0000][1548.402s] GC(664) Survivor regions: 12->4(4)
[2022-04-27T05:31:05.539+0000][1548.402s] GC(664) Old regions: 209->195
[2022-04-27T05:31:05.539+0000][1548.403s] GC(664) Humongous regions: 7->7
[2022-04-27T05:31:05.539+0000][1548.403s] GC(664) Metaspace: 56908K->56908K(1101824K)
[2022-04-27T05:31:05.540+0000][1548.403s] GC(664) Pause Young (Mixed) (G1 Evacuation Pause) 238M->204M(512M) 9.596ms
[2022-04-27T05:31:05.540+0000][1548.403s] GC(664) User=0.04s Sys=0.01s Real=0.01s
[2022-04-27T05:31:06.971+0000][1549.834s] GC(665) Pause Young (Normal) (G1 Evacuation Pause)
[2022-04-27T05:31:06.971+0000][1549.835s] GC(665) Using 8 workers of 8 for evacuation
[2022-04-27T05:31:06.980+0000][1549.844s] GC(665)   Pre Evacuate Collection Set: 0.0ms
[2022-04-27T05:31:06.981+0000][1549.844s] GC(665)   Evacuate Collection Set: 6.2ms
[2022-04-27T05:31:06.981+0000][1549.845s] GC(665)   Post Evacuate Collection Set: 2.5ms
[2022-04-27T05:31:06.982+0000][1549.845s] GC(665)   Other: 1.0ms
[2022-04-27T05:31:06.982+0000][1549.846s] GC(665) Eden regions: 216->0(208)
[2022-04-27T05:31:06.982+0000][1549.846s] GC(665) Survivor regions: 4->15(28)
[2022-04-27T05:31:06.983+0000][1549.846s] GC(665) Old regions: 195->195
[2022-04-27T05:31:06.983+0000][1549.847s] GC(665) Humongous regions: 7->7
[2022-04-27T05:31:06.984+0000][1549.847s] GC(665) Metaspace: 56908K->56908K(1101824K)
[2022-04-27T05:31:06.984+0000][1549.848s] GC(665) Pause Young (Normal) (G1 Evacuation Pause) 420M->215M(512M) 13.426ms
[2022-04-27T05:31:06.984+0000][1549.848s] GC(665) User=0.06s Sys=0.00s Real=0.02s
[2022-04-27T05:31:08.260+0000][1551.123s] GC(666) Pause Young (Normal) (G1 Evacuation Pause)
[2022-04-27T05:31:08.260+0000][1551.124s] GC(666) Using 8 workers of 8 for evacuation
[2022-04-27T05:31:08.269+0000][1551.133s] GC(666)   Pre Evacuate Collection Set: 0.0ms
[2022-04-27T05:31:08.269+0000][1551.133s] GC(666)   Evacuate Collection Set: 7.1ms
[2022-04-27T05:31:08.270+0000][1551.133s] GC(666)   Post Evacuate Collection Set: 1.1ms
[2022-04-27T05:31:08.270+0000][1551.134s] GC(666)   Other: 0.9ms
[2022-04-27T05:31:08.270+0000][1551.134s] GC(666) Eden regions: 208->0(203)
[2022-04-27T05:31:08.271+0000][1551.134s] GC(666) Survivor regions: 15->18(28)
[2022-04-27T05:31:08.271+0000][1551.135s] GC(666) Old regions: 195->199
[2022-04-27T05:31:08.271+0000][1551.135s] GC(666) Humongous regions: 7->7
[2022-04-27T05:31:08.272+0000][1551.135s] GC(666) Metaspace: 56908K->56908K(1101824K)
[2022-04-27T05:31:08.272+0000][1551.136s] GC(666) Pause Young (Normal) (G1 Evacuation Pause) 423M->221M(512M) 12.128ms
[2022-04-27T05:31:08.272+0000][1551.136s] GC(666) User=0.04s Sys=0.03s Real=0.02s
[2022-04-27T05:31:09.626+0000][1552.489s] GC(667) Pause Young (Normal) (G1 Evacuation Pause)
[2022-04-27T05:31:09.626+0000][1552.490s] GC(667) Using 8 workers of 8 for evacuation
[2022-04-27T05:31:09.634+0000][1552.498s] GC(667)   Pre Evacuate Collection Set: 0.0ms
[2022-04-27T05:31:09.635+0000][1552.498s] GC(667)   Evacuate Collection Set: 6.9ms
[2022-04-27T05:31:09.635+0000][1552.499s] GC(667)   Post Evacuate Collection Set: 1.0ms
[2022-04-27T05:31:09.636+0000][1552.499s] GC(667)   Other: 0.9ms
[2022-04-27T05:31:09.636+0000][1552.500s] GC(667) Eden regions: 203->0(197)
[2022-04-27T05:31:09.636+0000][1552.500s] GC(667) Survivor regions: 18->18(28)
[2022-04-27T05:31:09.637+0000][1552.500s] GC(667) Old regions: 199->204
[2022-04-27T05:31:09.637+0000][1552.501s] GC(667) Humongous regions: 7->7
[2022-04-27T05:31:09.637+0000][1552.501s] GC(667) Metaspace: 56908K->56908K(1101824K)
[2022-04-27T05:31:09.638+0000][1552.501s] GC(667) Pause Young (Normal) (G1 Evacuation Pause) 424M->226M(512M) 12.033ms
[2022-04-27T05:31:09.638+0000][1552.502s] GC(667) User=0.06s Sys=0.00s Real=0.01s
[2022-04-27T05:31:10.921+0000][1553.785s] GC(668) Pause Young (Normal) (G1 Evacuation Pause)
[2022-04-27T05:31:10.921+0000][1553.785s] GC(668) Using 8 workers of 8 for evacuation
[2022-04-27T05:31:10.930+0000][1553.793s] GC(668)   Pre Evacuate Collection Set: 0.0ms
[2022-04-27T05:31:10.930+0000][1553.794s] GC(668)   Evacuate Collection Set: 6.7ms
[2022-04-27T05:31:10.930+0000][1553.794s] GC(668)   Post Evacuate Collection Set: 1.1ms
[2022-04-27T05:31:10.931+0000][1553.794s] GC(668)   Other: 0.8ms
[2022-04-27T05:31:10.931+0000][1553.795s] GC(668) Eden regions: 197->0(191)
[2022-04-27T05:31:10.931+0000][1553.795s] GC(668) Survivor regions: 18->18(27)
[2022-04-27T05:31:10.931+0000][1553.795s] GC(668) Old regions: 204->209
[2022-04-27T05:31:10.932+0000][1553.795s] GC(668) Humongous regions: 7->7
[2022-04-27T05:31:10.932+0000][1553.796s] GC(668) Metaspace: 56908K->56908K(1101824K)
[2022-04-27T05:31:10.932+0000][1553.796s] GC(668) Pause Young (Normal) (G1 Evacuation Pause) 423M->231M(512M) 11.302ms
[2022-04-27T05:31:10.933+0000][1553.796s] GC(668) User=0.05s Sys=0.01s Real=0.01s
[2022-04-27T05:31:12.156+0000][1555.020s] GC(669) Pause Young (Normal) (G1 Evacuation Pause)
[2022-04-27T05:31:12.157+0000][1555.020s] GC(669) Using 8 workers of 8 for evacuation
[2022-04-27T05:31:12.177+0000][1555.040s] GC(669)   Pre Evacuate Collection Set: 0.0ms
[2022-04-27T05:31:12.177+0000][1555.041s] GC(669)   Evacuate Collection Set: 14.3ms
[2022-04-27T05:31:12.178+0000][1555.041s] GC(669)   Post Evacuate Collection Set: 5.4ms
[2022-04-27T05:31:12.178+0000][1555.042s] GC(669)   Other: 1.0ms
[2022-04-27T05:31:12.178+0000][1555.042s] GC(669) Eden regions: 191->0(190)
[2022-04-27T05:31:12.179+0000][1555.042s] GC(669) Survivor regions: 18->16(27)
[2022-04-27T05:31:12.179+0000][1555.043s] GC(669) Old regions: 209->213
[2022-04-27T05:31:12.180+0000][1555.043s] GC(669) Humongous regions: 7->7
[2022-04-27T05:31:12.180+0000][1555.044s] GC(669) Metaspace: 56908K->56908K(1101824K)
[2022-04-27T05:31:12.180+0000][1555.044s] GC(669) Pause Young (Normal) (G1 Evacuation Pause) 422M->233M(512M) 24.043ms
[2022-04-27T05:31:12.180+0000][1555.044s] GC(669) User=0.15s Sys=0.00s Real=0.02s
[2022-04-27T05:31:12.828+0000][1555.691s] GC(670) Pause Young (Normal) (G1 Evacuation Pause)
[2022-04-27T05:31:12.828+0000][1555.692s] GC(670) Using 8 workers of 8 for evacuation
[2022-04-27T05:31:12.834+0000][1555.698s] GC(670)   Pre Evacuate Collection Set: 0.0ms
[2022-04-27T05:31:12.835+0000][1555.698s] GC(670)   Evacuate Collection Set: 4.6ms
[2022-04-27T05:31:12.835+0000][1555.699s] GC(670)   Post Evacuate Collection Set: 0.9ms
[2022-04-27T05:31:12.835+0000][1555.699s] GC(670)   Other: 0.9ms
[2022-04-27T05:31:12.836+0000][1555.699s] GC(670) Eden regions: 190->0(193)
[2022-04-27T05:31:12.836+0000][1555.700s] GC(670) Survivor regions: 16->12(26)
[2022-04-27T05:31:12.836+0000][1555.700s] GC(670) Old regions: 213->218
[2022-04-27T05:31:12.837+0000][1555.700s] GC(670) Humongous regions: 7->7
[2022-04-27T05:31:12.837+0000][1555.701s] GC(670) Metaspace: 56908K->56908K(1101824K)
[2022-04-27T05:31:12.837+0000][1555.701s] GC(670) Pause Young (Normal) (G1 Evacuation Pause) 423M->235M(512M) 9.706ms
[2022-04-27T05:31:12.838+0000][1555.701s] GC(670) User=0.04s Sys=0.00s Real=0.01s
[2022-04-27T05:31:14.191+0000][1557.055s] GC(671) Pause Young (Normal) (G1 Evacuation Pause)
[2022-04-27T05:31:14.192+0000][1557.056s] GC(671) Using 8 workers of 8 for evacuation
[2022-04-27T05:31:14.201+0000][1557.064s] GC(671)   Pre Evacuate Collection Set: 0.0ms
[2022-04-27T05:31:14.201+0000][1557.065s] GC(671)   Evacuate Collection Set: 6.5ms
[2022-04-27T05:31:14.201+0000][1557.065s] GC(671)   Post Evacuate Collection Set: 1.6ms
[2022-04-27T05:31:14.202+0000][1557.065s] GC(671)   Other: 0.9ms
[2022-04-27T05:31:14.202+0000][1557.065s] GC(671) Eden regions: 193->0(185)
[2022-04-27T05:31:14.202+0000][1557.066s] GC(671) Survivor regions: 12->21(26)
[2022-04-27T05:31:14.202+0000][1557.066s] GC(671) Old regions: 218->218
[2022-04-27T05:31:14.203+0000][1557.066s] GC(671) Humongous regions: 7->7
[2022-04-27T05:31:14.203+0000][1557.067s] GC(671) Metaspace: 56908K->56908K(1101824K)
[2022-04-27T05:31:14.203+0000][1557.067s] GC(671) Pause Young (Normal) (G1 Evacuation Pause) 428M->244M(512M) 11.658ms
[2022-04-27T05:31:14.203+0000][1557.067s] GC(671) User=0.05s Sys=0.00s Real=0.01s
[2022-04-27T05:31:15.490+0000][1558.354s] GC(672) Pause Young (Normal) (G1 Evacuation Pause)
[2022-04-27T05:31:15.491+0000][1558.354s] GC(672) Using 8 workers of 8 for evacuation
[2022-04-27T05:31:15.500+0000][1558.363s] GC(672)   Pre Evacuate Collection Set: 0.0ms
[2022-04-27T05:31:15.500+0000][1558.364s] GC(672)   Evacuate Collection Set: 7.6ms
[2022-04-27T05:31:15.500+0000][1558.364s] GC(672)   Post Evacuate Collection Set: 1.0ms
[2022-04-27T05:31:15.501+0000][1558.364s] GC(672)   Other: 0.7ms
[2022-04-27T05:31:15.501+0000][1558.365s] GC(672) Eden regions: 185->0(178)
[2022-04-27T05:31:15.501+0000][1558.365s] GC(672) Survivor regions: 21->16(26)
[2022-04-27T05:31:15.502+0000][1558.365s] GC(672) Old regions: 218->229
[2022-04-27T05:31:15.502+0000][1558.366s] GC(672) Humongous regions: 7->7
[2022-04-27T05:31:15.502+0000][1558.366s] GC(672) Metaspace: 56908K->56908K(1101824K)
[2022-04-27T05:31:15.503+0000][1558.366s] GC(672) Pause Young (Normal) (G1 Evacuation Pause) 429M->250M(512M) 12.300ms
[2022-04-27T05:31:15.503+0000][1558.367s] GC(672) User=0.06s Sys=0.00s Real=0.02s
[2022-04-27T05:31:16.724+0000][1559.588s] GC(673) Pause Young (Concurrent Start) (G1 Evacuation Pause)
[2022-04-27T05:31:16.724+0000][1559.588s] GC(673) Using 8 workers of 8 for evacuation
[2022-04-27T05:31:16.744+0000][1559.608s] GC(673)   Pre Evacuate Collection Set: 0.1ms
[2022-04-27T05:31:16.745+0000][1559.608s] GC(673)   Evacuate Collection Set: 15.4ms
[2022-04-27T05:31:16.745+0000][1559.609s] GC(673)   Post Evacuate Collection Set: 4.0ms
[2022-04-27T05:31:16.745+0000][1559.609s] GC(673)   Other: 0.8ms
[2022-04-27T05:31:16.745+0000][1559.609s] GC(673) Eden regions: 178->0(179)
[2022-04-27T05:31:16.746+0000][1559.609s] GC(673) Survivor regions: 16->13(25)
[2022-04-27T05:31:16.746+0000][1559.610s] GC(673) Old regions: 229->232
[2022-04-27T05:31:16.746+0000][1559.610s] GC(673) Humongous regions: 7->7
[2022-04-27T05:31:16.747+0000][1559.610s] GC(673) Metaspace: 56908K->56908K(1101824K)
[2022-04-27T05:31:16.747+0000][1559.611s] GC(673) Pause Young (Concurrent Start) (G1 Evacuation Pause) 428M->249M(512M) 22.726ms
[2022-04-27T05:31:16.747+0000][1559.611s] GC(673) User=0.08s Sys=0.02s Real=0.02s
[2022-04-27T05:31:16.747+0000][1559.611s] GC(674) Concurrent Cycle
[2022-04-27T05:31:16.748+0000][1559.611s] GC(674) Concurrent Clear Claimed Marks
[2022-04-27T05:31:16.748+0000][1559.612s] GC(674) Concurrent Clear Claimed Marks 0.427ms
[2022-04-27T05:31:16.748+0000][1559.612s] GC(674) Concurrent Scan Root Regions
[2022-04-27T05:31:16.751+0000][1559.615s] GC(674) Concurrent Scan Root Regions 2.780ms
[2022-04-27T05:31:16.751+0000][1559.615s] GC(674) Concurrent Mark (1559.615s)
[2022-04-27T05:31:16.752+0000][1559.615s] GC(674) Concurrent Mark From Roots
[2022-04-27T05:31:16.752+0000][1559.616s] GC(674) Using 2 workers of 2 for marking
[2022-04-27T05:31:16.799+0000][1559.662s] GC(674) Concurrent Mark From Roots 46.777ms
[2022-04-27T05:31:16.799+0000][1559.662s] GC(674) Concurrent Preclean
[2022-04-27T05:31:16.799+0000][1559.663s] GC(674) Concurrent Preclean 0.526ms
[2022-04-27T05:31:16.800+0000][1559.663s] GC(674) Concurrent Mark (1559.615s, 1559.663s) 48.360ms
[2022-04-27T05:31:16.800+0000][1559.664s] GC(674) Pause Remark
[2022-04-27T05:31:16.821+0000][1559.685s] GC(674) Cleaned string and symbol table, strings: 24813 processed, 0 removed, symbols: 137626 processed, 8 removed
[2022-04-27T05:31:16.823+0000][1559.686s] GC(674) Pause Remark 253M->175M(512M) 22.354ms
[2022-04-27T05:31:16.823+0000][1559.687s] GC(674) User=0.14s Sys=0.01s Real=0.03s
[2022-04-27T05:31:16.824+0000][1559.687s] GC(674) Concurrent Rebuild Remembered Sets
[2022-04-27T05:31:16.862+0000][1559.726s] GC(674) Concurrent Rebuild Remembered Sets 38.842ms
[2022-04-27T05:31:16.863+0000][1559.727s] GC(674) Pause Cleanup
[2022-04-27T05:31:16.864+0000][1559.727s] GC(674) Pause Cleanup 179M->179M(512M) 0.491ms
[2022-04-27T05:31:16.864+0000][1559.728s] GC(674) User=0.01s Sys=0.00s Real=0.00s
[2022-04-27T05:31:16.864+0000][1559.728s] GC(674) Concurrent Cleanup for Next Mark
[2022-04-27T05:31:16.865+0000][1559.729s] GC(674) Concurrent Cleanup for Next Mark 1.082ms
[2022-04-27T05:31:16.866+0000][1559.729s] GC(674) Concurrent Cycle 118.148ms
[2022-04-27T05:31:17.868+0000][1560.732s] GC(675) Pause Young (Prepare Mixed) (G1 Evacuation Pause)
[2022-04-27T05:31:17.869+0000][1560.732s] GC(675) Using 8 workers of 8 for evacuation
[2022-04-27T05:31:17.883+0000][1560.747s] GC(675)   Pre Evacuate Collection Set: 0.0ms
[2022-04-27T05:31:17.883+0000][1560.747s] GC(675)   Evacuate Collection Set: 7.3ms
[2022-04-27T05:31:17.884+0000][1560.747s] GC(675)   Post Evacuate Collection Set: 6.4ms
[2022-04-27T05:31:17.884+0000][1560.747s] GC(675)   Other: 0.9ms
[2022-04-27T05:31:17.884+0000][1560.748s] GC(675) Eden regions: 179->0(10)
[2022-04-27T05:31:17.884+0000][1560.748s] GC(675) Survivor regions: 13->15(24)
[2022-04-27T05:31:17.885+0000][1560.748s] GC(675) Old regions: 154->154
[2022-04-27T05:31:17.885+0000][1560.749s] GC(675) Humongous regions: 7->7
[2022-04-27T05:31:17.885+0000][1560.749s] GC(675) Metaspace: 56908K->56908K(1101824K)
[2022-04-27T05:31:17.886+0000][1560.749s] GC(675) Pause Young (Prepare Mixed) (G1 Evacuation Pause) 350M->174M(512M) 17.382ms
[2022-04-27T05:31:17.886+0000][1560.750s] GC(675) User=0.10s Sys=0.00s Real=0.02s
[2022-04-27T05:31:18.175+0000][1561.038s] GC(676) Pause Young (Mixed) (G1 Evacuation Pause)
[2022-04-27T05:31:18.175+0000][1561.038s] GC(676) Using 8 workers of 8 for evacuation
[2022-04-27T05:31:18.180+0000][1561.043s] GC(676)   Pre Evacuate Collection Set: 0.0ms
[2022-04-27T05:31:18.180+0000][1561.044s] GC(676)   Evacuate Collection Set: 3.9ms
[2022-04-27T05:31:18.181+0000][1561.044s] GC(676)   Post Evacuate Collection Set: 0.7ms
[2022-04-27T05:31:18.181+0000][1561.045s] GC(676)   Other: 0.5ms
[2022-04-27T05:31:18.181+0000][1561.045s] GC(676) Eden regions: 10->0(263)
[2022-04-27T05:31:18.182+0000][1561.045s] GC(676) Survivor regions: 15->2(4)
[2022-04-27T05:31:18.182+0000][1561.046s] GC(676) Old regions: 154->129
[2022-04-27T05:31:18.182+0000][1561.046s] GC(676) Humongous regions: 7->7
[2022-04-27T05:31:18.183+0000][1561.046s] GC(676) Metaspace: 56908K->56908K(1101824K)
[2022-04-27T05:31:18.183+0000][1561.047s] GC(676) Pause Young (Mixed) (G1 Evacuation Pause) 184M->134M(512M) 8.663ms
[2022-04-27T05:31:18.184+0000][1561.047s] GC(676) User=0.03s Sys=0.00s Real=0.01s
[2022-04-27T05:31:19.964+0000][1562.828s] GC(677) Pause Young (Normal) (G1 Evacuation Pause)
[2022-04-27T05:31:19.965+0000][1562.828s] GC(677) Using 8 workers of 8 for evacuation
[2022-04-27T05:31:19.971+0000][1562.835s] GC(677)   Pre Evacuate Collection Set: 0.0ms
[2022-04-27T05:31:19.972+0000][1562.835s] GC(677)   Evacuate Collection Set: 4.8ms
[2022-04-27T05:31:19.972+0000][1562.836s] GC(677)   Post Evacuate Collection Set: 1.2ms
[2022-04-27T05:31:19.972+0000][1562.836s] GC(677)   Other: 0.9ms
[2022-04-27T05:31:19.973+0000][1562.837s] GC(677) Eden regions: 263->0(259)
[2022-04-27T05:31:19.973+0000][1562.837s] GC(677) Survivor regions: 2->12(34)
[2022-04-27T05:31:19.974+0000][1562.837s] GC(677) Old regions: 129->129
[2022-04-27T05:31:19.974+0000][1562.838s] GC(677) Humongous regions: 7->7
[2022-04-27T05:31:19.974+0000][1562.838s] GC(677) Metaspace: 56908K->56908K(1101824K)
[2022-04-27T05:31:19.975+0000][1562.838s] GC(677) Pause Young (Normal) (G1 Evacuation Pause) 397M->145M(512M) 10.386ms
[2022-04-27T05:31:19.975+0000][1562.839s] GC(677) User=0.03s Sys=0.00s Real=0.01s
[2022-04-27T05:31:21.676+0000][1564.540s] GC(678) Pause Young (Normal) (G1 Evacuation Pause)
[2022-04-27T05:31:21.676+0000][1564.540s] GC(678) Using 8 workers of 8 for evacuation
[2022-04-27T05:31:21.690+0000][1564.553s] GC(678)   Pre Evacuate Collection Set: 0.0ms
[2022-04-27T05:31:21.690+0000][1564.554s] GC(678)   Evacuate Collection Set: 10.3ms
[2022-04-27T05:31:21.691+0000][1564.554s] GC(678)   Post Evacuate Collection Set: 2.5ms
[2022-04-27T05:31:21.691+0000][1564.555s] GC(678)   Other: 1.0ms
[2022-04-27T05:31:21.691+0000][1564.555s] GC(678) Eden regions: 259->0(256)
[2022-04-27T05:31:21.692+0000][1564.555s] GC(678) Survivor regions: 12->19(34)
[2022-04-27T05:31:21.692+0000][1564.556s] GC(678) Old regions: 129->129
[2022-04-27T05:31:21.693+0000][1564.556s] GC(678) Humongous regions: 7->7
[2022-04-27T05:31:21.693+0000][1564.557s] GC(678) Metaspace: 56908K->56908K(1101824K)
[2022-04-27T05:31:21.693+0000][1564.557s] GC(678) Pause Young (Normal) (G1 Evacuation Pause) 404M->151M(512M) 17.492ms
[2022-04-27T05:31:21.694+0000][1564.557s] GC(678) User=0.10s Sys=0.00s Real=0.02s
[2022-04-27T05:31:23.396+0000][1566.260s] GC(679) Pause Young (Normal) (G1 Evacuation Pause)
[2022-04-27T05:31:23.396+0000][1566.260s] GC(679) Using 8 workers of 8 for evacuation
[2022-04-27T05:31:23.410+0000][1566.273s] GC(679)   Pre Evacuate Collection Set: 0.0ms
[2022-04-27T05:31:23.410+0000][1566.274s] GC(679)   Evacuate Collection Set: 11.8ms
[2022-04-27T05:31:23.411+0000][1566.274s] GC(679)   Post Evacuate Collection Set: 1.1ms
[2022-04-27T05:31:23.411+0000][1566.275s] GC(679)   Other: 0.8ms
[2022-04-27T05:31:23.411+0000][1566.275s] GC(679) Eden regions: 256->0(254)
[2022-04-27T05:31:23.411+0000][1566.275s] GC(679) Survivor regions: 19->25(35)
[2022-04-27T05:31:23.412+0000][1566.275s] GC(679) Old regions: 129->129
[2022-04-27T05:31:23.412+0000][1566.276s] GC(679) Humongous regions: 7->7
[2022-04-27T05:31:23.412+0000][1566.276s] GC(679) Metaspace: 56908K->56908K(1101824K)
[2022-04-27T05:31:23.413+0000][1566.276s] GC(679) Pause Young (Normal) (G1 Evacuation Pause) 407M->158M(512M) 16.814ms
[2022-04-27T05:31:23.413+0000][1566.277s] GC(679) User=0.09s Sys=0.01s Real=0.02s
[2022-04-27T05:31:25.053+0000][1567.917s] GC(680) Pause Young (Normal) (G1 Evacuation Pause)
[2022-04-27T05:31:25.053+0000][1567.917s] GC(680) Using 8 workers of 8 for evacuation
[2022-04-27T05:31:25.068+0000][1567.931s] GC(680)   Pre Evacuate Collection Set: 0.0ms
[2022-04-27T05:31:25.068+0000][1567.932s] GC(680)   Evacuate Collection Set: 10.6ms
[2022-04-27T05:31:25.068+0000][1567.932s] GC(680)   Post Evacuate Collection Set: 3.1ms
[2022-04-27T05:31:25.069+0000][1567.932s] GC(680)   Other: 1.0ms
[2022-04-27T05:31:25.069+0000][1567.933s] GC(680) Eden regions: 254->0(252)
[2022-04-27T05:31:25.070+0000][1567.933s] GC(680) Survivor regions: 25->19(35)
[2022-04-27T05:31:25.070+0000][1567.933s] GC(680) Old regions: 129->140
[2022-04-27T05:31:25.070+0000][1567.934s] GC(680) Humongous regions: 7->7
[2022-04-27T05:31:25.071+0000][1567.934s] GC(680) Metaspace: 56908K->56908K(1101824K)
[2022-04-27T05:31:25.071+0000][1567.935s] GC(680) Pause Young (Normal) (G1 Evacuation Pause) 412M->164M(512M) 18.025ms
[2022-04-27T05:31:25.071+0000][1567.935s] GC(680) User=0.10s Sys=0.00s Real=0.02s
[2022-04-27T05:31:26.702+0000][1569.565s] GC(681) Pause Young (Normal) (G1 Evacuation Pause)
[2022-04-27T05:31:26.702+0000][1569.566s] GC(681) Using 8 workers of 8 for evacuation
[2022-04-27T05:31:26.718+0000][1569.581s] GC(681)   Pre Evacuate Collection Set: 0.0ms
[2022-04-27T05:31:26.718+0000][1569.582s] GC(681)   Evacuate Collection Set: 12.5ms
[2022-04-27T05:31:26.718+0000][1569.582s] GC(681)   Post Evacuate Collection Set: 2.7ms
[2022-04-27T05:31:26.719+0000][1569.582s] GC(681)   Other: 0.9ms
[2022-04-27T05:31:26.719+0000][1569.583s] GC(681) Eden regions: 252->0(243)
[2022-04-27T05:31:26.719+0000][1569.583s] GC(681) Survivor regions: 19->21(34)
[2022-04-27T05:31:26.720+0000][1569.583s] GC(681) Old regions: 140->146
[2022-04-27T05:31:26.720+0000][1569.584s] GC(681) Humongous regions: 7->7
[2022-04-27T05:31:26.720+0000][1569.584s] GC(681) Metaspace: 56908K->56908K(1101824K)
[2022-04-27T05:31:26.720+0000][1569.584s] GC(681) Pause Young (Normal) (G1 Evacuation Pause) 416M->171M(512M) 18.923ms
[2022-04-27T05:31:26.721+0000][1569.584s] GC(681) User=0.11s Sys=0.00s Real=0.01s
[2022-04-27T05:31:28.487+0000][1571.350s] GC(682) Pause Young (Normal) (G1 Evacuation Pause)
[2022-04-27T05:31:28.487+0000][1571.351s] GC(682) Using 8 workers of 8 for evacuation
[2022-04-27T05:31:28.502+0000][1571.366s] GC(682)   Pre Evacuate Collection Set: 0.0ms
[2022-04-27T05:31:28.503+0000][1571.366s] GC(682)   Evacuate Collection Set: 10.5ms
[2022-04-27T05:31:28.503+0000][1571.367s] GC(682)   Post Evacuate Collection Set: 4.5ms
[2022-04-27T05:31:28.503+0000][1571.367s] GC(682)   Other: 0.8ms
[2022-04-27T05:31:28.504+0000][1571.367s] GC(682) Eden regions: 243->0(238)
[2022-04-27T05:31:28.504+0000][1571.367s] GC(682) Survivor regions: 21->21(33)
[2022-04-27T05:31:28.504+0000][1571.368s] GC(682) Old regions: 146->152
[2022-04-27T05:31:28.504+0000][1571.368s] GC(682) Humongous regions: 7->7
[2022-04-27T05:31:28.504+0000][1571.368s] GC(682) Metaspace: 56908K->56908K(1101824K)
[2022-04-27T05:31:28.505+0000][1571.368s] GC(682) Pause Young (Normal) (G1 Evacuation Pause) 414M->177M(512M) 18.088ms
[2022-04-27T05:31:28.505+0000][1571.369s] GC(682) User=0.11s Sys=0.00s Real=0.02s
[2022-04-27T05:31:30.136+0000][1572.999s] GC(683) Pause Young (Normal) (G1 Evacuation Pause)
[2022-04-27T05:31:30.136+0000][1573.000s] GC(683) Using 8 workers of 8 for evacuation
[2022-04-27T05:31:30.152+0000][1573.016s] GC(683)   Pre Evacuate Collection Set: 0.0ms
[2022-04-27T05:31:30.152+0000][1573.016s] GC(683)   Evacuate Collection Set: 13.4ms
[2022-04-27T05:31:30.153+0000][1573.016s] GC(683)   Post Evacuate Collection Set: 2.2ms
[2022-04-27T05:31:30.153+0000][1573.017s] GC(683)   Other: 0.8ms
[2022-04-27T05:31:30.153+0000][1573.017s] GC(683) Eden regions: 238->0(234)
[2022-04-27T05:31:30.153+0000][1573.017s] GC(683) Survivor regions: 21->20(33)
[2022-04-27T05:31:30.154+0000][1573.017s] GC(683) Old regions: 152->158
[2022-04-27T05:31:30.154+0000][1573.018s] GC(683) Humongous regions: 7->7
[2022-04-27T05:31:30.154+0000][1573.018s] GC(683) Metaspace: 56908K->56908K(1101824K)
[2022-04-27T05:31:30.154+0000][1573.018s] GC(683) Pause Young (Normal) (G1 Evacuation Pause) 415M->182M(512M) 18.617ms
[2022-04-27T05:31:30.155+0000][1573.018s] GC(683) User=0.12s Sys=0.00s Real=0.02s
[2022-04-27T05:31:31.745+0000][1574.609s] GC(684) Pause Young (Normal) (G1 Evacuation Pause)
[2022-04-27T05:31:31.746+0000][1574.609s] GC(684) Using 8 workers of 8 for evacuation
[2022-04-27T05:31:31.753+0000][1574.616s] GC(684)   Pre Evacuate Collection Set: 0.0ms
[2022-04-27T05:31:31.753+0000][1574.617s] GC(684)   Evacuate Collection Set: 5.8ms
[2022-04-27T05:31:31.753+0000][1574.617s] GC(684)   Post Evacuate Collection Set: 1.2ms
[2022-04-27T05:31:31.754+0000][1574.617s] GC(684)   Other: 0.6ms
[2022-04-27T05:31:31.754+0000][1574.617s] GC(684) Eden regions: 234->0(236)
[2022-04-27T05:31:31.754+0000][1574.618s] GC(684) Survivor regions: 20->15(32)
[2022-04-27T05:31:31.754+0000][1574.618s] GC(684) Old regions: 158->164
[2022-04-27T05:31:31.754+0000][1574.618s] GC(684) Humongous regions: 7->7
[2022-04-27T05:31:31.754+0000][1574.618s] GC(684) Metaspace: 56908K->56908K(1101824K)
[2022-04-27T05:31:31.755+0000][1574.618s] GC(684) Pause Young (Normal) (G1 Evacuation Pause) 416M->183M(512M) 9.375ms
[2022-04-27T05:31:31.755+0000][1574.619s] GC(684) User=0.05s Sys=0.00s Real=0.01s
[2022-04-27T05:31:33.397+0000][1576.260s] GC(685) Pause Young (Normal) (G1 Evacuation Pause)
[2022-04-27T05:31:33.397+0000][1576.261s] GC(685) Using 8 workers of 8 for evacuation
[2022-04-27T05:31:33.413+0000][1576.276s] GC(685)   Pre Evacuate Collection Set: 0.0ms
[2022-04-27T05:31:33.413+0000][1576.277s] GC(685)   Evacuate Collection Set: 14.1ms
[2022-04-27T05:31:33.413+0000][1576.277s] GC(685)   Post Evacuate Collection Set: 1.1ms
[2022-04-27T05:31:33.414+0000][1576.277s] GC(685)   Other: 0.9ms
[2022-04-27T05:31:33.414+0000][1576.277s] GC(685) Eden regions: 236->0(233)
[2022-04-27T05:31:33.414+0000][1576.278s] GC(685) Survivor regions: 15->21(32)
[2022-04-27T05:31:33.414+0000][1576.278s] GC(685) Old regions: 164->164
[2022-04-27T05:31:33.415+0000][1576.278s] GC(685) Humongous regions: 7->7
[2022-04-27T05:31:33.415+0000][1576.279s] GC(685) Metaspace: 56908K->56908K(1101824K)
[2022-04-27T05:31:33.415+0000][1576.279s] GC(685) Pause Young (Normal) (G1 Evacuation Pause) 419M->189M(512M) 18.716ms
[2022-04-27T05:31:33.415+0000][1576.279s] GC(685) User=0.11s Sys=0.00s Real=0.02s
[2022-04-27T05:31:34.847+0000][1577.711s] GC(686) Pause Young (Normal) (G1 Evacuation Pause)
[2022-04-27T05:31:34.847+0000][1577.711s] GC(686) Using 8 workers of 8 for evacuation
[2022-04-27T05:31:34.860+0000][1577.724s] GC(686)   Pre Evacuate Collection Set: 0.0ms
[2022-04-27T05:31:34.861+0000][1577.724s] GC(686)   Evacuate Collection Set: 8.0ms
[2022-04-27T05:31:34.861+0000][1577.725s] GC(686)   Post Evacuate Collection Set: 4.7ms
[2022-04-27T05:31:34.862+0000][1577.725s] GC(686)   Other: 0.8ms
[2022-04-27T05:31:34.862+0000][1577.726s] GC(686) Eden regions: 233->0(230)
[2022-04-27T05:31:34.862+0000][1577.726s] GC(686) Survivor regions: 21->21(32)
[2022-04-27T05:31:34.863+0000][1577.726s] GC(686) Old regions: 164->169
[2022-04-27T05:31:34.863+0000][1577.727s] GC(686) Humongous regions: 7->7
[2022-04-27T05:31:34.863+0000][1577.727s] GC(686) Metaspace: 56908K->56908K(1101824K)
[2022-04-27T05:31:34.864+0000][1577.727s] GC(686) Pause Young (Normal) (G1 Evacuation Pause) 422M->194M(512M) 16.759ms
[2022-04-27T05:31:34.864+0000][1577.728s] GC(686) User=0.08s Sys=0.00s Real=0.02s
[2022-04-27T05:31:36.237+0000][1579.101s] GC(687) Pause Young (Normal) (G1 Evacuation Pause)
[2022-04-27T05:31:36.238+0000][1579.101s] GC(687) Using 8 workers of 8 for evacuation
[2022-04-27T05:31:36.245+0000][1579.109s] GC(687)   Pre Evacuate Collection Set: 0.0ms
[2022-04-27T05:31:36.246+0000][1579.110s] GC(687)   Evacuate Collection Set: 6.4ms
[2022-04-27T05:31:36.246+0000][1579.110s] GC(687)   Post Evacuate Collection Set: 1.1ms
[2022-04-27T05:31:36.247+0000][1579.110s] GC(687)   Other: 0.4ms
[2022-04-27T05:31:36.247+0000][1579.111s] GC(687) Eden regions: 230->0(230)
[2022-04-27T05:31:36.247+0000][1579.111s] GC(687) Survivor regions: 21->19(32)
[2022-04-27T05:31:36.248+0000][1579.111s] GC(687) Old regions: 169->175
[2022-04-27T05:31:36.248+0000][1579.112s] GC(687) Humongous regions: 7->7
[2022-04-27T05:31:36.248+0000][1579.112s] GC(687) Metaspace: 56908K->56908K(1101824K)
[2022-04-27T05:31:36.249+0000][1579.112s] GC(687) Pause Young (Normal) (G1 Evacuation Pause) 424M->198M(512M) 11.227ms
[2022-04-27T05:31:36.249+0000][1579.113s] GC(687) User=0.05s Sys=0.00s Real=0.01s
[2022-04-27T05:31:37.139+0000][1580.003s] GC(688) Pause Young (Concurrent Start) (G1 Evacuation Pause)
[2022-04-27T05:31:37.139+0000][1580.003s] GC(688) Using 8 workers of 8 for evacuation
[2022-04-27T05:31:37.151+0000][1580.015s] GC(688)   Pre Evacuate Collection Set: 0.1ms
[2022-04-27T05:31:37.152+0000][1580.015s] GC(688)   Evacuate Collection Set: 10.6ms
[2022-04-27T05:31:37.152+0000][1580.016s] GC(688)   Post Evacuate Collection Set: 1.1ms
[2022-04-27T05:31:37.152+0000][1580.016s] GC(688)   Other: 0.8ms
[2022-04-27T05:31:37.153+0000][1580.016s] GC(688) Eden regions: 230->0(228)
[2022-04-27T05:31:37.153+0000][1580.017s] GC(688) Survivor regions: 19->18(32)
[2022-04-27T05:31:37.153+0000][1580.017s] GC(688) Old regions: 175->181
[2022-04-27T05:31:37.154+0000][1580.017s] GC(688) Humongous regions: 7->7
[2022-04-27T05:31:37.154+0000][1580.018s] GC(688) Metaspace: 56908K->56908K(1101824K)
[2022-04-27T05:31:37.154+0000][1580.018s] GC(688) Pause Young (Concurrent Start) (G1 Evacuation Pause) 428M->204M(512M) 15.258ms
[2022-04-27T05:31:37.154+0000][1580.018s] GC(688) User=0.03s Sys=0.03s Real=0.02s
[2022-04-27T05:31:37.155+0000][1580.018s] GC(689) Concurrent Cycle
[2022-04-27T05:31:37.155+0000][1580.019s] GC(689) Concurrent Clear Claimed Marks
[2022-04-27T05:31:37.155+0000][1580.019s] GC(689) Concurrent Clear Claimed Marks 0.304ms
[2022-04-27T05:31:37.155+0000][1580.019s] GC(689) Concurrent Scan Root Regions
[2022-04-27T05:31:37.159+0000][1580.023s] GC(689) Concurrent Scan Root Regions 3.470ms
[2022-04-27T05:31:37.159+0000][1580.023s] GC(689) Concurrent Mark (1580.023s)
[2022-04-27T05:31:37.159+0000][1580.023s] GC(689) Concurrent Mark From Roots
[2022-04-27T05:31:37.160+0000][1580.023s] GC(689) Using 2 workers of 2 for marking
[2022-04-27T05:31:37.197+0000][1580.061s] GC(689) Concurrent Mark From Roots 37.988ms
[2022-04-27T05:31:37.198+0000][1580.061s] GC(689) Concurrent Preclean
[2022-04-27T05:31:37.198+0000][1580.062s] GC(689) Concurrent Preclean 0.598ms
[2022-04-27T05:31:37.199+0000][1580.062s] GC(689) Concurrent Mark (1580.023s, 1580.062s) 39.305ms
[2022-04-27T05:31:37.199+0000][1580.063s] GC(689) Pause Remark
[2022-04-27T05:31:37.218+0000][1580.081s] GC(689) Cleaned string and symbol table, strings: 24814 processed, 0 removed, symbols: 137630 processed, 20 removed
[2022-04-27T05:31:37.219+0000][1580.082s] GC(689) Pause Remark 208M->189M(512M) 19.477ms
[2022-04-27T05:31:37.219+0000][1580.083s] GC(689) User=0.13s Sys=0.00s Real=0.02s
[2022-04-27T05:31:37.219+0000][1580.083s] GC(689) Concurrent Rebuild Remembered Sets
[2022-04-27T05:31:37.256+0000][1580.119s] GC(689) Concurrent Rebuild Remembered Sets 36.187ms
[2022-04-27T05:31:37.256+0000][1580.120s] GC(689) Pause Cleanup
[2022-04-27T05:31:37.256+0000][1580.120s] GC(689) Pause Cleanup 189M->189M(512M) 0.445ms
[2022-04-27T05:31:37.257+0000][1580.120s] GC(689) User=0.00s Sys=0.00s Real=0.00s
[2022-04-27T05:31:37.257+0000][1580.121s] GC(689) Concurrent Cleanup for Next Mark
[2022-04-27T05:31:37.258+0000][1580.122s] GC(689) Concurrent Cleanup for Next Mark 0.959ms
[2022-04-27T05:31:37.258+0000][1580.122s] GC(689) Concurrent Cycle 103.404ms
[2022-04-27T05:31:38.705+0000][1581.569s] GC(690) Pause Young (Prepare Mixed) (G1 Evacuation Pause)
[2022-04-27T05:31:38.706+0000][1581.569s] GC(690) Using 8 workers of 8 for evacuation
[2022-04-27T05:31:38.715+0000][1581.579s] GC(690)   Pre Evacuate Collection Set: 0.0ms
[2022-04-27T05:31:38.716+0000][1581.579s] GC(690)   Evacuate Collection Set: 6.4ms
[2022-04-27T05:31:38.716+0000][1581.580s] GC(690)   Post Evacuate Collection Set: 2.6ms
[2022-04-27T05:31:38.717+0000][1581.580s] GC(690)   Other: 1.0ms
[2022-04-27T05:31:38.717+0000][1581.581s] GC(690) Eden regions: 228->0(3)
[2022-04-27T05:31:38.717+0000][1581.581s] GC(690) Survivor regions: 18->22(31)
[2022-04-27T05:31:38.718+0000][1581.581s] GC(690) Old regions: 162->168
[2022-04-27T05:31:38.718+0000][1581.582s] GC(690) Humongous regions: 7->7
[2022-04-27T05:31:38.719+0000][1581.582s] GC(690) Metaspace: 56908K->56908K(1101824K)
[2022-04-27T05:31:38.719+0000][1581.583s] GC(690) Pause Young (Prepare Mixed) (G1 Evacuation Pause) 413M->194M(512M) 13.806ms
[2022-04-27T05:31:38.719+0000][1581.583s] GC(690) User=0.06s Sys=0.00s Real=0.01s
[2022-04-27T05:31:38.724+0000][1581.588s] GC(691) Pause Young (Mixed) (G1 Evacuation Pause)
[2022-04-27T05:31:38.725+0000][1581.588s] GC(691) Using 8 workers of 8 for evacuation
[2022-04-27T05:31:38.733+0000][1581.596s] GC(691)   Pre Evacuate Collection Set: 0.0ms
[2022-04-27T05:31:38.733+0000][1581.597s] GC(691)   Evacuate Collection Set: 6.7ms
[2022-04-27T05:31:38.734+0000][1581.597s] GC(691)   Post Evacuate Collection Set: 0.6ms
[2022-04-27T05:31:38.734+0000][1581.598s] GC(691)   Other: 0.9ms
[2022-04-27T05:31:38.734+0000][1581.598s] GC(691) Eden regions: 3->0(250)
[2022-04-27T05:31:38.735+0000][1581.598s] GC(691) Survivor regions: 22->1(4)
[2022-04-27T05:31:38.735+0000][1581.599s] GC(691) Old regions: 168->161
[2022-04-27T05:31:38.736+0000][1581.599s] GC(691) Humongous regions: 7->7
[2022-04-27T05:31:38.736+0000][1581.600s] GC(691) Metaspace: 56908K->56908K(1101824K)
[2022-04-27T05:31:38.736+0000][1581.600s] GC(691) Pause Young (Mixed) (G1 Evacuation Pause) 197M->167M(512M) 12.204ms
[2022-04-27T05:31:38.737+0000][1581.601s] GC(691) User=0.05s Sys=0.00s Real=0.01s
[2022-04-27T05:31:40.185+0000][1583.049s] GC(692) Pause Young (Normal) (G1 Evacuation Pause)
[2022-04-27T05:31:40.185+0000][1583.049s] GC(692) Using 8 workers of 8 for evacuation
[2022-04-27T05:31:40.191+0000][1583.055s] GC(692)   Pre Evacuate Collection Set: 0.0ms
[2022-04-27T05:31:40.192+0000][1583.055s] GC(692)   Evacuate Collection Set: 4.5ms
[2022-04-27T05:31:40.192+0000][1583.056s] GC(692)   Post Evacuate Collection Set: 1.0ms
[2022-04-27T05:31:40.192+0000][1583.056s] GC(692)   Other: 0.7ms
[2022-04-27T05:31:40.193+0000][1583.056s] GC(692) Eden regions: 250->0(244)
[2022-04-27T05:31:40.193+0000][1583.057s] GC(692) Survivor regions: 1->12(32)
[2022-04-27T05:31:40.193+0000][1583.057s] GC(692) Old regions: 161->161
[2022-04-27T05:31:40.194+0000][1583.057s] GC(692) Humongous regions: 7->7
[2022-04-27T05:31:40.194+0000][1583.058s] GC(692) Metaspace: 56908K->56908K(1101824K)
[2022-04-27T05:31:40.194+0000][1583.058s] GC(692) Pause Young (Normal) (G1 Evacuation Pause) 417M->178M(512M) 9.326ms
[2022-04-27T05:31:40.195+0000][1583.058s] GC(692) User=0.02s Sys=0.02s Real=0.01s
[2022-04-27T05:31:41.619+0000][1584.482s] GC(693) Pause Young (Normal) (G1 Evacuation Pause)
[2022-04-27T05:31:41.619+0000][1584.483s] GC(693) Using 8 workers of 8 for evacuation
[2022-04-27T05:31:41.625+0000][1584.489s] GC(693)   Pre Evacuate Collection Set: 0.0ms
[2022-04-27T05:31:41.626+0000][1584.489s] GC(693)   Evacuate Collection Set: 4.4ms
[2022-04-27T05:31:41.626+0000][1584.490s] GC(693)   Post Evacuate Collection Set: 0.9ms
[2022-04-27T05:31:41.626+0000][1584.490s] GC(693)   Other: 1.0ms
[2022-04-27T05:31:41.627+0000][1584.490s] GC(693) Eden regions: 244->0(243)
[2022-04-27T05:31:41.627+0000][1584.491s] GC(693) Survivor regions: 12->16(32)
[2022-04-27T05:31:41.628+0000][1584.491s] GC(693) Old regions: 161->161
[2022-04-27T05:31:41.628+0000][1584.492s] GC(693) Humongous regions: 7->7
[2022-04-27T05:31:41.628+0000][1584.492s] GC(693) Metaspace: 56908K->56908K(1101824K)
[2022-04-27T05:31:41.629+0000][1584.492s] GC(693) Pause Young (Normal) (G1 Evacuation Pause) 422M->181M(512M) 9.740ms
[2022-04-27T05:31:41.629+0000][1584.492s] GC(693) User=0.04s Sys=0.00s Real=0.01s
[2022-04-27T05:31:43.085+0000][1585.948s] GC(694) Pause Young (Normal) (G1 Evacuation Pause)
[2022-04-27T05:31:43.085+0000][1585.949s] GC(694) Using 8 workers of 8 for evacuation
[2022-04-27T05:31:43.104+0000][1585.968s] GC(694)   Pre Evacuate Collection Set: 0.0ms
[2022-04-27T05:31:43.105+0000][1585.968s] GC(694)   Evacuate Collection Set: 17.9ms
[2022-04-27T05:31:43.105+0000][1585.969s] GC(694)   Post Evacuate Collection Set: 1.0ms
[2022-04-27T05:31:43.105+0000][1585.969s] GC(694)   Other: 0.8ms
[2022-04-27T05:31:43.106+0000][1585.969s] GC(694) Eden regions: 243->0(236)
[2022-04-27T05:31:43.106+0000][1585.970s] GC(694) Survivor regions: 16->24(33)
[2022-04-27T05:31:43.106+0000][1585.970s] GC(694) Old regions: 161->161
[2022-04-27T05:31:43.106+0000][1585.970s] GC(694) Humongous regions: 7->7
[2022-04-27T05:31:43.107+0000][1585.970s] GC(694) Metaspace: 56908K->56908K(1101824K)
[2022-04-27T05:31:43.107+0000][1585.971s] GC(694) Pause Young (Normal) (G1 Evacuation Pause) 424M->190M(512M) 22.440ms
[2022-04-27T05:31:43.107+0000][1585.971s] GC(694) User=0.14s Sys=0.00s Real=0.02s
[2022-04-27T05:31:44.660+0000][1587.524s] GC(695) Pause Young (Normal) (G1 Evacuation Pause)
[2022-04-27T05:31:44.661+0000][1587.524s] GC(695) Using 8 workers of 8 for evacuation
[2022-04-27T05:31:44.671+0000][1587.534s] GC(695)   Pre Evacuate Collection Set: 0.0ms
[2022-04-27T05:31:44.671+0000][1587.535s] GC(695)   Evacuate Collection Set: 8.5ms
[2022-04-27T05:31:44.672+0000][1587.535s] GC(695)   Post Evacuate Collection Set: 1.1ms
[2022-04-27T05:31:44.672+0000][1587.536s] GC(695)   Other: 0.9ms
[2022-04-27T05:31:44.672+0000][1587.536s] GC(695) Eden regions: 236->0(229)
[2022-04-27T05:31:44.673+0000][1587.536s] GC(695) Survivor regions: 24->19(33)
[2022-04-27T05:31:44.673+0000][1587.537s] GC(695) Old regions: 161->173
[2022-04-27T05:31:44.673+0000][1587.537s] GC(695) Humongous regions: 7->7
[2022-04-27T05:31:44.674+0000][1587.537s] GC(695) Metaspace: 56908K->56908K(1101824K)
[2022-04-27T05:31:44.674+0000][1587.538s] GC(695) Pause Young (Normal) (G1 Evacuation Pause) 426M->196M(512M) 13.775ms
[2022-04-27T05:31:44.674+0000][1587.538s] GC(695) User=0.06s Sys=0.02s Real=0.02s
[2022-04-27T05:31:46.015+0000][1588.879s] GC(696) Pause Young (Concurrent Start) (G1 Evacuation Pause)
[2022-04-27T05:31:46.016+0000][1588.879s] GC(696) Using 8 workers of 8 for evacuation
[2022-04-27T05:31:46.029+0000][1588.893s] GC(696)   Pre Evacuate Collection Set: 0.1ms
[2022-04-27T05:31:46.030+0000][1588.893s] GC(696)   Evacuate Collection Set: 11.8ms
[2022-04-27T05:31:46.030+0000][1588.894s] GC(696)   Post Evacuate Collection Set: 1.0ms
[2022-04-27T05:31:46.031+0000][1588.894s] GC(696)   Other: 1.0ms
[2022-04-27T05:31:46.031+0000][1588.894s] GC(696) Eden regions: 229->0(223)
[2022-04-27T05:31:46.031+0000][1588.895s] GC(696) Survivor regions: 19->19(31)
[2022-04-27T05:31:46.032+0000][1588.895s] GC(696) Old regions: 173->178
[2022-04-27T05:31:46.032+0000][1588.896s] GC(696) Humongous regions: 7->7
[2022-04-27T05:31:46.032+0000][1588.896s] GC(696) Metaspace: 56908K->56908K(1101824K)
[2022-04-27T05:31:46.033+0000][1588.896s] GC(696) Pause Young (Concurrent Start) (G1 Evacuation Pause) 425M->202M(512M) 17.280ms
[2022-04-27T05:31:46.033+0000][1588.897s] GC(696) User=0.04s Sys=0.01s Real=0.02s
[2022-04-27T05:31:46.033+0000][1588.897s] GC(697) Concurrent Cycle
[2022-04-27T05:31:46.033+0000][1588.897s] GC(697) Concurrent Clear Claimed Marks
[2022-04-27T05:31:46.034+0000][1588.897s] GC(697) Concurrent Clear Claimed Marks 0.278ms
[2022-04-27T05:31:46.034+0000][1588.898s] GC(697) Concurrent Scan Root Regions
[2022-04-27T05:31:46.038+0000][1588.902s] GC(697) Concurrent Scan Root Regions 4.087ms
[2022-04-27T05:31:46.038+0000][1588.902s] GC(697) Concurrent Mark (1588.902s)
[2022-04-27T05:31:46.039+0000][1588.902s] GC(697) Concurrent Mark From Roots
[2022-04-27T05:31:46.039+0000][1588.903s] GC(697) Using 2 workers of 2 for marking
[2022-04-27T05:31:46.071+0000][1588.935s] GC(697) Concurrent Mark From Roots 32.645ms
[2022-04-27T05:31:46.072+0000][1588.935s] GC(697) Concurrent Preclean
[2022-04-27T05:31:46.072+0000][1588.936s] GC(697) Concurrent Preclean 0.549ms
[2022-04-27T05:31:46.072+0000][1588.936s] GC(697) Concurrent Mark (1588.902s, 1588.936s) 34.065ms
[2022-04-27T05:31:46.073+0000][1588.937s] GC(697) Pause Remark
[2022-04-27T05:31:46.090+0000][1588.953s] GC(697) Cleaned string and symbol table, strings: 24814 processed, 0 removed, symbols: 137616 processed, 8 removed
[2022-04-27T05:31:46.091+0000][1588.954s] GC(697) Pause Remark 207M->164M(512M) 17.752ms
[2022-04-27T05:31:46.091+0000][1588.955s] GC(697) User=0.12s Sys=0.00s Real=0.02s
[2022-04-27T05:31:46.092+0000][1588.955s] GC(697) Concurrent Rebuild Remembered Sets
[2022-04-27T05:31:46.125+0000][1588.988s] GC(697) Concurrent Rebuild Remembered Sets 32.857ms
[2022-04-27T05:31:46.125+0000][1588.989s] GC(697) Pause Cleanup
[2022-04-27T05:31:46.125+0000][1588.989s] GC(697) Pause Cleanup 166M->166M(512M) 0.457ms
[2022-04-27T05:31:46.126+0000][1588.989s] GC(697) User=0.00s Sys=0.00s Real=0.00s
[2022-04-27T05:31:46.126+0000][1588.990s] GC(697) Concurrent Cleanup for Next Mark
[2022-04-27T05:31:46.127+0000][1588.991s] GC(697) Concurrent Cleanup for Next Mark 0.966ms
[2022-04-27T05:31:46.127+0000][1588.991s] GC(697) Concurrent Cycle 94.005ms
[2022-04-27T05:31:47.470+0000][1590.334s] GC(698) Pause Young (Prepare Mixed) (G1 Evacuation Pause)
[2022-04-27T05:31:47.471+0000][1590.334s] GC(698) Using 8 workers of 8 for evacuation
[2022-04-27T05:31:47.478+0000][1590.341s] GC(698)   Pre Evacuate Collection Set: 0.0ms
[2022-04-27T05:31:47.478+0000][1590.342s] GC(698)   Evacuate Collection Set: 4.6ms
[2022-04-27T05:31:47.479+0000][1590.342s] GC(698)   Post Evacuate Collection Set: 2.0ms
[2022-04-27T05:31:47.479+0000][1590.343s] GC(698)   Other: 0.9ms
[2022-04-27T05:31:47.479+0000][1590.343s] GC(698) Eden regions: 223->0(8)
[2022-04-27T05:31:47.480+0000][1590.343s] GC(698) Survivor regions: 19->17(31)
[2022-04-27T05:31:47.480+0000][1590.344s] GC(698) Old regions: 135->141
[2022-04-27T05:31:47.480+0000][1590.344s] GC(698) Humongous regions: 7->7
[2022-04-27T05:31:47.481+0000][1590.344s] GC(698) Metaspace: 56908K->56908K(1101824K)
[2022-04-27T05:31:47.481+0000][1590.345s] GC(698) Pause Young (Prepare Mixed) (G1 Evacuation Pause) 382M->162M(512M) 10.470ms
[2022-04-27T05:31:47.481+0000][1590.345s] GC(698) User=0.04s Sys=0.00s Real=0.02s
[2022-04-27T05:31:47.507+0000][1590.371s] GC(699) Pause Young (Mixed) (G1 Evacuation Pause)
[2022-04-27T05:31:47.507+0000][1590.371s] GC(699) Using 8 workers of 8 for evacuation
[2022-04-27T05:31:47.515+0000][1590.379s] GC(699)   Pre Evacuate Collection Set: 0.0ms
[2022-04-27T05:31:47.515+0000][1590.379s] GC(699)   Evacuate Collection Set: 6.2ms
[2022-04-27T05:31:47.516+0000][1590.379s] GC(699)   Post Evacuate Collection Set: 0.8ms
[2022-04-27T05:31:47.516+0000][1590.380s] GC(699)   Other: 0.7ms
[2022-04-27T05:31:47.516+0000][1590.380s] GC(699) Eden regions: 8->0(280)
[2022-04-27T05:31:47.517+0000][1590.381s] GC(699) Survivor regions: 17->4(4)
[2022-04-27T05:31:47.517+0000][1590.381s] GC(699) Old regions: 141->119
[2022-04-27T05:31:47.518+0000][1590.381s] GC(699) Humongous regions: 7->7
[2022-04-27T05:31:47.518+0000][1590.382s] GC(699) Metaspace: 56908K->56908K(1101824K)
[2022-04-27T05:31:47.518+0000][1590.382s] GC(699) Pause Young (Mixed) (G1 Evacuation Pause) 170M->127M(512M) 11.179ms
[2022-04-27T05:31:47.519+0000][1590.382s] GC(699) User=0.05s Sys=0.00s Real=0.01s
[2022-04-27T05:31:49.095+0000][1591.959s] GC(700) Pause Young (Normal) (G1 Evacuation Pause)
[2022-04-27T05:31:49.096+0000][1591.959s] GC(700) Using 8 workers of 8 for evacuation
[2022-04-27T05:31:49.103+0000][1591.966s] GC(700)   Pre Evacuate Collection Set: 0.0ms
[2022-04-27T05:31:49.103+0000][1591.967s] GC(700)   Evacuate Collection Set: 4.7ms
[2022-04-27T05:31:49.104+0000][1591.967s] GC(700)   Post Evacuate Collection Set: 2.2ms
[2022-04-27T05:31:49.104+0000][1591.968s] GC(700)   Other: 0.8ms
[2022-04-27T05:31:49.104+0000][1591.968s] GC(700) Eden regions: 280->0(276)
[2022-04-27T05:31:49.105+0000][1591.969s] GC(700) Survivor regions: 4->14(36)
[2022-04-27T05:31:49.105+0000][1591.969s] GC(700) Old regions: 119->119
[2022-04-27T05:31:49.106+0000][1591.969s] GC(700) Humongous regions: 7->7
[2022-04-27T05:31:49.106+0000][1591.970s] GC(700) Metaspace: 56908K->56908K(1101824K)
[2022-04-27T05:31:49.106+0000][1591.970s] GC(700) Pause Young (Normal) (G1 Evacuation Pause) 407M->137M(512M) 11.044ms
[2022-04-27T05:31:49.107+0000][1591.970s] GC(700) User=0.05s Sys=0.01s Real=0.01s
[2022-04-27T05:31:50.713+0000][1593.577s] GC(701) Pause Young (Normal) (G1 Evacuation Pause)
[2022-04-27T05:31:50.713+0000][1593.577s] GC(701) Using 8 workers of 8 for evacuation
[2022-04-27T05:31:50.722+0000][1593.585s] GC(701)   Pre Evacuate Collection Set: 0.0ms
[2022-04-27T05:31:50.722+0000][1593.586s] GC(701)   Evacuate Collection Set: 7.1ms
[2022-04-27T05:31:50.723+0000][1593.586s] GC(701)   Post Evacuate Collection Set: 0.9ms
[2022-04-27T05:31:50.723+0000][1593.587s] GC(701)   Other: 0.9ms
[2022-04-27T05:31:50.723+0000][1593.587s] GC(701) Eden regions: 276->0(270)
[2022-04-27T05:31:50.724+0000][1593.587s] GC(701) Survivor regions: 14->23(37)
[2022-04-27T05:31:50.724+0000][1593.588s] GC(701) Old regions: 119->119
[2022-04-27T05:31:50.724+0000][1593.588s] GC(701) Humongous regions: 7->7
[2022-04-27T05:31:50.725+0000][1593.588s] GC(701) Metaspace: 56908K->56908K(1101824K)
[2022-04-27T05:31:50.725+0000][1593.589s] GC(701) Pause Young (Normal) (G1 Evacuation Pause) 413M->146M(512M) 12.152ms
[2022-04-27T05:31:50.725+0000][1593.589s] GC(701) User=0.06s Sys=0.00s Real=0.01s
[2022-04-27T05:31:52.189+0000][1595.053s] GC(702) Pause Young (Normal) (G1 Evacuation Pause)
[2022-04-27T05:31:52.190+0000][1595.053s] GC(702) Using 8 workers of 8 for evacuation
[2022-04-27T05:31:52.199+0000][1595.063s] GC(702)   Pre Evacuate Collection Set: 0.0ms
[2022-04-27T05:31:52.199+0000][1595.063s] GC(702)   Evacuate Collection Set: 8.1ms
[2022-04-27T05:31:52.200+0000][1595.063s] GC(702)   Post Evacuate Collection Set: 0.9ms
[2022-04-27T05:31:52.200+0000][1595.064s] GC(702)   Other: 0.7ms
[2022-04-27T05:31:52.200+0000][1595.064s] GC(702) Eden regions: 270->0(268)
[2022-04-27T05:31:52.201+0000][1595.064s] GC(702) Survivor regions: 23->25(37)
[2022-04-27T05:31:52.201+0000][1595.065s] GC(702) Old regions: 119->122
[2022-04-27T05:31:52.201+0000][1595.065s] GC(702) Humongous regions: 7->7
[2022-04-27T05:31:52.201+0000][1595.065s] GC(702) Metaspace: 56908K->56908K(1101824K)
[2022-04-27T05:31:52.202+0000][1595.065s] GC(702) Pause Young (Normal) (G1 Evacuation Pause) 416M->151M(512M) 12.542ms
[2022-04-27T05:31:52.202+0000][1595.066s] GC(702) User=0.07s Sys=0.00s Real=0.02s
[2022-04-27T05:31:53.709+0000][1596.572s] GC(703) Pause Young (Normal) (G1 Evacuation Pause)
[2022-04-27T05:31:53.709+0000][1596.573s] GC(703) Using 8 workers of 8 for evacuation
[2022-04-27T05:31:53.718+0000][1596.582s] GC(703)   Pre Evacuate Collection Set: 0.0ms
[2022-04-27T05:31:53.719+0000][1596.582s] GC(703)   Evacuate Collection Set: 7.5ms
[2022-04-27T05:31:53.719+0000][1596.582s] GC(703)   Post Evacuate Collection Set: 1.2ms
[2022-04-27T05:31:53.719+0000][1596.583s] GC(703)   Other: 0.9ms
[2022-04-27T05:31:53.719+0000][1596.583s] GC(703) Eden regions: 268->0(268)
[2022-04-27T05:31:53.720+0000][1596.583s] GC(703) Survivor regions: 25->21(37)
[2022-04-27T05:31:53.720+0000][1596.584s] GC(703) Old regions: 122->129
[2022-04-27T05:31:53.720+0000][1596.584s] GC(703) Humongous regions: 7->7
[2022-04-27T05:31:53.721+0000][1596.584s] GC(703) Metaspace: 56908K->56908K(1101824K)
[2022-04-27T05:31:53.721+0000][1596.584s] GC(703) Pause Young (Normal) (G1 Evacuation Pause) 419M->155M(512M) 12.148ms
[2022-04-27T05:31:53.721+0000][1596.585s] GC(703) User=0.07s Sys=0.00s Real=0.02s
[2022-04-27T05:31:55.216+0000][1598.079s] GC(704) Pause Young (Normal) (G1 Evacuation Pause)
[2022-04-27T05:31:55.216+0000][1598.080s] GC(704) Using 8 workers of 8 for evacuation
[2022-04-27T05:31:55.225+0000][1598.088s] GC(704)   Pre Evacuate Collection Set: 0.0ms
[2022-04-27T05:31:55.225+0000][1598.089s] GC(704)   Evacuate Collection Set: 7.4ms
[2022-04-27T05:31:55.225+0000][1598.089s] GC(704)   Post Evacuate Collection Set: 1.0ms
[2022-04-27T05:31:55.226+0000][1598.089s] GC(704)   Other: 0.4ms
[2022-04-27T05:31:55.226+0000][1598.090s] GC(704) Eden regions: 268->0(264)
[2022-04-27T05:31:55.226+0000][1598.090s] GC(704) Survivor regions: 21->22(37)
[2022-04-27T05:31:55.227+0000][1598.090s] GC(704) Old regions: 129->136
[2022-04-27T05:31:55.227+0000][1598.091s] GC(704) Humongous regions: 7->7
[2022-04-27T05:31:55.227+0000][1598.091s] GC(704) Metaspace: 56908K->56908K(1101824K)
[2022-04-27T05:31:55.228+0000][1598.092s] GC(704) Pause Young (Normal) (G1 Evacuation Pause) 423M->162M(512M) 12.078ms
[2022-04-27T05:31:55.228+0000][1598.092s] GC(704) User=0.06s Sys=0.00s Real=0.01s
[2022-04-27T05:31:56.965+0000][1599.829s] GC(705) Pause Young (Normal) (G1 Evacuation Pause)
[2022-04-27T05:31:56.965+0000][1599.829s] GC(705) Using 8 workers of 8 for evacuation
[2022-04-27T05:31:56.974+0000][1599.838s] GC(705)   Pre Evacuate Collection Set: 0.0ms
[2022-04-27T05:31:56.975+0000][1599.838s] GC(705)   Evacuate Collection Set: 7.5ms
[2022-04-27T05:31:56.975+0000][1599.839s] GC(705)   Post Evacuate Collection Set: 1.1ms
[2022-04-27T05:31:56.975+0000][1599.839s] GC(705)   Other: 0.5ms
[2022-04-27T05:31:56.976+0000][1599.839s] GC(705) Eden regions: 264->0(261)
[2022-04-27T05:31:56.976+0000][1599.840s] GC(705) Survivor regions: 22->22(36)
[2022-04-27T05:31:56.977+0000][1599.840s] GC(705) Old regions: 136->142
[2022-04-27T05:31:56.977+0000][1599.840s] GC(705) Humongous regions: 7->7
[2022-04-27T05:31:56.977+0000][1599.841s] GC(705) Metaspace: 56908K->56908K(1101824K)
[2022-04-27T05:31:56.977+0000][1599.841s] GC(705) Pause Young (Normal) (G1 Evacuation Pause) 426M->168M(512M) 12.300ms
[2022-04-27T05:31:56.978+0000][1599.841s] GC(705) User=0.07s Sys=0.00s Real=0.01s
[2022-04-27T05:31:58.818+0000][1601.681s] GC(706) Pause Young (Concurrent Start) (G1 Evacuation Pause)
[2022-04-27T05:31:58.818+0000][1601.682s] GC(706) Using 8 workers of 8 for evacuation
[2022-04-27T05:31:58.836+0000][1601.699s] GC(706)   Pre Evacuate Collection Set: 0.1ms
[2022-04-27T05:31:58.836+0000][1601.700s] GC(706)   Evacuate Collection Set: 14.3ms
[2022-04-27T05:31:58.837+0000][1601.700s] GC(706)   Post Evacuate Collection Set: 2.8ms
[2022-04-27T05:31:58.837+0000][1601.701s] GC(706)   Other: 1.0ms
[2022-04-27T05:31:58.837+0000][1601.701s] GC(706) Eden regions: 261->0(256)
[2022-04-27T05:31:58.838+0000][1601.701s] GC(706) Survivor regions: 22->21(36)
[2022-04-27T05:31:58.838+0000][1601.701s] GC(706) Old regions: 142->149
[2022-04-27T05:31:58.838+0000][1601.702s] GC(706) Humongous regions: 7->7
[2022-04-27T05:31:58.839+0000][1601.702s] GC(706) Metaspace: 56908K->56908K(1101824K)
[2022-04-27T05:31:58.839+0000][1601.703s] GC(706) Pause Young (Concurrent Start) (G1 Evacuation Pause) 429M->174M(512M) 21.312ms
[2022-04-27T05:31:58.839+0000][1601.703s] GC(706) User=0.09s Sys=0.00s Real=0.02s
[2022-04-27T05:31:58.840+0000][1601.703s] GC(707) Concurrent Cycle
[2022-04-27T05:31:58.840+0000][1601.704s] GC(707) Concurrent Clear Claimed Marks
[2022-04-27T05:31:58.840+0000][1601.704s] GC(707) Concurrent Clear Claimed Marks 0.304ms
[2022-04-27T05:31:58.840+0000][1601.704s] GC(707) Concurrent Scan Root Regions
[2022-04-27T05:31:58.844+0000][1601.708s] GC(707) Concurrent Scan Root Regions 3.934ms
[2022-04-27T05:31:58.845+0000][1601.708s] GC(707) Concurrent Mark (1601.708s)
[2022-04-27T05:31:58.845+0000][1601.709s] GC(707) Concurrent Mark From Roots
[2022-04-27T05:31:58.845+0000][1601.709s] GC(707) Using 2 workers of 2 for marking
[2022-04-27T05:31:58.879+0000][1601.743s] GC(707) Concurrent Mark From Roots 34.319ms
[2022-04-27T05:31:58.880+0000][1601.743s] GC(707) Concurrent Preclean
[2022-04-27T05:31:58.880+0000][1601.744s] GC(707) Concurrent Preclean 0.633ms
[2022-04-27T05:31:58.881+0000][1601.744s] GC(707) Concurrent Mark (1601.708s, 1601.744s) 36.088ms
[2022-04-27T05:31:58.881+0000][1601.745s] GC(707) Pause Remark
[2022-04-27T05:31:58.895+0000][1601.759s] GC(707) Cleaned string and symbol table, strings: 24814 processed, 0 removed, symbols: 137617 processed, 13 removed
[2022-04-27T05:31:58.896+0000][1601.760s] GC(707) Pause Remark 186M->166M(512M) 14.552ms
[2022-04-27T05:31:58.900+0000][1601.763s] GC(707) User=0.10s Sys=0.00s Real=0.01s
[2022-04-27T05:31:58.900+0000][1601.764s] GC(707) Concurrent Rebuild Remembered Sets
[2022-04-27T05:31:58.925+0000][1601.789s] GC(707) Concurrent Rebuild Remembered Sets 24.508ms
[2022-04-27T05:31:58.926+0000][1601.789s] GC(707) Pause Cleanup
[2022-04-27T05:31:58.926+0000][1601.790s] GC(707) Pause Cleanup 171M->171M(512M) 0.451ms
[2022-04-27T05:31:58.926+0000][1601.790s] GC(707) User=0.00s Sys=0.00s Real=0.00s
[2022-04-27T05:31:58.927+0000][1601.790s] GC(707) Concurrent Cleanup for Next Mark
[2022-04-27T05:31:58.928+0000][1601.791s] GC(707) Concurrent Cleanup for Next Mark 1.100ms
[2022-04-27T05:31:58.928+0000][1601.792s] GC(707) Concurrent Cycle 88.371ms
[2022-04-27T05:32:00.381+0000][1603.244s] GC(708) Pause Young (Prepare Mixed) (G1 Evacuation Pause)
[2022-04-27T05:32:00.381+0000][1603.245s] GC(708) Using 8 workers of 8 for evacuation
[2022-04-27T05:32:00.391+0000][1603.255s] GC(708)   Pre Evacuate Collection Set: 0.0ms
[2022-04-27T05:32:00.392+0000][1603.256s] GC(708)   Evacuate Collection Set: 6.3ms
[2022-04-27T05:32:00.392+0000][1603.256s] GC(708)   Post Evacuate Collection Set: 3.2ms
[2022-04-27T05:32:00.393+0000][1603.256s] GC(708)   Other: 1.0ms
[2022-04-27T05:32:00.393+0000][1603.257s] GC(708) Eden regions: 256->0(3)
[2022-04-27T05:32:00.393+0000][1603.257s] GC(708) Survivor regions: 21->22(35)
[2022-04-27T05:32:00.394+0000][1603.257s] GC(708) Old regions: 129->136
[2022-04-27T05:32:00.394+0000][1603.258s] GC(708) Humongous regions: 7->7
[2022-04-27T05:32:00.395+0000][1603.258s] GC(708) Metaspace: 56908K->56908K(1101824K)
[2022-04-27T05:32:00.395+0000][1603.259s] GC(708) Pause Young (Prepare Mixed) (G1 Evacuation Pause) 410M->162M(512M) 14.178ms
[2022-04-27T05:32:00.395+0000][1603.259s] GC(708) User=0.07s Sys=0.01s Real=0.02s
[2022-04-27T05:32:00.412+0000][1603.276s] GC(709) Pause Young (Mixed) (G1 Evacuation Pause)
[2022-04-27T05:32:00.413+0000][1603.276s] GC(709) Using 8 workers of 8 for evacuation
[2022-04-27T05:32:00.420+0000][1603.284s] GC(709)   Pre Evacuate Collection Set: 0.0ms
[2022-04-27T05:32:00.421+0000][1603.284s] GC(709)   Evacuate Collection Set: 6.0ms
[2022-04-27T05:32:00.421+0000][1603.285s] GC(709)   Post Evacuate Collection Set: 1.0ms
[2022-04-27T05:32:00.421+0000][1603.285s] GC(709)   Other: 0.9ms
[2022-04-27T05:32:00.422+0000][1603.285s] GC(709) Eden regions: 3->0(288)
[2022-04-27T05:32:00.422+0000][1603.286s] GC(709) Survivor regions: 22->3(4)
[2022-04-27T05:32:00.422+0000][1603.286s] GC(709) Old regions: 136->127
[2022-04-27T05:32:00.423+0000][1603.287s] GC(709) Humongous regions: 7->7
[2022-04-27T05:32:00.423+0000][1603.287s] GC(709) Metaspace: 56908K->56908K(1101824K)
[2022-04-27T05:32:00.424+0000][1603.287s] GC(709) Pause Young (Mixed) (G1 Evacuation Pause) 165M->135M(512M) 11.453ms
[2022-04-27T05:32:00.424+0000][1603.288s] GC(709) User=0.04s Sys=0.00s Real=0.01s
[2022-04-27T05:32:02.025+0000][1604.888s] GC(710) Pause Young (Normal) (G1 Evacuation Pause)
[2022-04-27T05:32:02.025+0000][1604.889s] GC(710) Using 8 workers of 8 for evacuation
[2022-04-27T05:32:02.032+0000][1604.896s] GC(710)   Pre Evacuate Collection Set: 0.0ms
[2022-04-27T05:32:02.033+0000][1604.897s] GC(710)   Evacuate Collection Set: 6.1ms
[2022-04-27T05:32:02.033+0000][1604.897s] GC(710)   Post Evacuate Collection Set: 1.1ms
[2022-04-27T05:32:02.034+0000][1604.897s] GC(710)   Other: 0.7ms
[2022-04-27T05:32:02.034+0000][1604.898s] GC(710) Eden regions: 288->0(277)
[2022-04-27T05:32:02.035+0000][1604.898s] GC(710) Survivor regions: 3->15(37)
[2022-04-27T05:32:02.035+0000][1604.899s] GC(710) Old regions: 127->127
[2022-04-27T05:32:02.035+0000][1604.899s] GC(710) Humongous regions: 7->7
[2022-04-27T05:32:02.036+0000][1604.899s] GC(710) Metaspace: 56908K->56908K(1101824K)
[2022-04-27T05:32:02.036+0000][1604.900s] GC(710) Pause Young (Normal) (G1 Evacuation Pause) 423M->147M(512M) 11.300ms
[2022-04-27T05:32:02.036+0000][1604.900s] GC(710) User=0.05s Sys=0.00s Real=0.01s
[2022-04-27T05:32:03.609+0000][1606.473s] GC(711) Pause Young (Normal) (G1 Evacuation Pause)
[2022-04-27T05:32:03.610+0000][1606.473s] GC(711) Using 8 workers of 8 for evacuation
[2022-04-27T05:32:03.621+0000][1606.484s] GC(711)   Pre Evacuate Collection Set: 0.0ms
[2022-04-27T05:32:03.621+0000][1606.485s] GC(711)   Evacuate Collection Set: 9.1ms
[2022-04-27T05:32:03.622+0000][1606.485s] GC(711)   Post Evacuate Collection Set: 1.5ms
[2022-04-27T05:32:03.622+0000][1606.486s] GC(711)   Other: 0.8ms
[2022-04-27T05:32:03.622+0000][1606.486s] GC(711) Eden regions: 277->0(269)
[2022-04-27T05:32:03.623+0000][1606.486s] GC(711) Survivor regions: 15->22(37)
[2022-04-27T05:32:03.623+0000][1606.487s] GC(711) Old regions: 127->127
[2022-04-27T05:32:03.623+0000][1606.487s] GC(711) Humongous regions: 7->7
[2022-04-27T05:32:03.624+0000][1606.487s] GC(711) Metaspace: 56908K->56908K(1101824K)
[2022-04-27T05:32:03.624+0000][1606.488s] GC(711) Pause Young (Normal) (G1 Evacuation Pause) 424M->154M(512M) 14.512ms
[2022-04-27T05:32:03.624+0000][1606.488s] GC(711) User=0.07s Sys=0.00s Real=0.02s
[2022-04-27T05:32:05.328+0000][1608.191s] GC(712) Pause Young (Normal) (G1 Evacuation Pause)
[2022-04-27T05:32:05.328+0000][1608.191s] GC(712) Using 8 workers of 8 for evacuation
[2022-04-27T05:32:05.341+0000][1608.205s] GC(712)   Pre Evacuate Collection Set: 0.0ms
[2022-04-27T05:32:05.341+0000][1608.205s] GC(712)   Evacuate Collection Set: 12.0ms
[2022-04-27T05:32:05.342+0000][1608.205s] GC(712)   Post Evacuate Collection Set: 1.0ms
[2022-04-27T05:32:05.342+0000][1608.206s] GC(712)   Other: 0.6ms
[2022-04-27T05:32:05.342+0000][1608.206s] GC(712) Eden regions: 269->0(261)
[2022-04-27T05:32:05.343+0000][1608.206s] GC(712) Survivor regions: 22->21(37)
[2022-04-27T05:32:05.343+0000][1608.207s] GC(712) Old regions: 127->135
[2022-04-27T05:32:05.343+0000][1608.207s] GC(712) Humongous regions: 7->7
[2022-04-27T05:32:05.344+0000][1608.207s] GC(712) Metaspace: 56908K->56908K(1101824K)
[2022-04-27T05:32:05.344+0000][1608.208s] GC(712) Pause Young (Normal) (G1 Evacuation Pause) 423M->160M(512M) 16.393ms
[2022-04-27T05:32:05.344+0000][1608.208s] GC(712) User=0.09s Sys=0.02s Real=0.02s
[2022-04-27T05:32:07.078+0000][1609.941s] GC(713) Pause Young (Normal) (G1 Evacuation Pause)
[2022-04-27T05:32:07.078+0000][1609.942s] GC(713) Using 8 workers of 8 for evacuation
[2022-04-27T05:32:07.088+0000][1609.951s] GC(713)   Pre Evacuate Collection Set: 0.0ms
[2022-04-27T05:32:07.088+0000][1609.952s] GC(713)   Evacuate Collection Set: 7.8ms
[2022-04-27T05:32:07.089+0000][1609.952s] GC(713)   Post Evacuate Collection Set: 1.4ms
[2022-04-27T05:32:07.089+0000][1609.953s] GC(713)   Other: 0.9ms
[2022-04-27T05:32:07.089+0000][1609.953s] GC(713) Eden regions: 261->0(251)
[2022-04-27T05:32:07.090+0000][1609.953s] GC(713) Survivor regions: 21->22(36)
[2022-04-27T05:32:07.090+0000][1609.953s] GC(713) Old regions: 135->141
[2022-04-27T05:32:07.090+0000][1609.954s] GC(713) Humongous regions: 7->7
[2022-04-27T05:32:07.090+0000][1609.954s] GC(713) Metaspace: 56908K->56908K(1101824K)
[2022-04-27T05:32:07.091+0000][1609.954s] GC(713) Pause Young (Normal) (G1 Evacuation Pause) 421M->167M(512M) 13.013ms
[2022-04-27T05:32:07.091+0000][1609.955s] GC(713) User=0.07s Sys=0.00s Real=0.02s
[2022-04-27T05:32:08.592+0000][1611.455s] GC(714) Pause Young (Normal) (G1 Evacuation Pause)
[2022-04-27T05:32:08.592+0000][1611.456s] GC(714) Using 8 workers of 8 for evacuation
[2022-04-27T05:32:08.603+0000][1611.467s] GC(714)   Pre Evacuate Collection Set: 0.0ms
[2022-04-27T05:32:08.604+0000][1611.468s] GC(714)   Evacuate Collection Set: 9.7ms
[2022-04-27T05:32:08.604+0000][1611.468s] GC(714)   Post Evacuate Collection Set: 1.1ms
[2022-04-27T05:32:08.605+0000][1611.468s] GC(714)   Other: 1.0ms
[2022-04-27T05:32:08.605+0000][1611.469s] GC(714) Eden regions: 251->0(245)
[2022-04-27T05:32:08.606+0000][1611.469s] GC(714) Survivor regions: 22->21(35)
[2022-04-27T05:32:08.606+0000][1611.470s] GC(714) Old regions: 141->147
[2022-04-27T05:32:08.606+0000][1611.470s] GC(714) Humongous regions: 7->7
[2022-04-27T05:32:08.606+0000][1611.470s] GC(714) Metaspace: 56908K->56908K(1101824K)
[2022-04-27T05:32:08.607+0000][1611.470s] GC(714) Pause Young (Normal) (G1 Evacuation Pause) 418M->173M(512M) 15.096ms
[2022-04-27T05:32:08.607+0000][1611.471s] GC(714) User=0.08s Sys=0.00s Real=0.01s
[2022-04-27T05:32:10.127+0000][1612.991s] GC(715) Pause Young (Normal) (G1 Evacuation Pause)
[2022-04-27T05:32:10.127+0000][1612.991s] GC(715) Using 8 workers of 8 for evacuation
[2022-04-27T05:32:10.147+0000][1613.010s] GC(715)   Pre Evacuate Collection Set: 0.0ms
[2022-04-27T05:32:10.147+0000][1613.011s] GC(715)   Evacuate Collection Set: 12.1ms
[2022-04-27T05:32:10.148+0000][1613.011s] GC(715)   Post Evacuate Collection Set: 6.7ms
[2022-04-27T05:32:10.148+0000][1613.012s] GC(715)   Other: 0.9ms
[2022-04-27T05:32:10.148+0000][1613.012s] GC(715) Eden regions: 245->0(240)
[2022-04-27T05:32:10.149+0000][1613.012s] GC(715) Survivor regions: 21->20(34)
[2022-04-27T05:32:10.149+0000][1613.012s] GC(715) Old regions: 147->153
[2022-04-27T05:32:10.149+0000][1613.013s] GC(715) Humongous regions: 7->7
[2022-04-27T05:32:10.149+0000][1613.013s] GC(715) Metaspace: 56908K->56908K(1101824K)
[2022-04-27T05:32:10.150+0000][1613.013s] GC(715) Pause Young (Normal) (G1 Evacuation Pause) 418M->177M(512M) 22.658ms
[2022-04-27T05:32:10.150+0000][1613.014s] GC(715) User=0.14s Sys=0.00s Real=0.02s
[2022-04-27T05:32:11.678+0000][1614.542s] GC(716) Pause Young (Normal) (G1 Evacuation Pause)
[2022-04-27T05:32:11.679+0000][1614.542s] GC(716) Using 8 workers of 8 for evacuation
[2022-04-27T05:32:11.697+0000][1614.561s] GC(716)   Pre Evacuate Collection Set: 0.0ms
[2022-04-27T05:32:11.699+0000][1614.563s] GC(716)   Evacuate Collection Set: 16.9ms
[2022-04-27T05:32:11.700+0000][1614.563s] GC(716)   Post Evacuate Collection Set: 1.0ms
[2022-04-27T05:32:11.700+0000][1614.564s] GC(716)   Other: 1.0ms
[2022-04-27T05:32:11.700+0000][1614.564s] GC(716) Eden regions: 240->0(234)
[2022-04-27T05:32:11.701+0000][1614.564s] GC(716) Survivor regions: 20->20(33)
[2022-04-27T05:32:11.701+0000][1614.565s] GC(716) Old regions: 153->159
[2022-04-27T05:32:11.701+0000][1614.565s] GC(716) Humongous regions: 7->7
[2022-04-27T05:32:11.702+0000][1614.565s] GC(716) Metaspace: 56908K->56908K(1101824K)
[2022-04-27T05:32:11.702+0000][1614.566s] GC(716) Pause Young (Normal) (G1 Evacuation Pause) 417M->184M(512M) 23.796ms
[2022-04-27T05:32:11.703+0000][1614.566s] GC(716) User=0.14s Sys=0.00s Real=0.03s
[2022-04-27T05:32:13.106+0000][1615.970s] GC(717) Pause Young (Normal) (G1 Evacuation Pause)
[2022-04-27T05:32:13.107+0000][1615.970s] GC(717) Using 8 workers of 8 for evacuation
[2022-04-27T05:32:13.116+0000][1615.980s] GC(717)   Pre Evacuate Collection Set: 0.0ms
[2022-04-27T05:32:13.117+0000][1615.980s] GC(717)   Evacuate Collection Set: 7.7ms
[2022-04-27T05:32:13.117+0000][1615.981s] GC(717)   Post Evacuate Collection Set: 1.4ms
[2022-04-27T05:32:13.117+0000][1615.981s] GC(717)   Other: 0.7ms
[2022-04-27T05:32:13.118+0000][1615.981s] GC(717) Eden regions: 234->0(229)
[2022-04-27T05:32:13.118+0000][1615.982s] GC(717) Survivor regions: 20->20(32)
[2022-04-27T05:32:13.118+0000][1615.982s] GC(717) Old regions: 159->165
[2022-04-27T05:32:13.119+0000][1615.982s] GC(717) Humongous regions: 7->7
[2022-04-27T05:32:13.119+0000][1615.983s] GC(717) Metaspace: 56908K->56908K(1101824K)
[2022-04-27T05:32:13.119+0000][1615.983s] GC(717) Pause Young (Normal) (G1 Evacuation Pause) 418M->189M(512M) 12.732ms
[2022-04-27T05:32:13.119+0000][1615.983s] GC(717) User=0.07s Sys=0.00s Real=0.01s
[2022-04-27T05:32:14.562+0000][1617.425s] GC(718) Pause Young (Normal) (G1 Evacuation Pause)
[2022-04-27T05:32:14.562+0000][1617.426s] GC(718) Using 8 workers of 8 for evacuation
[2022-04-27T05:32:14.572+0000][1617.436s] GC(718)   Pre Evacuate Collection Set: 0.0ms
[2022-04-27T05:32:14.572+0000][1617.436s] GC(718)   Evacuate Collection Set: 7.0ms
[2022-04-27T05:32:14.573+0000][1617.436s] GC(718)   Post Evacuate Collection Set: 2.6ms
[2022-04-27T05:32:14.573+0000][1617.437s] GC(718)   Other: 0.8ms
[2022-04-27T05:32:14.573+0000][1617.437s] GC(718) Eden regions: 229->0(226)
[2022-04-27T05:32:14.574+0000][1617.437s] GC(718) Survivor regions: 20->18(32)
[2022-04-27T05:32:14.574+0000][1617.438s] GC(718) Old regions: 165->171
[2022-04-27T05:32:14.574+0000][1617.438s] GC(718) Humongous regions: 7->7
[2022-04-27T05:32:14.574+0000][1617.438s] GC(718) Metaspace: 56908K->56908K(1101824K)
[2022-04-27T05:32:14.575+0000][1617.438s] GC(718) Pause Young (Normal) (G1 Evacuation Pause) 418M->194M(512M) 13.271ms
[2022-04-27T05:32:14.575+0000][1617.439s] GC(718) User=0.07s Sys=0.00s Real=0.01s
[2022-04-27T05:32:15.792+0000][1618.655s] GC(719) Pause Young (Normal) (G1 Evacuation Pause)
[2022-04-27T05:32:15.792+0000][1618.655s] GC(719) Using 8 workers of 8 for evacuation
[2022-04-27T05:32:15.799+0000][1618.662s] GC(719)   Pre Evacuate Collection Set: 0.0ms
[2022-04-27T05:32:15.799+0000][1618.663s] GC(719)   Evacuate Collection Set: 5.3ms
[2022-04-27T05:32:15.800+0000][1618.663s] GC(719)   Post Evacuate Collection Set: 1.3ms
[2022-04-27T05:32:15.800+0000][1618.664s] GC(719)   Other: 0.6ms
[2022-04-27T05:32:15.800+0000][1618.664s] GC(719) Eden regions: 226->0(228)
[2022-04-27T05:32:15.801+0000][1618.664s] GC(719) Survivor regions: 18->14(31)
[2022-04-27T05:32:15.801+0000][1618.665s] GC(719) Old regions: 171->177
[2022-04-27T05:32:15.801+0000][1618.665s] GC(719) Humongous regions: 7->7
[2022-04-27T05:32:15.802+0000][1618.665s] GC(719) Metaspace: 56908K->56908K(1101824K)
[2022-04-27T05:32:15.802+0000][1618.666s] GC(719) Pause Young (Normal) (G1 Evacuation Pause) 420M->195M(512M) 10.421ms
[2022-04-27T05:32:15.802+0000][1618.666s] GC(719) User=0.04s Sys=0.01s Real=0.01s
[2022-04-27T05:32:16.797+0000][1619.661s] GC(720) Pause Young (Normal) (G1 Evacuation Pause)
[2022-04-27T05:32:16.797+0000][1619.661s] GC(720) Using 8 workers of 8 for evacuation
[2022-04-27T05:32:16.804+0000][1619.667s] GC(720)   Pre Evacuate Collection Set: 0.0ms
[2022-04-27T05:32:16.804+0000][1619.668s] GC(720)   Evacuate Collection Set: 4.9ms
[2022-04-27T05:32:16.804+0000][1619.668s] GC(720)   Post Evacuate Collection Set: 1.0ms
[2022-04-27T05:32:16.805+0000][1619.668s] GC(720)   Other: 0.7ms
[2022-04-27T05:32:16.805+0000][1619.669s] GC(720) Eden regions: 228->0(227)
[2022-04-27T05:32:16.805+0000][1619.669s] GC(720) Survivor regions: 14->18(31)
[2022-04-27T05:32:16.806+0000][1619.669s] GC(720) Old regions: 177->177
[2022-04-27T05:32:16.806+0000][1619.670s] GC(720) Humongous regions: 7->7
[2022-04-27T05:32:16.806+0000][1619.670s] GC(720) Metaspace: 56908K->56908K(1101824K)
[2022-04-27T05:32:16.807+0000][1619.670s] GC(720) Pause Young (Normal) (G1 Evacuation Pause) 423M->200M(512M) 9.672ms
[2022-04-27T05:32:16.807+0000][1619.671s] GC(720) User=0.04s Sys=0.00s Real=0.01s
[2022-04-27T05:32:18.303+0000][1621.167s] GC(721) Pause Young (Normal) (G1 Evacuation Pause)
[2022-04-27T05:32:18.304+0000][1621.167s] GC(721) Using 8 workers of 8 for evacuation
[2022-04-27T05:32:18.311+0000][1621.174s] GC(721)   Pre Evacuate Collection Set: 0.0ms
[2022-04-27T05:32:18.311+0000][1621.175s] GC(721)   Evacuate Collection Set: 6.0ms
[2022-04-27T05:32:18.311+0000][1621.175s] GC(721)   Post Evacuate Collection Set: 0.9ms
[2022-04-27T05:32:18.312+0000][1621.175s] GC(721)   Other: 0.7ms
[2022-04-27T05:32:18.312+0000][1621.176s] GC(721) Eden regions: 227->0(226)
[2022-04-27T05:32:18.312+0000][1621.176s] GC(721) Survivor regions: 18->17(31)
[2022-04-27T05:32:18.313+0000][1621.176s] GC(721) Old regions: 177->183
[2022-04-27T05:32:18.313+0000][1621.176s] GC(721) Humongous regions: 7->7
[2022-04-27T05:32:18.313+0000][1621.177s] GC(721) Metaspace: 56908K->56908K(1101824K)
[2022-04-27T05:32:18.313+0000][1621.177s] GC(721) Pause Young (Normal) (G1 Evacuation Pause) 427M->204M(512M) 10.033ms
[2022-04-27T05:32:18.314+0000][1621.177s] GC(721) User=0.05s Sys=0.00s Real=0.01s
[2022-04-27T05:32:19.697+0000][1622.561s] GC(722) Pause Young (Concurrent Start) (G1 Evacuation Pause)
[2022-04-27T05:32:19.697+0000][1622.561s] GC(722) Using 8 workers of 8 for evacuation
[2022-04-27T05:32:19.712+0000][1622.576s] GC(722)   Pre Evacuate Collection Set: 0.1ms
[2022-04-27T05:32:19.718+0000][1622.582s] GC(722)   Evacuate Collection Set: 12.5ms
[2022-04-27T05:32:19.718+0000][1622.582s] GC(722)   Post Evacuate Collection Set: 2.1ms
[2022-04-27T05:32:19.719+0000][1622.582s] GC(722)   Other: 0.7ms
[2022-04-27T05:32:19.719+0000][1622.583s] GC(722) Eden regions: 226->0(213)
[2022-04-27T05:32:19.719+0000][1622.583s] GC(722) Survivor regions: 17->23(31)
[2022-04-27T05:32:19.720+0000][1622.583s] GC(722) Old regions: 183->188
[2022-04-27T05:32:19.720+0000][1622.583s] GC(722) Humongous regions: 7->7
[2022-04-27T05:32:19.720+0000][1622.584s] GC(722) Metaspace: 56908K->56908K(1101824K)
[2022-04-27T05:32:19.720+0000][1622.584s] GC(722) Pause Young (Concurrent Start) (G1 Evacuation Pause) 430M->215M(512M) 23.311ms
[2022-04-27T05:32:19.721+0000][1622.584s] GC(722) User=0.06s Sys=0.01s Real=0.02s
[2022-04-27T05:32:19.721+0000][1622.584s] GC(723) Concurrent Cycle
[2022-04-27T05:32:19.721+0000][1622.585s] GC(723) Concurrent Clear Claimed Marks
[2022-04-27T05:32:19.721+0000][1622.585s] GC(723) Concurrent Clear Claimed Marks 0.339ms
[2022-04-27T05:32:19.722+0000][1622.585s] GC(723) Concurrent Scan Root Regions
[2022-04-27T05:32:19.726+0000][1622.590s] GC(723) Concurrent Scan Root Regions 4.801ms
[2022-04-27T05:32:19.727+0000][1622.590s] GC(723) Concurrent Mark (1622.590s)
[2022-04-27T05:32:19.727+0000][1622.591s] GC(723) Concurrent Mark From Roots
[2022-04-27T05:32:19.727+0000][1622.591s] GC(723) Using 2 workers of 2 for marking
[2022-04-27T05:32:19.759+0000][1622.622s] GC(723) Concurrent Mark From Roots 31.621ms
[2022-04-27T05:32:19.759+0000][1622.623s] GC(723) Concurrent Preclean
[2022-04-27T05:32:19.760+0000][1622.623s] GC(723) Concurrent Preclean 0.543ms
[2022-04-27T05:32:19.760+0000][1622.624s] GC(723) Concurrent Mark (1622.590s, 1622.624s) 33.252ms
[2022-04-27T05:32:19.761+0000][1622.624s] GC(723) Pause Remark
[2022-04-27T05:32:19.780+0000][1622.643s] GC(723) Cleaned string and symbol table, strings: 24814 processed, 0 removed, symbols: 137617 processed, 6 removed
[2022-04-27T05:32:19.780+0000][1622.644s] GC(723) Pause Remark 226M->207M(512M) 19.847ms
[2022-04-27T05:32:19.781+0000][1622.644s] GC(723) User=0.12s Sys=0.01s Real=0.03s
[2022-04-27T05:32:19.781+0000][1622.645s] GC(723) Concurrent Rebuild Remembered Sets
[2022-04-27T05:32:19.816+0000][1622.680s] GC(723) Concurrent Rebuild Remembered Sets 34.903ms
[2022-04-27T05:32:19.817+0000][1622.680s] GC(723) Pause Cleanup
[2022-04-27T05:32:19.817+0000][1622.681s] GC(723) Pause Cleanup 217M->217M(512M) 0.539ms
[2022-04-27T05:32:19.817+0000][1622.681s] GC(723) User=0.00s Sys=0.00s Real=0.00s
[2022-04-27T05:32:19.818+0000][1622.681s] GC(723) Concurrent Cleanup for Next Mark
[2022-04-27T05:32:19.819+0000][1622.682s] GC(723) Concurrent Cleanup for Next Mark 1.015ms
[2022-04-27T05:32:19.819+0000][1622.683s] GC(723) Concurrent Cycle 98.268ms
[2022-04-27T05:32:21.069+0000][1623.933s] GC(724) Pause Young (Prepare Mixed) (G1 Evacuation Pause)
[2022-04-27T05:32:21.070+0000][1623.933s] GC(724) Using 8 workers of 8 for evacuation
[2022-04-27T05:32:21.078+0000][1623.942s] GC(724)   Pre Evacuate Collection Set: 0.0ms
[2022-04-27T05:32:21.079+0000][1623.942s] GC(724)   Evacuate Collection Set: 6.4ms
[2022-04-27T05:32:21.079+0000][1623.943s] GC(724)   Post Evacuate Collection Set: 2.0ms
[2022-04-27T05:32:21.079+0000][1623.943s] GC(724)   Other: 0.8ms
[2022-04-27T05:32:21.080+0000][1623.943s] GC(724) Eden regions: 213->0(7)
[2022-04-27T05:32:21.080+0000][1623.944s] GC(724) Survivor regions: 23->18(30)
[2022-04-27T05:32:21.080+0000][1623.944s] GC(724) Old regions: 169->179
[2022-04-27T05:32:21.081+0000][1623.944s] GC(724) Humongous regions: 7->7
[2022-04-27T05:32:21.081+0000][1623.945s] GC(724) Metaspace: 56908K->56908K(1101824K)
[2022-04-27T05:32:21.081+0000][1623.945s] GC(724) Pause Young (Prepare Mixed) (G1 Evacuation Pause) 409M->202M(512M) 12.006ms
[2022-04-27T05:32:21.082+0000][1623.945s] GC(724) User=0.05s Sys=0.01s Real=0.02s
[2022-04-27T05:32:21.094+0000][1623.958s] GC(725) Pause Young (Mixed) (G1 Evacuation Pause)
[2022-04-27T05:32:21.094+0000][1623.958s] GC(725) Using 8 workers of 8 for evacuation
[2022-04-27T05:32:21.101+0000][1623.965s] GC(725)   Pre Evacuate Collection Set: 0.0ms
[2022-04-27T05:32:21.102+0000][1623.965s] GC(725)   Evacuate Collection Set: 5.8ms
[2022-04-27T05:32:21.102+0000][1623.966s] GC(725)   Post Evacuate Collection Set: 0.8ms
[2022-04-27T05:32:21.103+0000][1623.966s] GC(725)   Other: 0.9ms
[2022-04-27T05:32:21.103+0000][1623.967s] GC(725) Eden regions: 7->0(236)
[2022-04-27T05:32:21.103+0000][1623.967s] GC(725) Survivor regions: 18->3(4)
[2022-04-27T05:32:21.104+0000][1623.967s] GC(725) Old regions: 179->175
[2022-04-27T05:32:21.104+0000][1623.968s] GC(725) Humongous regions: 7->7
[2022-04-27T05:32:21.104+0000][1623.968s] GC(725) Metaspace: 56908K->56908K(1101824K)
[2022-04-27T05:32:21.105+0000][1623.968s] GC(725) Pause Young (Mixed) (G1 Evacuation Pause) 209M->181M(512M) 10.724ms
[2022-04-27T05:32:21.105+0000][1623.969s] GC(725) User=0.05s Sys=0.01s Real=0.01s
[2022-04-27T05:32:22.568+0000][1625.432s] GC(726) Pause Young (Normal) (G1 Evacuation Pause)
[2022-04-27T05:32:22.569+0000][1625.432s] GC(726) Using 8 workers of 8 for evacuation
[2022-04-27T05:32:22.576+0000][1625.440s] GC(726)   Pre Evacuate Collection Set: 0.0ms
[2022-04-27T05:32:22.577+0000][1625.441s] GC(726)   Evacuate Collection Set: 5.5ms
[2022-04-27T05:32:22.577+0000][1625.441s] GC(726)   Post Evacuate Collection Set: 1.6ms
[2022-04-27T05:32:22.578+0000][1625.441s] GC(726)   Other: 1.0ms
[2022-04-27T05:32:22.578+0000][1625.442s] GC(726) Eden regions: 236->0(226)
[2022-04-27T05:32:22.578+0000][1625.442s] GC(726) Survivor regions: 3->16(30)
[2022-04-27T05:32:22.579+0000][1625.443s] GC(726) Old regions: 175->175
[2022-04-27T05:32:22.579+0000][1625.443s] GC(726) Humongous regions: 7->7
[2022-04-27T05:32:22.580+0000][1625.443s] GC(726) Metaspace: 56908K->56908K(1101824K)
[2022-04-27T05:32:22.580+0000][1625.444s] GC(726) Pause Young (Normal) (G1 Evacuation Pause) 417M->195M(512M) 11.673ms
[2022-04-27T05:32:22.580+0000][1625.444s] GC(726) User=0.06s Sys=0.00s Real=0.01s
[2022-04-27T05:32:23.978+0000][1626.841s] GC(727) Pause Young (Normal) (G1 Evacuation Pause)
[2022-04-27T05:32:23.978+0000][1626.842s] GC(727) Using 8 workers of 8 for evacuation
[2022-04-27T05:32:23.986+0000][1626.849s] GC(727)   Pre Evacuate Collection Set: 0.0ms
[2022-04-27T05:32:23.990+0000][1626.854s] GC(727)   Evacuate Collection Set: 5.6ms
[2022-04-27T05:32:23.990+0000][1626.854s] GC(727)   Post Evacuate Collection Set: 1.4ms
[2022-04-27T05:32:23.990+0000][1626.854s] GC(727)   Other: 1.0ms
[2022-04-27T05:32:23.991+0000][1626.854s] GC(727) Eden regions: 226->0(224)
[2022-04-27T05:32:23.991+0000][1626.855s] GC(727) Survivor regions: 16->19(31)
[2022-04-27T05:32:23.991+0000][1626.855s] GC(727) Old regions: 175->175
[2022-04-27T05:32:23.992+0000][1626.855s] GC(727) Humongous regions: 7->7
[2022-04-27T05:32:23.992+0000][1626.855s] GC(727) Metaspace: 56908K->56908K(1101824K)
[2022-04-27T05:32:23.992+0000][1626.856s] GC(727) Pause Young (Normal) (G1 Evacuation Pause) 421M->198M(512M) 14.403ms
[2022-04-27T05:32:23.992+0000][1626.856s] GC(727) User=0.05s Sys=0.00s Real=0.02s
[2022-04-27T05:32:25.376+0000][1628.240s] GC(728) Pause Young (Normal) (G1 Evacuation Pause)
[2022-04-27T05:32:25.377+0000][1628.240s] GC(728) Using 8 workers of 8 for evacuation
[2022-04-27T05:32:25.386+0000][1628.249s] GC(728)   Pre Evacuate Collection Set: 0.0ms
[2022-04-27T05:32:25.386+0000][1628.250s] GC(728)   Evacuate Collection Set: 7.5ms
[2022-04-27T05:32:25.386+0000][1628.250s] GC(728)   Post Evacuate Collection Set: 1.1ms
[2022-04-27T05:32:25.387+0000][1628.250s] GC(728)   Other: 0.8ms
[2022-04-27T05:32:25.387+0000][1628.251s] GC(728) Eden regions: 224->0(217)
[2022-04-27T05:32:25.387+0000][1628.251s] GC(728) Survivor regions: 19->20(31)
[2022-04-27T05:32:25.388+0000][1628.251s] GC(728) Old regions: 175->180
[2022-04-27T05:32:25.388+0000][1628.252s] GC(728) Humongous regions: 7->7
[2022-04-27T05:32:25.388+0000][1628.252s] GC(728) Metaspace: 56908K->56908K(1101824K)
[2022-04-27T05:32:25.389+0000][1628.252s] GC(728) Pause Young (Normal) (G1 Evacuation Pause) 422M->204M(512M) 12.115ms
[2022-04-27T05:32:25.389+0000][1628.252s] GC(728) User=0.06s Sys=0.00s Real=0.01s
[2022-04-27T05:32:26.725+0000][1629.589s] GC(729) Pause Young (Normal) (G1 Evacuation Pause)
[2022-04-27T05:32:26.725+0000][1629.589s] GC(729) Using 8 workers of 8 for evacuation
[2022-04-27T05:32:26.735+0000][1629.599s] GC(729)   Pre Evacuate Collection Set: 0.0ms
[2022-04-27T05:32:26.735+0000][1629.599s] GC(729)   Evacuate Collection Set: 7.6ms
[2022-04-27T05:32:26.736+0000][1629.599s] GC(729)   Post Evacuate Collection Set: 1.4ms
[2022-04-27T05:32:26.736+0000][1629.600s] GC(729)   Other: 0.9ms
[2022-04-27T05:32:26.736+0000][1629.600s] GC(729) Eden regions: 217->0(212)
[2022-04-27T05:32:26.737+0000][1629.600s] GC(729) Survivor regions: 20->19(30)
[2022-04-27T05:32:26.737+0000][1629.601s] GC(729) Old regions: 180->186
[2022-04-27T05:32:26.738+0000][1629.601s] GC(729) Humongous regions: 7->7
[2022-04-27T05:32:26.738+0000][1629.602s] GC(729) Metaspace: 56908K->56908K(1101824K)
[2022-04-27T05:32:26.738+0000][1629.602s] GC(729) Pause Young (Normal) (G1 Evacuation Pause) 421M->209M(512M) 13.253ms
[2022-04-27T05:32:26.739+0000][1629.602s] GC(729) User=0.06s Sys=0.00s Real=0.01s
[2022-04-27T05:32:27.800+0000][1630.663s] GC(730) Pause Young (Normal) (G1 Evacuation Pause)
[2022-04-27T05:32:27.800+0000][1630.664s] GC(730) Using 8 workers of 8 for evacuation
[2022-04-27T05:32:27.807+0000][1630.671s] GC(730)   Pre Evacuate Collection Set: 0.0ms
[2022-04-27T05:32:27.808+0000][1630.671s] GC(730)   Evacuate Collection Set: 5.4ms
[2022-04-27T05:32:27.808+0000][1630.672s] GC(730)   Post Evacuate Collection Set: 1.2ms
[2022-04-27T05:32:27.808+0000][1630.672s] GC(730)   Other: 1.0ms
[2022-04-27T05:32:27.809+0000][1630.672s] GC(730) Eden regions: 212->0(216)
[2022-04-27T05:32:27.809+0000][1630.673s] GC(730) Survivor regions: 19->13(29)
[2022-04-27T05:32:27.809+0000][1630.673s] GC(730) Old regions: 186->192
[2022-04-27T05:32:27.810+0000][1630.673s] GC(730) Humongous regions: 7->7
[2022-04-27T05:32:27.810+0000][1630.674s] GC(730) Metaspace: 56908K->56908K(1101824K)
[2022-04-27T05:32:27.811+0000][1630.674s] GC(730) Pause Young (Normal) (G1 Evacuation Pause) 421M->209M(512M) 10.899ms
[2022-04-27T05:32:27.811+0000][1630.675s] GC(730) User=0.04s Sys=0.01s Real=0.02s
[2022-04-27T05:32:29.014+0000][1631.877s] GC(731) Pause Young (Normal) (G1 Evacuation Pause)
[2022-04-27T05:32:29.014+0000][1631.878s] GC(731) Using 8 workers of 8 for evacuation
[2022-04-27T05:32:29.020+0000][1631.883s] GC(731)   Pre Evacuate Collection Set: 0.0ms
[2022-04-27T05:32:29.020+0000][1631.884s] GC(731)   Evacuate Collection Set: 4.4ms
[2022-04-27T05:32:29.021+0000][1631.884s] GC(731)   Post Evacuate Collection Set: 1.0ms
[2022-04-27T05:32:29.021+0000][1631.885s] GC(731)   Other: 0.7ms
[2022-04-27T05:32:29.021+0000][1631.885s] GC(731) Eden regions: 216->0(215)
[2022-04-27T05:32:29.022+0000][1631.885s] GC(731) Survivor regions: 13->18(29)
[2022-04-27T05:32:29.022+0000][1631.886s] GC(731) Old regions: 192->192
[2022-04-27T05:32:29.022+0000][1631.886s] GC(731) Humongous regions: 7->7
[2022-04-27T05:32:29.023+0000][1631.886s] GC(731) Metaspace: 56908K->56908K(1101824K)
[2022-04-27T05:32:29.023+0000][1631.887s] GC(731) Pause Young (Normal) (G1 Evacuation Pause) 425M->213M(512M) 9.324ms
[2022-04-27T05:32:29.023+0000][1631.887s] GC(731) User=0.03s Sys=0.00s Real=0.01s
[2022-04-27T05:32:30.348+0000][1633.211s] GC(732) Pause Young (Normal) (G1 Evacuation Pause)
[2022-04-27T05:32:30.348+0000][1633.212s] GC(732) Using 8 workers of 8 for evacuation
[2022-04-27T05:32:30.358+0000][1633.221s] GC(732)   Pre Evacuate Collection Set: 0.0ms
[2022-04-27T05:32:30.358+0000][1633.222s] GC(732)   Evacuate Collection Set: 8.3ms
[2022-04-27T05:32:30.359+0000][1633.222s] GC(732)   Post Evacuate Collection Set: 1.0ms
[2022-04-27T05:32:30.359+0000][1633.223s] GC(732)   Other: 0.9ms
[2022-04-27T05:32:30.359+0000][1633.223s] GC(732) Eden regions: 215->0(202)
[2022-04-27T05:32:30.360+0000][1633.223s] GC(732) Survivor regions: 18->23(30)
[2022-04-27T05:32:30.360+0000][1633.224s] GC(732) Old regions: 192->198
[2022-04-27T05:32:30.360+0000][1633.224s] GC(732) Humongous regions: 7->7
[2022-04-27T05:32:30.361+0000][1633.224s] GC(732) Metaspace: 56908K->56908K(1101824K)
[2022-04-27T05:32:30.361+0000][1633.225s] GC(732) Pause Young (Normal) (G1 Evacuation Pause) 428M->225M(512M) 13.604ms
[2022-04-27T05:32:30.362+0000][1633.225s] GC(732) User=0.07s Sys=0.00s Real=0.02s
[2022-04-27T05:32:31.717+0000][1634.581s] GC(733) Pause Young (Concurrent Start) (G1 Evacuation Pause)
[2022-04-27T05:32:31.717+0000][1634.581s] GC(733) Using 8 workers of 8 for evacuation
[2022-04-27T05:32:31.732+0000][1634.596s] GC(733)   Pre Evacuate Collection Set: 0.1ms
[2022-04-27T05:32:31.733+0000][1634.596s] GC(733)   Evacuate Collection Set: 13.0ms
[2022-04-27T05:32:31.733+0000][1634.597s] GC(733)   Post Evacuate Collection Set: 1.2ms
[2022-04-27T05:32:31.733+0000][1634.597s] GC(733)   Other: 1.0ms
[2022-04-27T05:32:31.734+0000][1634.597s] GC(733) Eden regions: 202->0(196)
[2022-04-27T05:32:31.734+0000][1634.598s] GC(733) Survivor regions: 23->18(29)
[2022-04-27T05:32:31.735+0000][1634.598s] GC(733) Old regions: 198->207
[2022-04-27T05:32:31.735+0000][1634.599s] GC(733) Humongous regions: 7->7
[2022-04-27T05:32:31.735+0000][1634.599s] GC(733) Metaspace: 56908K->56908K(1101824K)
[2022-04-27T05:32:31.736+0000][1634.599s] GC(733) Pause Young (Concurrent Start) (G1 Evacuation Pause) 427M->230M(512M) 18.818ms
[2022-04-27T05:32:31.736+0000][1634.600s] GC(733) User=0.06s Sys=0.00s Real=0.02s
[2022-04-27T05:32:31.737+0000][1634.600s] GC(734) Concurrent Cycle
[2022-04-27T05:32:31.737+0000][1634.601s] GC(734) Concurrent Clear Claimed Marks
[2022-04-27T05:32:31.737+0000][1634.601s] GC(734) Concurrent Clear Claimed Marks 0.409ms
[2022-04-27T05:32:31.738+0000][1634.601s] GC(734) Concurrent Scan Root Regions
[2022-04-27T05:32:31.742+0000][1634.606s] GC(734) Concurrent Scan Root Regions 4.459ms
[2022-04-27T05:32:31.742+0000][1634.606s] GC(734) Concurrent Mark (1634.606s)
[2022-04-27T05:32:31.743+0000][1634.606s] GC(734) Concurrent Mark From Roots
[2022-04-27T05:32:31.743+0000][1634.607s] GC(734) Using 2 workers of 2 for marking
[2022-04-27T05:32:31.789+0000][1634.652s] GC(734) Concurrent Mark From Roots 45.770ms
[2022-04-27T05:32:31.789+0000][1634.653s] GC(734) Concurrent Preclean
[2022-04-27T05:32:31.790+0000][1634.653s] GC(734) Concurrent Preclean 0.543ms
[2022-04-27T05:32:31.790+0000][1634.654s] GC(734) Concurrent Mark (1634.606s, 1634.654s) 47.495ms
[2022-04-27T05:32:31.791+0000][1634.655s] GC(734) Pause Remark
[2022-04-27T05:32:31.807+0000][1634.670s] GC(734) Cleaned string and symbol table, strings: 24814 processed, 0 removed, symbols: 137619 processed, 7 removed
[2022-04-27T05:32:31.808+0000][1634.671s] GC(734) Pause Remark 240M->189M(512M) 16.910ms
[2022-04-27T05:32:31.808+0000][1634.672s] GC(734) User=0.11s Sys=0.00s Real=0.01s
[2022-04-27T05:32:31.809+0000][1634.672s] GC(734) Concurrent Rebuild Remembered Sets
[2022-04-27T05:32:31.836+0000][1634.700s] GC(734) Concurrent Rebuild Remembered Sets 27.724ms
[2022-04-27T05:32:31.837+0000][1634.701s] GC(734) Pause Cleanup
[2022-04-27T05:32:31.838+0000][1634.701s] GC(734) Pause Cleanup 201M->201M(512M) 0.505ms
[2022-04-27T05:32:31.838+0000][1634.702s] GC(734) User=0.00s Sys=0.00s Real=0.00s
[2022-04-27T05:32:31.838+0000][1634.702s] GC(734) Concurrent Cleanup for Next Mark
[2022-04-27T05:32:31.840+0000][1634.703s] GC(734) Concurrent Cleanup for Next Mark 1.162ms
[2022-04-27T05:32:31.840+0000][1634.704s] GC(734) Concurrent Cycle 103.176ms
[2022-04-27T05:32:33.111+0000][1635.975s] GC(735) Pause Young (Prepare Mixed) (G1 Evacuation Pause)
[2022-04-27T05:32:33.112+0000][1635.975s] GC(735) Using 8 workers of 8 for evacuation
[2022-04-27T05:32:33.120+0000][1635.984s] GC(735)   Pre Evacuate Collection Set: 0.0ms
[2022-04-27T05:32:33.121+0000][1635.984s] GC(735)   Evacuate Collection Set: 5.8ms
[2022-04-27T05:32:33.121+0000][1635.985s] GC(735)   Post Evacuate Collection Set: 2.3ms
[2022-04-27T05:32:33.121+0000][1635.985s] GC(735)   Other: 0.9ms
[2022-04-27T05:32:33.122+0000][1635.985s] GC(735) Eden regions: 196->0(8)
[2022-04-27T05:32:33.122+0000][1635.986s] GC(735) Survivor regions: 18->17(27)
[2022-04-27T05:32:33.122+0000][1635.986s] GC(735) Old regions: 156->160
[2022-04-27T05:32:33.123+0000][1635.986s] GC(735) Humongous regions: 7->7
[2022-04-27T05:32:33.123+0000][1635.987s] GC(735) Metaspace: 56908K->56908K(1101824K)
[2022-04-27T05:32:33.123+0000][1635.987s] GC(735) Pause Young (Prepare Mixed) (G1 Evacuation Pause) 375M->182M(512M) 12.006ms
[2022-04-27T05:32:33.123+0000][1635.987s] GC(735) User=0.05s Sys=0.00s Real=0.01s
[2022-04-27T05:32:33.140+0000][1636.003s] GC(736) Pause Young (Mixed) (G1 Evacuation Pause)
[2022-04-27T05:32:33.140+0000][1636.003s] GC(736) Using 8 workers of 8 for evacuation
[2022-04-27T05:32:33.145+0000][1636.008s] GC(736)   Pre Evacuate Collection Set: 0.0ms
[2022-04-27T05:32:33.145+0000][1636.009s] GC(736)   Evacuate Collection Set: 3.5ms
[2022-04-27T05:32:33.145+0000][1636.009s] GC(736)   Post Evacuate Collection Set: 0.8ms
[2022-04-27T05:32:33.146+0000][1636.009s] GC(736)   Other: 0.7ms
[2022-04-27T05:32:33.146+0000][1636.009s] GC(736) Eden regions: 8->0(278)
[2022-04-27T05:32:33.146+0000][1636.010s] GC(736) Survivor regions: 17->2(4)
[2022-04-27T05:32:33.146+0000][1636.010s] GC(736) Old regions: 160->126
[2022-04-27T05:32:33.147+0000][1636.010s] GC(736) Humongous regions: 7->7
[2022-04-27T05:32:33.147+0000][1636.010s] GC(736) Metaspace: 56908K->56908K(1101824K)
[2022-04-27T05:32:33.147+0000][1636.011s] GC(736) Pause Young (Mixed) (G1 Evacuation Pause) 190M->133M(512M) 7.598ms
[2022-04-27T05:32:33.147+0000][1636.011s] GC(736) User=0.03s Sys=0.00s Real=0.01s
[2022-04-27T05:32:34.726+0000][1637.589s] GC(737) Pause Young (Normal) (G1 Evacuation Pause)
[2022-04-27T05:32:34.726+0000][1637.590s] GC(737) Using 8 workers of 8 for evacuation
[2022-04-27T05:32:34.731+0000][1637.595s] GC(737)   Pre Evacuate Collection Set: 0.0ms
[2022-04-27T05:32:34.731+0000][1637.595s] GC(737)   Evacuate Collection Set: 3.4ms
[2022-04-27T05:32:34.732+0000][1637.595s] GC(737)   Post Evacuate Collection Set: 1.2ms
[2022-04-27T05:32:34.732+0000][1637.596s] GC(737)   Other: 0.4ms
[2022-04-27T05:32:34.732+0000][1637.596s] GC(737) Eden regions: 278->0(275)
[2022-04-27T05:32:34.732+0000][1637.596s] GC(737) Survivor regions: 2->10(35)
[2022-04-27T05:32:34.733+0000][1637.596s] GC(737) Old regions: 126->126
[2022-04-27T05:32:34.733+0000][1637.597s] GC(737) Humongous regions: 7->7
[2022-04-27T05:32:34.733+0000][1637.597s] GC(737) Metaspace: 56908K->56908K(1101824K)
[2022-04-27T05:32:34.734+0000][1637.597s] GC(737) Pause Young (Normal) (G1 Evacuation Pause) 411M->141M(512M) 7.665ms
[2022-04-27T05:32:34.734+0000][1637.597s] GC(737) User=0.02s Sys=0.01s Real=0.01s
[2022-04-27T05:32:36.344+0000][1639.208s] GC(738) Pause Young (Normal) (G1 Evacuation Pause)
[2022-04-27T05:32:36.344+0000][1639.208s] GC(738) Using 8 workers of 8 for evacuation
[2022-04-27T05:32:36.352+0000][1639.216s] GC(738)   Pre Evacuate Collection Set: 0.0ms
[2022-04-27T05:32:36.353+0000][1639.217s] GC(738)   Evacuate Collection Set: 6.4ms
[2022-04-27T05:32:36.353+0000][1639.217s] GC(738)   Post Evacuate Collection Set: 1.1ms
[2022-04-27T05:32:36.354+0000][1639.217s] GC(738)   Other: 0.8ms
[2022-04-27T05:32:36.354+0000][1639.218s] GC(738) Eden regions: 275->0(271)
[2022-04-27T05:32:36.355+0000][1639.218s] GC(738) Survivor regions: 10->17(36)
[2022-04-27T05:32:36.355+0000][1639.219s] GC(738) Old regions: 126->126
[2022-04-27T05:32:36.355+0000][1639.219s] GC(738) Humongous regions: 7->7
[2022-04-27T05:32:36.356+0000][1639.219s] GC(738) Metaspace: 56908K->56908K(1101824K)
[2022-04-27T05:32:36.356+0000][1639.220s] GC(738) Pause Young (Normal) (G1 Evacuation Pause) 416M->148M(512M) 11.807ms
[2022-04-27T05:32:36.356+0000][1639.220s] GC(738) User=0.05s Sys=0.00s Real=0.01s
[2022-04-27T05:32:37.943+0000][1640.806s] GC(739) Pause Young (Normal) (G1 Evacuation Pause)
[2022-04-27T05:32:37.943+0000][1640.807s] GC(739) Using 8 workers of 8 for evacuation
[2022-04-27T05:32:37.953+0000][1640.817s] GC(739)   Pre Evacuate Collection Set: 0.0ms
[2022-04-27T05:32:37.953+0000][1640.817s] GC(739)   Evacuate Collection Set: 8.5ms
[2022-04-27T05:32:37.954+0000][1640.817s] GC(739)   Post Evacuate Collection Set: 0.9ms
[2022-04-27T05:32:37.954+0000][1640.818s] GC(739)   Other: 0.9ms
[2022-04-27T05:32:37.954+0000][1640.818s] GC(739) Eden regions: 271->0(259)
[2022-04-27T05:32:37.955+0000][1640.818s] GC(739) Survivor regions: 17->28(36)
[2022-04-27T05:32:37.955+0000][1640.819s] GC(739) Old regions: 126->126
[2022-04-27T05:32:37.955+0000][1640.819s] GC(739) Humongous regions: 7->7
[2022-04-27T05:32:37.956+0000][1640.819s] GC(739) Metaspace: 56908K->56908K(1101824K)
[2022-04-27T05:32:37.956+0000][1640.820s] GC(739) Pause Young (Normal) (G1 Evacuation Pause) 419M->159M(512M) 13.354ms
[2022-04-27T05:32:37.956+0000][1640.820s] GC(739) User=0.07s Sys=0.00s Real=0.01s
[2022-04-27T05:32:39.679+0000][1642.542s] GC(740) Pause Young (Normal) (G1 Evacuation Pause)
[2022-04-27T05:32:39.679+0000][1642.543s] GC(740) Using 8 workers of 8 for evacuation
[2022-04-27T05:32:39.695+0000][1642.559s] GC(740)   Pre Evacuate Collection Set: 0.0ms
[2022-04-27T05:32:39.695+0000][1642.559s] GC(740)   Evacuate Collection Set: 11.1ms
[2022-04-27T05:32:39.695+0000][1642.559s] GC(740)   Post Evacuate Collection Set: 4.4ms
[2022-04-27T05:32:39.696+0000][1642.559s] GC(740)   Other: 0.7ms
[2022-04-27T05:32:39.696+0000][1642.560s] GC(740) Eden regions: 259->0(258)
[2022-04-27T05:32:39.697+0000][1642.560s] GC(740) Survivor regions: 28->18(36)
[2022-04-27T05:32:39.697+0000][1642.561s] GC(740) Old regions: 126->139
[2022-04-27T05:32:39.697+0000][1642.561s] GC(740) Humongous regions: 7->7
[2022-04-27T05:32:39.698+0000][1642.561s] GC(740) Metaspace: 56908K->56908K(1101824K)
[2022-04-27T05:32:39.698+0000][1642.561s] GC(740) Pause Young (Normal) (G1 Evacuation Pause) 418M->161M(512M) 19.110ms
[2022-04-27T05:32:39.698+0000][1642.562s] GC(740) User=0.10s Sys=0.00s Real=0.02s
[2022-04-27T05:32:41.247+0000][1644.110s] GC(741) Pause Young (Normal) (G1 Evacuation Pause)
[2022-04-27T05:32:41.247+0000][1644.111s] GC(741) Using 8 workers of 8 for evacuation
[2022-04-27T05:32:41.255+0000][1644.118s] GC(741)   Pre Evacuate Collection Set: 0.0ms
[2022-04-27T05:32:41.255+0000][1644.119s] GC(741)   Evacuate Collection Set: 6.3ms
[2022-04-27T05:32:41.256+0000][1644.119s] GC(741)   Post Evacuate Collection Set: 1.0ms
[2022-04-27T05:32:41.256+0000][1644.119s] GC(741)   Other: 0.8ms
[2022-04-27T05:32:41.256+0000][1644.120s] GC(741) Eden regions: 258->0(253)
[2022-04-27T05:32:41.256+0000][1644.120s] GC(741) Survivor regions: 18->25(35)
[2022-04-27T05:32:41.257+0000][1644.120s] GC(741) Old regions: 139->139
[2022-04-27T05:32:41.257+0000][1644.121s] GC(741) Humongous regions: 7->7
[2022-04-27T05:32:41.257+0000][1644.121s] GC(741) Metaspace: 56908K->56908K(1101824K)
[2022-04-27T05:32:41.258+0000][1644.121s] GC(741) Pause Young (Normal) (G1 Evacuation Pause) 419M->168M(512M) 10.999ms
[2022-04-27T05:32:41.258+0000][1644.122s] GC(741) User=0.05s Sys=0.00s Real=0.01s
[2022-04-27T05:32:42.759+0000][1645.622s] GC(742) Pause Young (Normal) (G1 Evacuation Pause)
[2022-04-27T05:32:42.759+0000][1645.623s] GC(742) Using 8 workers of 8 for evacuation
[2022-04-27T05:32:42.773+0000][1645.637s] GC(742)   Pre Evacuate Collection Set: 0.0ms
[2022-04-27T05:32:42.774+0000][1645.637s] GC(742)   Evacuate Collection Set: 10.2ms
[2022-04-27T05:32:42.774+0000][1645.638s] GC(742)   Post Evacuate Collection Set: 3.8ms
[2022-04-27T05:32:42.774+0000][1645.638s] GC(742)   Other: 0.8ms
[2022-04-27T05:32:42.775+0000][1645.638s] GC(742) Eden regions: 253->0(243)
[2022-04-27T05:32:42.775+0000][1645.639s] GC(742) Survivor regions: 25->28(35)
[2022-04-27T05:32:42.776+0000][1645.639s] GC(742) Old regions: 139->145
[2022-04-27T05:32:42.776+0000][1645.640s] GC(742) Humongous regions: 7->7
[2022-04-27T05:32:42.776+0000][1645.640s] GC(742) Metaspace: 56908K->56908K(1101824K)
[2022-04-27T05:32:42.777+0000][1645.640s] GC(742) Pause Young (Normal) (G1 Evacuation Pause) 421M->177M(512M) 18.082ms
[2022-04-27T05:32:42.777+0000][1645.640s] GC(742) User=0.10s Sys=0.01s Real=0.02s
[2022-04-27T05:32:44.322+0000][1647.186s] GC(743) Pause Young (Normal) (G1 Evacuation Pause)
[2022-04-27T05:32:44.323+0000][1647.186s] GC(743) Using 8 workers of 8 for evacuation
[2022-04-27T05:32:44.333+0000][1647.197s] GC(743)   Pre Evacuate Collection Set: 0.0ms
[2022-04-27T05:32:44.334+0000][1647.197s] GC(743)   Evacuate Collection Set: 8.5ms
[2022-04-27T05:32:44.334+0000][1647.198s] GC(743)   Post Evacuate Collection Set: 1.5ms
[2022-04-27T05:32:44.334+0000][1647.198s] GC(743)   Other: 0.8ms
[2022-04-27T05:32:44.335+0000][1647.198s] GC(743) Eden regions: 243->0(241)
[2022-04-27T05:32:44.335+0000][1647.199s] GC(743) Survivor regions: 28->19(34)
[2022-04-27T05:32:44.335+0000][1647.199s] GC(743) Old regions: 145->157
[2022-04-27T05:32:44.336+0000][1647.199s] GC(743) Humongous regions: 7->7
[2022-04-27T05:32:44.336+0000][1647.200s] GC(743) Metaspace: 56908K->56908K(1101824K)
[2022-04-27T05:32:44.336+0000][1647.200s] GC(743) Pause Young (Normal) (G1 Evacuation Pause) 420M->180M(512M) 13.822ms
[2022-04-27T05:32:44.337+0000][1647.200s] GC(743) User=0.07s Sys=0.00s Real=0.01s
[2022-04-27T05:32:45.817+0000][1648.681s] GC(744) Pause Young (Concurrent Start) (G1 Evacuation Pause)
[2022-04-27T05:32:45.818+0000][1648.681s] GC(744) Using 8 workers of 8 for evacuation
[2022-04-27T05:32:45.839+0000][1648.702s] GC(744)   Pre Evacuate Collection Set: 0.2ms
[2022-04-27T05:32:45.839+0000][1648.703s] GC(744)   Evacuate Collection Set: 15.4ms
[2022-04-27T05:32:45.839+0000][1648.703s] GC(744)   Post Evacuate Collection Set: 5.0ms
[2022-04-27T05:32:45.840+0000][1648.704s] GC(744)   Other: 0.8ms
[2022-04-27T05:32:45.840+0000][1648.704s] GC(744) Eden regions: 241->0(235)
[2022-04-27T05:32:45.841+0000][1648.704s] GC(744) Survivor regions: 19->19(33)
[2022-04-27T05:32:45.841+0000][1648.704s] GC(744) Old regions: 157->163
[2022-04-27T05:32:45.841+0000][1648.705s] GC(744) Humongous regions: 7->7
[2022-04-27T05:32:45.842+0000][1648.705s] GC(744) Metaspace: 56908K->56908K(1101824K)
[2022-04-27T05:32:45.842+0000][1648.706s] GC(744) Pause Young (Concurrent Start) (G1 Evacuation Pause) 421M->186M(512M) 24.525ms
[2022-04-27T05:32:45.842+0000][1648.706s] GC(744) User=0.10s Sys=0.00s Real=0.03s
[2022-04-27T05:32:45.842+0000][1648.706s] GC(745) Concurrent Cycle
[2022-04-27T05:32:45.843+0000][1648.706s] GC(745) Concurrent Clear Claimed Marks
[2022-04-27T05:32:45.843+0000][1648.707s] GC(745) Concurrent Clear Claimed Marks 0.250ms
[2022-04-27T05:32:45.843+0000][1648.707s] GC(745) Concurrent Scan Root Regions
[2022-04-27T05:32:45.847+0000][1648.710s] GC(745) Concurrent Scan Root Regions 3.602ms
[2022-04-27T05:32:45.847+0000][1648.711s] GC(745) Concurrent Mark (1648.711s)
[2022-04-27T05:32:45.847+0000][1648.711s] GC(745) Concurrent Mark From Roots
[2022-04-27T05:32:45.847+0000][1648.711s] GC(745) Using 2 workers of 2 for marking
[2022-04-27T05:32:45.880+0000][1648.743s] GC(745) Concurrent Mark From Roots 32.404ms
[2022-04-27T05:32:45.880+0000][1648.744s] GC(745) Concurrent Preclean
[2022-04-27T05:32:45.880+0000][1648.744s] GC(745) Concurrent Preclean 0.485ms
[2022-04-27T05:32:45.881+0000][1648.744s] GC(745) Concurrent Mark (1648.711s, 1648.744s) 33.765ms
[2022-04-27T05:32:45.881+0000][1648.745s] GC(745) Pause Remark
[2022-04-27T05:32:45.897+0000][1648.761s] GC(745) Cleaned string and symbol table, strings: 24821 processed, 0 removed, symbols: 137621 processed, 15 removed
[2022-04-27T05:32:45.898+0000][1648.762s] GC(745) Pause Remark 198M->179M(512M) 16.896ms
[2022-04-27T05:32:45.898+0000][1648.762s] GC(745) User=0.11s Sys=0.01s Real=0.01s
[2022-04-27T05:32:45.899+0000][1648.762s] GC(745) Concurrent Rebuild Remembered Sets
[2022-04-27T05:32:45.930+0000][1648.793s] GC(745) Concurrent Rebuild Remembered Sets 30.995ms
[2022-04-27T05:32:45.930+0000][1648.794s] GC(745) Pause Cleanup
[2022-04-27T05:32:45.931+0000][1648.795s] GC(745) Pause Cleanup 185M->185M(512M) 0.568ms
[2022-04-27T05:32:45.931+0000][1648.795s] GC(745) User=0.00s Sys=0.00s Real=0.01s
[2022-04-27T05:32:45.932+0000][1648.795s] GC(745) Concurrent Cleanup for Next Mark
[2022-04-27T05:32:45.933+0000][1648.796s] GC(745) Concurrent Cleanup for Next Mark 1.134ms
[2022-04-27T05:32:45.933+0000][1648.797s] GC(745) Concurrent Cycle 90.548ms
[2022-04-27T05:32:47.312+0000][1650.176s] GC(746) Pause Young (Prepare Mixed) (G1 Evacuation Pause)
[2022-04-27T05:32:47.313+0000][1650.176s] GC(746) Using 8 workers of 8 for evacuation
[2022-04-27T05:32:47.320+0000][1650.183s] GC(746)   Pre Evacuate Collection Set: 0.0ms
[2022-04-27T05:32:47.320+0000][1650.184s] GC(746)   Evacuate Collection Set: 4.2ms
[2022-04-27T05:32:47.320+0000][1650.184s] GC(746)   Post Evacuate Collection Set: 2.4ms
[2022-04-27T05:32:47.321+0000][1650.184s] GC(746)   Other: 0.6ms
[2022-04-27T05:32:47.321+0000][1650.185s] GC(746) Eden regions: 235->0(10)
[2022-04-27T05:32:47.321+0000][1650.185s] GC(746) Survivor regions: 19->15(32)
[2022-04-27T05:32:47.322+0000][1650.185s] GC(746) Old regions: 144->150
[2022-04-27T05:32:47.322+0000][1650.186s] GC(746) Humongous regions: 7->7
[2022-04-27T05:32:47.322+0000][1650.186s] GC(746) Metaspace: 56908K->56908K(1101824K)
[2022-04-27T05:32:47.323+0000][1650.186s] GC(746) Pause Young (Prepare Mixed) (G1 Evacuation Pause) 402M->169M(512M) 10.245ms
[2022-04-27T05:32:47.323+0000][1650.187s] GC(746) User=0.04s Sys=0.00s Real=0.01s
[2022-04-27T05:32:47.365+0000][1650.229s] GC(747) Pause Young (Mixed) (G1 Evacuation Pause)
[2022-04-27T05:32:47.366+0000][1650.229s] GC(747) Using 8 workers of 8 for evacuation
[2022-04-27T05:32:47.373+0000][1650.237s] GC(747)   Pre Evacuate Collection Set: 0.0ms
[2022-04-27T05:32:47.374+0000][1650.237s] GC(747)   Evacuate Collection Set: 6.4ms
[2022-04-27T05:32:47.374+0000][1650.238s] GC(747)   Post Evacuate Collection Set: 0.8ms
[2022-04-27T05:32:47.374+0000][1650.238s] GC(747)   Other: 1.0ms
[2022-04-27T05:32:47.375+0000][1650.238s] GC(747) Eden regions: 10->0(272)
[2022-04-27T05:32:47.375+0000][1650.239s] GC(747) Survivor regions: 15->4(4)
[2022-04-27T05:32:47.375+0000][1650.239s] GC(747) Old regions: 150->135
[2022-04-27T05:32:47.376+0000][1650.239s] GC(747) Humongous regions: 7->7
[2022-04-27T05:32:47.376+0000][1650.240s] GC(747) Metaspace: 56908K->56908K(1101824K)
[2022-04-27T05:32:47.376+0000][1650.240s] GC(747) Pause Young (Mixed) (G1 Evacuation Pause) 179M->144M(512M) 11.280ms
[2022-04-27T05:32:47.377+0000][1650.240s] GC(747) User=0.06s Sys=0.00s Real=0.01s
[2022-04-27T05:32:48.973+0000][1651.837s] GC(748) Pause Young (Normal) (G1 Evacuation Pause)
[2022-04-27T05:32:48.974+0000][1651.837s] GC(748) Using 8 workers of 8 for evacuation
[2022-04-27T05:32:48.982+0000][1651.846s] GC(748)   Pre Evacuate Collection Set: 0.0ms
[2022-04-27T05:32:48.983+0000][1651.847s] GC(748)   Evacuate Collection Set: 7.0ms
[2022-04-27T05:32:48.983+0000][1651.847s] GC(748)   Post Evacuate Collection Set: 1.1ms
[2022-04-27T05:32:48.984+0000][1651.847s] GC(748)   Other: 0.9ms
[2022-04-27T05:32:48.984+0000][1651.848s] GC(748) Eden regions: 272->0(260)
[2022-04-27T05:32:48.984+0000][1651.848s] GC(748) Survivor regions: 4->18(35)
[2022-04-27T05:32:48.985+0000][1651.848s] GC(748) Old regions: 135->135
[2022-04-27T05:32:48.985+0000][1651.849s] GC(748) Humongous regions: 7->7
[2022-04-27T05:32:48.985+0000][1651.849s] GC(748) Metaspace: 56908K->56908K(1101824K)
[2022-04-27T05:32:48.986+0000][1651.849s] GC(748) Pause Young (Normal) (G1 Evacuation Pause) 416M->158M(512M) 12.427ms
[2022-04-27T05:32:48.986+0000][1651.850s] GC(748) User=0.06s Sys=0.00s Real=0.01s
[2022-04-27T05:32:50.540+0000][1653.404s] GC(749) Pause Young (Normal) (G1 Evacuation Pause)
[2022-04-27T05:32:50.540+0000][1653.404s] GC(749) Using 8 workers of 8 for evacuation
[2022-04-27T05:32:50.550+0000][1653.414s] GC(749)   Pre Evacuate Collection Set: 0.0ms
[2022-04-27T05:32:50.550+0000][1653.414s] GC(749)   Evacuate Collection Set: 8.0ms
[2022-04-27T05:32:50.551+0000][1653.414s] GC(749)   Post Evacuate Collection Set: 1.0ms
[2022-04-27T05:32:50.551+0000][1653.415s] GC(749)   Other: 0.9ms
[2022-04-27T05:32:50.551+0000][1653.415s] GC(749) Eden regions: 260->0(253)
[2022-04-27T05:32:50.552+0000][1653.415s] GC(749) Survivor regions: 18->25(35)
[2022-04-27T05:32:50.552+0000][1653.416s] GC(749) Old regions: 135->135
[2022-04-27T05:32:50.552+0000][1653.416s] GC(749) Humongous regions: 7->7
[2022-04-27T05:32:50.552+0000][1653.416s] GC(749) Metaspace: 56908K->56908K(1101824K)
[2022-04-27T05:32:50.553+0000][1653.416s] GC(749) Pause Young (Normal) (G1 Evacuation Pause) 418M->165M(512M) 12.570ms
[2022-04-27T05:32:50.553+0000][1653.417s] GC(749) User=0.06s Sys=0.01s Real=0.02s
[2022-04-27T05:32:52.134+0000][1654.998s] GC(750) Pause Young (Normal) (G1 Evacuation Pause)
[2022-04-27T05:32:52.134+0000][1654.998s] GC(750) Using 8 workers of 8 for evacuation
[2022-04-27T05:32:52.147+0000][1655.011s] GC(750)   Pre Evacuate Collection Set: 0.0ms
[2022-04-27T05:32:52.148+0000][1655.012s] GC(750)   Evacuate Collection Set: 11.8ms
[2022-04-27T05:32:52.148+0000][1655.012s] GC(750)   Post Evacuate Collection Set: 1.1ms
[2022-04-27T05:32:52.149+0000][1655.012s] GC(750)   Other: 0.7ms
[2022-04-27T05:32:52.149+0000][1655.013s] GC(750) Eden regions: 253->0(248)
[2022-04-27T05:32:52.149+0000][1655.013s] GC(750) Survivor regions: 25->21(35)
[2022-04-27T05:32:52.150+0000][1655.013s] GC(750) Old regions: 135->145
[2022-04-27T05:32:52.150+0000][1655.014s] GC(750) Humongous regions: 7->7
[2022-04-27T05:32:52.150+0000][1655.014s] GC(750) Metaspace: 56908K->56908K(1101824K)
[2022-04-27T05:32:52.151+0000][1655.014s] GC(750) Pause Young (Normal) (G1 Evacuation Pause) 418M->170M(512M) 16.838ms
[2022-04-27T05:32:52.151+0000][1655.015s] GC(750) User=0.09s Sys=0.00s Real=0.02s
[2022-04-27T05:32:53.873+0000][1656.737s] GC(751) Pause Young (Normal) (G1 Evacuation Pause)
[2022-04-27T05:32:53.874+0000][1656.737s] GC(751) Using 8 workers of 8 for evacuation
[2022-04-27T05:32:53.884+0000][1656.748s] GC(751)   Pre Evacuate Collection Set: 0.0ms
[2022-04-27T05:32:53.885+0000][1656.749s] GC(751)   Evacuate Collection Set: 9.2ms
[2022-04-27T05:32:53.885+0000][1656.749s] GC(751)   Post Evacuate Collection Set: 1.2ms
[2022-04-27T05:32:53.886+0000][1656.749s] GC(751)   Other: 1.0ms
[2022-04-27T05:32:53.886+0000][1656.750s] GC(751) Eden regions: 248->0(240)
[2022-04-27T05:32:53.887+0000][1656.750s] GC(751) Survivor regions: 21->22(34)
[2022-04-27T05:32:53.887+0000][1656.751s] GC(751) Old regions: 145->151
[2022-04-27T05:32:53.887+0000][1656.751s] GC(751) Humongous regions: 7->7
[2022-04-27T05:32:53.888+0000][1656.751s] GC(751) Metaspace: 56908K->56908K(1101824K)
[2022-04-27T05:32:53.888+0000][1656.752s] GC(751) Pause Young (Normal) (G1 Evacuation Pause) 418M->178M(512M) 14.914ms
[2022-04-27T05:32:53.888+0000][1656.752s] GC(751) User=0.08s Sys=0.00s Real=0.01s
[2022-04-27T05:32:55.448+0000][1658.312s] GC(752) Pause Young (Normal) (G1 Evacuation Pause)
[2022-04-27T05:32:55.449+0000][1658.312s] GC(752) Using 8 workers of 8 for evacuation
[2022-04-27T05:32:55.456+0000][1658.320s] GC(752)   Pre Evacuate Collection Set: 0.0ms
[2022-04-27T05:32:55.456+0000][1658.320s] GC(752)   Evacuate Collection Set: 5.7ms
[2022-04-27T05:32:55.457+0000][1658.320s] GC(752)   Post Evacuate Collection Set: 1.2ms
[2022-04-27T05:32:55.457+0000][1658.321s] GC(752)   Other: 0.6ms
[2022-04-27T05:32:55.457+0000][1658.321s] GC(752) Eden regions: 240->0(242)
[2022-04-27T05:32:55.458+0000][1658.321s] GC(752) Survivor regions: 22->17(33)
[2022-04-27T05:32:55.458+0000][1658.322s] GC(752) Old regions: 151->157
[2022-04-27T05:32:55.458+0000][1658.322s] GC(752) Humongous regions: 7->7
[2022-04-27T05:32:55.458+0000][1658.322s] GC(752) Metaspace: 56908K->56908K(1101824K)
[2022-04-27T05:32:55.459+0000][1658.322s] GC(752) Pause Young (Normal) (G1 Evacuation Pause) 418M->179M(512M) 10.227ms
[2022-04-27T05:32:55.459+0000][1658.323s] GC(752) User=0.05s Sys=0.00s Real=0.01s
[2022-04-27T05:32:57.009+0000][1659.872s] GC(753) Pause Young (Normal) (G1 Evacuation Pause)
[2022-04-27T05:32:57.009+0000][1659.873s] GC(753) Using 8 workers of 8 for evacuation
[2022-04-27T05:32:57.017+0000][1659.881s] GC(753)   Pre Evacuate Collection Set: 0.0ms
[2022-04-27T05:32:57.018+0000][1659.882s] GC(753)   Evacuate Collection Set: 7.0ms
[2022-04-27T05:32:57.018+0000][1659.882s] GC(753)   Post Evacuate Collection Set: 0.9ms
[2022-04-27T05:32:57.019+0000][1659.882s] GC(753)   Other: 0.9ms
[2022-04-27T05:32:57.019+0000][1659.883s] GC(753) Eden regions: 242->0(235)
[2022-04-27T05:32:57.019+0000][1659.883s] GC(753) Survivor regions: 17->25(33)
[2022-04-27T05:32:57.020+0000][1659.883s] GC(753) Old regions: 157->157
[2022-04-27T05:32:57.020+0000][1659.884s] GC(753) Humongous regions: 7->7
[2022-04-27T05:32:57.020+0000][1659.884s] GC(753) Metaspace: 56908K->56908K(1101824K)
[2022-04-27T05:32:57.020+0000][1659.884s] GC(753) Pause Young (Normal) (G1 Evacuation Pause) 421M->186M(512M) 11.639ms
[2022-04-27T05:32:57.021+0000][1659.884s] GC(753) User=0.06s Sys=0.00s Real=0.01s
[2022-04-27T05:32:58.446+0000][1661.310s] GC(754) Pause Young (Normal) (G1 Evacuation Pause)
[2022-04-27T05:32:58.447+0000][1661.311s] GC(754) Using 8 workers of 8 for evacuation
[2022-04-27T05:32:58.456+0000][1661.320s] GC(754)   Pre Evacuate Collection Set: 0.0ms
[2022-04-27T05:32:58.457+0000][1661.320s] GC(754)   Evacuate Collection Set: 7.1ms
[2022-04-27T05:32:58.457+0000][1661.321s] GC(754)   Post Evacuate Collection Set: 1.6ms
[2022-04-27T05:32:58.457+0000][1661.321s] GC(754)   Other: 1.0ms
[2022-04-27T05:32:58.458+0000][1661.322s] GC(754) Eden regions: 235->0(235)
[2022-04-27T05:32:58.458+0000][1661.322s] GC(754) Survivor regions: 25->16(33)
[2022-04-27T05:32:58.459+0000][1661.322s] GC(754) Old regions: 157->169
[2022-04-27T05:32:58.459+0000][1661.323s] GC(754) Humongous regions: 7->7
[2022-04-27T05:32:58.459+0000][1661.323s] GC(754) Metaspace: 56908K->56908K(1101824K)
[2022-04-27T05:32:58.459+0000][1661.323s] GC(754) Pause Young (Normal) (G1 Evacuation Pause) 421M->189M(512M) 13.031ms
[2022-04-27T05:32:58.460+0000][1661.323s] GC(754) User=0.06s Sys=0.00s Real=0.01s
[2022-04-27T05:32:59.638+0000][1662.501s] GC(755) Pause Young (Concurrent Start) (G1 Evacuation Pause)
[2022-04-27T05:32:59.638+0000][1662.502s] GC(755) Using 8 workers of 8 for evacuation
[2022-04-27T05:32:59.661+0000][1662.525s] GC(755)   Pre Evacuate Collection Set: 0.1ms
[2022-04-27T05:32:59.662+0000][1662.525s] GC(755)   Evacuate Collection Set: 19.1ms
[2022-04-27T05:32:59.662+0000][1662.526s] GC(755)   Post Evacuate Collection Set: 3.5ms
[2022-04-27T05:32:59.662+0000][1662.526s] GC(755)   Other: 0.9ms
[2022-04-27T05:32:59.663+0000][1662.526s] GC(755) Eden regions: 235->0(233)
[2022-04-27T05:32:59.663+0000][1662.527s] GC(755) Survivor regions: 16->21(32)
[2022-04-27T05:32:59.664+0000][1662.527s] GC(755) Old regions: 169->169
[2022-04-27T05:32:59.664+0000][1662.528s] GC(755) Humongous regions: 7->7
[2022-04-27T05:32:59.664+0000][1662.528s] GC(755) Metaspace: 56908K->56908K(1101824K)
[2022-04-27T05:32:59.665+0000][1662.528s] GC(755) Pause Young (Concurrent Start) (G1 Evacuation Pause) 424M->194M(512M) 27.023ms
[2022-04-27T05:32:59.665+0000][1662.529s] GC(755) User=0.09s Sys=0.01s Real=0.03s
[2022-04-27T05:32:59.665+0000][1662.529s] GC(756) Concurrent Cycle
[2022-04-27T05:32:59.666+0000][1662.529s] GC(756) Concurrent Clear Claimed Marks
[2022-04-27T05:32:59.666+0000][1662.530s] GC(756) Concurrent Clear Claimed Marks 0.403ms
[2022-04-27T05:32:59.666+0000][1662.530s] GC(756) Concurrent Scan Root Regions
[2022-04-27T05:32:59.672+0000][1662.535s] GC(756) Concurrent Scan Root Regions 5.370ms
[2022-04-27T05:32:59.672+0000][1662.536s] GC(756) Concurrent Mark (1662.536s)
[2022-04-27T05:32:59.672+0000][1662.536s] GC(756) Concurrent Mark From Roots
[2022-04-27T05:32:59.673+0000][1662.536s] GC(756) Using 2 workers of 2 for marking
[2022-04-27T05:32:59.720+0000][1662.583s] GC(756) Concurrent Mark From Roots 47.542ms
[2022-04-27T05:32:59.720+0000][1662.584s] GC(756) Concurrent Preclean
[2022-04-27T05:32:59.720+0000][1662.584s] GC(756) Concurrent Preclean 0.501ms
[2022-04-27T05:32:59.721+0000][1662.584s] GC(756) Concurrent Mark (1662.536s, 1662.584s) 48.813ms
[2022-04-27T05:32:59.721+0000][1662.585s] GC(756) Pause Remark
[2022-04-27T05:32:59.740+0000][1662.604s] GC(756) Cleaned string and symbol table, strings: 24821 processed, 0 removed, symbols: 137614 processed, 8 removed
[2022-04-27T05:32:59.741+0000][1662.605s] GC(756) Pause Remark 195M->171M(512M) 19.608ms
[2022-04-27T05:32:59.741+0000][1662.605s] GC(756) User=0.12s Sys=0.01s Real=0.02s
[2022-04-27T05:32:59.741+0000][1662.605s] GC(756) Concurrent Rebuild Remembered Sets
[2022-04-27T05:32:59.778+0000][1662.642s] GC(756) Concurrent Rebuild Remembered Sets 36.579ms
[2022-04-27T05:32:59.779+0000][1662.642s] GC(756) Pause Cleanup
[2022-04-27T05:32:59.779+0000][1662.643s] GC(756) Pause Cleanup 171M->171M(512M) 0.606ms
[2022-04-27T05:32:59.779+0000][1662.643s] GC(756) User=0.00s Sys=0.00s Real=0.00s
[2022-04-27T05:32:59.780+0000][1662.643s] GC(756) Concurrent Cleanup for Next Mark
[2022-04-27T05:32:59.781+0000][1662.644s] GC(756) Concurrent Cleanup for Next Mark 1.038ms
[2022-04-27T05:32:59.781+0000][1662.645s] GC(756) Concurrent Cycle 115.812ms
[2022-04-27T05:33:00.949+0000][1663.813s] GC(757) Pause Young (Prepare Mixed) (G1 Evacuation Pause)
[2022-04-27T05:33:00.949+0000][1663.813s] GC(757) Using 8 workers of 8 for evacuation
[2022-04-27T05:33:00.957+0000][1663.821s] GC(757)   Pre Evacuate Collection Set: 0.0ms
[2022-04-27T05:33:00.958+0000][1663.821s] GC(757)   Evacuate Collection Set: 5.0ms
[2022-04-27T05:33:00.958+0000][1663.822s] GC(757)   Post Evacuate Collection Set: 2.3ms
[2022-04-27T05:33:00.958+0000][1663.822s] GC(757)   Other: 0.9ms
[2022-04-27T05:33:00.958+0000][1663.822s] GC(757) Eden regions: 233->0(5)
[2022-04-27T05:33:00.959+0000][1663.822s] GC(757) Survivor regions: 21->20(32)
[2022-04-27T05:33:00.959+0000][1663.823s] GC(757) Old regions: 145->151
[2022-04-27T05:33:00.959+0000][1663.823s] GC(757) Humongous regions: 7->7
[2022-04-27T05:33:00.960+0000][1663.823s] GC(757) Metaspace: 56908K->56908K(1101824K)
[2022-04-27T05:33:00.960+0000][1663.823s] GC(757) Pause Young (Prepare Mixed) (G1 Evacuation Pause) 403M->175M(512M) 10.788ms
[2022-04-27T05:33:00.960+0000][1663.824s] GC(757) User=0.05s Sys=0.00s Real=0.01s
[2022-04-27T05:33:00.967+0000][1663.830s] GC(758) Pause Young (Mixed) (G1 Evacuation Pause)
[2022-04-27T05:33:00.967+0000][1663.831s] GC(758) Using 8 workers of 8 for evacuation
[2022-04-27T05:33:00.973+0000][1663.837s] GC(758)   Pre Evacuate Collection Set: 0.0ms
[2022-04-27T05:33:00.974+0000][1663.837s] GC(758)   Evacuate Collection Set: 4.8ms
[2022-04-27T05:33:00.974+0000][1663.838s] GC(758)   Post Evacuate Collection Set: 0.9ms
[2022-04-27T05:33:00.974+0000][1663.838s] GC(758)   Other: 0.8ms
[2022-04-27T05:33:00.974+0000][1663.838s] GC(758) Eden regions: 5->0(285)
[2022-04-27T05:33:00.975+0000][1663.838s] GC(758) Survivor regions: 20->3(4)
[2022-04-27T05:33:00.975+0000][1663.839s] GC(758) Old regions: 151->131
[2022-04-27T05:33:00.975+0000][1663.839s] GC(758) Humongous regions: 7->7
[2022-04-27T05:33:00.975+0000][1663.839s] GC(758) Metaspace: 56908K->56908K(1101824K)
[2022-04-27T05:33:00.976+0000][1663.839s] GC(758) Pause Young (Mixed) (G1 Evacuation Pause) 180M->139M(512M) 9.063ms
[2022-04-27T05:33:00.976+0000][1663.840s] GC(758) User=0.04s Sys=0.00s Real=0.01s
[2022-04-27T05:33:03.236+0000][1666.099s] GC(759) Pause Young (Normal) (G1 Evacuation Pause)
[2022-04-27T05:33:03.236+0000][1666.100s] GC(759) Using 8 workers of 8 for evacuation
[2022-04-27T05:33:03.243+0000][1666.106s] GC(759)   Pre Evacuate Collection Set: 0.1ms
[2022-04-27T05:33:03.243+0000][1666.107s] GC(759)   Evacuate Collection Set: 4.7ms
[2022-04-27T05:33:03.243+0000][1666.107s] GC(759)   Post Evacuate Collection Set: 1.2ms
[2022-04-27T05:33:03.244+0000][1666.107s] GC(759)   Other: 0.9ms
[2022-04-27T05:33:03.244+0000][1666.108s] GC(759) Eden regions: 285->0(277)
[2022-04-27T05:33:03.245+0000][1666.108s] GC(759) Survivor regions: 3->12(36)
[2022-04-27T05:33:03.245+0000][1666.108s] GC(759) Old regions: 131->131
[2022-04-27T05:33:03.245+0000][1666.109s] GC(759) Humongous regions: 7->7
[2022-04-27T05:33:03.245+0000][1666.109s] GC(759) Metaspace: 56908K->56908K(1101824K)
[2022-04-27T05:33:03.246+0000][1666.109s] GC(759) Pause Young (Normal) (G1 Evacuation Pause) 424M->148M(512M) 9.929ms
[2022-04-27T05:33:03.246+0000][1666.110s] GC(759) User=0.04s Sys=0.00s Real=0.01s
[2022-04-27T05:33:04.848+0000][1667.712s] GC(760) Pause Young (Normal) (G1 Evacuation Pause)
[2022-04-27T05:33:04.852+0000][1667.716s] GC(760) Using 8 workers of 8 for evacuation
[2022-04-27T05:33:04.863+0000][1667.726s] GC(760)   Pre Evacuate Collection Set: 0.0ms
[2022-04-27T05:33:04.863+0000][1667.727s] GC(760)   Evacuate Collection Set: 6.5ms
[2022-04-27T05:33:04.863+0000][1667.727s] GC(760)   Post Evacuate Collection Set: 1.6ms
[2022-04-27T05:33:04.864+0000][1667.727s] GC(760)   Other: 6.2ms
[2022-04-27T05:33:04.864+0000][1667.728s] GC(760) Eden regions: 277->0(270)
[2022-04-27T05:33:04.864+0000][1667.728s] GC(760) Survivor regions: 12->19(37)
[2022-04-27T05:33:04.865+0000][1667.728s] GC(760) Old regions: 131->131
[2022-04-27T05:33:04.865+0000][1667.729s] GC(760) Humongous regions: 7->7
[2022-04-27T05:33:04.865+0000][1667.729s] GC(760) Metaspace: 56908K->56908K(1101824K)
[2022-04-27T05:33:04.865+0000][1667.729s] GC(760) Pause Young (Normal) (G1 Evacuation Pause) 425M->155M(512M) 17.163ms
[2022-04-27T05:33:04.866+0000][1667.729s] GC(760) User=0.06s Sys=0.00s Real=0.02s
[2022-04-27T05:33:06.413+0000][1669.277s] GC(761) Pause Young (Normal) (G1 Evacuation Pause)
[2022-04-27T05:33:06.413+0000][1669.277s] GC(761) Using 8 workers of 8 for evacuation
[2022-04-27T05:33:06.422+0000][1669.286s] GC(761)   Pre Evacuate Collection Set: 0.0ms
[2022-04-27T05:33:06.422+0000][1669.286s] GC(761)   Evacuate Collection Set: 6.9ms
[2022-04-27T05:33:06.423+0000][1669.286s] GC(761)   Post Evacuate Collection Set: 1.1ms
[2022-04-27T05:33:06.423+0000][1669.287s] GC(761)   Other: 0.8ms
[2022-04-27T05:33:06.423+0000][1669.287s] GC(761) Eden regions: 270->0(266)
[2022-04-27T05:33:06.424+0000][1669.287s] GC(761) Survivor regions: 19->24(37)
[2022-04-27T05:33:06.424+0000][1669.288s] GC(761) Old regions: 131->131
[2022-04-27T05:33:06.424+0000][1669.288s] GC(761) Humongous regions: 7->7
[2022-04-27T05:33:06.425+0000][1669.288s] GC(761) Metaspace: 56908K->56908K(1101824K)
[2022-04-27T05:33:06.425+0000][1669.289s] GC(761) Pause Young (Normal) (G1 Evacuation Pause) 425M->159M(512M) 12.109ms
[2022-04-27T05:33:06.426+0000][1669.289s] GC(761) User=0.06s Sys=0.00s Real=0.01s
[2022-04-27T05:33:08.016+0000][1670.879s] GC(762) Pause Young (Normal) (G1 Evacuation Pause)
[2022-04-27T05:33:08.016+0000][1670.880s] GC(762) Using 8 workers of 8 for evacuation
[2022-04-27T05:33:08.028+0000][1670.891s] GC(762)   Pre Evacuate Collection Set: 0.0ms
[2022-04-27T05:33:08.028+0000][1670.892s] GC(762)   Evacuate Collection Set: 10.3ms
[2022-04-27T05:33:08.029+0000][1670.892s] GC(762)   Post Evacuate Collection Set: 1.1ms
[2022-04-27T05:33:08.029+0000][1670.893s] GC(762)   Other: 0.8ms
[2022-04-27T05:33:08.029+0000][1670.893s] GC(762) Eden regions: 266->0(255)
[2022-04-27T05:33:08.030+0000][1670.893s] GC(762) Survivor regions: 24->26(37)
[2022-04-27T05:33:08.030+0000][1670.894s] GC(762) Old regions: 131->138
[2022-04-27T05:33:08.030+0000][1670.894s] GC(762) Humongous regions: 7->7
[2022-04-27T05:33:08.031+0000][1670.894s] GC(762) Metaspace: 56908K->56908K(1101824K)
[2022-04-27T05:33:08.031+0000][1670.894s] GC(762) Pause Young (Normal) (G1 Evacuation Pause) 425M->168M(512M) 15.252ms
[2022-04-27T05:33:08.031+0000][1670.895s] GC(762) User=0.09s Sys=0.00s Real=0.02s
[2022-04-27T05:33:09.586+0000][1672.450s] GC(763) Pause Young (Concurrent Start) (G1 Evacuation Pause)
[2022-04-27T05:33:09.587+0000][1672.450s] GC(763) Using 8 workers of 8 for evacuation
[2022-04-27T05:33:09.603+0000][1672.467s] GC(763)   Pre Evacuate Collection Set: 0.1ms
[2022-04-27T05:33:09.604+0000][1672.467s] GC(763)   Evacuate Collection Set: 13.2ms
[2022-04-27T05:33:09.604+0000][1672.468s] GC(763)   Post Evacuate Collection Set: 3.0ms
[2022-04-27T05:33:09.604+0000][1672.468s] GC(763)   Other: 0.8ms
[2022-04-27T05:33:09.605+0000][1672.468s] GC(763) Eden regions: 255->0(249)
[2022-04-27T05:33:09.605+0000][1672.468s] GC(763) Survivor regions: 26->20(36)
[2022-04-27T05:33:09.605+0000][1672.469s] GC(763) Old regions: 138->150
[2022-04-27T05:33:09.605+0000][1672.469s] GC(763) Humongous regions: 7->7
[2022-04-27T05:33:09.606+0000][1672.469s] GC(763) Metaspace: 56908K->56908K(1101824K)
[2022-04-27T05:33:09.606+0000][1672.470s] GC(763) Pause Young (Concurrent Start) (G1 Evacuation Pause) 423M->174M(512M) 19.673ms
[2022-04-27T05:33:09.606+0000][1672.470s] GC(763) User=0.06s Sys=0.02s Real=0.02s
[2022-04-27T05:33:09.606+0000][1672.470s] GC(764) Concurrent Cycle
[2022-04-27T05:33:09.607+0000][1672.470s] GC(764) Concurrent Clear Claimed Marks
[2022-04-27T05:33:09.607+0000][1672.471s] GC(764) Concurrent Clear Claimed Marks 0.354ms
[2022-04-27T05:33:09.607+0000][1672.471s] GC(764) Concurrent Scan Root Regions
[2022-04-27T05:33:09.612+0000][1672.476s] GC(764) Concurrent Scan Root Regions 4.945ms
[2022-04-27T05:33:09.614+0000][1672.478s] GC(764) Concurrent Mark (1672.478s)
[2022-04-27T05:33:09.619+0000][1672.483s] GC(764) Concurrent Mark From Roots
[2022-04-27T05:33:09.620+0000][1672.484s] GC(764) Using 2 workers of 2 for marking
[2022-04-27T05:33:09.653+0000][1672.517s] GC(764) Concurrent Mark From Roots 33.695ms
[2022-04-27T05:33:09.653+0000][1672.517s] GC(764) Concurrent Preclean
[2022-04-27T05:33:09.654+0000][1672.518s] GC(764) Concurrent Preclean 0.530ms
[2022-04-27T05:33:09.654+0000][1672.518s] GC(764) Concurrent Mark (1672.478s, 1672.518s) 39.987ms
[2022-04-27T05:33:09.655+0000][1672.519s] GC(764) Pause Remark
[2022-04-27T05:33:09.668+0000][1672.532s] GC(764) Cleaned string and symbol table, strings: 24821 processed, 0 removed, symbols: 137613 processed, 9 removed
[2022-04-27T05:33:09.669+0000][1672.533s] GC(764) Pause Remark 184M->153M(512M) 14.287ms
[2022-04-27T05:33:09.669+0000][1672.533s] GC(764) User=0.09s Sys=0.00s Real=0.01s
[2022-04-27T05:33:09.670+0000][1672.534s] GC(764) Concurrent Rebuild Remembered Sets
[2022-04-27T05:33:09.696+0000][1672.559s] GC(764) Concurrent Rebuild Remembered Sets 25.815ms
[2022-04-27T05:33:09.696+0000][1672.560s] GC(764) Pause Cleanup
[2022-04-27T05:33:09.697+0000][1672.560s] GC(764) Pause Cleanup 156M->156M(512M) 0.443ms
[2022-04-27T05:33:09.697+0000][1672.561s] GC(764) User=0.00s Sys=0.00s Real=0.00s
[2022-04-27T05:33:09.697+0000][1672.561s] GC(764) Concurrent Cleanup for Next Mark
[2022-04-27T05:33:09.698+0000][1672.562s] GC(764) Concurrent Cleanup for Next Mark 0.994ms
[2022-04-27T05:33:09.698+0000][1672.562s] GC(764) Concurrent Cycle 91.910ms
[2022-04-27T05:33:11.208+0000][1674.072s] GC(765) Pause Young (Prepare Mixed) (G1 Evacuation Pause)
[2022-04-27T05:33:11.209+0000][1674.072s] GC(765) Using 8 workers of 8 for evacuation
[2022-04-27T05:33:11.217+0000][1674.080s] GC(765)   Pre Evacuate Collection Set: 0.0ms
[2022-04-27T05:33:11.217+0000][1674.081s] GC(765)   Evacuate Collection Set: 4.9ms
[2022-04-27T05:33:11.218+0000][1674.081s] GC(765)   Post Evacuate Collection Set: 2.7ms
[2022-04-27T05:33:11.218+0000][1674.082s] GC(765)   Other: 0.9ms
[2022-04-27T05:33:11.218+0000][1674.082s] GC(765) Eden regions: 249->0(8)
[2022-04-27T05:33:11.219+0000][1674.082s] GC(765) Survivor regions: 20->17(34)
[2022-04-27T05:33:11.219+0000][1674.083s] GC(765) Old regions: 119->125
[2022-04-27T05:33:11.219+0000][1674.083s] GC(765) Humongous regions: 7->7
[2022-04-27T05:33:11.220+0000][1674.083s] GC(765) Metaspace: 56908K->56908K(1101824K)
[2022-04-27T05:33:11.220+0000][1674.084s] GC(765) Pause Young (Prepare Mixed) (G1 Evacuation Pause) 392M->146M(512M) 11.710ms
[2022-04-27T05:33:11.220+0000][1674.084s] GC(765) User=0.06s Sys=0.00s Real=0.01s
[2022-04-27T05:33:11.244+0000][1674.107s] GC(766) Pause Young (Mixed) (G1 Evacuation Pause)
[2022-04-27T05:33:11.244+0000][1674.108s] GC(766) Using 8 workers of 8 for evacuation
[2022-04-27T05:33:11.254+0000][1674.117s] GC(766)   Pre Evacuate Collection Set: 0.0ms
[2022-04-27T05:33:11.254+0000][1674.118s] GC(766)   Evacuate Collection Set: 8.3ms
[2022-04-27T05:33:11.254+0000][1674.118s] GC(766)   Post Evacuate Collection Set: 0.6ms
[2022-04-27T05:33:11.255+0000][1674.118s] GC(766)   Other: 0.9ms
[2022-04-27T05:33:11.255+0000][1674.119s] GC(766) Eden regions: 8->0(287)
[2022-04-27T05:33:11.255+0000][1674.119s] GC(766) Survivor regions: 17->4(4)
[2022-04-27T05:33:11.255+0000][1674.119s] GC(766) Old regions: 125->125
[2022-04-27T05:33:11.256+0000][1674.119s] GC(766) Humongous regions: 7->7
[2022-04-27T05:33:11.256+0000][1674.120s] GC(766) Metaspace: 56908K->56908K(1101824K)
[2022-04-27T05:33:11.256+0000][1674.120s] GC(766) Pause Young (Mixed) (G1 Evacuation Pause) 154M->133M(512M) 12.559ms
[2022-04-27T05:33:11.257+0000][1674.120s] GC(766) User=0.07s Sys=0.00s Real=0.01s
[2022-04-27T05:33:12.959+0000][1675.822s] GC(767) Pause Young (Normal) (G1 Evacuation Pause)
[2022-04-27T05:33:12.959+0000][1675.823s] GC(767) Using 8 workers of 8 for evacuation
[2022-04-27T05:33:12.968+0000][1675.832s] GC(767)   Pre Evacuate Collection Set: 0.0ms
[2022-04-27T05:33:12.969+0000][1675.832s] GC(767)   Evacuate Collection Set: 4.8ms
[2022-04-27T05:33:12.969+0000][1675.833s] GC(767)   Post Evacuate Collection Set: 4.1ms
[2022-04-27T05:33:12.969+0000][1675.833s] GC(767)   Other: 0.8ms
[2022-04-27T05:33:12.970+0000][1675.833s] GC(767) Eden regions: 287->0(280)
[2022-04-27T05:33:12.970+0000][1675.833s] GC(767) Survivor regions: 4->13(37)
[2022-04-27T05:33:12.970+0000][1675.834s] GC(767) Old regions: 125->125
[2022-04-27T05:33:12.970+0000][1675.834s] GC(767) Humongous regions: 7->7
[2022-04-27T05:33:12.971+0000][1675.834s] GC(767) Metaspace: 56908K->56908K(1101824K)
[2022-04-27T05:33:12.971+0000][1675.835s] GC(767) Pause Young (Normal) (G1 Evacuation Pause) 420M->142M(512M) 12.328ms
[2022-04-27T05:33:12.971+0000][1675.835s] GC(767) User=0.07s Sys=0.00s Real=0.02s
[2022-04-27T05:33:14.777+0000][1677.640s] GC(768) Pause Young (Normal) (G1 Evacuation Pause)
[2022-04-27T05:33:14.777+0000][1677.641s] GC(768) Using 8 workers of 8 for evacuation
[2022-04-27T05:33:14.786+0000][1677.650s] GC(768)   Pre Evacuate Collection Set: 0.0ms
[2022-04-27T05:33:14.787+0000][1677.650s] GC(768)   Evacuate Collection Set: 7.2ms
[2022-04-27T05:33:14.787+0000][1677.651s] GC(768)   Post Evacuate Collection Set: 1.4ms
[2022-04-27T05:33:14.787+0000][1677.651s] GC(768)   Other: 0.9ms
[2022-04-27T05:33:14.788+0000][1677.651s] GC(768) Eden regions: 280->0(269)
[2022-04-27T05:33:14.788+0000][1677.652s] GC(768) Survivor regions: 13->23(37)
[2022-04-27T05:33:14.788+0000][1677.652s] GC(768) Old regions: 125->125
[2022-04-27T05:33:14.789+0000][1677.652s] GC(768) Humongous regions: 7->7
[2022-04-27T05:33:14.789+0000][1677.653s] GC(768) Metaspace: 56908K->56908K(1101824K)
[2022-04-27T05:33:14.789+0000][1677.653s] GC(768) Pause Young (Normal) (G1 Evacuation Pause) 422M->151M(512M) 12.733ms
[2022-04-27T05:33:14.790+0000][1677.653s] GC(768) User=0.06s Sys=0.00s Real=0.01s
[2022-04-27T05:33:16.341+0000][1679.205s] GC(769) Pause Young (Normal) (G1 Evacuation Pause)
[2022-04-27T05:33:16.342+0000][1679.206s] GC(769) Using 8 workers of 8 for evacuation
[2022-04-27T05:33:16.353+0000][1679.217s] GC(769)   Pre Evacuate Collection Set: 0.0ms
[2022-04-27T05:33:16.354+0000][1679.218s] GC(769)   Evacuate Collection Set: 9.4ms
[2022-04-27T05:33:16.354+0000][1679.218s] GC(769)   Post Evacuate Collection Set: 1.8ms
[2022-04-27T05:33:16.354+0000][1679.218s] GC(769)   Other: 0.8ms
[2022-04-27T05:33:16.355+0000][1679.218s] GC(769) Eden regions: 269->0(259)
[2022-04-27T05:33:16.355+0000][1679.219s] GC(769) Survivor regions: 23->22(37)
[2022-04-27T05:33:16.356+0000][1679.219s] GC(769) Old regions: 125->133
[2022-04-27T05:33:16.356+0000][1679.219s] GC(769) Humongous regions: 7->7
[2022-04-27T05:33:16.356+0000][1679.220s] GC(769) Metaspace: 56908K->56908K(1101824K)
[2022-04-27T05:33:16.357+0000][1679.220s] GC(769) Pause Young (Normal) (G1 Evacuation Pause) 420M->160M(512M) 15.013ms
[2022-04-27T05:33:16.357+0000][1679.220s] GC(769) User=0.08s Sys=0.00s Real=0.01s
[2022-04-27T05:33:17.971+0000][1680.835s] GC(770) Pause Young (Normal) (G1 Evacuation Pause)
[2022-04-27T05:33:17.972+0000][1680.835s] GC(770) Using 8 workers of 8 for evacuation
[2022-04-27T05:33:17.982+0000][1680.845s] GC(770)   Pre Evacuate Collection Set: 0.0ms
[2022-04-27T05:33:17.982+0000][1680.846s] GC(770)   Evacuate Collection Set: 8.2ms
[2022-04-27T05:33:17.982+0000][1680.846s] GC(770)   Post Evacuate Collection Set: 1.2ms
[2022-04-27T05:33:17.983+0000][1680.846s] GC(770)   Other: 0.8ms
[2022-04-27T05:33:17.983+0000][1680.847s] GC(770) Eden regions: 259->0(251)
[2022-04-27T05:33:17.983+0000][1680.847s] GC(770) Survivor regions: 22->23(36)
[2022-04-27T05:33:17.984+0000][1680.847s] GC(770) Old regions: 133->139
[2022-04-27T05:33:17.984+0000][1680.848s] GC(770) Humongous regions: 7->7
[2022-04-27T05:33:17.984+0000][1680.848s] GC(770) Metaspace: 56908K->56908K(1101824K)
[2022-04-27T05:33:17.985+0000][1680.848s] GC(770) Pause Young (Normal) (G1 Evacuation Pause) 419M->167M(512M) 13.239ms
[2022-04-27T05:33:17.985+0000][1680.849s] GC(770) User=0.07s Sys=0.01s Real=0.01s
[2022-04-27T05:33:19.563+0000][1682.426s] GC(771) Pause Young (Normal) (G1 Evacuation Pause)
[2022-04-27T05:33:19.563+0000][1682.427s] GC(771) Using 8 workers of 8 for evacuation
[2022-04-27T05:33:19.573+0000][1682.437s] GC(771)   Pre Evacuate Collection Set: 0.0ms
[2022-04-27T05:33:19.574+0000][1682.437s] GC(771)   Evacuate Collection Set: 8.6ms
[2022-04-27T05:33:19.574+0000][1682.438s] GC(771)   Post Evacuate Collection Set: 1.1ms
[2022-04-27T05:33:19.574+0000][1682.438s] GC(771)   Other: 0.9ms
[2022-04-27T05:33:19.575+0000][1682.438s] GC(771) Eden regions: 251->0(246)
[2022-04-27T05:33:19.575+0000][1682.438s] GC(771) Survivor regions: 23->21(35)
[2022-04-27T05:33:19.575+0000][1682.439s] GC(771) Old regions: 139->146
[2022-04-27T05:33:19.576+0000][1682.439s] GC(771) Humongous regions: 7->7
[2022-04-27T05:33:19.576+0000][1682.440s] GC(771) Metaspace: 56908K->56908K(1101824K)
[2022-04-27T05:33:19.576+0000][1682.440s] GC(771) Pause Young (Normal) (G1 Evacuation Pause) 418M->171M(512M) 13.393ms
[2022-04-27T05:33:19.576+0000][1682.440s] GC(771) User=0.08s Sys=0.00s Real=0.01s
[2022-04-27T05:33:21.086+0000][1683.949s] GC(772) Pause Young (Normal) (G1 Evacuation Pause)
[2022-04-27T05:33:21.086+0000][1683.950s] GC(772) Using 8 workers of 8 for evacuation
[2022-04-27T05:33:21.096+0000][1683.960s] GC(772)   Pre Evacuate Collection Set: 0.0ms
[2022-04-27T05:33:21.097+0000][1683.960s] GC(772)   Evacuate Collection Set: 8.1ms
[2022-04-27T05:33:21.097+0000][1683.961s] GC(772)   Post Evacuate Collection Set: 1.5ms
[2022-04-27T05:33:21.097+0000][1683.961s] GC(772)   Other: 0.9ms
[2022-04-27T05:33:21.098+0000][1683.962s] GC(772) Eden regions: 246->0(239)
[2022-04-27T05:33:21.098+0000][1683.962s] GC(772) Survivor regions: 21->22(34)
[2022-04-27T05:33:21.098+0000][1683.962s] GC(772) Old regions: 146->152
[2022-04-27T05:33:21.099+0000][1683.962s] GC(772) Humongous regions: 7->7
[2022-04-27T05:33:21.099+0000][1683.963s] GC(772) Metaspace: 56908K->56908K(1101824K)
[2022-04-27T05:33:21.099+0000][1683.963s] GC(772) Pause Young (Normal) (G1 Evacuation Pause) 417M->178M(512M) 13.521ms
[2022-04-27T05:33:21.100+0000][1683.963s] GC(772) User=0.07s Sys=0.00s Real=0.01s
[2022-04-27T05:33:22.616+0000][1685.480s] GC(773) Pause Young (Normal) (G1 Evacuation Pause)
[2022-04-27T05:33:22.617+0000][1685.480s] GC(773) Using 8 workers of 8 for evacuation
[2022-04-27T05:33:22.630+0000][1685.494s] GC(773)   Pre Evacuate Collection Set: 0.0ms
[2022-04-27T05:33:22.631+0000][1685.494s] GC(773)   Evacuate Collection Set: 12.0ms
[2022-04-27T05:33:22.631+0000][1685.495s] GC(773)   Post Evacuate Collection Set: 1.3ms
[2022-04-27T05:33:22.631+0000][1685.495s] GC(773)   Other: 0.8ms
[2022-04-27T05:33:22.632+0000][1685.495s] GC(773) Eden regions: 239->0(235)
[2022-04-27T05:33:22.632+0000][1685.496s] GC(773) Survivor regions: 22->20(33)
[2022-04-27T05:33:22.632+0000][1685.496s] GC(773) Old regions: 152->158
[2022-04-27T05:33:22.633+0000][1685.496s] GC(773) Humongous regions: 7->7
[2022-04-27T05:33:22.633+0000][1685.497s] GC(773) Metaspace: 56908K->56908K(1101824K)
[2022-04-27T05:33:22.633+0000][1685.497s] GC(773) Pause Young (Normal) (G1 Evacuation Pause) 417M->182M(512M) 17.101ms
[2022-04-27T05:33:22.634+0000][1685.497s] GC(773) User=0.09s Sys=0.01s Real=0.02s
[2022-04-27T05:33:24.312+0000][1687.175s] GC(774) Pause Young (Normal) (G1 Evacuation Pause)
[2022-04-27T05:33:24.312+0000][1687.176s] GC(774) Using 8 workers of 8 for evacuation
[2022-04-27T05:33:24.323+0000][1687.186s] GC(774)   Pre Evacuate Collection Set: 0.0ms
[2022-04-27T05:33:24.323+0000][1687.187s] GC(774)   Evacuate Collection Set: 8.9ms
[2022-04-27T05:33:24.323+0000][1687.187s] GC(774)   Post Evacuate Collection Set: 1.2ms
[2022-04-27T05:33:24.324+0000][1687.188s] GC(774)   Other: 1.0ms
[2022-04-27T05:33:24.324+0000][1687.188s] GC(774) Eden regions: 235->0(233)
[2022-04-27T05:33:24.325+0000][1687.188s] GC(774) Survivor regions: 20->18(32)
[2022-04-27T05:33:24.325+0000][1687.189s] GC(774) Old regions: 158->164
[2022-04-27T05:33:24.325+0000][1687.189s] GC(774) Humongous regions: 7->7
[2022-04-27T05:33:24.326+0000][1687.189s] GC(774) Metaspace: 56908K->56908K(1101824K)
[2022-04-27T05:33:24.326+0000][1687.190s] GC(774) Pause Young (Normal) (G1 Evacuation Pause) 417M->186M(512M) 14.513ms
[2022-04-27T05:33:24.326+0000][1687.190s] GC(774) User=0.06s Sys=0.00s Real=0.01s
[2022-04-27T05:33:25.829+0000][1688.693s] GC(775) Pause Young (Normal) (G1 Evacuation Pause)
[2022-04-27T05:33:25.829+0000][1688.693s] GC(775) Using 8 workers of 8 for evacuation
[2022-04-27T05:33:25.839+0000][1688.702s] GC(775)   Pre Evacuate Collection Set: 0.0ms
[2022-04-27T05:33:25.839+0000][1688.703s] GC(775)   Evacuate Collection Set: 7.7ms
[2022-04-27T05:33:25.839+0000][1688.703s] GC(775)   Post Evacuate Collection Set: 1.3ms
[2022-04-27T05:33:25.840+0000][1688.703s] GC(775)   Other: 0.8ms
[2022-04-27T05:33:25.840+0000][1688.704s] GC(775) Eden regions: 233->0(226)
[2022-04-27T05:33:25.840+0000][1688.704s] GC(775) Survivor regions: 18->19(32)
[2022-04-27T05:33:25.841+0000][1688.704s] GC(775) Old regions: 164->170
[2022-04-27T05:33:25.841+0000][1688.705s] GC(775) Humongous regions: 7->7
[2022-04-27T05:33:25.841+0000][1688.705s] GC(775) Metaspace: 56908K->56908K(1101824K)
[2022-04-27T05:33:25.841+0000][1688.705s] GC(775) Pause Young (Normal) (G1 Evacuation Pause) 419M->193M(512M) 12.432ms
[2022-04-27T05:33:25.842+0000][1688.705s] GC(775) User=0.06s Sys=0.00s Real=0.02s
[2022-04-27T05:33:26.742+0000][1689.606s] GC(776) Pause Young (Normal) (G1 Evacuation Pause)
[2022-04-27T05:33:26.742+0000][1689.606s] GC(776) Using 8 workers of 8 for evacuation
[2022-04-27T05:33:26.753+0000][1689.617s] GC(776)   Pre Evacuate Collection Set: 0.0ms
[2022-04-27T05:33:26.753+0000][1689.617s] GC(776)   Evacuate Collection Set: 6.7ms
[2022-04-27T05:33:26.754+0000][1689.617s] GC(776)   Post Evacuate Collection Set: 3.5ms
[2022-04-27T05:33:26.754+0000][1689.618s] GC(776)   Other: 0.7ms
[2022-04-27T05:33:26.754+0000][1689.618s] GC(776) Eden regions: 226->0(230)
[2022-04-27T05:33:26.755+0000][1689.618s] GC(776) Survivor regions: 19->14(31)
[2022-04-27T05:33:26.755+0000][1689.619s] GC(776) Old regions: 170->176
[2022-04-27T05:33:26.755+0000][1689.619s] GC(776) Humongous regions: 7->7
[2022-04-27T05:33:26.755+0000][1689.619s] GC(776) Metaspace: 56908K->56908K(1101824K)
[2022-04-27T05:33:26.756+0000][1689.619s] GC(776) Pause Young (Normal) (G1 Evacuation Pause) 419M->194M(512M) 13.551ms
[2022-04-27T05:33:26.756+0000][1689.620s] GC(776) User=0.07s Sys=0.00s Real=0.01s
[2022-04-27T05:33:28.244+0000][1691.107s] GC(777) Pause Young (Normal) (G1 Evacuation Pause)
[2022-04-27T05:33:28.244+0000][1691.108s] GC(777) Using 8 workers of 8 for evacuation
[2022-04-27T05:33:28.251+0000][1691.115s] GC(777)   Pre Evacuate Collection Set: 0.0ms
[2022-04-27T05:33:28.252+0000][1691.115s] GC(777)   Evacuate Collection Set: 5.7ms
[2022-04-27T05:33:28.252+0000][1691.116s] GC(777)   Post Evacuate Collection Set: 1.1ms
[2022-04-27T05:33:28.253+0000][1691.116s] GC(777)   Other: 0.9ms
[2022-04-27T05:33:28.253+0000][1691.117s] GC(777) Eden regions: 230->0(226)
[2022-04-27T05:33:28.253+0000][1691.117s] GC(777) Survivor regions: 14->20(31)
[2022-04-27T05:33:28.254+0000][1691.117s] GC(777) Old regions: 176->176
[2022-04-27T05:33:28.254+0000][1691.118s] GC(777) Humongous regions: 7->7
[2022-04-27T05:33:28.254+0000][1691.118s] GC(777) Metaspace: 56908K->56908K(1101824K)
[2022-04-27T05:33:28.255+0000][1691.118s] GC(777) Pause Young (Normal) (G1 Evacuation Pause) 424M->200M(512M) 11.088ms
[2022-04-27T05:33:28.255+0000][1691.119s] GC(777) User=0.05s Sys=0.01s Real=0.01s
[2022-04-27T05:33:29.828+0000][1692.692s] GC(778) Pause Young (Normal) (G1 Evacuation Pause)
[2022-04-27T05:33:29.828+0000][1692.692s] GC(778) Using 8 workers of 8 for evacuation
[2022-04-27T05:33:29.839+0000][1692.703s] GC(778)   Pre Evacuate Collection Set: 0.0ms
[2022-04-27T05:33:29.839+0000][1692.703s] GC(778)   Evacuate Collection Set: 8.5ms
[2022-04-27T05:33:29.840+0000][1692.703s] GC(778)   Post Evacuate Collection Set: 1.8ms
[2022-04-27T05:33:29.840+0000][1692.704s] GC(778)   Other: 0.9ms
[2022-04-27T05:33:29.840+0000][1692.704s] GC(778) Eden regions: 226->0(220)
[2022-04-27T05:33:29.840+0000][1692.704s] GC(778) Survivor regions: 20->21(31)
[2022-04-27T05:33:29.841+0000][1692.704s] GC(778) Old regions: 176->182
[2022-04-27T05:33:29.841+0000][1692.704s] GC(778) Humongous regions: 7->7
[2022-04-27T05:33:29.841+0000][1692.705s] GC(778) Metaspace: 56908K->56908K(1101824K)
[2022-04-27T05:33:29.841+0000][1692.705s] GC(778) Pause Young (Normal) (G1 Evacuation Pause) 426M->208M(512M) 13.504ms
[2022-04-27T05:33:29.842+0000][1692.705s] GC(778) User=0.08s Sys=0.00s Real=0.02s
[2022-04-27T05:33:31.306+0000][1694.169s] GC(779) Pause Young (Concurrent Start) (G1 Evacuation Pause)
[2022-04-27T05:33:31.306+0000][1694.170s] GC(779) Using 8 workers of 8 for evacuation
[2022-04-27T05:33:31.320+0000][1694.184s] GC(779)   Pre Evacuate Collection Set: 0.1ms
[2022-04-27T05:33:31.321+0000][1694.184s] GC(779)   Evacuate Collection Set: 12.6ms
[2022-04-27T05:33:31.321+0000][1694.185s] GC(779)   Post Evacuate Collection Set: 1.1ms
[2022-04-27T05:33:31.321+0000][1694.185s] GC(779)   Other: 0.9ms
[2022-04-27T05:33:31.322+0000][1694.185s] GC(779) Eden regions: 220->0(213)
[2022-04-27T05:33:31.322+0000][1694.186s] GC(779) Survivor regions: 21->22(31)
[2022-04-27T05:33:31.323+0000][1694.186s] GC(779) Old regions: 182->187
[2022-04-27T05:33:31.323+0000][1694.187s] GC(779) Humongous regions: 7->7
[2022-04-27T05:33:31.323+0000][1694.187s] GC(779) Metaspace: 56908K->56908K(1101824K)
[2022-04-27T05:33:31.324+0000][1694.187s] GC(779) Pause Young (Concurrent Start) (G1 Evacuation Pause) 428M->214M(512M) 17.979ms
[2022-04-27T05:33:31.324+0000][1694.188s] GC(779) User=0.05s Sys=0.00s Real=0.02s
[2022-04-27T05:33:31.324+0000][1694.188s] GC(780) Concurrent Cycle
[2022-04-27T05:33:31.325+0000][1694.188s] GC(780) Concurrent Clear Claimed Marks
[2022-04-27T05:33:31.325+0000][1694.188s] GC(780) Concurrent Clear Claimed Marks 0.336ms
[2022-04-27T05:33:31.325+0000][1694.189s] GC(780) Concurrent Scan Root Regions
[2022-04-27T05:33:31.330+0000][1694.194s] GC(780) Concurrent Scan Root Regions 4.892ms
[2022-04-27T05:33:31.330+0000][1694.194s] GC(780) Concurrent Mark (1694.194s)
[2022-04-27T05:33:31.331+0000][1694.194s] GC(780) Concurrent Mark From Roots
[2022-04-27T05:33:31.331+0000][1694.195s] GC(780) Using 2 workers of 2 for marking
[2022-04-27T05:33:31.367+0000][1694.231s] GC(780) Concurrent Mark From Roots 36.287ms
[2022-04-27T05:33:31.367+0000][1694.231s] GC(780) Concurrent Preclean
[2022-04-27T05:33:31.368+0000][1694.232s] GC(780) Concurrent Preclean 0.497ms
[2022-04-27T05:33:31.368+0000][1694.232s] GC(780) Concurrent Mark (1694.194s, 1694.232s) 37.812ms
[2022-04-27T05:33:31.369+0000][1694.232s] GC(780) Pause Remark
[2022-04-27T05:33:31.386+0000][1694.250s] GC(780) Cleaned string and symbol table, strings: 24824 processed, 0 removed, symbols: 137619 processed, 10 removed
[2022-04-27T05:33:31.387+0000][1694.251s] GC(780) Pause Remark 226M->206M(512M) 18.243ms
[2022-04-27T05:33:31.387+0000][1694.251s] GC(780) User=0.12s Sys=0.00s Real=0.02s
[2022-04-27T05:33:31.388+0000][1694.252s] GC(780) Concurrent Rebuild Remembered Sets
[2022-04-27T05:33:31.448+0000][1694.312s] GC(780) Concurrent Rebuild Remembered Sets 60.537ms
[2022-04-27T05:33:31.449+0000][1694.313s] GC(780) Pause Cleanup
[2022-04-27T05:33:31.450+0000][1694.313s] GC(780) Pause Cleanup 212M->212M(512M) 0.568ms
[2022-04-27T05:33:31.450+0000][1694.313s] GC(780) User=0.00s Sys=0.00s Real=0.00s
[2022-04-27T05:33:31.450+0000][1694.314s] GC(780) Concurrent Cleanup for Next Mark
[2022-04-27T05:33:31.451+0000][1694.315s] GC(780) Concurrent Cleanup for Next Mark 1.076ms
[2022-04-27T05:33:31.452+0000][1694.315s] GC(780) Concurrent Cycle 127.263ms
[2022-04-27T05:33:32.759+0000][1695.623s] GC(781) Pause Young (Prepare Mixed) (G1 Evacuation Pause)
[2022-04-27T05:33:32.759+0000][1695.623s] GC(781) Using 8 workers of 8 for evacuation
[2022-04-27T05:33:32.769+0000][1695.632s] GC(781)   Pre Evacuate Collection Set: 0.0ms
[2022-04-27T05:33:32.769+0000][1695.633s] GC(781)   Evacuate Collection Set: 6.5ms
[2022-04-27T05:33:32.769+0000][1695.633s] GC(781)   Post Evacuate Collection Set: 2.5ms
[2022-04-27T05:33:32.770+0000][1695.633s] GC(781)   Other: 0.9ms
[2022-04-27T05:33:32.770+0000][1695.634s] GC(781) Eden regions: 213->0(6)
[2022-04-27T05:33:32.770+0000][1695.634s] GC(781) Survivor regions: 22->19(30)
[2022-04-27T05:33:32.771+0000][1695.634s] GC(781) Old regions: 167->176
[2022-04-27T05:33:32.771+0000][1695.635s] GC(781) Humongous regions: 7->7
[2022-04-27T05:33:32.771+0000][1695.635s] GC(781) Metaspace: 56908K->56908K(1101824K)
[2022-04-27T05:33:32.772+0000][1695.635s] GC(781) Pause Young (Prepare Mixed) (G1 Evacuation Pause) 407M->200M(512M) 12.816ms
[2022-04-27T05:33:32.772+0000][1695.636s] GC(781) User=0.07s Sys=0.00s Real=0.02s
[2022-04-27T05:33:32.790+0000][1695.654s] GC(782) Pause Young (Mixed) (G1 Evacuation Pause)
[2022-04-27T05:33:32.790+0000][1695.654s] GC(782) Using 8 workers of 8 for evacuation
[2022-04-27T05:33:32.797+0000][1695.660s] GC(782)   Pre Evacuate Collection Set: 0.1ms
[2022-04-27T05:33:32.797+0000][1695.661s] GC(782)   Evacuate Collection Set: 5.1ms
[2022-04-27T05:33:32.798+0000][1695.661s] GC(782)   Post Evacuate Collection Set: 0.7ms
[2022-04-27T05:33:32.798+0000][1695.662s] GC(782)   Other: 0.6ms
[2022-04-27T05:33:32.798+0000][1695.662s] GC(782) Eden regions: 6->0(251)
[2022-04-27T05:33:32.799+0000][1695.662s] GC(782) Survivor regions: 19->2(4)
[2022-04-27T05:33:32.799+0000][1695.663s] GC(782) Old regions: 176->158
[2022-04-27T05:33:32.799+0000][1695.663s] GC(782) Humongous regions: 7->7
[2022-04-27T05:33:32.800+0000][1695.663s] GC(782) Metaspace: 56908K->56908K(1101824K)
[2022-04-27T05:33:32.800+0000][1695.664s] GC(782) Pause Young (Mixed) (G1 Evacuation Pause) 206M->165M(512M) 9.795ms
[2022-04-27T05:33:32.800+0000][1695.664s] GC(782) User=0.04s Sys=0.00s Real=0.01s
[2022-04-27T05:33:34.237+0000][1697.101s] GC(783) Pause Young (Normal) (G1 Evacuation Pause)
[2022-04-27T05:33:34.238+0000][1697.101s] GC(783) Using 8 workers of 8 for evacuation
[2022-04-27T05:33:34.250+0000][1697.113s] GC(783)   Pre Evacuate Collection Set: 0.0ms
[2022-04-27T05:33:34.250+0000][1697.114s] GC(783)   Evacuate Collection Set: 10.9ms
[2022-04-27T05:33:34.251+0000][1697.114s] GC(783)   Post Evacuate Collection Set: 0.8ms
[2022-04-27T05:33:34.251+0000][1697.114s] GC(783)   Other: 0.8ms
[2022-04-27T05:33:34.251+0000][1697.115s] GC(783) Eden regions: 251->0(240)
[2022-04-27T05:33:34.251+0000][1697.115s] GC(783) Survivor regions: 2->15(32)
[2022-04-27T05:33:34.252+0000][1697.115s] GC(783) Old regions: 158->158
[2022-04-27T05:33:34.252+0000][1697.116s] GC(783) Humongous regions: 7->7
[2022-04-27T05:33:34.252+0000][1697.116s] GC(783) Metaspace: 56908K->56908K(1101824K)
[2022-04-27T05:33:34.252+0000][1697.116s] GC(783) Pause Young (Normal) (G1 Evacuation Pause) 416M->178M(512M) 15.210ms
[2022-04-27T05:33:34.253+0000][1697.116s] GC(783) User=0.07s Sys=0.00s Real=0.02s
[2022-04-27T05:33:35.739+0000][1698.603s] GC(784) Pause Young (Normal) (G1 Evacuation Pause)
[2022-04-27T05:33:35.739+0000][1698.603s] GC(784) Using 8 workers of 8 for evacuation
[2022-04-27T05:33:35.748+0000][1698.612s] GC(784)   Pre Evacuate Collection Set: 0.0ms
[2022-04-27T05:33:35.748+0000][1698.612s] GC(784)   Evacuate Collection Set: 6.9ms
[2022-04-27T05:33:35.749+0000][1698.612s] GC(784)   Post Evacuate Collection Set: 1.2ms
[2022-04-27T05:33:35.749+0000][1698.612s] GC(784)   Other: 0.7ms
[2022-04-27T05:33:35.749+0000][1698.613s] GC(784) Eden regions: 240->0(236)
[2022-04-27T05:33:35.749+0000][1698.613s] GC(784) Survivor regions: 15->20(32)
[2022-04-27T05:33:35.750+0000][1698.613s] GC(784) Old regions: 158->158
[2022-04-27T05:33:35.750+0000][1698.614s] GC(784) Humongous regions: 7->7
[2022-04-27T05:33:35.750+0000][1698.614s] GC(784) Metaspace: 56908K->56908K(1101824K)
[2022-04-27T05:33:35.750+0000][1698.614s] GC(784) Pause Young (Normal) (G1 Evacuation Pause) 418M->183M(512M) 11.407ms
[2022-04-27T05:33:35.751+0000][1698.614s] GC(784) User=0.05s Sys=0.00s Real=0.01s
[2022-04-27T05:33:37.147+0000][1700.010s] GC(785) Pause Young (Normal) (G1 Evacuation Pause)
[2022-04-27T05:33:37.147+0000][1700.011s] GC(785) Using 8 workers of 8 for evacuation
[2022-04-27T05:33:37.155+0000][1700.019s] GC(785)   Pre Evacuate Collection Set: 0.0ms
[2022-04-27T05:33:37.156+0000][1700.019s] GC(785)   Evacuate Collection Set: 6.8ms
[2022-04-27T05:33:37.156+0000][1700.020s] GC(785)   Post Evacuate Collection Set: 1.1ms
[2022-04-27T05:33:37.157+0000][1700.020s] GC(785)   Other: 0.9ms
[2022-04-27T05:33:37.157+0000][1700.021s] GC(785) Eden regions: 236->0(234)
[2022-04-27T05:33:37.157+0000][1700.021s] GC(785) Survivor regions: 20->18(32)
[2022-04-27T05:33:37.158+0000][1700.021s] GC(785) Old regions: 158->164
[2022-04-27T05:33:37.158+0000][1700.022s] GC(785) Humongous regions: 7->7
[2022-04-27T05:33:37.158+0000][1700.022s] GC(785) Metaspace: 56908K->56908K(1101824K)
[2022-04-27T05:33:37.158+0000][1700.022s] GC(785) Pause Young (Normal) (G1 Evacuation Pause) 419M->187M(512M) 11.898ms
[2022-04-27T05:33:37.159+0000][1700.022s] GC(785) User=0.06s Sys=0.00s Real=0.01s
[2022-04-27T05:33:38.556+0000][1701.420s] GC(786) Pause Young (Normal) (G1 Evacuation Pause)
[2022-04-27T05:33:38.557+0000][1701.420s] GC(786) Using 8 workers of 8 for evacuation
[2022-04-27T05:33:38.566+0000][1701.430s] GC(786)   Pre Evacuate Collection Set: 0.0ms
[2022-04-27T05:33:38.566+0000][1701.430s] GC(786)   Evacuate Collection Set: 7.2ms
[2022-04-27T05:33:38.567+0000][1701.431s] GC(786)   Post Evacuate Collection Set: 1.4ms
[2022-04-27T05:33:38.567+0000][1701.431s] GC(786)   Other: 1.0ms
[2022-04-27T05:33:38.568+0000][1701.431s] GC(786) Eden regions: 234->0(227)
[2022-04-27T05:33:38.568+0000][1701.432s] GC(786) Survivor regions: 18->19(32)
[2022-04-27T05:33:38.568+0000][1701.432s] GC(786) Old regions: 164->170
[2022-04-27T05:33:38.569+0000][1701.432s] GC(786) Humongous regions: 7->7
[2022-04-27T05:33:38.569+0000][1701.433s] GC(786) Metaspace: 56908K->56908K(1101824K)
[2022-04-27T05:33:38.569+0000][1701.433s] GC(786) Pause Young (Normal) (G1 Evacuation Pause) 421M->193M(512M) 13.049ms
[2022-04-27T05:33:38.570+0000][1701.433s] GC(786) User=0.06s Sys=0.00s Real=0.01s
[2022-04-27T05:33:39.674+0000][1702.538s] GC(787) Pause Young (Normal) (G1 Evacuation Pause)
[2022-04-27T05:33:39.674+0000][1702.538s] GC(787) Using 8 workers of 8 for evacuation
[2022-04-27T05:33:39.680+0000][1702.544s] GC(787)   Pre Evacuate Collection Set: 0.0ms
[2022-04-27T05:33:39.681+0000][1702.544s] GC(787)   Evacuate Collection Set: 4.8ms
[2022-04-27T05:33:39.681+0000][1702.544s] GC(787)   Post Evacuate Collection Set: 0.9ms
[2022-04-27T05:33:39.681+0000][1702.545s] GC(787)   Other: 0.4ms
[2022-04-27T05:33:39.682+0000][1702.545s] GC(787) Eden regions: 227->0(231)
[2022-04-27T05:33:39.682+0000][1702.546s] GC(787) Survivor regions: 19->13(31)
[2022-04-27T05:33:39.682+0000][1702.546s] GC(787) Old regions: 170->176
[2022-04-27T05:33:39.683+0000][1702.546s] GC(787) Humongous regions: 7->7
[2022-04-27T05:33:39.683+0000][1702.547s] GC(787) Metaspace: 56908K->56908K(1101824K)
[2022-04-27T05:33:39.683+0000][1702.547s] GC(787) Pause Young (Normal) (G1 Evacuation Pause) 420M->194M(512M) 9.464ms
[2022-04-27T05:33:39.684+0000][1702.547s] GC(787) User=0.04s Sys=0.01s Real=0.01s
[2022-04-27T05:33:40.905+0000][1703.769s] GC(788) Pause Young (Normal) (G1 Evacuation Pause)
[2022-04-27T05:33:40.905+0000][1703.769s] GC(788) Using 8 workers of 8 for evacuation
[2022-04-27T05:33:40.913+0000][1703.777s] GC(788)   Pre Evacuate Collection Set: 0.0ms
[2022-04-27T05:33:40.914+0000][1703.777s] GC(788)   Evacuate Collection Set: 6.3ms
[2022-04-27T05:33:40.914+0000][1703.778s] GC(788)   Post Evacuate Collection Set: 1.1ms
[2022-04-27T05:33:40.914+0000][1703.778s] GC(788)   Other: 0.9ms
[2022-04-27T05:33:40.915+0000][1703.778s] GC(788) Eden regions: 231->0(222)
[2022-04-27T05:33:40.915+0000][1703.779s] GC(788) Survivor regions: 13->23(31)
[2022-04-27T05:33:40.915+0000][1703.779s] GC(788) Old regions: 176->176
[2022-04-27T05:33:40.916+0000][1703.779s] GC(788) Humongous regions: 7->7
[2022-04-27T05:33:40.916+0000][1703.780s] GC(788) Metaspace: 56908K->56908K(1101824K)
[2022-04-27T05:33:40.916+0000][1703.780s] GC(788) Pause Young (Normal) (G1 Evacuation Pause) 425M->203M(512M) 11.161ms
[2022-04-27T05:33:40.916+0000][1703.780s] GC(788) User=0.05s Sys=0.00s Real=0.01s
[2022-04-27T05:33:42.274+0000][1705.138s] GC(789) Pause Young (Normal) (G1 Evacuation Pause)
[2022-04-27T05:33:42.274+0000][1705.138s] GC(789) Using 8 workers of 8 for evacuation
[2022-04-27T05:33:42.284+0000][1705.147s] GC(789)   Pre Evacuate Collection Set: 0.0ms
[2022-04-27T05:33:42.284+0000][1705.148s] GC(789)   Evacuate Collection Set: 7.8ms
[2022-04-27T05:33:42.284+0000][1705.148s] GC(789)   Post Evacuate Collection Set: 1.2ms
[2022-04-27T05:33:42.285+0000][1705.148s] GC(789)   Other: 0.8ms
[2022-04-27T05:33:42.285+0000][1705.149s] GC(789) Eden regions: 222->0(218)
[2022-04-27T05:33:42.285+0000][1705.149s] GC(789) Survivor regions: 23->21(31)
[2022-04-27T05:33:42.286+0000][1705.149s] GC(789) Old regions: 176->182
[2022-04-27T05:33:42.286+0000][1705.150s] GC(789) Humongous regions: 7->7
[2022-04-27T05:33:42.286+0000][1705.150s] GC(789) Metaspace: 56908K->56908K(1101824K)
[2022-04-27T05:33:42.287+0000][1705.150s] GC(789) Pause Young (Normal) (G1 Evacuation Pause) 425M->208M(512M) 12.652ms
[2022-04-27T05:33:42.287+0000][1705.150s] GC(789) User=0.07s Sys=0.00s Real=0.01s
[2022-04-27T05:33:43.585+0000][1706.448s] GC(790) Pause Young (Concurrent Start) (G1 Evacuation Pause)
[2022-04-27T05:33:43.585+0000][1706.449s] GC(790) Using 8 workers of 8 for evacuation
[2022-04-27T05:33:43.599+0000][1706.463s] GC(790)   Pre Evacuate Collection Set: 0.1ms
[2022-04-27T05:33:43.600+0000][1706.463s] GC(790)   Evacuate Collection Set: 11.6ms
[2022-04-27T05:33:43.600+0000][1706.464s] GC(790)   Post Evacuate Collection Set: 1.6ms
[2022-04-27T05:33:43.600+0000][1706.464s] GC(790)   Other: 1.0ms
[2022-04-27T05:33:43.601+0000][1706.464s] GC(790) Eden regions: 218->0(212)
[2022-04-27T05:33:43.601+0000][1706.465s] GC(790) Survivor regions: 21->21(30)
[2022-04-27T05:33:43.601+0000][1706.465s] GC(790) Old regions: 182->188
[2022-04-27T05:33:43.602+0000][1706.465s] GC(790) Humongous regions: 7->7
[2022-04-27T05:33:43.602+0000][1706.466s] GC(790) Metaspace: 56908K->56908K(1101824K)
[2022-04-27T05:33:43.602+0000][1706.466s] GC(790) Pause Young (Concurrent Start) (G1 Evacuation Pause) 426M->213M(512M) 17.494ms
[2022-04-27T05:33:43.603+0000][1706.466s] GC(790) User=0.05s Sys=0.00s Real=0.02s
[2022-04-27T05:33:43.603+0000][1706.467s] GC(791) Concurrent Cycle
[2022-04-27T05:33:43.603+0000][1706.467s] GC(791) Concurrent Clear Claimed Marks
[2022-04-27T05:33:43.604+0000][1706.467s] GC(791) Concurrent Clear Claimed Marks 0.339ms
[2022-04-27T05:33:43.604+0000][1706.468s] GC(791) Concurrent Scan Root Regions
[2022-04-27T05:33:43.608+0000][1706.471s] GC(791) Concurrent Scan Root Regions 3.757ms
[2022-04-27T05:33:43.608+0000][1706.472s] GC(791) Concurrent Mark (1706.472s)
[2022-04-27T05:33:43.608+0000][1706.472s] GC(791) Concurrent Mark From Roots
[2022-04-27T05:33:43.609+0000][1706.472s] GC(791) Using 2 workers of 2 for marking
[2022-04-27T05:33:43.639+0000][1706.503s] GC(791) Concurrent Mark From Roots 30.991ms
[2022-04-27T05:33:43.640+0000][1706.503s] GC(791) Concurrent Preclean
[2022-04-27T05:33:43.640+0000][1706.504s] GC(791) Concurrent Preclean 0.585ms
[2022-04-27T05:33:43.641+0000][1706.504s] GC(791) Concurrent Mark (1706.472s, 1706.504s) 32.607ms
[2022-04-27T05:33:43.641+0000][1706.505s] GC(791) Pause Remark
[2022-04-27T05:33:43.656+0000][1706.520s] GC(791) Cleaned string and symbol table, strings: 24824 processed, 0 removed, symbols: 137617 processed, 7 removed
[2022-04-27T05:33:43.657+0000][1706.521s] GC(791) Pause Remark 227M->180M(512M) 16.064ms
[2022-04-27T05:33:43.657+0000][1706.521s] GC(791) User=0.10s Sys=0.00s Real=0.01s
[2022-04-27T05:33:43.658+0000][1706.522s] GC(791) Concurrent Rebuild Remembered Sets
[2022-04-27T05:33:43.688+0000][1706.552s] GC(791) Concurrent Rebuild Remembered Sets 29.991ms
[2022-04-27T05:33:43.689+0000][1706.552s] GC(791) Pause Cleanup
[2022-04-27T05:33:43.689+0000][1706.553s] GC(791) Pause Cleanup 183M->183M(512M) 0.590ms
[2022-04-27T05:33:43.689+0000][1706.553s] GC(791) User=0.00s Sys=0.00s Real=0.00s
[2022-04-27T05:33:43.690+0000][1706.553s] GC(791) Concurrent Cleanup for Next Mark
[2022-04-27T05:33:43.691+0000][1706.555s] GC(791) Concurrent Cleanup for Next Mark 1.175ms
[2022-04-27T05:33:43.691+0000][1706.555s] GC(791) Concurrent Cycle 88.132ms
[2022-04-27T05:33:44.945+0000][1707.809s] GC(792) Pause Young (Prepare Mixed) (G1 Evacuation Pause)
[2022-04-27T05:33:44.946+0000][1707.809s] GC(792) Using 8 workers of 8 for evacuation
[2022-04-27T05:33:44.955+0000][1707.819s] GC(792)   Pre Evacuate Collection Set: 0.0ms
[2022-04-27T05:33:44.956+0000][1707.819s] GC(792)   Evacuate Collection Set: 6.4ms
[2022-04-27T05:33:44.956+0000][1707.819s] GC(792)   Post Evacuate Collection Set: 2.5ms
[2022-04-27T05:33:44.956+0000][1707.820s] GC(792)   Other: 0.9ms
[2022-04-27T05:33:44.956+0000][1707.820s] GC(792) Eden regions: 212->0(6)
[2022-04-27T05:33:44.957+0000][1707.820s] GC(792) Survivor regions: 21->19(30)
[2022-04-27T05:33:44.957+0000][1707.820s] GC(792) Old regions: 141->150
[2022-04-27T05:33:44.957+0000][1707.821s] GC(792) Humongous regions: 7->7
[2022-04-27T05:33:44.957+0000][1707.821s] GC(792) Metaspace: 56908K->56908K(1101824K)
[2022-04-27T05:33:44.958+0000][1707.821s] GC(792) Pause Young (Prepare Mixed) (G1 Evacuation Pause) 378M->172M(512M) 12.084ms
[2022-04-27T05:33:44.958+0000][1707.821s] GC(792) User=0.07s Sys=0.00s Real=0.01s
[2022-04-27T05:33:44.968+0000][1707.831s] GC(793) Pause Young (Mixed) (G1 Evacuation Pause)
[2022-04-27T05:33:44.968+0000][1707.832s] GC(793) Using 8 workers of 8 for evacuation
[2022-04-27T05:33:44.989+0000][1707.852s] GC(793)   Pre Evacuate Collection Set: 0.0ms
[2022-04-27T05:33:44.989+0000][1707.853s] GC(793)   Evacuate Collection Set: 14.0ms
[2022-04-27T05:33:44.989+0000][1707.853s] GC(793)   Post Evacuate Collection Set: 6.2ms
[2022-04-27T05:33:44.990+0000][1707.853s] GC(793)   Other: 0.8ms
[2022-04-27T05:33:44.990+0000][1707.854s] GC(793) Eden regions: 6->0(264)
[2022-04-27T05:33:44.990+0000][1707.854s] GC(793) Survivor regions: 19->2(4)
[2022-04-27T05:33:44.991+0000][1707.854s] GC(793) Old regions: 150->140
[2022-04-27T05:33:44.991+0000][1707.855s] GC(793) Humongous regions: 7->7
[2022-04-27T05:33:44.991+0000][1707.855s] GC(793) Metaspace: 56908K->56908K(1101824K)
[2022-04-27T05:33:44.992+0000][1707.855s] GC(793) Pause Young (Mixed) (G1 Evacuation Pause) 178M->146M(512M) 24.114ms
[2022-04-27T05:33:44.992+0000][1707.856s] GC(793) User=0.08s Sys=0.02s Real=0.03s
[2022-04-27T05:33:46.552+0000][1709.416s] GC(794) Pause Young (Normal) (G1 Evacuation Pause)
[2022-04-27T05:33:46.552+0000][1709.416s] GC(794) Using 8 workers of 8 for evacuation
[2022-04-27T05:33:46.557+0000][1709.421s] GC(794)   Pre Evacuate Collection Set: 0.0ms
[2022-04-27T05:33:46.557+0000][1709.421s] GC(794)   Evacuate Collection Set: 3.4ms
[2022-04-27T05:33:46.558+0000][1709.421s] GC(794)   Post Evacuate Collection Set: 0.8ms
[2022-04-27T05:33:46.558+0000][1709.422s] GC(794)   Other: 0.7ms
[2022-04-27T05:33:46.558+0000][1709.422s] GC(794) Eden regions: 264->0(260)
[2022-04-27T05:33:46.559+0000][1709.422s] GC(794) Survivor regions: 2->11(34)
[2022-04-27T05:33:46.559+0000][1709.423s] GC(794) Old regions: 140->140
[2022-04-27T05:33:46.559+0000][1709.423s] GC(794) Humongous regions: 7->7
[2022-04-27T05:33:46.559+0000][1709.423s] GC(794) Metaspace: 56908K->56908K(1101824K)
[2022-04-27T05:33:46.560+0000][1709.423s] GC(794) Pause Young (Normal) (G1 Evacuation Pause) 410M->156M(512M) 7.907ms
[2022-04-27T05:33:46.560+0000][1709.424s] GC(794) User=0.03s Sys=0.00s Real=0.00s
[2022-04-27T05:33:48.095+0000][1710.959s] GC(795) Pause Young (Normal) (G1 Evacuation Pause)
[2022-04-27T05:33:48.096+0000][1710.959s] GC(795) Using 8 workers of 8 for evacuation
[2022-04-27T05:33:48.105+0000][1710.968s] GC(795)   Pre Evacuate Collection Set: 0.0ms
[2022-04-27T05:33:48.105+0000][1710.969s] GC(795)   Evacuate Collection Set: 7.1ms
[2022-04-27T05:33:48.106+0000][1710.969s] GC(795)   Post Evacuate Collection Set: 1.3ms
[2022-04-27T05:33:48.106+0000][1710.970s] GC(795)   Other: 1.1ms
[2022-04-27T05:33:48.106+0000][1710.970s] GC(795) Eden regions: 260->0(249)
[2022-04-27T05:33:48.107+0000][1710.970s] GC(795) Survivor regions: 11->22(34)
[2022-04-27T05:33:48.107+0000][1710.971s] GC(795) Old regions: 140->140
[2022-04-27T05:33:48.108+0000][1710.971s] GC(795) Humongous regions: 7->7
[2022-04-27T05:33:48.108+0000][1710.972s] GC(795) Metaspace: 56908K->56908K(1101824K)
[2022-04-27T05:33:48.108+0000][1710.972s] GC(795) Pause Young (Normal) (G1 Evacuation Pause) 416M->167M(512M) 12.984ms
[2022-04-27T05:33:48.109+0000][1710.972s] GC(795) User=0.06s Sys=0.00s Real=0.01s
[2022-04-27T05:33:49.865+0000][1712.729s] GC(796) Pause Young (Normal) (G1 Evacuation Pause)
[2022-04-27T05:33:49.866+0000][1712.729s] GC(796) Using 8 workers of 8 for evacuation
[2022-04-27T05:33:49.875+0000][1712.738s] GC(796)   Pre Evacuate Collection Set: 0.0ms
[2022-04-27T05:33:49.875+0000][1712.738s] GC(796)   Evacuate Collection Set: 7.6ms
[2022-04-27T05:33:49.875+0000][1712.739s] GC(796)   Post Evacuate Collection Set: 1.0ms
[2022-04-27T05:33:49.875+0000][1712.739s] GC(796)   Other: 0.7ms
[2022-04-27T05:33:49.876+0000][1712.739s] GC(796) Eden regions: 249->0(245)
[2022-04-27T05:33:49.876+0000][1712.739s] GC(796) Survivor regions: 22->20(34)
[2022-04-27T05:33:49.876+0000][1712.740s] GC(796) Old regions: 140->147
[2022-04-27T05:33:49.876+0000][1712.740s] GC(796) Humongous regions: 7->7
[2022-04-27T05:33:49.876+0000][1712.740s] GC(796) Metaspace: 56908K->56908K(1101824K)
[2022-04-27T05:33:49.877+0000][1712.740s] GC(796) Pause Young (Normal) (G1 Evacuation Pause) 416M->172M(512M) 11.465ms
[2022-04-27T05:33:49.877+0000][1712.741s] GC(796) User=0.07s Sys=0.00s Real=0.01s
[2022-04-27T05:33:51.440+0000][1714.304s] GC(797) Pause Young (Normal) (G1 Evacuation Pause)
[2022-04-27T05:33:51.440+0000][1714.304s] GC(797) Using 8 workers of 8 for evacuation
[2022-04-27T05:33:51.456+0000][1714.320s] GC(797)   Pre Evacuate Collection Set: 0.0ms
[2022-04-27T05:33:51.456+0000][1714.320s] GC(797)   Evacuate Collection Set: 10.3ms
[2022-04-27T05:33:51.457+0000][1714.320s] GC(797)   Post Evacuate Collection Set: 5.1ms
[2022-04-27T05:33:51.457+0000][1714.321s] GC(797)   Other: 0.8ms
[2022-04-27T05:33:51.457+0000][1714.321s] GC(797) Eden regions: 245->0(238)
[2022-04-27T05:33:51.457+0000][1714.321s] GC(797) Survivor regions: 20->21(34)
[2022-04-27T05:33:51.458+0000][1714.321s] GC(797) Old regions: 147->153
[2022-04-27T05:33:51.458+0000][1714.322s] GC(797) Humongous regions: 7->7
[2022-04-27T05:33:51.458+0000][1714.322s] GC(797) Metaspace: 56908K->56908K(1101824K)
[2022-04-27T05:33:51.459+0000][1714.322s] GC(797) Pause Young (Normal) (G1 Evacuation Pause) 417M->178M(512M) 18.595ms
[2022-04-27T05:33:51.459+0000][1714.322s] GC(797) User=0.08s Sys=0.04s Real=0.02s
[2022-04-27T05:33:52.922+0000][1715.785s] GC(798) Pause Young (Normal) (G1 Evacuation Pause)
[2022-04-27T05:33:52.922+0000][1715.786s] GC(798) Using 8 workers of 8 for evacuation
[2022-04-27T05:33:52.936+0000][1715.799s] GC(798)   Pre Evacuate Collection Set: 0.0ms
[2022-04-27T05:33:52.936+0000][1715.800s] GC(798)   Evacuate Collection Set: 8.6ms
[2022-04-27T05:33:52.936+0000][1715.800s] GC(798)   Post Evacuate Collection Set: 4.6ms
[2022-04-27T05:33:52.937+0000][1715.800s] GC(798)   Other: 0.8ms
[2022-04-27T05:33:52.937+0000][1715.801s] GC(798) Eden regions: 238->0(235)
[2022-04-27T05:33:52.937+0000][1715.801s] GC(798) Survivor regions: 21->20(33)
[2022-04-27T05:33:52.938+0000][1715.801s] GC(798) Old regions: 153->159
[2022-04-27T05:33:52.938+0000][1715.802s] GC(798) Humongous regions: 7->7
[2022-04-27T05:33:52.939+0000][1715.802s] GC(798) Metaspace: 56908K->56908K(1101824K)
[2022-04-27T05:33:52.939+0000][1715.803s] GC(798) Pause Young (Normal) (G1 Evacuation Pause) 416M->184M(512M) 17.220ms
[2022-04-27T05:33:52.939+0000][1715.803s] GC(798) User=0.10s Sys=0.00s Real=0.01s
[2022-04-27T05:33:54.505+0000][1717.369s] GC(799) Pause Young (Normal) (G1 Evacuation Pause)
[2022-04-27T05:33:54.506+0000][1717.370s] GC(799) Using 8 workers of 8 for evacuation
[2022-04-27T05:33:54.514+0000][1717.377s] GC(799)   Pre Evacuate Collection Set: 0.0ms
[2022-04-27T05:33:54.514+0000][1717.378s] GC(799)   Evacuate Collection Set: 5.9ms
[2022-04-27T05:33:54.515+0000][1717.378s] GC(799)   Post Evacuate Collection Set: 1.4ms
[2022-04-27T05:33:54.515+0000][1717.379s] GC(799)   Other: 1.0ms
[2022-04-27T05:33:54.515+0000][1717.379s] GC(799) Eden regions: 235->0(237)
[2022-04-27T05:33:54.516+0000][1717.380s] GC(799) Survivor regions: 20->15(32)
[2022-04-27T05:33:54.516+0000][1717.380s] GC(799) Old regions: 159->165
[2022-04-27T05:33:54.517+0000][1717.380s] GC(799) Humongous regions: 7->7
[2022-04-27T05:33:54.517+0000][1717.381s] GC(799) Metaspace: 56908K->56908K(1101824K)
[2022-04-27T05:33:54.518+0000][1717.381s] GC(799) Pause Young (Normal) (G1 Evacuation Pause) 419M->185M(512M) 12.235ms
[2022-04-27T05:33:54.518+0000][1717.382s] GC(799) User=0.05s Sys=0.00s Real=0.01s
[2022-04-27T05:33:55.802+0000][1718.666s] GC(800) Pause Young (Normal) (G1 Evacuation Pause)
[2022-04-27T05:33:55.803+0000][1718.666s] GC(800) Using 8 workers of 8 for evacuation
[2022-04-27T05:33:55.810+0000][1718.673s] GC(800)   Pre Evacuate Collection Set: 0.0ms
[2022-04-27T05:33:55.810+0000][1718.674s] GC(800)   Evacuate Collection Set: 5.3ms
[2022-04-27T05:33:55.811+0000][1718.674s] GC(800)   Post Evacuate Collection Set: 1.4ms
[2022-04-27T05:33:55.811+0000][1718.674s] GC(800)   Other: 0.6ms
[2022-04-27T05:33:55.811+0000][1718.675s] GC(800) Eden regions: 237->0(236)
[2022-04-27T05:33:55.812+0000][1718.675s] GC(800) Survivor regions: 15->20(32)
[2022-04-27T05:33:55.812+0000][1718.676s] GC(800) Old regions: 165->165
[2022-04-27T05:33:55.812+0000][1718.676s] GC(800) Humongous regions: 7->7
[2022-04-27T05:33:55.813+0000][1718.676s] GC(800) Metaspace: 56908K->56908K(1101824K)
[2022-04-27T05:33:55.813+0000][1718.677s] GC(800) Pause Young (Normal) (G1 Evacuation Pause) 422M->189M(512M) 10.488ms
[2022-04-27T05:33:55.813+0000][1718.677s] GC(800) User=0.04s Sys=0.01s Real=0.01s
[2022-04-27T05:33:56.805+0000][1719.668s] GC(801) Pause Young (Normal) (G1 Evacuation Pause)
[2022-04-27T05:33:56.805+0000][1719.669s] GC(801) Using 8 workers of 8 for evacuation
[2022-04-27T05:33:56.814+0000][1719.677s] GC(801)   Pre Evacuate Collection Set: 0.0ms
[2022-04-27T05:33:56.814+0000][1719.678s] GC(801)   Evacuate Collection Set: 6.9ms
[2022-04-27T05:33:56.814+0000][1719.678s] GC(801)   Post Evacuate Collection Set: 1.0ms
[2022-04-27T05:33:56.815+0000][1719.679s] GC(801)   Other: 1.0ms
[2022-04-27T05:33:56.815+0000][1719.679s] GC(801) Eden regions: 236->0(234)
[2022-04-27T05:33:56.815+0000][1719.679s] GC(801) Survivor regions: 20->19(32)
[2022-04-27T05:33:56.816+0000][1719.679s] GC(801) Old regions: 165->171
[2022-04-27T05:33:56.816+0000][1719.680s] GC(801) Humongous regions: 7->7
[2022-04-27T05:33:56.816+0000][1719.680s] GC(801) Metaspace: 56908K->56908K(1101824K)
[2022-04-27T05:33:56.817+0000][1719.680s] GC(801) Pause Young (Normal) (G1 Evacuation Pause) 425M->195M(512M) 11.986ms
[2022-04-27T05:33:56.817+0000][1719.681s] GC(801) User=0.06s Sys=0.00s Real=0.01s
[2022-04-27T05:33:58.464+0000][1721.327s] GC(802) Pause Young (Concurrent Start) (G1 Evacuation Pause)
[2022-04-27T05:33:58.464+0000][1721.328s] GC(802) Using 8 workers of 8 for evacuation
[2022-04-27T05:33:58.480+0000][1721.343s] GC(802)   Pre Evacuate Collection Set: 0.1ms
[2022-04-27T05:33:58.480+0000][1721.344s] GC(802)   Evacuate Collection Set: 14.1ms
[2022-04-27T05:33:58.481+0000][1721.344s] GC(802)   Post Evacuate Collection Set: 1.1ms
[2022-04-27T05:33:58.481+0000][1721.344s] GC(802)   Other: 0.9ms
[2022-04-27T05:33:58.481+0000][1721.345s] GC(802) Eden regions: 234->0(222)
[2022-04-27T05:33:58.481+0000][1721.345s] GC(802) Survivor regions: 19->24(32)
[2022-04-27T05:33:58.482+0000][1721.345s] GC(802) Old regions: 171->177
[2022-04-27T05:33:58.482+0000][1721.346s] GC(802) Humongous regions: 7->7
[2022-04-27T05:33:58.482+0000][1721.346s] GC(802) Metaspace: 56908K->56908K(1101824K)
[2022-04-27T05:33:58.483+0000][1721.346s] GC(802) Pause Young (Concurrent Start) (G1 Evacuation Pause) 429M->205M(512M) 18.911ms
[2022-04-27T05:33:58.483+0000][1721.347s] GC(802) User=0.05s Sys=0.01s Real=0.02s
[2022-04-27T05:33:58.483+0000][1721.347s] GC(803) Concurrent Cycle
[2022-04-27T05:33:58.484+0000][1721.347s] GC(803) Concurrent Clear Claimed Marks
[2022-04-27T05:33:58.484+0000][1721.348s] GC(803) Concurrent Clear Claimed Marks 0.319ms
[2022-04-27T05:33:58.484+0000][1721.348s] GC(803) Concurrent Scan Root Regions
[2022-04-27T05:33:58.490+0000][1721.353s] GC(803) Concurrent Scan Root Regions 5.420ms
[2022-04-27T05:33:58.490+0000][1721.354s] GC(803) Concurrent Mark (1721.354s)
[2022-04-27T05:33:58.490+0000][1721.354s] GC(803) Concurrent Mark From Roots
[2022-04-27T05:33:58.491+0000][1721.354s] GC(803) Using 2 workers of 2 for marking
[2022-04-27T05:33:58.540+0000][1721.403s] GC(803) Concurrent Mark From Roots 49.270ms
[2022-04-27T05:33:58.540+0000][1721.404s] GC(803) Concurrent Preclean
[2022-04-27T05:33:58.541+0000][1721.404s] GC(803) Concurrent Preclean 0.602ms
[2022-04-27T05:33:58.541+0000][1721.405s] GC(803) Concurrent Mark (1721.354s, 1721.405s) 50.996ms
[2022-04-27T05:33:58.542+0000][1721.405s] GC(803) Pause Remark
[2022-04-27T05:33:58.559+0000][1721.422s] GC(803) Cleaned string and symbol table, strings: 24824 processed, 0 removed, symbols: 137619 processed, 12 removed
[2022-04-27T05:33:58.560+0000][1721.423s] GC(803) Pause Remark 213M->182M(512M) 18.011ms
[2022-04-27T05:33:58.560+0000][1721.424s] GC(803) User=0.13s Sys=0.00s Real=0.01s
[2022-04-27T05:33:58.560+0000][1721.424s] GC(803) Concurrent Rebuild Remembered Sets
[2022-04-27T05:33:58.596+0000][1721.460s] GC(803) Concurrent Rebuild Remembered Sets 35.582ms
[2022-04-27T05:33:58.597+0000][1721.460s] GC(803) Pause Cleanup
[2022-04-27T05:33:58.597+0000][1721.461s] GC(803) Pause Cleanup 195M->195M(512M) 0.434ms
[2022-04-27T05:33:58.597+0000][1721.461s] GC(803) User=0.00s Sys=0.00s Real=0.00s
[2022-04-27T05:33:58.597+0000][1721.461s] GC(803) Concurrent Cleanup for Next Mark
[2022-04-27T05:33:58.599+0000][1721.462s] GC(803) Concurrent Cleanup for Next Mark 1.083ms
[2022-04-27T05:33:58.599+0000][1721.462s] GC(803) Concurrent Cycle 115.495ms
[2022-04-27T05:33:59.965+0000][1722.829s] GC(804) Pause Young (Prepare Mixed) (G1 Evacuation Pause)
[2022-04-27T05:33:59.965+0000][1722.829s] GC(804) Using 8 workers of 8 for evacuation
[2022-04-27T05:33:59.973+0000][1722.837s] GC(804)   Pre Evacuate Collection Set: 0.0ms
[2022-04-27T05:33:59.973+0000][1722.837s] GC(804)   Evacuate Collection Set: 5.9ms
[2022-04-27T05:33:59.974+0000][1722.837s] GC(804)   Post Evacuate Collection Set: 1.4ms
[2022-04-27T05:33:59.974+0000][1722.838s] GC(804)   Other: 0.7ms
[2022-04-27T05:33:59.974+0000][1722.838s] GC(804) Eden regions: 222->0(12)
[2022-04-27T05:33:59.975+0000][1722.839s] GC(804) Survivor regions: 24->13(31)
[2022-04-27T05:33:59.975+0000][1722.839s] GC(804) Old regions: 146->157
[2022-04-27T05:33:59.975+0000][1722.839s] GC(804) Humongous regions: 7->7
[2022-04-27T05:33:59.976+0000][1722.839s] GC(804) Metaspace: 56908K->56908K(1101824K)
[2022-04-27T05:33:59.976+0000][1722.840s] GC(804) Pause Young (Prepare Mixed) (G1 Evacuation Pause) 396M->175M(512M) 11.109ms
[2022-04-27T05:33:59.976+0000][1722.840s] GC(804) User=0.05s Sys=0.00s Real=0.01s
[2022-04-27T05:34:00.063+0000][1722.927s] GC(805) Pause Young (Mixed) (G1 Evacuation Pause)
[2022-04-27T05:34:00.064+0000][1722.927s] GC(805) Using 8 workers of 8 for evacuation
[2022-04-27T05:34:00.071+0000][1722.934s] GC(805)   Pre Evacuate Collection Set: 0.0ms
[2022-04-27T05:34:00.071+0000][1722.935s] GC(805)   Evacuate Collection Set: 5.6ms
[2022-04-27T05:34:00.072+0000][1722.935s] GC(805)   Post Evacuate Collection Set: 0.8ms
[2022-04-27T05:34:00.072+0000][1722.936s] GC(805)   Other: 0.9ms
[2022-04-27T05:34:00.072+0000][1722.936s] GC(805) Eden regions: 12->0(273)
[2022-04-27T05:34:00.073+0000][1722.936s] GC(805) Survivor regions: 13->4(4)
[2022-04-27T05:34:00.073+0000][1722.937s] GC(805) Old regions: 157->138
[2022-04-27T05:34:00.073+0000][1722.937s] GC(805) Humongous regions: 7->7
[2022-04-27T05:34:00.074+0000][1722.937s] GC(805) Metaspace: 56908K->56908K(1101824K)
[2022-04-27T05:34:00.074+0000][1722.938s] GC(805) Pause Young (Mixed) (G1 Evacuation Pause) 187M->146M(512M) 10.643ms
[2022-04-27T05:34:00.074+0000][1722.938s] GC(805) User=0.04s Sys=0.01s Real=0.01s
[2022-04-27T05:34:01.786+0000][1724.650s] GC(806) Pause Young (Normal) (G1 Evacuation Pause)
[2022-04-27T05:34:01.787+0000][1724.651s] GC(806) Using 8 workers of 8 for evacuation
[2022-04-27T05:34:01.793+0000][1724.656s] GC(806)   Pre Evacuate Collection Set: 0.0ms
[2022-04-27T05:34:01.793+0000][1724.657s] GC(806)   Evacuate Collection Set: 4.2ms
[2022-04-27T05:34:01.794+0000][1724.657s] GC(806)   Post Evacuate Collection Set: 1.1ms
[2022-04-27T05:34:01.794+0000][1724.658s] GC(806)   Other: 0.9ms
[2022-04-27T05:34:01.794+0000][1724.658s] GC(806) Eden regions: 273->0(267)
[2022-04-27T05:34:01.795+0000][1724.658s] GC(806) Survivor regions: 4->12(35)
[2022-04-27T05:34:01.795+0000][1724.659s] GC(806) Old regions: 138->138
[2022-04-27T05:34:01.795+0000][1724.659s] GC(806) Humongous regions: 7->7
[2022-04-27T05:34:01.796+0000][1724.659s] GC(806) Metaspace: 56908K->56908K(1101824K)
[2022-04-27T05:34:01.796+0000][1724.659s] GC(806) Pause Young (Normal) (G1 Evacuation Pause) 419M->154M(512M) 9.332ms
[2022-04-27T05:34:01.796+0000][1724.660s] GC(806) User=0.04s Sys=0.00s Real=0.01s
[2022-04-27T05:34:03.470+0000][1726.334s] GC(807) Pause Young (Normal) (G1 Evacuation Pause)
[2022-04-27T05:34:03.471+0000][1726.334s] GC(807) Using 8 workers of 8 for evacuation
[2022-04-27T05:34:03.479+0000][1726.342s] GC(807)   Pre Evacuate Collection Set: 0.0ms
[2022-04-27T05:34:03.479+0000][1726.343s] GC(807)   Evacuate Collection Set: 6.5ms
[2022-04-27T05:34:03.480+0000][1726.343s] GC(807)   Post Evacuate Collection Set: 1.0ms
[2022-04-27T05:34:03.480+0000][1726.344s] GC(807)   Other: 1.0ms
[2022-04-27T05:34:03.480+0000][1726.344s] GC(807) Eden regions: 267->0(259)
[2022-04-27T05:34:03.481+0000][1726.344s] GC(807) Survivor regions: 12->20(35)
[2022-04-27T05:34:03.481+0000][1726.345s] GC(807) Old regions: 138->138
[2022-04-27T05:34:03.481+0000][1726.345s] GC(807) Humongous regions: 7->7
[2022-04-27T05:34:03.482+0000][1726.345s] GC(807) Metaspace: 56908K->56908K(1101824K)
[2022-04-27T05:34:03.482+0000][1726.346s] GC(807) Pause Young (Normal) (G1 Evacuation Pause) 421M->162M(512M) 11.781ms
[2022-04-27T05:34:03.482+0000][1726.346s] GC(807) User=0.04s Sys=0.02s Real=0.02s
[2022-04-27T05:34:04.998+0000][1727.862s] GC(808) Pause Young (Normal) (G1 Evacuation Pause)
[2022-04-27T05:34:04.998+0000][1727.862s] GC(808) Using 8 workers of 8 for evacuation
[2022-04-27T05:34:05.008+0000][1727.871s] GC(808)   Pre Evacuate Collection Set: 0.0ms
[2022-04-27T05:34:05.008+0000][1727.872s] GC(808)   Evacuate Collection Set: 7.6ms
[2022-04-27T05:34:05.008+0000][1727.872s] GC(808)   Post Evacuate Collection Set: 1.1ms
[2022-04-27T05:34:05.009+0000][1727.872s] GC(808)   Other: 0.9ms
[2022-04-27T05:34:05.009+0000][1727.873s] GC(808) Eden regions: 259->0(254)
[2022-04-27T05:34:05.009+0000][1727.873s] GC(808) Survivor regions: 20->20(35)
[2022-04-27T05:34:05.010+0000][1727.873s] GC(808) Old regions: 138->144
[2022-04-27T05:34:05.010+0000][1727.874s] GC(808) Humongous regions: 7->7
[2022-04-27T05:34:05.010+0000][1727.874s] GC(808) Metaspace: 56908K->56908K(1101824K)
[2022-04-27T05:34:05.011+0000][1727.874s] GC(808) Pause Young (Normal) (G1 Evacuation Pause) 421M->169M(512M) 12.528ms
[2022-04-27T05:34:05.011+0000][1727.874s] GC(808) User=0.07s Sys=0.00s Real=0.02s
[2022-04-27T05:34:06.507+0000][1729.370s] GC(809) Pause Young (Normal) (G1 Evacuation Pause)
[2022-04-27T05:34:06.507+0000][1729.371s] GC(809) Using 8 workers of 8 for evacuation
[2022-04-27T05:34:06.515+0000][1729.379s] GC(809)   Pre Evacuate Collection Set: 0.0ms
[2022-04-27T05:34:06.515+0000][1729.379s] GC(809)   Evacuate Collection Set: 5.5ms
[2022-04-27T05:34:06.516+0000][1729.379s] GC(809)   Post Evacuate Collection Set: 2.0ms
[2022-04-27T05:34:06.516+0000][1729.379s] GC(809)   Other: 0.7ms
[2022-04-27T05:34:06.516+0000][1729.380s] GC(809) Eden regions: 254->0(253)
[2022-04-27T05:34:06.516+0000][1729.380s] GC(809) Survivor regions: 20->16(35)
[2022-04-27T05:34:06.517+0000][1729.380s] GC(809) Old regions: 144->151
[2022-04-27T05:34:06.517+0000][1729.381s] GC(809) Humongous regions: 7->7
[2022-04-27T05:34:06.517+0000][1729.381s] GC(809) Metaspace: 56908K->56908K(1101824K)
[2022-04-27T05:34:06.517+0000][1729.381s] GC(809) Pause Young (Normal) (G1 Evacuation Pause) 423M->171M(512M) 10.759ms
[2022-04-27T05:34:06.518+0000][1729.381s] GC(809) User=0.05s Sys=0.00s Real=0.01s
[2022-04-27T05:34:08.192+0000][1731.056s] GC(810) Pause Young (Normal) (G1 Evacuation Pause)
[2022-04-27T05:34:08.192+0000][1731.056s] GC(810) Using 8 workers of 8 for evacuation
[2022-04-27T05:34:08.203+0000][1731.067s] GC(810)   Pre Evacuate Collection Set: 0.0ms
[2022-04-27T05:34:08.203+0000][1731.067s] GC(810)   Evacuate Collection Set: 8.9ms
[2022-04-27T05:34:08.204+0000][1731.067s] GC(810)   Post Evacuate Collection Set: 1.1ms
[2022-04-27T05:34:08.204+0000][1731.068s] GC(810)   Other: 0.6ms
[2022-04-27T05:34:08.205+0000][1731.068s] GC(810) Eden regions: 253->0(242)
[2022-04-27T05:34:08.205+0000][1731.068s] GC(810) Survivor regions: 16->26(34)
[2022-04-27T05:34:08.205+0000][1731.069s] GC(810) Old regions: 151->151
[2022-04-27T05:34:08.205+0000][1731.069s] GC(810) Humongous regions: 7->7
[2022-04-27T05:34:08.206+0000][1731.069s] GC(810) Metaspace: 56908K->56908K(1101824K)
[2022-04-27T05:34:08.206+0000][1731.070s] GC(810) Pause Young (Normal) (G1 Evacuation Pause) 424M->181M(512M) 13.900ms
[2022-04-27T05:34:08.206+0000][1731.070s] GC(810) User=0.07s Sys=0.00s Real=0.01s
[2022-04-27T05:34:09.707+0000][1732.571s] GC(811) Pause Young (Normal) (G1 Evacuation Pause)
[2022-04-27T05:34:09.708+0000][1732.571s] GC(811) Using 8 workers of 8 for evacuation
[2022-04-27T05:34:09.718+0000][1732.582s] GC(811)   Pre Evacuate Collection Set: 0.0ms
[2022-04-27T05:34:09.719+0000][1732.582s] GC(811)   Evacuate Collection Set: 9.3ms
[2022-04-27T05:34:09.719+0000][1732.583s] GC(811)   Post Evacuate Collection Set: 1.1ms
[2022-04-27T05:34:09.720+0000][1732.583s] GC(811)   Other: 0.8ms
[2022-04-27T05:34:09.720+0000][1732.584s] GC(811) Eden regions: 242->0(235)
[2022-04-27T05:34:09.720+0000][1732.584s] GC(811) Survivor regions: 26->20(34)
[2022-04-27T05:34:09.721+0000][1732.584s] GC(811) Old regions: 151->162
[2022-04-27T05:34:09.721+0000][1732.584s] GC(811) Humongous regions: 7->7
[2022-04-27T05:34:09.721+0000][1732.585s] GC(811) Metaspace: 56908K->56908K(1101824K)
[2022-04-27T05:34:09.721+0000][1732.585s] GC(811) Pause Young (Normal) (G1 Evacuation Pause) 423M->187M(512M) 14.234ms
[2022-04-27T05:34:09.722+0000][1732.585s] GC(811) User=0.08s Sys=0.00s Real=0.02s
[2022-04-27T05:34:11.136+0000][1734.000s] GC(812) Pause Young (Concurrent Start) (G1 Evacuation Pause)
[2022-04-27T05:34:11.136+0000][1734.000s] GC(812) Using 8 workers of 8 for evacuation
[2022-04-27T05:34:11.153+0000][1734.017s] GC(812)   Pre Evacuate Collection Set: 0.1ms
[2022-04-27T05:34:11.154+0000][1734.017s] GC(812)   Evacuate Collection Set: 14.3ms
[2022-04-27T05:34:11.154+0000][1734.017s] GC(812)   Post Evacuate Collection Set: 1.9ms
[2022-04-27T05:34:11.154+0000][1734.018s] GC(812)   Other: 0.9ms
[2022-04-27T05:34:11.154+0000][1734.018s] GC(812) Eden regions: 235->0(228)
[2022-04-27T05:34:11.155+0000][1734.018s] GC(812) Survivor regions: 20->20(32)
[2022-04-27T05:34:11.155+0000][1734.018s] GC(812) Old regions: 162->168
[2022-04-27T05:34:11.155+0000][1734.019s] GC(812) Humongous regions: 7->7
[2022-04-27T05:34:11.155+0000][1734.019s] GC(812) Metaspace: 56908K->56908K(1101824K)
[2022-04-27T05:34:11.156+0000][1734.019s] GC(812) Pause Young (Concurrent Start) (G1 Evacuation Pause) 422M->193M(512M) 19.710ms
[2022-04-27T05:34:11.156+0000][1734.020s] GC(812) User=0.07s Sys=0.00s Real=0.02s
[2022-04-27T05:34:11.156+0000][1734.020s] GC(813) Concurrent Cycle
[2022-04-27T05:34:11.157+0000][1734.020s] GC(813) Concurrent Clear Claimed Marks
[2022-04-27T05:34:11.157+0000][1734.021s] GC(813) Concurrent Clear Claimed Marks 0.338ms
[2022-04-27T05:34:11.157+0000][1734.021s] GC(813) Concurrent Scan Root Regions
[2022-04-27T05:34:11.163+0000][1734.026s] GC(813) Concurrent Scan Root Regions 5.412ms
[2022-04-27T05:34:11.163+0000][1734.027s] GC(813) Concurrent Mark (1734.027s)
[2022-04-27T05:34:11.163+0000][1734.027s] GC(813) Concurrent Mark From Roots
[2022-04-27T05:34:11.164+0000][1734.027s] GC(813) Using 2 workers of 2 for marking
[2022-04-27T05:34:11.195+0000][1734.059s] GC(813) Concurrent Mark From Roots 31.599ms
[2022-04-27T05:34:11.195+0000][1734.059s] GC(813) Concurrent Preclean
[2022-04-27T05:34:11.196+0000][1734.059s] GC(813) Concurrent Preclean 0.522ms
[2022-04-27T05:34:11.196+0000][1734.060s] GC(813) Concurrent Mark (1734.027s, 1734.060s) 33.111ms
[2022-04-27T05:34:11.197+0000][1734.060s] GC(813) Pause Remark
[2022-04-27T05:34:11.211+0000][1734.075s] GC(813) Cleaned string and symbol table, strings: 24824 processed, 0 removed, symbols: 137615 processed, 9 removed
[2022-04-27T05:34:11.212+0000][1734.076s] GC(813) Pause Remark 203M->174M(512M) 15.136ms
[2022-04-27T05:34:11.212+0000][1734.076s] GC(813) User=0.10s Sys=0.00s Real=0.02s
[2022-04-27T05:34:11.213+0000][1734.076s] GC(813) Concurrent Rebuild Remembered Sets
[2022-04-27T05:34:11.241+0000][1734.104s] GC(813) Concurrent Rebuild Remembered Sets 28.152ms
[2022-04-27T05:34:11.241+0000][1734.105s] GC(813) Pause Cleanup
[2022-04-27T05:34:11.242+0000][1734.106s] GC(813) Pause Cleanup 180M->180M(512M) 0.723ms
[2022-04-27T05:34:11.243+0000][1734.106s] GC(813) User=0.00s Sys=0.00s Real=0.00s
[2022-04-27T05:34:11.243+0000][1734.107s] GC(813) Concurrent Cleanup for Next Mark
[2022-04-27T05:34:11.244+0000][1734.108s] GC(813) Concurrent Cleanup for Next Mark 1.267ms
[2022-04-27T05:34:11.245+0000][1734.108s] GC(813) Concurrent Cycle 88.389ms
[2022-04-27T05:34:12.587+0000][1735.451s] GC(814) Pause Young (Prepare Mixed) (G1 Evacuation Pause)
[2022-04-27T05:34:12.588+0000][1735.451s] GC(814) Using 8 workers of 8 for evacuation
[2022-04-27T05:34:12.597+0000][1735.460s] GC(814)   Pre Evacuate Collection Set: 0.0ms
[2022-04-27T05:34:12.597+0000][1735.461s] GC(814)   Evacuate Collection Set: 6.1ms
[2022-04-27T05:34:12.597+0000][1735.461s] GC(814)   Post Evacuate Collection Set: 2.5ms
[2022-04-27T05:34:12.598+0000][1735.461s] GC(814)   Other: 0.8ms
[2022-04-27T05:34:12.598+0000][1735.462s] GC(814) Eden regions: 228->0(5)
[2022-04-27T05:34:12.599+0000][1735.462s] GC(814) Survivor regions: 20->20(31)
[2022-04-27T05:34:12.599+0000][1735.463s] GC(814) Old regions: 139->144
[2022-04-27T05:34:12.599+0000][1735.463s] GC(814) Humongous regions: 7->7
[2022-04-27T05:34:12.599+0000][1735.463s] GC(814) Metaspace: 56908K->56908K(1101824K)
[2022-04-27T05:34:12.600+0000][1735.463s] GC(814) Pause Young (Prepare Mixed) (G1 Evacuation Pause) 392M->169M(512M) 12.672ms
[2022-04-27T05:34:12.600+0000][1735.464s] GC(814) User=0.07s Sys=0.00s Real=0.01s
[2022-04-27T05:34:12.608+0000][1735.472s] GC(815) Pause Young (Mixed) (G1 Evacuation Pause)
[2022-04-27T05:34:12.608+0000][1735.472s] GC(815) Using 8 workers of 8 for evacuation
[2022-04-27T05:34:12.615+0000][1735.479s] GC(815)   Pre Evacuate Collection Set: 0.0ms
[2022-04-27T05:34:12.616+0000][1735.479s] GC(815)   Evacuate Collection Set: 5.7ms
[2022-04-27T05:34:12.616+0000][1735.480s] GC(815)   Post Evacuate Collection Set: 0.6ms
[2022-04-27T05:34:12.616+0000][1735.480s] GC(815)   Other: 0.9ms
[2022-04-27T05:34:12.617+0000][1735.480s] GC(815) Eden regions: 5->0(270)
[2022-04-27T05:34:12.617+0000][1735.481s] GC(815) Survivor regions: 20->2(4)
[2022-04-27T05:34:12.617+0000][1735.481s] GC(815) Old regions: 144->141
[2022-04-27T05:34:12.618+0000][1735.481s] GC(815) Humongous regions: 7->7
[2022-04-27T05:34:12.618+0000][1735.482s] GC(815) Metaspace: 56908K->56908K(1101824K)
[2022-04-27T05:34:12.618+0000][1735.482s] GC(815) Pause Young (Mixed) (G1 Evacuation Pause) 174M->147M(512M) 10.353ms
[2022-04-27T05:34:12.619+0000][1735.482s] GC(815) User=0.05s Sys=0.00s Real=0.01s
[2022-04-27T05:34:14.178+0000][1737.041s] GC(816) Pause Young (Normal) (G1 Evacuation Pause)
[2022-04-27T05:34:14.178+0000][1737.042s] GC(816) Using 8 workers of 8 for evacuation
[2022-04-27T05:34:14.186+0000][1737.050s] GC(816)   Pre Evacuate Collection Set: 0.0ms
[2022-04-27T05:34:14.187+0000][1737.050s] GC(816)   Evacuate Collection Set: 6.0ms
[2022-04-27T05:34:14.187+0000][1737.051s] GC(816)   Post Evacuate Collection Set: 1.6ms
[2022-04-27T05:34:14.188+0000][1737.051s] GC(816)   Other: 1.0ms
[2022-04-27T05:34:14.188+0000][1737.052s] GC(816) Eden regions: 270->0(255)
[2022-04-27T05:34:14.189+0000][1737.052s] GC(816) Survivor regions: 2->16(34)
[2022-04-27T05:34:14.189+0000][1737.053s] GC(816) Old regions: 141->141
[2022-04-27T05:34:14.189+0000][1737.053s] GC(816) Humongous regions: 7->7
[2022-04-27T05:34:14.190+0000][1737.053s] GC(816) Metaspace: 56908K->56908K(1101824K)
[2022-04-27T05:34:14.190+0000][1737.053s] GC(816) Pause Young (Normal) (G1 Evacuation Pause) 417M->162M(512M) 12.083ms
[2022-04-27T05:34:14.190+0000][1737.054s] GC(816) User=0.05s Sys=0.00s Real=0.01s
[2022-04-27T05:34:15.772+0000][1738.636s] GC(817) Pause Young (Normal) (G1 Evacuation Pause)
[2022-04-27T05:34:15.773+0000][1738.636s] GC(817) Using 8 workers of 8 for evacuation
[2022-04-27T05:34:15.780+0000][1738.644s] GC(817)   Pre Evacuate Collection Set: 0.0ms
[2022-04-27T05:34:15.781+0000][1738.645s] GC(817)   Evacuate Collection Set: 5.1ms
[2022-04-27T05:34:15.781+0000][1738.645s] GC(817)   Post Evacuate Collection Set: 2.1ms
[2022-04-27T05:34:15.782+0000][1738.645s] GC(817)   Other: 1.0ms
[2022-04-27T05:34:15.782+0000][1738.646s] GC(817) Eden regions: 255->0(253)
[2022-04-27T05:34:15.783+0000][1738.646s] GC(817) Survivor regions: 16->19(34)
[2022-04-27T05:34:15.783+0000][1738.647s] GC(817) Old regions: 141->141
[2022-04-27T05:34:15.783+0000][1738.647s] GC(817) Humongous regions: 7->7
[2022-04-27T05:34:15.784+0000][1738.647s] GC(817) Metaspace: 56908K->56908K(1101824K)
[2022-04-27T05:34:15.784+0000][1738.648s] GC(817) Pause Young (Normal) (G1 Evacuation Pause) 417M->165M(512M) 11.701ms
[2022-04-27T05:34:15.784+0000][1738.648s] GC(817) User=0.05s Sys=0.00s Real=0.01s
[2022-04-27T05:34:17.320+0000][1740.184s] GC(818) Pause Young (Normal) (G1 Evacuation Pause)
[2022-04-27T05:34:17.321+0000][1740.184s] GC(818) Using 8 workers of 8 for evacuation
[2022-04-27T05:34:17.332+0000][1740.196s] GC(818)   Pre Evacuate Collection Set: 0.0ms
[2022-04-27T05:34:17.333+0000][1740.196s] GC(818)   Evacuate Collection Set: 8.4ms
[2022-04-27T05:34:17.333+0000][1740.197s] GC(818)   Post Evacuate Collection Set: 2.5ms
[2022-04-27T05:34:17.333+0000][1740.197s] GC(818)   Other: 1.0ms
[2022-04-27T05:34:17.334+0000][1740.197s] GC(818) Eden regions: 253->0(243)
[2022-04-27T05:34:17.334+0000][1740.198s] GC(818) Survivor regions: 19->22(34)
[2022-04-27T05:34:17.335+0000][1740.198s] GC(818) Old regions: 141->148
[2022-04-27T05:34:17.335+0000][1740.199s] GC(818) Humongous regions: 7->7
[2022-04-27T05:34:17.335+0000][1740.199s] GC(818) Metaspace: 56908K->56908K(1101824K)
[2022-04-27T05:34:17.336+0000][1740.199s] GC(818) Pause Young (Normal) (G1 Evacuation Pause) 418M->174M(512M) 15.420ms
[2022-04-27T05:34:17.336+0000][1740.200s] GC(818) User=0.06s Sys=0.02s Real=0.02s
[2022-04-27T05:34:19.105+0000][1741.969s] GC(819) Pause Young (Normal) (G1 Evacuation Pause)
[2022-04-27T05:34:19.106+0000][1741.970s] GC(819) Using 8 workers of 8 for evacuation
[2022-04-27T05:34:19.121+0000][1741.985s] GC(819)   Pre Evacuate Collection Set: 0.0ms
[2022-04-27T05:34:19.121+0000][1741.985s] GC(819)   Evacuate Collection Set: 9.8ms
[2022-04-27T05:34:19.122+0000][1741.985s] GC(819)   Post Evacuate Collection Set: 4.5ms
[2022-04-27T05:34:19.122+0000][1741.986s] GC(819)   Other: 1.1ms
[2022-04-27T05:34:19.122+0000][1741.986s] GC(819) Eden regions: 243->0(237)
[2022-04-27T05:34:19.123+0000][1741.986s] GC(819) Survivor regions: 22->22(34)
[2022-04-27T05:34:19.123+0000][1741.987s] GC(819) Old regions: 148->154
[2022-04-27T05:34:19.124+0000][1741.987s] GC(819) Humongous regions: 7->7
[2022-04-27T05:34:19.124+0000][1741.988s] GC(819) Metaspace: 56908K->56908K(1101824K)
[2022-04-27T05:34:19.124+0000][1741.988s] GC(819) Pause Young (Normal) (G1 Evacuation Pause) 417M->180M(512M) 18.885ms
[2022-04-27T05:34:19.125+0000][1741.988s] GC(819) User=0.10s Sys=0.01s Real=0.02s
[2022-04-27T05:34:20.683+0000][1743.547s] GC(820) Pause Young (Normal) (G1 Evacuation Pause)
[2022-04-27T05:34:20.684+0000][1743.547s] GC(820) Using 8 workers of 8 for evacuation
[2022-04-27T05:34:20.693+0000][1743.556s] GC(820)   Pre Evacuate Collection Set: 0.0ms
[2022-04-27T05:34:20.693+0000][1743.557s] GC(820)   Evacuate Collection Set: 7.2ms
[2022-04-27T05:34:20.693+0000][1743.557s] GC(820)   Post Evacuate Collection Set: 1.2ms
[2022-04-27T05:34:20.694+0000][1743.558s] GC(820)   Other: 1.0ms
[2022-04-27T05:34:20.694+0000][1743.558s] GC(820) Eden regions: 237->0(235)
[2022-04-27T05:34:20.694+0000][1743.558s] GC(820) Survivor regions: 22->19(33)
[2022-04-27T05:34:20.695+0000][1743.559s] GC(820) Old regions: 154->160
[2022-04-27T05:34:20.695+0000][1743.559s] GC(820) Humongous regions: 7->7
[2022-04-27T05:34:20.695+0000][1743.559s] GC(820) Metaspace: 56908K->56908K(1101824K)
[2022-04-27T05:34:20.696+0000][1743.560s] GC(820) Pause Young (Normal) (G1 Evacuation Pause) 417M->184M(512M) 12.578ms
[2022-04-27T05:34:20.696+0000][1743.560s] GC(820) User=0.06s Sys=0.00s Real=0.01s
[2022-04-27T05:34:22.411+0000][1745.275s] GC(821) Pause Young (Normal) (G1 Evacuation Pause)
[2022-04-27T05:34:22.412+0000][1745.275s] GC(821) Using 8 workers of 8 for evacuation
[2022-04-27T05:34:22.420+0000][1745.284s] GC(821)   Pre Evacuate Collection Set: 0.0ms
[2022-04-27T05:34:22.420+0000][1745.284s] GC(821)   Evacuate Collection Set: 6.7ms
[2022-04-27T05:34:22.421+0000][1745.285s] GC(821)   Post Evacuate Collection Set: 1.1ms
[2022-04-27T05:34:22.421+0000][1745.285s] GC(821)   Other: 0.9ms
[2022-04-27T05:34:22.422+0000][1745.285s] GC(821) Eden regions: 235->0(234)
[2022-04-27T05:34:22.422+0000][1745.286s] GC(821) Survivor regions: 19->16(32)
[2022-04-27T05:34:22.423+0000][1745.286s] GC(821) Old regions: 160->166
[2022-04-27T05:34:22.423+0000][1745.287s] GC(821) Humongous regions: 7->7
[2022-04-27T05:34:22.423+0000][1745.287s] GC(821) Metaspace: 56908K->56908K(1101824K)
[2022-04-27T05:34:22.424+0000][1745.287s] GC(821) Pause Young (Normal) (G1 Evacuation Pause) 419M->186M(512M) 12.430ms
[2022-04-27T05:34:22.424+0000][1745.288s] GC(821) User=0.05s Sys=0.01s Real=0.01s
[2022-04-27T05:34:23.895+0000][1746.758s] GC(822) Pause Young (Normal) (G1 Evacuation Pause)
[2022-04-27T05:34:23.895+0000][1746.759s] GC(822) Using 8 workers of 8 for evacuation
[2022-04-27T05:34:23.904+0000][1746.767s] GC(822)   Pre Evacuate Collection Set: 0.0ms
[2022-04-27T05:34:23.904+0000][1746.768s] GC(822)   Evacuate Collection Set: 7.2ms
[2022-04-27T05:34:23.905+0000][1746.768s] GC(822)   Post Evacuate Collection Set: 1.0ms
[2022-04-27T05:34:23.905+0000][1746.769s] GC(822)   Other: 1.0ms
[2022-04-27T05:34:23.905+0000][1746.769s] GC(822) Eden regions: 234->0(227)
[2022-04-27T05:34:23.906+0000][1746.769s] GC(822) Survivor regions: 16->24(32)
[2022-04-27T05:34:23.906+0000][1746.770s] GC(822) Old regions: 166->166
[2022-04-27T05:34:23.907+0000][1746.770s] GC(822) Humongous regions: 7->7
[2022-04-27T05:34:23.907+0000][1746.771s] GC(822) Metaspace: 56908K->56908K(1101824K)
[2022-04-27T05:34:23.907+0000][1746.771s] GC(822) Pause Young (Normal) (G1 Evacuation Pause) 420M->194M(512M) 12.691ms
[2022-04-27T05:34:23.908+0000][1746.771s] GC(822) User=0.06s Sys=0.00s Real=0.01s
[2022-04-27T05:34:24.747+0000][1747.611s] GC(823) Pause Young (Normal) (G1 Evacuation Pause)
[2022-04-27T05:34:24.748+0000][1747.611s] GC(823) Using 8 workers of 8 for evacuation
[2022-04-27T05:34:24.756+0000][1747.620s] GC(823)   Pre Evacuate Collection Set: 0.0ms
[2022-04-27T05:34:24.756+0000][1747.620s] GC(823)   Evacuate Collection Set: 6.6ms
[2022-04-27T05:34:24.757+0000][1747.620s] GC(823)   Post Evacuate Collection Set: 1.1ms
[2022-04-27T05:34:24.757+0000][1747.621s] GC(823)   Other: 0.9ms
[2022-04-27T05:34:24.758+0000][1747.621s] GC(823) Eden regions: 227->0(230)
[2022-04-27T05:34:24.758+0000][1747.622s] GC(823) Survivor regions: 24->13(32)
[2022-04-27T05:34:24.758+0000][1747.622s] GC(823) Old regions: 166->178
[2022-04-27T05:34:24.759+0000][1747.622s] GC(823) Humongous regions: 7->7
[2022-04-27T05:34:24.759+0000][1747.622s] GC(823) Metaspace: 56908K->56908K(1101824K)
[2022-04-27T05:34:24.759+0000][1747.623s] GC(823) Pause Young (Normal) (G1 Evacuation Pause) 421M->195M(512M) 11.718ms
[2022-04-27T05:34:24.759+0000][1747.623s] GC(823) User=0.06s Sys=0.00s Real=0.01s
[2022-04-27T05:34:26.169+0000][1749.033s] GC(824) Pause Young (Concurrent Start) (G1 Evacuation Pause)
[2022-04-27T05:34:26.169+0000][1749.033s] GC(824) Using 8 workers of 8 for evacuation
[2022-04-27T05:34:26.184+0000][1749.047s] GC(824)   Pre Evacuate Collection Set: 0.1ms
[2022-04-27T05:34:26.184+0000][1749.048s] GC(824)   Evacuate Collection Set: 8.7ms
[2022-04-27T05:34:26.184+0000][1749.048s] GC(824)   Post Evacuate Collection Set: 4.8ms
[2022-04-27T05:34:26.185+0000][1749.048s] GC(824)   Other: 0.8ms
[2022-04-27T05:34:26.185+0000][1749.049s] GC(824) Eden regions: 230->0(228)
[2022-04-27T05:34:26.186+0000][1749.049s] GC(824) Survivor regions: 13->18(31)
[2022-04-27T05:34:26.186+0000][1749.050s] GC(824) Old regions: 178->178
[2022-04-27T05:34:26.186+0000][1749.050s] GC(824) Humongous regions: 7->7
[2022-04-27T05:34:26.186+0000][1749.050s] GC(824) Metaspace: 56908K->56908K(1101824K)
[2022-04-27T05:34:26.187+0000][1749.050s] GC(824) Pause Young (Concurrent Start) (G1 Evacuation Pause) 425M->200M(512M) 17.738ms
[2022-04-27T05:34:26.187+0000][1749.051s] GC(824) User=0.05s Sys=0.00s Real=0.02s
[2022-04-27T05:34:26.188+0000][1749.051s] GC(825) Concurrent Cycle
[2022-04-27T05:34:26.188+0000][1749.051s] GC(825) Concurrent Clear Claimed Marks
[2022-04-27T05:34:26.188+0000][1749.052s] GC(825) Concurrent Clear Claimed Marks 0.478ms
[2022-04-27T05:34:26.189+0000][1749.052s] GC(825) Concurrent Scan Root Regions
[2022-04-27T05:34:26.193+0000][1749.057s] GC(825) Concurrent Scan Root Regions 4.297ms
[2022-04-27T05:34:26.193+0000][1749.057s] GC(825) Concurrent Mark (1749.057s)
[2022-04-27T05:34:26.194+0000][1749.057s] GC(825) Concurrent Mark From Roots
[2022-04-27T05:34:26.194+0000][1749.058s] GC(825) Using 2 workers of 2 for marking
[2022-04-27T05:34:26.233+0000][1749.097s] GC(825) Concurrent Mark From Roots 39.465ms
[2022-04-27T05:34:26.234+0000][1749.097s] GC(825) Concurrent Preclean
[2022-04-27T05:34:26.234+0000][1749.098s] GC(825) Concurrent Preclean 0.629ms
[2022-04-27T05:34:26.235+0000][1749.098s] GC(825) Concurrent Mark (1749.057s, 1749.098s) 41.334ms
[2022-04-27T05:34:26.235+0000][1749.099s] GC(825) Pause Remark
[2022-04-27T05:34:26.251+0000][1749.114s] GC(825) Cleaned string and symbol table, strings: 24824 processed, 0 removed, symbols: 137616 processed, 9 removed
[2022-04-27T05:34:26.252+0000][1749.115s] GC(825) Pause Remark 207M->178M(512M) 16.349ms
[2022-04-27T05:34:26.252+0000][1749.116s] GC(825) User=0.11s Sys=0.00s Real=0.02s
[2022-04-27T05:34:26.253+0000][1749.116s] GC(825) Concurrent Rebuild Remembered Sets
[2022-04-27T05:34:26.282+0000][1749.146s] GC(825) Concurrent Rebuild Remembered Sets 29.819ms
[2022-04-27T05:34:26.283+0000][1749.147s] GC(825) Pause Cleanup
[2022-04-27T05:34:26.283+0000][1749.147s] GC(825) Pause Cleanup 192M->192M(512M) 0.547ms
[2022-04-27T05:34:26.284+0000][1749.147s] GC(825) User=0.01s Sys=0.00s Real=0.00s
[2022-04-27T05:34:26.284+0000][1749.148s] GC(825) Concurrent Cleanup for Next Mark
[2022-04-27T05:34:26.285+0000][1749.149s] GC(825) Concurrent Cleanup for Next Mark 1.060ms
[2022-04-27T05:34:26.286+0000][1749.149s] GC(825) Concurrent Cycle 98.053ms
[2022-04-27T05:34:27.706+0000][1750.570s] GC(826) Pause Young (Prepare Mixed) (G1 Evacuation Pause)
[2022-04-27T05:34:27.706+0000][1750.570s] GC(826) Using 8 workers of 8 for evacuation
[2022-04-27T05:34:27.715+0000][1750.579s] GC(826)   Pre Evacuate Collection Set: 0.0ms
[2022-04-27T05:34:27.716+0000][1750.579s] GC(826)   Evacuate Collection Set: 5.6ms
[2022-04-27T05:34:27.716+0000][1750.580s] GC(826)   Post Evacuate Collection Set: 2.8ms
[2022-04-27T05:34:27.716+0000][1750.580s] GC(826)   Other: 0.9ms
[2022-04-27T05:34:27.716+0000][1750.580s] GC(826) Eden regions: 228->0(5)
[2022-04-27T05:34:27.717+0000][1750.580s] GC(826) Survivor regions: 18->20(31)
[2022-04-27T05:34:27.717+0000][1750.581s] GC(826) Old regions: 149->155
[2022-04-27T05:34:27.717+0000][1750.581s] GC(826) Humongous regions: 7->7
[2022-04-27T05:34:27.718+0000][1750.581s] GC(826) Metaspace: 56908K->56908K(1101824K)
[2022-04-27T05:34:27.718+0000][1750.582s] GC(826) Pause Young (Prepare Mixed) (G1 Evacuation Pause) 399M->179M(512M) 11.995ms
[2022-04-27T05:34:27.718+0000][1750.582s] GC(826) User=0.06s Sys=0.00s Real=0.01s
[2022-04-27T05:34:27.738+0000][1750.602s] GC(827) Pause Young (Mixed) (G1 Evacuation Pause)
[2022-04-27T05:34:27.739+0000][1750.602s] GC(827) Using 8 workers of 8 for evacuation
[2022-04-27T05:34:27.747+0000][1750.611s] GC(827)   Pre Evacuate Collection Set: 0.0ms
[2022-04-27T05:34:27.747+0000][1750.611s] GC(827)   Evacuate Collection Set: 7.0ms
[2022-04-27T05:34:27.748+0000][1750.611s] GC(827)   Post Evacuate Collection Set: 0.7ms
[2022-04-27T05:34:27.748+0000][1750.612s] GC(827)   Other: 0.8ms
[2022-04-27T05:34:27.748+0000][1750.612s] GC(827) Eden regions: 5->0(257)
[2022-04-27T05:34:27.749+0000][1750.612s] GC(827) Survivor regions: 20->3(4)
[2022-04-27T05:34:27.749+0000][1750.612s] GC(827) Old regions: 155->139
[2022-04-27T05:34:27.749+0000][1750.613s] GC(827) Humongous regions: 7->7
[2022-04-27T05:34:27.749+0000][1750.613s] GC(827) Metaspace: 56908K->56908K(1101824K)
[2022-04-27T05:34:27.750+0000][1750.613s] GC(827) Pause Young (Mixed) (G1 Evacuation Pause) 184M->147M(512M) 11.270ms
[2022-04-27T05:34:27.750+0000][1750.614s] GC(827) User=0.06s Sys=0.00s Real=0.01s
[2022-04-27T05:34:29.497+0000][1752.361s] GC(828) Pause Young (Normal) (G1 Evacuation Pause)
[2022-04-27T05:34:29.498+0000][1752.361s] GC(828) Using 8 workers of 8 for evacuation
[2022-04-27T05:34:29.505+0000][1752.369s] GC(828)   Pre Evacuate Collection Set: 0.0ms
[2022-04-27T05:34:29.506+0000][1752.370s] GC(828)   Evacuate Collection Set: 6.3ms
[2022-04-27T05:34:29.506+0000][1752.370s] GC(828)   Post Evacuate Collection Set: 1.3ms
[2022-04-27T05:34:29.507+0000][1752.370s] GC(828)   Other: 0.9ms
[2022-04-27T05:34:29.507+0000][1752.370s] GC(828) Eden regions: 257->0(253)
[2022-04-27T05:34:29.507+0000][1752.371s] GC(828) Survivor regions: 3->15(33)
[2022-04-27T05:34:29.507+0000][1752.371s] GC(828) Old regions: 139->139
[2022-04-27T05:34:29.508+0000][1752.371s] GC(828) Humongous regions: 7->7
[2022-04-27T05:34:29.508+0000][1752.372s] GC(828) Metaspace: 56908K->56908K(1101824K)
[2022-04-27T05:34:29.508+0000][1752.372s] GC(828) Pause Young (Normal) (G1 Evacuation Pause) 404M->158M(512M) 11.197ms
[2022-04-27T05:34:29.509+0000][1752.372s] GC(828) User=0.05s Sys=0.00s Real=0.01s
[2022-04-27T05:34:31.040+0000][1753.903s] GC(829) Pause Young (Normal) (G1 Evacuation Pause)
[2022-04-27T05:34:31.040+0000][1753.904s] GC(829) Using 8 workers of 8 for evacuation
[2022-04-27T05:34:31.047+0000][1753.910s] GC(829)   Pre Evacuate Collection Set: 0.0ms
[2022-04-27T05:34:31.047+0000][1753.911s] GC(829)   Evacuate Collection Set: 5.3ms
[2022-04-27T05:34:31.047+0000][1753.911s] GC(829)   Post Evacuate Collection Set: 1.0ms
[2022-04-27T05:34:31.048+0000][1753.911s] GC(829)   Other: 0.6ms
[2022-04-27T05:34:31.048+0000][1753.911s] GC(829) Eden regions: 253->0(253)
[2022-04-27T05:34:31.048+0000][1753.912s] GC(829) Survivor regions: 15->18(34)
[2022-04-27T05:34:31.048+0000][1753.912s] GC(829) Old regions: 139->139
[2022-04-27T05:34:31.049+0000][1753.912s] GC(829) Humongous regions: 7->7
[2022-04-27T05:34:31.049+0000][1753.912s] GC(829) Metaspace: 56908K->56908K(1101824K)
[2022-04-27T05:34:31.049+0000][1753.913s] GC(829) Pause Young (Normal) (G1 Evacuation Pause) 411M->162M(512M) 9.468ms
[2022-04-27T05:34:31.049+0000][1753.913s] GC(829) User=0.04s Sys=0.00s Real=0.01s
[2022-04-27T05:34:32.564+0000][1755.427s] GC(830) Pause Young (Normal) (G1 Evacuation Pause)
[2022-04-27T05:34:32.564+0000][1755.428s] GC(830) Using 8 workers of 8 for evacuation
[2022-04-27T05:34:32.575+0000][1755.438s] GC(830)   Pre Evacuate Collection Set: 0.0ms
[2022-04-27T05:34:32.575+0000][1755.439s] GC(830)   Evacuate Collection Set: 8.9ms
[2022-04-27T05:34:32.576+0000][1755.439s] GC(830)   Post Evacuate Collection Set: 1.6ms
[2022-04-27T05:34:32.576+0000][1755.440s] GC(830)   Other: 0.7ms
[2022-04-27T05:34:32.576+0000][1755.440s] GC(830) Eden regions: 253->0(246)
[2022-04-27T05:34:32.577+0000][1755.440s] GC(830) Survivor regions: 18->28(34)
[2022-04-27T05:34:32.577+0000][1755.441s] GC(830) Old regions: 139->139
[2022-04-27T05:34:32.577+0000][1755.441s] GC(830) Humongous regions: 7->7
[2022-04-27T05:34:32.578+0000][1755.441s] GC(830) Metaspace: 56908K->56908K(1101824K)
[2022-04-27T05:34:32.578+0000][1755.442s] GC(830) Pause Young (Normal) (G1 Evacuation Pause) 415M->172M(512M) 14.324ms
[2022-04-27T05:34:32.578+0000][1755.442s] GC(830) User=0.08s Sys=0.00s Real=0.01s
[2022-04-27T05:34:34.154+0000][1757.018s] GC(831) Pause Young (Normal) (G1 Evacuation Pause)
[2022-04-27T05:34:34.155+0000][1757.018s] GC(831) Using 8 workers of 8 for evacuation
[2022-04-27T05:34:34.169+0000][1757.032s] GC(831)   Pre Evacuate Collection Set: 0.0ms
[2022-04-27T05:34:34.169+0000][1757.033s] GC(831)   Evacuate Collection Set: 11.5ms
[2022-04-27T05:34:34.170+0000][1757.033s] GC(831)   Post Evacuate Collection Set: 2.1ms
[2022-04-27T05:34:34.170+0000][1757.034s] GC(831)   Other: 0.9ms
[2022-04-27T05:34:34.170+0000][1757.034s] GC(831) Eden regions: 246->0(239)
[2022-04-27T05:34:34.171+0000][1757.034s] GC(831) Survivor regions: 28->22(35)
[2022-04-27T05:34:34.171+0000][1757.034s] GC(831) Old regions: 139->153
[2022-04-27T05:34:34.171+0000][1757.035s] GC(831) Humongous regions: 7->7
[2022-04-27T05:34:34.171+0000][1757.035s] GC(831) Metaspace: 56908K->56908K(1101824K)
[2022-04-27T05:34:34.172+0000][1757.035s] GC(831) Pause Young (Normal) (G1 Evacuation Pause) 418M->179M(512M) 17.444ms
[2022-04-27T05:34:34.172+0000][1757.036s] GC(831) User=0.11s Sys=0.00s Real=0.02s
[2022-04-27T05:34:35.765+0000][1758.628s] GC(832) Pause Young (Concurrent Start) (G1 Evacuation Pause)
[2022-04-27T05:34:35.765+0000][1758.629s] GC(832) Using 8 workers of 8 for evacuation
[2022-04-27T05:34:35.783+0000][1758.647s] GC(832)   Pre Evacuate Collection Set: 0.1ms
[2022-04-27T05:34:35.783+0000][1758.647s] GC(832)   Evacuate Collection Set: 13.6ms
[2022-04-27T05:34:35.784+0000][1758.647s] GC(832)   Post Evacuate Collection Set: 3.5ms
[2022-04-27T05:34:35.784+0000][1758.648s] GC(832)   Other: 1.1ms
[2022-04-27T05:34:35.784+0000][1758.648s] GC(832) Eden regions: 239->0(234)
[2022-04-27T05:34:35.785+0000][1758.648s] GC(832) Survivor regions: 22->21(33)
[2022-04-27T05:34:35.785+0000][1758.649s] GC(832) Old regions: 153->159
[2022-04-27T05:34:35.785+0000][1758.649s] GC(832) Humongous regions: 7->7
[2022-04-27T05:34:35.786+0000][1758.649s] GC(832) Metaspace: 56908K->56908K(1101824K)
[2022-04-27T05:34:35.786+0000][1758.650s] GC(832) Pause Young (Concurrent Start) (G1 Evacuation Pause) 418M->184M(512M) 21.409ms
[2022-04-27T05:34:35.786+0000][1758.650s] GC(832) User=0.08s Sys=0.00s Real=0.02s
[2022-04-27T05:34:35.787+0000][1758.650s] GC(833) Concurrent Cycle
[2022-04-27T05:34:35.787+0000][1758.651s] GC(833) Concurrent Clear Claimed Marks
[2022-04-27T05:34:35.788+0000][1758.651s] GC(833) Concurrent Clear Claimed Marks 0.424ms
[2022-04-27T05:34:35.788+0000][1758.652s] GC(833) Concurrent Scan Root Regions
[2022-04-27T05:34:35.793+0000][1758.657s] GC(833) Concurrent Scan Root Regions 5.066ms
[2022-04-27T05:34:35.793+0000][1758.657s] GC(833) Concurrent Mark (1758.657s)
[2022-04-27T05:34:35.794+0000][1758.657s] GC(833) Concurrent Mark From Roots
[2022-04-27T05:34:35.794+0000][1758.658s] GC(833) Using 2 workers of 2 for marking
[2022-04-27T05:34:35.829+0000][1758.693s] GC(833) Concurrent Mark From Roots 35.685ms
[2022-04-27T05:34:35.830+0000][1758.694s] GC(833) Concurrent Preclean
[2022-04-27T05:34:35.831+0000][1758.694s] GC(833) Concurrent Preclean 0.649ms
[2022-04-27T05:34:35.831+0000][1758.695s] GC(833) Concurrent Mark (1758.657s, 1758.695s) 37.644ms
[2022-04-27T05:34:35.832+0000][1758.695s] GC(833) Pause Remark
[2022-04-27T05:34:35.845+0000][1758.709s] GC(833) Cleaned string and symbol table, strings: 24824 processed, 0 removed, symbols: 137613 processed, 9 removed
[2022-04-27T05:34:35.846+0000][1758.710s] GC(833) Pause Remark 196M->160M(512M) 14.800ms
[2022-04-27T05:34:35.847+0000][1758.710s] GC(833) User=0.10s Sys=0.00s Real=0.01s
[2022-04-27T05:34:35.847+0000][1758.711s] GC(833) Concurrent Rebuild Remembered Sets
[2022-04-27T05:34:35.885+0000][1758.749s] GC(833) Concurrent Rebuild Remembered Sets 38.018ms
[2022-04-27T05:34:35.886+0000][1758.750s] GC(833) Pause Cleanup
[2022-04-27T05:34:35.887+0000][1758.750s] GC(833) Pause Cleanup 169M->169M(512M) 0.592ms
[2022-04-27T05:34:35.887+0000][1758.751s] GC(833) User=0.00s Sys=0.00s Real=0.00s
[2022-04-27T05:34:35.887+0000][1758.751s] GC(833) Concurrent Cleanup for Next Mark
[2022-04-27T05:34:35.889+0000][1758.752s] GC(833) Concurrent Cleanup for Next Mark 1.223ms
[2022-04-27T05:34:35.889+0000][1758.753s] GC(833) Concurrent Cycle 102.135ms
[2022-04-27T05:34:37.433+0000][1760.297s] GC(834) Pause Young (Prepare Mixed) (G1 Evacuation Pause)
[2022-04-27T05:34:37.434+0000][1760.297s] GC(834) Using 8 workers of 8 for evacuation
[2022-04-27T05:34:37.442+0000][1760.306s] GC(834)   Pre Evacuate Collection Set: 0.0ms
[2022-04-27T05:34:37.442+0000][1760.306s] GC(834)   Evacuate Collection Set: 5.7ms
[2022-04-27T05:34:37.443+0000][1760.306s] GC(834)   Post Evacuate Collection Set: 2.2ms
[2022-04-27T05:34:37.443+0000][1760.306s] GC(834)   Other: 0.7ms
[2022-04-27T05:34:37.443+0000][1760.307s] GC(834) Eden regions: 234->0(8)
[2022-04-27T05:34:37.443+0000][1760.307s] GC(834) Survivor regions: 21->17(32)
[2022-04-27T05:34:37.443+0000][1760.307s] GC(834) Old regions: 123->128
[2022-04-27T05:34:37.444+0000][1760.307s] GC(834) Humongous regions: 7->7
[2022-04-27T05:34:37.444+0000][1760.308s] GC(834) Metaspace: 56908K->56908K(1101824K)
[2022-04-27T05:34:37.444+0000][1760.308s] GC(834) Pause Young (Prepare Mixed) (G1 Evacuation Pause) 382M->150M(512M) 10.737ms
[2022-04-27T05:34:37.444+0000][1760.308s] GC(834) User=0.06s Sys=0.00s Real=0.01s
[2022-04-27T05:34:37.481+0000][1760.345s] GC(835) Pause Young (Mixed) (G1 Evacuation Pause)
[2022-04-27T05:34:37.481+0000][1760.345s] GC(835) Using 8 workers of 8 for evacuation
[2022-04-27T05:34:37.490+0000][1760.353s] GC(835)   Pre Evacuate Collection Set: 0.0ms
[2022-04-27T05:34:37.490+0000][1760.354s] GC(835)   Evacuate Collection Set: 7.3ms
[2022-04-27T05:34:37.490+0000][1760.354s] GC(835)   Post Evacuate Collection Set: 0.7ms
[2022-04-27T05:34:37.490+0000][1760.354s] GC(835)   Other: 0.7ms
[2022-04-27T05:34:37.491+0000][1760.354s] GC(835) Eden regions: 8->0(276)
[2022-04-27T05:34:37.491+0000][1760.355s] GC(835) Survivor regions: 17->4(4)
[2022-04-27T05:34:37.491+0000][1760.355s] GC(835) Old regions: 128->120
[2022-04-27T05:34:37.492+0000][1760.355s] GC(835) Humongous regions: 7->7
[2022-04-27T05:34:37.492+0000][1760.355s] GC(835) Metaspace: 56908K->56908K(1101824K)
[2022-04-27T05:34:37.492+0000][1760.356s] GC(835) Pause Young (Mixed) (G1 Evacuation Pause) 158M->128M(512M) 11.095ms
[2022-04-27T05:34:37.492+0000][1760.356s] GC(835) User=0.05s Sys=0.00s Real=0.01s
[2022-04-27T05:34:39.112+0000][1761.976s] GC(836) Pause Young (Normal) (G1 Evacuation Pause)
[2022-04-27T05:34:39.112+0000][1761.976s] GC(836) Using 8 workers of 8 for evacuation
[2022-04-27T05:34:39.124+0000][1761.988s] GC(836)   Pre Evacuate Collection Set: 0.0ms
[2022-04-27T05:34:39.131+0000][1761.995s] GC(836)   Evacuate Collection Set: 9.9ms
[2022-04-27T05:34:39.131+0000][1761.995s] GC(836)   Post Evacuate Collection Set: 1.4ms
[2022-04-27T05:34:39.132+0000][1761.995s] GC(836)   Other: 0.7ms
[2022-04-27T05:34:39.132+0000][1761.995s] GC(836) Eden regions: 276->0(266)
[2022-04-27T05:34:39.132+0000][1761.996s] GC(836) Survivor regions: 4->19(35)
[2022-04-27T05:34:39.132+0000][1761.996s] GC(836) Old regions: 120->120
[2022-04-27T05:34:39.132+0000][1761.996s] GC(836) Humongous regions: 7->7
[2022-04-27T05:34:39.133+0000][1761.996s] GC(836) Metaspace: 56908K->56908K(1101824K)
[2022-04-27T05:34:39.133+0000][1761.997s] GC(836) Pause Young (Normal) (G1 Evacuation Pause) 404M->143M(512M) 20.923ms
[2022-04-27T05:34:39.133+0000][1761.997s] GC(836) User=0.07s Sys=0.00s Real=0.02s
[2022-04-27T05:34:40.747+0000][1763.611s] GC(837) Pause Young (Normal) (G1 Evacuation Pause)
[2022-04-27T05:34:40.747+0000][1763.611s] GC(837) Using 8 workers of 8 for evacuation
[2022-04-27T05:34:40.758+0000][1763.621s] GC(837)   Pre Evacuate Collection Set: 0.0ms
[2022-04-27T05:34:40.758+0000][1763.622s] GC(837)   Evacuate Collection Set: 9.1ms
[2022-04-27T05:34:40.758+0000][1763.622s] GC(837)   Post Evacuate Collection Set: 1.0ms
[2022-04-27T05:34:40.759+0000][1763.622s] GC(837)   Other: 0.6ms
[2022-04-27T05:34:40.759+0000][1763.623s] GC(837) Eden regions: 266->0(260)
[2022-04-27T05:34:40.759+0000][1763.623s] GC(837) Survivor regions: 19->23(36)
[2022-04-27T05:34:40.759+0000][1763.623s] GC(837) Old regions: 120->124
[2022-04-27T05:34:40.760+0000][1763.623s] GC(837) Humongous regions: 7->7
[2022-04-27T05:34:40.760+0000][1763.624s] GC(837) Metaspace: 56908K->56908K(1101824K)
[2022-04-27T05:34:40.760+0000][1763.624s] GC(837) Pause Young (Normal) (G1 Evacuation Pause) 409M->151M(512M) 13.239ms
[2022-04-27T05:34:40.761+0000][1763.624s] GC(837) User=0.07s Sys=0.00s Real=0.01s
[2022-04-27T05:34:42.327+0000][1765.191s] GC(838) Pause Young (Normal) (G1 Evacuation Pause)
[2022-04-27T05:34:42.328+0000][1765.191s] GC(838) Using 8 workers of 8 for evacuation
[2022-04-27T05:34:42.338+0000][1765.202s] GC(838)   Pre Evacuate Collection Set: 0.0ms
[2022-04-27T05:34:42.338+0000][1765.202s] GC(838)   Evacuate Collection Set: 8.7ms
[2022-04-27T05:34:42.339+0000][1765.202s] GC(838)   Post Evacuate Collection Set: 1.3ms
[2022-04-27T05:34:42.339+0000][1765.202s] GC(838)   Other: 0.8ms
[2022-04-27T05:34:42.339+0000][1765.203s] GC(838) Eden regions: 260->0(256)
[2022-04-27T05:34:42.339+0000][1765.203s] GC(838) Survivor regions: 23->23(36)
[2022-04-27T05:34:42.340+0000][1765.203s] GC(838) Old regions: 124->130
[2022-04-27T05:34:42.340+0000][1765.204s] GC(838) Humongous regions: 7->7
[2022-04-27T05:34:42.340+0000][1765.204s] GC(838) Metaspace: 56908K->56908K(1101824K)
[2022-04-27T05:34:42.341+0000][1765.204s] GC(838) Pause Young (Normal) (G1 Evacuation Pause) 411M->157M(512M) 13.572ms
[2022-04-27T05:34:42.341+0000][1765.205s] GC(838) User=0.07s Sys=0.00s Real=0.02s
[2022-04-27T05:34:43.925+0000][1766.788s] GC(839) Pause Young (Normal) (G1 Evacuation Pause)
[2022-04-27T05:34:43.925+0000][1766.788s] GC(839) Using 8 workers of 8 for evacuation
[2022-04-27T05:34:43.934+0000][1766.798s] GC(839)   Pre Evacuate Collection Set: 0.0ms
[2022-04-27T05:34:43.935+0000][1766.798s] GC(839)   Evacuate Collection Set: 8.4ms
[2022-04-27T05:34:43.935+0000][1766.799s] GC(839)   Post Evacuate Collection Set: 0.9ms
[2022-04-27T05:34:43.935+0000][1766.799s] GC(839)   Other: 0.6ms
[2022-04-27T05:34:43.935+0000][1766.799s] GC(839) Eden regions: 256->0(254)
[2022-04-27T05:34:43.935+0000][1766.799s] GC(839) Survivor regions: 23->20(35)
[2022-04-27T05:34:43.936+0000][1766.799s] GC(839) Old regions: 130->136
[2022-04-27T05:34:43.936+0000][1766.799s] GC(839) Humongous regions: 7->7
[2022-04-27T05:34:43.936+0000][1766.800s] GC(839) Metaspace: 56908K->56908K(1101824K)
[2022-04-27T05:34:43.936+0000][1766.800s] GC(839) Pause Young (Normal) (G1 Evacuation Pause) 413M->161M(512M) 11.606ms
[2022-04-27T05:34:43.936+0000][1766.800s] GC(839) User=0.06s Sys=0.00s Real=0.01s
[2022-04-27T05:34:45.619+0000][1768.483s] GC(840) Pause Young (Normal) (G1 Evacuation Pause)
[2022-04-27T05:34:45.620+0000][1768.483s] GC(840) Using 8 workers of 8 for evacuation
[2022-04-27T05:34:45.643+0000][1768.506s] GC(840)   Pre Evacuate Collection Set: 0.0ms
[2022-04-27T05:34:45.649+0000][1768.513s] GC(840)   Evacuate Collection Set: 21.2ms
[2022-04-27T05:34:45.650+0000][1768.513s] GC(840)   Post Evacuate Collection Set: 1.3ms
[2022-04-27T05:34:45.650+0000][1768.514s] GC(840)   Other: 0.7ms
[2022-04-27T05:34:45.650+0000][1768.514s] GC(840) Eden regions: 254->0(245)
[2022-04-27T05:34:45.651+0000][1768.514s] GC(840) Survivor regions: 20->23(35)
[2022-04-27T05:34:45.651+0000][1768.514s] GC(840) Old regions: 136->142
[2022-04-27T05:34:45.651+0000][1768.515s] GC(840) Humongous regions: 7->7
[2022-04-27T05:34:45.651+0000][1768.515s] GC(840) Metaspace: 56908K->56908K(1101824K)
[2022-04-27T05:34:45.652+0000][1768.515s] GC(840) Pause Young (Normal) (G1 Evacuation Pause) 415M->169M(512M) 32.070ms
[2022-04-27T05:34:45.652+0000][1768.515s] GC(840) User=0.15s Sys=0.00s Real=0.04s
[2022-04-27T05:34:47.206+0000][1770.069s] GC(841) Pause Young (Normal) (G1 Evacuation Pause)
[2022-04-27T05:34:47.206+0000][1770.070s] GC(841) Using 8 workers of 8 for evacuation
[2022-04-27T05:34:47.215+0000][1770.079s] GC(841)   Pre Evacuate Collection Set: 0.0ms
[2022-04-27T05:34:47.216+0000][1770.079s] GC(841)   Evacuate Collection Set: 8.1ms
[2022-04-27T05:34:47.216+0000][1770.080s] GC(841)   Post Evacuate Collection Set: 0.9ms
[2022-04-27T05:34:47.217+0000][1770.080s] GC(841)   Other: 0.7ms
[2022-04-27T05:34:47.217+0000][1770.081s] GC(841) Eden regions: 245->0(240)
[2022-04-27T05:34:47.217+0000][1770.081s] GC(841) Survivor regions: 23->22(34)
[2022-04-27T05:34:47.218+0000][1770.081s] GC(841) Old regions: 142->148
[2022-04-27T05:34:47.218+0000][1770.082s] GC(841) Humongous regions: 7->7
[2022-04-27T05:34:47.218+0000][1770.082s] GC(841) Metaspace: 56909K->56909K(1101824K)
[2022-04-27T05:34:47.219+0000][1770.082s] GC(841) Pause Young (Normal) (G1 Evacuation Pause) 414M->175M(512M) 12.980ms
[2022-04-27T05:34:47.219+0000][1770.083s] GC(841) User=0.07s Sys=0.00s Real=0.01s
[2022-04-27T05:34:48.661+0000][1771.525s] GC(842) Pause Young (Normal) (G1 Evacuation Pause)
[2022-04-27T05:34:48.662+0000][1771.525s] GC(842) Using 8 workers of 8 for evacuation
[2022-04-27T05:34:48.673+0000][1771.537s] GC(842)   Pre Evacuate Collection Set: 0.0ms
[2022-04-27T05:34:48.673+0000][1771.537s] GC(842)   Evacuate Collection Set: 9.7ms
[2022-04-27T05:34:48.674+0000][1771.537s] GC(842)   Post Evacuate Collection Set: 1.1ms
[2022-04-27T05:34:48.674+0000][1771.538s] GC(842)   Other: 0.9ms
[2022-04-27T05:34:48.675+0000][1771.538s] GC(842) Eden regions: 240->0(236)
[2022-04-27T05:34:48.675+0000][1771.539s] GC(842) Survivor regions: 22->21(33)
[2022-04-27T05:34:48.675+0000][1771.539s] GC(842) Old regions: 148->154
[2022-04-27T05:34:48.675+0000][1771.539s] GC(842) Humongous regions: 7->7
[2022-04-27T05:34:48.676+0000][1771.539s] GC(842) Metaspace: 56909K->56909K(1101824K)
[2022-04-27T05:34:48.676+0000][1771.540s] GC(842) Pause Young (Normal) (G1 Evacuation Pause) 415M->179M(512M) 14.758ms
[2022-04-27T05:34:48.676+0000][1771.540s] GC(842) User=0.08s Sys=0.00s Real=0.01s
[2022-04-27T05:34:50.105+0000][1772.969s] GC(843) Pause Young (Normal) (G1 Evacuation Pause)
[2022-04-27T05:34:50.105+0000][1772.969s] GC(843) Using 8 workers of 8 for evacuation
[2022-04-27T05:34:50.115+0000][1772.978s] GC(843)   Pre Evacuate Collection Set: 0.0ms
[2022-04-27T05:34:50.115+0000][1772.979s] GC(843)   Evacuate Collection Set: 7.6ms
[2022-04-27T05:34:50.116+0000][1772.979s] GC(843)   Post Evacuate Collection Set: 1.3ms
[2022-04-27T05:34:50.116+0000][1772.980s] GC(843)   Other: 0.9ms
[2022-04-27T05:34:50.116+0000][1772.980s] GC(843) Eden regions: 236->0(232)
[2022-04-27T05:34:50.117+0000][1772.980s] GC(843) Survivor regions: 21->20(33)
[2022-04-27T05:34:50.117+0000][1772.981s] GC(843) Old regions: 154->160
[2022-04-27T05:34:50.118+0000][1772.981s] GC(843) Humongous regions: 7->7
[2022-04-27T05:34:50.118+0000][1772.982s] GC(843) Metaspace: 56909K->56909K(1101824K)
[2022-04-27T05:34:50.118+0000][1772.982s] GC(843) Pause Young (Normal) (G1 Evacuation Pause) 415M->185M(512M) 13.512ms
[2022-04-27T05:34:50.119+0000][1772.982s] GC(843) User=0.07s Sys=0.00s Real=0.01s
[2022-04-27T05:34:51.576+0000][1774.440s] GC(844) Pause Young (Normal) (G1 Evacuation Pause)
[2022-04-27T05:34:51.577+0000][1774.440s] GC(844) Using 8 workers of 8 for evacuation
[2022-04-27T05:34:51.586+0000][1774.450s] GC(844)   Pre Evacuate Collection Set: 0.0ms
[2022-04-27T05:34:51.587+0000][1774.450s] GC(844)   Evacuate Collection Set: 7.6ms
[2022-04-27T05:34:51.587+0000][1774.451s] GC(844)   Post Evacuate Collection Set: 1.3ms
[2022-04-27T05:34:51.587+0000][1774.451s] GC(844)   Other: 1.0ms
[2022-04-27T05:34:51.588+0000][1774.451s] GC(844) Eden regions: 232->0(229)
[2022-04-27T05:34:51.588+0000][1774.452s] GC(844) Survivor regions: 20->19(32)
[2022-04-27T05:34:51.588+0000][1774.452s] GC(844) Old regions: 160->166
[2022-04-27T05:34:51.589+0000][1774.452s] GC(844) Humongous regions: 7->7
[2022-04-27T05:34:51.589+0000][1774.453s] GC(844) Metaspace: 56909K->56909K(1101824K)
[2022-04-27T05:34:51.589+0000][1774.453s] GC(844) Pause Young (Normal) (G1 Evacuation Pause) 417M->190M(512M) 13.123ms
[2022-04-27T05:34:51.590+0000][1774.453s] GC(844) User=0.07s Sys=0.00s Real=0.01s
[2022-04-27T05:34:52.647+0000][1775.511s] GC(845) Pause Young (Normal) (G1 Evacuation Pause)
[2022-04-27T05:34:52.647+0000][1775.511s] GC(845) Using 8 workers of 8 for evacuation
[2022-04-27T05:34:52.669+0000][1775.533s] GC(845)   Pre Evacuate Collection Set: 0.0ms
[2022-04-27T05:34:52.672+0000][1775.536s] GC(845)   Evacuate Collection Set: 5.3ms
[2022-04-27T05:34:52.673+0000][1775.536s] GC(845)   Post Evacuate Collection Set: 16.7ms
[2022-04-27T05:34:52.673+0000][1775.536s] GC(845)   Other: 0.6ms
[2022-04-27T05:34:52.673+0000][1775.537s] GC(845) Eden regions: 229->0(231)
[2022-04-27T05:34:52.673+0000][1775.537s] GC(845) Survivor regions: 19->14(31)
[2022-04-27T05:34:52.674+0000][1775.537s] GC(845) Old regions: 166->173
[2022-04-27T05:34:52.674+0000][1775.538s] GC(845) Humongous regions: 7->7
[2022-04-27T05:34:52.674+0000][1775.538s] GC(845) Metaspace: 56909K->56909K(1101824K)
[2022-04-27T05:34:52.674+0000][1775.538s] GC(845) Pause Young (Normal) (G1 Evacuation Pause) 419M->191M(512M) 27.556ms
[2022-04-27T05:34:52.675+0000][1775.538s] GC(845) User=0.11s Sys=0.00s Real=0.03s
[2022-04-27T05:34:53.892+0000][1776.756s] GC(846) Pause Young (Normal) (G1 Evacuation Pause)
[2022-04-27T05:34:53.893+0000][1776.756s] GC(846) Using 8 workers of 8 for evacuation
[2022-04-27T05:34:53.901+0000][1776.764s] GC(846)   Pre Evacuate Collection Set: 0.0ms
[2022-04-27T05:34:53.901+0000][1776.765s] GC(846)   Evacuate Collection Set: 6.8ms
[2022-04-27T05:34:53.902+0000][1776.765s] GC(846)   Post Evacuate Collection Set: 0.9ms
[2022-04-27T05:34:53.902+0000][1776.766s] GC(846)   Other: 1.0ms
[2022-04-27T05:34:53.902+0000][1776.766s] GC(846) Eden regions: 231->0(225)
[2022-04-27T05:34:53.903+0000][1776.766s] GC(846) Survivor regions: 14->22(31)
[2022-04-27T05:34:53.903+0000][1776.767s] GC(846) Old regions: 173->173
[2022-04-27T05:34:53.903+0000][1776.767s] GC(846) Humongous regions: 7->7
[2022-04-27T05:34:53.904+0000][1776.767s] GC(846) Metaspace: 56909K->56909K(1101824K)
[2022-04-27T05:34:53.904+0000][1776.768s] GC(846) Pause Young (Normal) (G1 Evacuation Pause) 422M->199M(512M) 11.956ms
[2022-04-27T05:34:53.904+0000][1776.768s] GC(846) User=0.05s Sys=0.01s Real=0.01s
[2022-04-27T05:34:55.352+0000][1778.215s] GC(847) Pause Young (Normal) (G1 Evacuation Pause)
[2022-04-27T05:34:55.352+0000][1778.216s] GC(847) Using 8 workers of 8 for evacuation
[2022-04-27T05:34:55.363+0000][1778.226s] GC(847)   Pre Evacuate Collection Set: 0.0ms
[2022-04-27T05:34:55.363+0000][1778.227s] GC(847)   Evacuate Collection Set: 8.1ms
[2022-04-27T05:34:55.363+0000][1778.227s] GC(847)   Post Evacuate Collection Set: 2.0ms
[2022-04-27T05:34:55.364+0000][1778.227s] GC(847)   Other: 0.9ms
[2022-04-27T05:34:55.364+0000][1778.228s] GC(847) Eden regions: 225->0(219)
[2022-04-27T05:34:55.364+0000][1778.228s] GC(847) Survivor regions: 22->22(31)
[2022-04-27T05:34:55.365+0000][1778.229s] GC(847) Old regions: 173->179
[2022-04-27T05:34:55.365+0000][1778.229s] GC(847) Humongous regions: 7->7
[2022-04-27T05:34:55.365+0000][1778.229s] GC(847) Metaspace: 56909K->56909K(1101824K)
[2022-04-27T05:34:55.366+0000][1778.230s] GC(847) Pause Young (Normal) (G1 Evacuation Pause) 424M->205M(512M) 14.261ms
[2022-04-27T05:34:55.366+0000][1778.230s] GC(847) User=0.07s Sys=0.00s Real=0.01s
[2022-04-27T05:34:56.716+0000][1779.580s] GC(848) Pause Young (Normal) (G1 Evacuation Pause)
[2022-04-27T05:34:56.717+0000][1779.580s] GC(848) Using 8 workers of 8 for evacuation
[2022-04-27T05:34:56.725+0000][1779.589s] GC(848)   Pre Evacuate Collection Set: 0.0ms
[2022-04-27T05:34:56.726+0000][1779.589s] GC(848)   Evacuate Collection Set: 7.3ms
[2022-04-27T05:34:56.726+0000][1779.590s] GC(848)   Post Evacuate Collection Set: 1.0ms
[2022-04-27T05:34:56.727+0000][1779.590s] GC(848)   Other: 0.7ms
[2022-04-27T05:34:56.727+0000][1779.590s] GC(848) Eden regions: 219->0(215)
[2022-04-27T05:34:56.727+0000][1779.591s] GC(848) Survivor regions: 22->21(31)
[2022-04-27T05:34:56.728+0000][1779.591s] GC(848) Old regions: 179->184
[2022-04-27T05:34:56.728+0000][1779.592s] GC(848) Humongous regions: 7->7
[2022-04-27T05:34:56.728+0000][1779.592s] GC(848) Metaspace: 56909K->56909K(1101824K)
[2022-04-27T05:34:56.729+0000][1779.592s] GC(848) Pause Young (Normal) (G1 Evacuation Pause) 424M->210M(512M) 12.443ms
[2022-04-27T05:34:56.729+0000][1779.593s] GC(848) User=0.06s Sys=0.00s Real=0.01s
[2022-04-27T05:34:58.232+0000][1781.096s] GC(849) Pause Young (Normal) (G1 Evacuation Pause)
[2022-04-27T05:34:58.233+0000][1781.096s] GC(849) Using 8 workers of 8 for evacuation
[2022-04-27T05:34:58.242+0000][1781.106s] GC(849)   Pre Evacuate Collection Set: 0.0ms
[2022-04-27T05:34:58.243+0000][1781.106s] GC(849)   Evacuate Collection Set: 8.2ms
[2022-04-27T05:34:58.243+0000][1781.107s] GC(849)   Post Evacuate Collection Set: 1.1ms
[2022-04-27T05:34:58.243+0000][1781.107s] GC(849)   Other: 0.9ms
[2022-04-27T05:34:58.244+0000][1781.108s] GC(849) Eden regions: 215->0(206)
[2022-04-27T05:34:58.244+0000][1781.108s] GC(849) Survivor regions: 21->19(30)
[2022-04-27T05:34:58.244+0000][1781.108s] GC(849) Old regions: 184->193
[2022-04-27T05:34:58.245+0000][1781.108s] GC(849) Humongous regions: 7->7
[2022-04-27T05:34:58.245+0000][1781.109s] GC(849) Metaspace: 56909K->56909K(1101824K)
[2022-04-27T05:34:58.245+0000][1781.109s] GC(849) Pause Young (Normal) (G1 Evacuation Pause) 425M->216M(512M) 13.013ms
[2022-04-27T05:34:58.246+0000][1781.109s] GC(849) User=0.07s Sys=0.00s Real=0.01s
[2022-04-27T05:34:59.598+0000][1782.462s] GC(850) Pause Young (Concurrent Start) (G1 Evacuation Pause)
[2022-04-27T05:34:59.598+0000][1782.462s] GC(850) Using 8 workers of 8 for evacuation
[2022-04-27T05:34:59.613+0000][1782.477s] GC(850)   Pre Evacuate Collection Set: 0.1ms
[2022-04-27T05:34:59.614+0000][1782.477s] GC(850)   Evacuate Collection Set: 12.4ms
[2022-04-27T05:34:59.614+0000][1782.478s] GC(850)   Post Evacuate Collection Set: 1.8ms
[2022-04-27T05:34:59.614+0000][1782.478s] GC(850)   Other: 1.0ms
[2022-04-27T05:34:59.615+0000][1782.478s] GC(850) Eden regions: 206->0(202)
[2022-04-27T05:34:59.615+0000][1782.478s] GC(850) Survivor regions: 19->19(29)
[2022-04-27T05:34:59.615+0000][1782.479s] GC(850) Old regions: 193->197
[2022-04-27T05:34:59.615+0000][1782.479s] GC(850) Humongous regions: 7->7
[2022-04-27T05:34:59.616+0000][1782.479s] GC(850) Metaspace: 56909K->56909K(1101824K)
[2022-04-27T05:34:59.616+0000][1782.480s] GC(850) Pause Young (Concurrent Start) (G1 Evacuation Pause) 422M->221M(512M) 18.003ms
[2022-04-27T05:34:59.616+0000][1782.480s] GC(850) User=0.06s Sys=0.00s Real=0.02s
[2022-04-27T05:34:59.617+0000][1782.480s] GC(851) Concurrent Cycle
[2022-04-27T05:34:59.617+0000][1782.480s] GC(851) Concurrent Clear Claimed Marks
[2022-04-27T05:34:59.617+0000][1782.481s] GC(851) Concurrent Clear Claimed Marks 0.393ms
[2022-04-27T05:34:59.617+0000][1782.481s] GC(851) Concurrent Scan Root Regions
[2022-04-27T05:34:59.624+0000][1782.488s] GC(851) Concurrent Scan Root Regions 6.848ms
[2022-04-27T05:34:59.625+0000][1782.488s] GC(851) Concurrent Mark (1782.488s)
[2022-04-27T05:34:59.625+0000][1782.489s] GC(851) Concurrent Mark From Roots
[2022-04-27T05:34:59.625+0000][1782.489s] GC(851) Using 2 workers of 2 for marking
[2022-04-27T05:34:59.686+0000][1782.550s] GC(851) Concurrent Mark From Roots 61.288ms
[2022-04-27T05:34:59.687+0000][1782.550s] GC(851) Concurrent Preclean
[2022-04-27T05:34:59.688+0000][1782.551s] GC(851) Concurrent Preclean 0.742ms
[2022-04-27T05:34:59.688+0000][1782.551s] GC(851) Concurrent Mark (1782.488s, 1782.551s) 63.056ms
[2022-04-27T05:34:59.688+0000][1782.552s] GC(851) Pause Remark
[2022-04-27T05:34:59.722+0000][1782.586s] GC(851) Cleaned string and symbol table, strings: 24844 processed, 0 removed, symbols: 137619 processed, 9 removed
[2022-04-27T05:34:59.723+0000][1782.586s] GC(851) Pause Remark 228M->208M(512M) 34.463ms
[2022-04-27T05:34:59.723+0000][1782.587s] GC(851) User=0.26s Sys=0.00s Real=0.04s
[2022-04-27T05:34:59.723+0000][1782.587s] GC(851) Concurrent Rebuild Remembered Sets
[2022-04-27T05:34:59.778+0000][1782.642s] GC(851) Concurrent Rebuild Remembered Sets 55.045ms
[2022-04-27T05:34:59.780+0000][1782.643s] GC(851) Pause Cleanup
[2022-04-27T05:34:59.781+0000][1782.644s] GC(851) Pause Cleanup 221M->221M(512M) 1.000ms
[2022-04-27T05:34:59.781+0000][1782.645s] GC(851) User=0.00s Sys=0.00s Real=0.01s
[2022-04-27T05:34:59.781+0000][1782.645s] GC(851) Concurrent Cleanup for Next Mark
[2022-04-27T05:34:59.782+0000][1782.646s] GC(851) Concurrent Cleanup for Next Mark 1.127ms
[2022-04-27T05:34:59.783+0000][1782.646s] GC(851) Concurrent Cycle 166.050ms
[2022-04-27T05:35:00.565+0000][1783.429s] GC(852) Pause Young (Prepare Mixed) (G1 Evacuation Pause)
[2022-04-27T05:35:00.565+0000][1783.429s] GC(852) Using 8 workers of 8 for evacuation
[2022-04-27T05:35:00.572+0000][1783.436s] GC(852)   Pre Evacuate Collection Set: 0.0ms
[2022-04-27T05:35:00.572+0000][1783.436s] GC(852)   Evacuate Collection Set: 4.8ms
[2022-04-27T05:35:00.573+0000][1783.436s] GC(852)   Post Evacuate Collection Set: 1.2ms
[2022-04-27T05:35:00.573+0000][1783.437s] GC(852)   Other: 0.8ms
[2022-04-27T05:35:00.573+0000][1783.437s] GC(852) Eden regions: 202->0(12)
[2022-04-27T05:35:00.574+0000][1783.437s] GC(852) Survivor regions: 19->13(28)
[2022-04-27T05:35:00.574+0000][1783.437s] GC(852) Old regions: 177->183
[2022-04-27T05:35:00.574+0000][1783.438s] GC(852) Humongous regions: 7->7
[2022-04-27T05:35:00.574+0000][1783.438s] GC(852) Metaspace: 56909K->56909K(1101824K)
[2022-04-27T05:35:00.575+0000][1783.438s] GC(852) Pause Young (Prepare Mixed) (G1 Evacuation Pause) 403M->200M(512M) 9.732ms
[2022-04-27T05:35:00.575+0000][1783.439s] GC(852) User=0.04s Sys=0.00s Real=0.01s
[2022-04-27T05:35:00.891+0000][1783.755s] GC(853) Pause Young (Mixed) (G1 Evacuation Pause)
[2022-04-27T05:35:00.891+0000][1783.755s] GC(853) Using 8 workers of 8 for evacuation
[2022-04-27T05:35:00.900+0000][1783.764s] GC(853)   Pre Evacuate Collection Set: 0.0ms
[2022-04-27T05:35:00.901+0000][1783.764s] GC(853)   Evacuate Collection Set: 7.7ms
[2022-04-27T05:35:00.901+0000][1783.765s] GC(853)   Post Evacuate Collection Set: 0.6ms
[2022-04-27T05:35:00.901+0000][1783.765s] GC(853)   Other: 1.0ms
[2022-04-27T05:35:00.902+0000][1783.765s] GC(853) Eden regions: 12->0(253)
[2022-04-27T05:35:00.902+0000][1783.766s] GC(853) Survivor regions: 13->2(4)
[2022-04-27T05:35:00.902+0000][1783.766s] GC(853) Old regions: 183->167
[2022-04-27T05:35:00.903+0000][1783.766s] GC(853) Humongous regions: 7->7
[2022-04-27T05:35:00.903+0000][1783.767s] GC(853) Metaspace: 56909K->56909K(1101824K)
[2022-04-27T05:35:00.903+0000][1783.767s] GC(853) Pause Young (Mixed) (G1 Evacuation Pause) 212M->174M(512M) 12.525ms
[2022-04-27T05:35:00.904+0000][1783.767s] GC(853) User=0.05s Sys=0.01s Real=0.01s
[2022-04-27T05:35:02.132+0000][1784.996s] GC(854) Pause Young (Normal) (G1 Evacuation Pause)
[2022-04-27T05:35:02.132+0000][1784.996s] GC(854) Using 8 workers of 8 for evacuation
[2022-04-27T05:35:02.137+0000][1785.001s] GC(854)   Pre Evacuate Collection Set: 0.0ms
[2022-04-27T05:35:02.137+0000][1785.001s] GC(854)   Evacuate Collection Set: 3.0ms
[2022-04-27T05:35:02.138+0000][1785.002s] GC(854)   Post Evacuate Collection Set: 1.1ms
[2022-04-27T05:35:02.138+0000][1785.002s] GC(854)   Other: 1.0ms
[2022-04-27T05:35:02.139+0000][1785.002s] GC(854) Eden regions: 253->0(251)
[2022-04-27T05:35:02.139+0000][1785.003s] GC(854) Survivor regions: 2->7(32)
[2022-04-27T05:35:02.139+0000][1785.003s] GC(854) Old regions: 167->167
[2022-04-27T05:35:02.140+0000][1785.003s] GC(854) Humongous regions: 7->7
[2022-04-27T05:35:02.140+0000][1785.004s] GC(854) Metaspace: 56909K->56909K(1101824K)
[2022-04-27T05:35:02.140+0000][1785.004s] GC(854) Pause Young (Normal) (G1 Evacuation Pause) 427M->178M(512M) 8.300ms
[2022-04-27T05:35:02.140+0000][1785.004s] GC(854) User=0.03s Sys=0.00s Real=0.00s
[2022-04-27T05:35:03.620+0000][1786.483s] GC(855) Pause Young (Normal) (G1 Evacuation Pause)
[2022-04-27T05:35:03.620+0000][1786.484s] GC(855) Using 8 workers of 8 for evacuation
[2022-04-27T05:35:03.625+0000][1786.489s] GC(855)   Pre Evacuate Collection Set: 0.0ms
[2022-04-27T05:35:03.626+0000][1786.489s] GC(855)   Evacuate Collection Set: 3.4ms
[2022-04-27T05:35:03.626+0000][1786.490s] GC(855)   Post Evacuate Collection Set: 1.2ms
[2022-04-27T05:35:03.626+0000][1786.490s] GC(855)   Other: 0.9ms
[2022-04-27T05:35:03.627+0000][1786.490s] GC(855) Eden regions: 251->0(248)
[2022-04-27T05:35:03.627+0000][1786.491s] GC(855) Survivor regions: 7->12(33)
[2022-04-27T05:35:03.627+0000][1786.491s] GC(855) Old regions: 167->167
[2022-04-27T05:35:03.628+0000][1786.491s] GC(855) Humongous regions: 7->7
[2022-04-27T05:35:03.628+0000][1786.492s] GC(855) Metaspace: 56909K->56909K(1101824K)
[2022-04-27T05:35:03.628+0000][1786.492s] GC(855) Pause Young (Normal) (G1 Evacuation Pause) 429M->184M(512M) 8.726ms
[2022-04-27T05:35:03.629+0000][1786.492s] GC(855) User=0.03s Sys=0.00s Real=0.01s
[2022-04-27T05:35:05.136+0000][1788.000s] GC(856) Pause Young (Normal) (G1 Evacuation Pause)
[2022-04-27T05:35:05.137+0000][1788.000s] GC(856) Using 8 workers of 8 for evacuation
[2022-04-27T05:35:05.145+0000][1788.009s] GC(856)   Pre Evacuate Collection Set: 0.0ms
[2022-04-27T05:35:05.146+0000][1788.009s] GC(856)   Evacuate Collection Set: 6.8ms
[2022-04-27T05:35:05.146+0000][1788.010s] GC(856)   Post Evacuate Collection Set: 1.2ms
[2022-04-27T05:35:05.146+0000][1788.010s] GC(856)   Other: 0.8ms
[2022-04-27T05:35:05.147+0000][1788.010s] GC(856) Eden regions: 248->0(236)
[2022-04-27T05:35:05.147+0000][1788.011s] GC(856) Survivor regions: 12->23(33)
[2022-04-27T05:35:05.147+0000][1788.011s] GC(856) Old regions: 167->167
[2022-04-27T05:35:05.148+0000][1788.011s] GC(856) Humongous regions: 7->7
[2022-04-27T05:35:05.148+0000][1788.012s] GC(856) Metaspace: 56909K->56909K(1101824K)
[2022-04-27T05:35:05.148+0000][1788.012s] GC(856) Pause Young (Normal) (G1 Evacuation Pause) 432M->194M(512M) 11.950ms
[2022-04-27T05:35:05.149+0000][1788.012s] GC(856) User=0.06s Sys=0.00s Real=0.01s
[2022-04-27T05:35:06.607+0000][1789.471s] GC(857) Pause Young (Concurrent Start) (G1 Evacuation Pause)
[2022-04-27T05:35:06.607+0000][1789.471s] GC(857) Using 8 workers of 8 for evacuation
[2022-04-27T05:35:06.620+0000][1789.483s] GC(857)   Pre Evacuate Collection Set: 0.1ms
[2022-04-27T05:35:06.620+0000][1789.484s] GC(857)   Evacuate Collection Set: 10.8ms
[2022-04-27T05:35:06.620+0000][1789.484s] GC(857)   Post Evacuate Collection Set: 0.9ms
[2022-04-27T05:35:06.621+0000][1789.484s] GC(857)   Other: 0.8ms
[2022-04-27T05:35:06.621+0000][1789.484s] GC(857) Eden regions: 236->0(235)
[2022-04-27T05:35:06.621+0000][1789.485s] GC(857) Survivor regions: 23->19(33)
[2022-04-27T05:35:06.622+0000][1789.485s] GC(857) Old regions: 167->173
[2022-04-27T05:35:06.622+0000][1789.485s] GC(857) Humongous regions: 7->7
[2022-04-27T05:35:06.622+0000][1789.486s] GC(857) Metaspace: 56909K->56909K(1101824K)
[2022-04-27T05:35:06.622+0000][1789.486s] GC(857) Pause Young (Concurrent Start) (G1 Evacuation Pause) 430M->196M(512M) 15.369ms
[2022-04-27T05:35:06.623+0000][1789.486s] GC(857) User=0.04s Sys=0.00s Real=0.02s
[2022-04-27T05:35:06.623+0000][1789.487s] GC(858) Concurrent Cycle
[2022-04-27T05:35:06.623+0000][1789.487s] GC(858) Concurrent Clear Claimed Marks
[2022-04-27T05:35:06.624+0000][1789.487s] GC(858) Concurrent Clear Claimed Marks 0.311ms
[2022-04-27T05:35:06.624+0000][1789.487s] GC(858) Concurrent Scan Root Regions
[2022-04-27T05:35:06.627+0000][1789.490s] GC(858) Concurrent Scan Root Regions 2.910ms
[2022-04-27T05:35:06.627+0000][1789.491s] GC(858) Concurrent Mark (1789.491s)
[2022-04-27T05:35:06.627+0000][1789.491s] GC(858) Concurrent Mark From Roots
[2022-04-27T05:35:06.628+0000][1789.492s] GC(858) Using 2 workers of 2 for marking
[2022-04-27T05:35:06.662+0000][1789.525s] GC(858) Concurrent Mark From Roots 34.203ms
[2022-04-27T05:35:06.662+0000][1789.526s] GC(858) Concurrent Preclean
[2022-04-27T05:35:06.663+0000][1789.526s] GC(858) Concurrent Preclean 0.517ms
[2022-04-27T05:35:06.663+0000][1789.526s] GC(858) Concurrent Mark (1789.491s, 1789.526s) 35.715ms
[2022-04-27T05:35:06.663+0000][1789.527s] GC(858) Pause Remark
[2022-04-27T05:35:06.678+0000][1789.542s] GC(858) Cleaned string and symbol table, strings: 24844 processed, 0 removed, symbols: 137614 processed, 6 removed
[2022-04-27T05:35:06.679+0000][1789.543s] GC(858) Pause Remark 204M->154M(512M) 15.924ms
[2022-04-27T05:35:06.680+0000][1789.543s] GC(858) User=0.11s Sys=0.00s Real=0.01s
[2022-04-27T05:35:06.680+0000][1789.544s] GC(858) Concurrent Rebuild Remembered Sets
[2022-04-27T05:35:06.709+0000][1789.572s] GC(858) Concurrent Rebuild Remembered Sets 28.771ms
[2022-04-27T05:35:06.709+0000][1789.573s] GC(858) Pause Cleanup
[2022-04-27T05:35:06.710+0000][1789.574s] GC(858) Pause Cleanup 164M->164M(512M) 0.526ms
[2022-04-27T05:35:06.710+0000][1789.574s] GC(858) User=0.00s Sys=0.00s Real=0.00s
[2022-04-27T05:35:06.711+0000][1789.574s] GC(858) Concurrent Cleanup for Next Mark
[2022-04-27T05:35:06.712+0000][1789.575s] GC(858) Concurrent Cleanup for Next Mark 1.059ms
[2022-04-27T05:35:06.712+0000][1789.576s] GC(858) Concurrent Cycle 88.872ms
[2022-04-27T05:35:08.086+0000][1790.950s] GC(859) Pause Young (Prepare Mixed) (G1 Evacuation Pause)
[2022-04-27T05:35:08.087+0000][1790.951s] GC(859) Using 8 workers of 8 for evacuation
[2022-04-27T05:35:08.107+0000][1790.971s] GC(859)   Pre Evacuate Collection Set: 0.0ms
[2022-04-27T05:35:08.107+0000][1790.971s] GC(859)   Evacuate Collection Set: 9.2ms
[2022-04-27T05:35:08.108+0000][1790.971s] GC(859)   Post Evacuate Collection Set: 10.5ms
[2022-04-27T05:35:08.108+0000][1790.972s] GC(859)   Other: 0.9ms
[2022-04-27T05:35:08.108+0000][1790.972s] GC(859) Eden regions: 235->0(1)
[2022-04-27T05:35:08.109+0000][1790.972s] GC(859) Survivor regions: 19->24(32)
[2022-04-27T05:35:08.109+0000][1790.973s] GC(859) Old regions: 123->128
[2022-04-27T05:35:08.109+0000][1790.973s] GC(859) Humongous regions: 7->7
[2022-04-27T05:35:08.110+0000][1790.973s] GC(859) Metaspace: 56909K->56909K(1101824K)
[2022-04-27T05:35:08.110+0000][1790.974s] GC(859) Pause Young (Prepare Mixed) (G1 Evacuation Pause) 381M->157M(512M) 23.477ms
[2022-04-27T05:35:08.110+0000][1790.974s] GC(859) User=0.14s Sys=0.00s Real=0.02s
[2022-04-27T05:35:08.114+0000][1790.978s] GC(860) Pause Young (Mixed) (G1 Evacuation Pause)
[2022-04-27T05:35:08.115+0000][1790.978s] GC(860) Using 8 workers of 8 for evacuation
[2022-04-27T05:35:08.122+0000][1790.985s] GC(860)   Pre Evacuate Collection Set: 0.1ms
[2022-04-27T05:35:08.122+0000][1790.986s] GC(860)   Evacuate Collection Set: 5.4ms
[2022-04-27T05:35:08.122+0000][1790.986s] GC(860)   Post Evacuate Collection Set: 0.8ms
[2022-04-27T05:35:08.123+0000][1790.986s] GC(860)   Other: 0.8ms
[2022-04-27T05:35:08.123+0000][1790.987s] GC(860) Eden regions: 1->0(286)
[2022-04-27T05:35:08.123+0000][1790.987s] GC(860) Survivor regions: 24->1(4)
[2022-04-27T05:35:08.124+0000][1790.987s] GC(860) Old regions: 128->113
[2022-04-27T05:35:08.124+0000][1790.988s] GC(860) Humongous regions: 7->7
[2022-04-27T05:35:08.124+0000][1790.988s] GC(860) Metaspace: 56909K->56909K(1101824K)
[2022-04-27T05:35:08.125+0000][1790.988s] GC(860) Pause Young (Mixed) (G1 Evacuation Pause) 158M->119M(512M) 10.051ms
[2022-04-27T05:35:08.125+0000][1790.989s] GC(860) User=0.02s Sys=0.01s Real=0.01s
[2022-04-27T05:35:09.972+0000][1792.836s] GC(861) Pause Young (Normal) (G1 Evacuation Pause)
[2022-04-27T05:35:09.972+0000][1792.836s] GC(861) Using 8 workers of 8 for evacuation
[2022-04-27T05:35:09.977+0000][1792.841s] GC(861)   Pre Evacuate Collection Set: 0.0ms
[2022-04-27T05:35:09.978+0000][1792.841s] GC(861)   Evacuate Collection Set: 3.5ms
[2022-04-27T05:35:09.978+0000][1792.842s] GC(861)   Post Evacuate Collection Set: 1.2ms
[2022-04-27T05:35:09.978+0000][1792.842s] GC(861)   Other: 0.6ms
[2022-04-27T05:35:09.979+0000][1792.842s] GC(861) Eden regions: 286->0(284)
[2022-04-27T05:35:09.979+0000][1792.842s] GC(861) Survivor regions: 1->9(36)
[2022-04-27T05:35:09.979+0000][1792.843s] GC(861) Old regions: 113->113
[2022-04-27T05:35:09.979+0000][1792.843s] GC(861) Humongous regions: 7->7
[2022-04-27T05:35:09.979+0000][1792.843s] GC(861) Metaspace: 56909K->56909K(1101824K)
[2022-04-27T05:35:09.980+0000][1792.843s] GC(861) Pause Young (Normal) (G1 Evacuation Pause) 405M->126M(512M) 7.789ms
[2022-04-27T05:35:09.980+0000][1792.844s] GC(861) User=0.03s Sys=0.00s Real=0.00s
[2022-04-27T05:35:11.686+0000][1794.550s] GC(862) Pause Young (Normal) (G1 Evacuation Pause)
[2022-04-27T05:35:11.687+0000][1794.550s] GC(862) Using 8 workers of 8 for evacuation
[2022-04-27T05:35:11.696+0000][1794.559s] GC(862)   Pre Evacuate Collection Set: 0.0ms
[2022-04-27T05:35:11.696+0000][1794.560s] GC(862)   Evacuate Collection Set: 7.7ms
[2022-04-27T05:35:11.696+0000][1794.560s] GC(862)   Post Evacuate Collection Set: 1.1ms
[2022-04-27T05:35:11.697+0000][1794.560s] GC(862)   Other: 0.7ms
[2022-04-27T05:35:11.697+0000][1794.561s] GC(862) Eden regions: 284->0(280)
[2022-04-27T05:35:11.697+0000][1794.561s] GC(862) Survivor regions: 9->18(37)
[2022-04-27T05:35:11.698+0000][1794.561s] GC(862) Old regions: 113->113
[2022-04-27T05:35:11.698+0000][1794.561s] GC(862) Humongous regions: 7->7
[2022-04-27T05:35:11.698+0000][1794.562s] GC(862) Metaspace: 56909K->56909K(1101824K)
[2022-04-27T05:35:11.698+0000][1794.562s] GC(862) Pause Young (Normal) (G1 Evacuation Pause) 410M->135M(512M) 12.252ms
[2022-04-27T05:35:11.699+0000][1794.562s] GC(862) User=0.06s Sys=0.00s Real=0.01s
[2022-04-27T05:35:13.316+0000][1796.180s] GC(863) Pause Young (Normal) (G1 Evacuation Pause)
[2022-04-27T05:35:13.316+0000][1796.180s] GC(863) Using 8 workers of 8 for evacuation
[2022-04-27T05:35:13.323+0000][1796.187s] GC(863)   Pre Evacuate Collection Set: 0.0ms
[2022-04-27T05:35:13.324+0000][1796.187s] GC(863)   Evacuate Collection Set: 6.1ms
[2022-04-27T05:35:13.324+0000][1796.188s] GC(863)   Post Evacuate Collection Set: 0.9ms
[2022-04-27T05:35:13.324+0000][1796.188s] GC(863)   Other: 0.5ms
[2022-04-27T05:35:13.325+0000][1796.188s] GC(863) Eden regions: 280->0(281)
[2022-04-27T05:35:13.325+0000][1796.188s] GC(863) Survivor regions: 18->22(38)
[2022-04-27T05:35:13.325+0000][1796.189s] GC(863) Old regions: 113->113
[2022-04-27T05:35:13.325+0000][1796.189s] GC(863) Humongous regions: 7->7
[2022-04-27T05:35:13.326+0000][1796.189s] GC(863) Metaspace: 56909K->56909K(1101824K)
[2022-04-27T05:35:13.326+0000][1796.190s] GC(863) Pause Young (Normal) (G1 Evacuation Pause) 415M->139M(512M) 10.043ms
[2022-04-27T05:35:13.326+0000][1796.190s] GC(863) User=0.05s Sys=0.00s Real=0.01s
[2022-04-27T05:35:15.455+0000][1798.318s] GC(864) Pause Young (Normal) (G1 Evacuation Pause)
[2022-04-27T05:35:15.455+0000][1798.319s] GC(864) Using 8 workers of 8 for evacuation
[2022-04-27T05:35:15.465+0000][1798.329s] GC(864)   Pre Evacuate Collection Set: 0.0ms
[2022-04-27T05:35:15.472+0000][1798.335s] GC(864)   Evacuate Collection Set: 7.6ms
[2022-04-27T05:35:15.472+0000][1798.336s] GC(864)   Post Evacuate Collection Set: 2.2ms
[2022-04-27T05:35:15.473+0000][1798.336s] GC(864)   Other: 1.0ms
[2022-04-27T05:35:15.475+0000][1798.339s] GC(864) Eden regions: 281->0(278)
[2022-04-27T05:35:15.476+0000][1798.339s] GC(864) Survivor regions: 22->22(38)
[2022-04-27T05:35:15.476+0000][1798.340s] GC(864) Old regions: 113->120
[2022-04-27T05:35:15.476+0000][1798.340s] GC(864) Humongous regions: 7->7
[2022-04-27T05:35:15.477+0000][1798.340s] GC(864) Metaspace: 56909K->56909K(1101824K)
[2022-04-27T05:35:15.477+0000][1798.341s] GC(864) Pause Young (Normal) (G1 Evacuation Pause) 420M->147M(512M) 22.586ms
[2022-04-27T05:35:15.477+0000][1798.341s] GC(864) User=0.07s Sys=0.00s Real=0.02s
[2022-04-27T05:35:17.425+0000][1800.289s] GC(865) Pause Young (Normal) (G1 Evacuation Pause)
[2022-04-27T05:35:17.426+0000][1800.289s] GC(865) Using 8 workers of 8 for evacuation
[2022-04-27T05:35:17.437+0000][1800.301s] GC(865)   Pre Evacuate Collection Set: 0.0ms
[2022-04-27T05:35:17.437+0000][1800.301s] GC(865)   Evacuate Collection Set: 9.7ms
[2022-04-27T05:35:17.438+0000][1800.301s] GC(865)   Post Evacuate Collection Set: 1.3ms
[2022-04-27T05:35:17.438+0000][1800.302s] GC(865)   Other: 0.8ms
[2022-04-27T05:35:17.438+0000][1800.302s] GC(865) Eden regions: 278->0(270)
[2022-04-27T05:35:17.439+0000][1800.302s] GC(865) Survivor regions: 22->25(38)
[2022-04-27T05:35:17.439+0000][1800.303s] GC(865) Old regions: 120->127
[2022-04-27T05:35:17.439+0000][1800.303s] GC(865) Humongous regions: 7->7
[2022-04-27T05:35:17.440+0000][1800.303s] GC(865) Metaspace: 56909K->56909K(1101824K)
[2022-04-27T05:35:17.440+0000][1800.304s] GC(865) Pause Young (Normal) (G1 Evacuation Pause) 425M->156M(512M) 14.640ms
[2022-04-27T05:35:17.440+0000][1800.304s] GC(865) User=0.08s Sys=0.00s Real=0.01s
[2022-04-27T05:35:19.003+0000][1801.867s] GC(866) Pause Young (Concurrent Start) (G1 Evacuation Pause)
[2022-04-27T05:35:19.004+0000][1801.868s] GC(866) Using 8 workers of 8 for evacuation
[2022-04-27T05:35:19.022+0000][1801.885s] GC(866)   Pre Evacuate Collection Set: 0.1ms
[2022-04-27T05:35:19.022+0000][1801.886s] GC(866)   Evacuate Collection Set: 15.9ms
[2022-04-27T05:35:19.023+0000][1801.886s] GC(866)   Post Evacuate Collection Set: 1.3ms
[2022-04-27T05:35:19.023+0000][1801.887s] GC(866)   Other: 1.0ms
[2022-04-27T05:35:19.024+0000][1801.887s] GC(866) Eden regions: 270->0(261)
[2022-04-27T05:35:19.024+0000][1801.888s] GC(866) Survivor regions: 25->26(37)
[2022-04-27T05:35:19.024+0000][1801.888s] GC(866) Old regions: 127->134
[2022-04-27T05:35:19.025+0000][1801.888s] GC(866) Humongous regions: 7->7
[2022-04-27T05:35:19.025+0000][1801.889s] GC(866) Metaspace: 56909K->56909K(1101824K)
[2022-04-27T05:35:19.025+0000][1801.889s] GC(866) Pause Young (Concurrent Start) (G1 Evacuation Pause) 426M->164M(512M) 21.833ms
[2022-04-27T05:35:19.026+0000][1801.889s] GC(866) User=0.05s Sys=0.01s Real=0.02s
[2022-04-27T05:35:19.026+0000][1801.890s] GC(867) Concurrent Cycle
[2022-04-27T05:35:19.026+0000][1801.890s] GC(867) Concurrent Clear Claimed Marks
[2022-04-27T05:35:19.027+0000][1801.890s] GC(867) Concurrent Clear Claimed Marks 0.476ms
[2022-04-27T05:35:19.027+0000][1801.891s] GC(867) Concurrent Scan Root Regions
[2022-04-27T05:35:19.033+0000][1801.897s] GC(867) Concurrent Scan Root Regions 6.391ms
[2022-04-27T05:35:19.034+0000][1801.898s] GC(867) Concurrent Mark (1801.898s)
[2022-04-27T05:35:19.035+0000][1801.898s] GC(867) Concurrent Mark From Roots
[2022-04-27T05:35:19.035+0000][1801.899s] GC(867) Using 2 workers of 2 for marking
[2022-04-27T05:35:19.067+0000][1801.930s] GC(867) Concurrent Mark From Roots 31.923ms
[2022-04-27T05:35:19.067+0000][1801.931s] GC(867) Concurrent Preclean
[2022-04-27T05:35:19.068+0000][1801.931s] GC(867) Concurrent Preclean 0.646ms
[2022-04-27T05:35:19.068+0000][1801.932s] GC(867) Concurrent Mark (1801.898s, 1801.932s) 33.811ms
[2022-04-27T05:35:19.069+0000][1801.933s] GC(867) Pause Remark
[2022-04-27T05:35:19.083+0000][1801.946s] GC(867) Cleaned string and symbol table, strings: 24844 processed, 0 removed, symbols: 137616 processed, 14 removed
[2022-04-27T05:35:19.084+0000][1801.947s] GC(867) Pause Remark 173M->162M(512M) 14.837ms
[2022-04-27T05:35:19.084+0000][1801.948s] GC(867) User=0.10s Sys=0.00s Real=0.02s
[2022-04-27T05:35:19.084+0000][1801.948s] GC(867) Concurrent Rebuild Remembered Sets
[2022-04-27T05:35:19.116+0000][1801.979s] GC(867) Concurrent Rebuild Remembered Sets 31.080ms
[2022-04-27T05:35:19.116+0000][1801.980s] GC(867) Pause Cleanup
[2022-04-27T05:35:19.117+0000][1801.981s] GC(867) Pause Cleanup 166M->166M(512M) 0.673ms
[2022-04-27T05:35:19.117+0000][1801.981s] GC(867) User=0.00s Sys=0.00s Real=0.00s
[2022-04-27T05:35:19.118+0000][1801.982s] GC(867) Concurrent Cleanup for Next Mark
[2022-04-27T05:35:19.119+0000][1801.983s] GC(867) Concurrent Cleanup for Next Mark 1.047ms
[2022-04-27T05:35:19.119+0000][1801.983s] GC(867) Concurrent Cycle 93.412ms
[2022-04-27T05:35:20.683+0000][1803.547s] GC(868) Pause Young (Prepare Mixed) (G1 Evacuation Pause)
[2022-04-27T05:35:20.684+0000][1803.547s] GC(868) Using 8 workers of 8 for evacuation
[2022-04-27T05:35:20.694+0000][1803.558s] GC(868)   Pre Evacuate Collection Set: 0.0ms
[2022-04-27T05:35:20.695+0000][1803.559s] GC(868)   Evacuate Collection Set: 7.7ms
[2022-04-27T05:35:20.695+0000][1803.559s] GC(868)   Post Evacuate Collection Set: 2.5ms
[2022-04-27T05:35:20.696+0000][1803.559s] GC(868)   Other: 1.0ms
[2022-04-27T05:35:20.696+0000][1803.560s] GC(868) Eden regions: 261->0(1)
[2022-04-27T05:35:20.697+0000][1803.560s] GC(868) Survivor regions: 26->25(36)
[2022-04-27T05:35:20.697+0000][1803.561s] GC(868) Old regions: 123->129
[2022-04-27T05:35:20.697+0000][1803.561s] GC(868) Humongous regions: 7->7
[2022-04-27T05:35:20.698+0000][1803.561s] GC(868) Metaspace: 56909K->56909K(1101824K)
[2022-04-27T05:35:20.698+0000][1803.562s] GC(868) Pause Young (Prepare Mixed) (G1 Evacuation Pause) 414M->159M(512M) 14.983ms
[2022-04-27T05:35:20.699+0000][1803.562s] GC(868) User=0.08s Sys=0.00s Real=0.01s
[2022-04-27T05:35:20.701+0000][1803.564s] GC(869) Pause Young (Mixed) (G1 Evacuation Pause)
[2022-04-27T05:35:20.701+0000][1803.564s] GC(869) Using 8 workers of 8 for evacuation
[2022-04-27T05:35:20.708+0000][1803.572s] GC(869)   Pre Evacuate Collection Set: 0.0ms
[2022-04-27T05:35:20.708+0000][1803.572s] GC(869)   Evacuate Collection Set: 6.0ms
[2022-04-27T05:35:20.709+0000][1803.572s] GC(869)   Post Evacuate Collection Set: 0.8ms
[2022-04-27T05:35:20.709+0000][1803.573s] GC(869)   Other: 0.6ms
[2022-04-27T05:35:20.710+0000][1803.573s] GC(869) Eden regions: 1->0(282)
[2022-04-27T05:35:20.710+0000][1803.574s] GC(869) Survivor regions: 25->3(4)
[2022-04-27T05:35:20.710+0000][1803.574s] GC(869) Old regions: 129->131
[2022-04-27T05:35:20.711+0000][1803.574s] GC(869) Humongous regions: 7->7
[2022-04-27T05:35:20.711+0000][1803.575s] GC(869) Metaspace: 56909K->56909K(1101824K)
[2022-04-27T05:35:20.711+0000][1803.575s] GC(869) Pause Young (Mixed) (G1 Evacuation Pause) 160M->139M(512M) 10.921ms
[2022-04-27T05:35:20.712+0000][1803.575s] GC(869) User=0.03s Sys=0.01s Real=0.02s
[2022-04-27T05:35:22.428+0000][1805.291s] GC(870) Pause Young (Normal) (G1 Evacuation Pause)
[2022-04-27T05:35:22.428+0000][1805.292s] GC(870) Using 8 workers of 8 for evacuation
[2022-04-27T05:35:22.437+0000][1805.301s] GC(870)   Pre Evacuate Collection Set: 0.0ms
[2022-04-27T05:35:22.437+0000][1805.301s] GC(870)   Evacuate Collection Set: 4.7ms
[2022-04-27T05:35:22.438+0000][1805.301s] GC(870)   Post Evacuate Collection Set: 3.9ms
[2022-04-27T05:35:22.438+0000][1805.302s] GC(870)   Other: 0.6ms
[2022-04-27T05:35:22.439+0000][1805.302s] GC(870) Eden regions: 282->0(273)
[2022-04-27T05:35:22.439+0000][1805.303s] GC(870) Survivor regions: 3->14(36)
[2022-04-27T05:35:22.439+0000][1805.303s] GC(870) Old regions: 131->131
[2022-04-27T05:35:22.440+0000][1805.303s] GC(870) Humongous regions: 7->7
[2022-04-27T05:35:22.440+0000][1805.304s] GC(870) Metaspace: 56909K->56909K(1101824K)
[2022-04-27T05:35:22.440+0000][1805.304s] GC(870) Pause Young (Normal) (G1 Evacuation Pause) 421M->149M(512M) 12.719ms
[2022-04-27T05:35:22.441+0000][1805.304s] GC(870) User=0.06s Sys=0.00s Real=0.01s
[2022-04-27T05:35:24.028+0000][1806.891s] GC(871) Pause Young (Normal) (G1 Evacuation Pause)
[2022-04-27T05:35:24.028+0000][1806.891s] GC(871) Using 8 workers of 8 for evacuation
[2022-04-27T05:35:24.034+0000][1806.898s] GC(871)   Pre Evacuate Collection Set: 0.0ms
[2022-04-27T05:35:24.035+0000][1806.898s] GC(871)   Evacuate Collection Set: 5.3ms
[2022-04-27T05:35:24.035+0000][1806.899s] GC(871)   Post Evacuate Collection Set: 0.9ms
[2022-04-27T05:35:24.036+0000][1806.899s] GC(871)   Other: 0.7ms
[2022-04-27T05:35:24.036+0000][1806.900s] GC(871) Eden regions: 273->0(271)
[2022-04-27T05:35:24.036+0000][1806.900s] GC(871) Survivor regions: 14->17(36)
[2022-04-27T05:35:24.037+0000][1806.900s] GC(871) Old regions: 131->131
[2022-04-27T05:35:24.037+0000][1806.901s] GC(871) Humongous regions: 7->7
[2022-04-27T05:35:24.037+0000][1806.901s] GC(871) Metaspace: 56909K->56909K(1101824K)
[2022-04-27T05:35:24.038+0000][1806.901s] GC(871) Pause Young (Normal) (G1 Evacuation Pause) 422M->152M(512M) 9.972ms
[2022-04-27T05:35:24.038+0000][1806.901s] GC(871) User=0.05s Sys=0.00s Real=0.01s
[2022-04-27T05:35:25.605+0000][1808.469s] GC(872) Pause Young (Normal) (G1 Evacuation Pause)
[2022-04-27T05:35:25.605+0000][1808.469s] GC(872) Using 8 workers of 8 for evacuation
[2022-04-27T05:35:25.618+0000][1808.481s] GC(872)   Pre Evacuate Collection Set: 0.0ms
[2022-04-27T05:35:25.618+0000][1808.482s] GC(872)   Evacuate Collection Set: 11.0ms
[2022-04-27T05:35:25.619+0000][1808.482s] GC(872)   Post Evacuate Collection Set: 1.4ms
[2022-04-27T05:35:25.619+0000][1808.483s] GC(872)   Other: 0.5ms
[2022-04-27T05:35:25.619+0000][1808.483s] GC(872) Eden regions: 271->0(261)
[2022-04-27T05:35:25.620+0000][1808.483s] GC(872) Survivor regions: 17->26(36)
[2022-04-27T05:35:25.620+0000][1808.484s] GC(872) Old regions: 131->131
[2022-04-27T05:35:25.621+0000][1808.484s] GC(872) Humongous regions: 7->7
[2022-04-27T05:35:25.621+0000][1808.485s] GC(872) Metaspace: 56909K->56909K(1101824K)
[2022-04-27T05:35:25.621+0000][1808.485s] GC(872) Pause Young (Normal) (G1 Evacuation Pause) 423M->162M(512M) 16.360ms
[2022-04-27T05:35:25.622+0000][1808.485s] GC(872) User=0.09s Sys=0.00s Real=0.02s
[2022-04-27T05:35:27.145+0000][1810.008s] GC(873) Pause Young (Normal) (G1 Evacuation Pause)
[2022-04-27T05:35:27.145+0000][1810.009s] GC(873) Using 8 workers of 8 for evacuation
[2022-04-27T05:35:27.155+0000][1810.019s] GC(873)   Pre Evacuate Collection Set: 0.0ms
[2022-04-27T05:35:27.156+0000][1810.019s] GC(873)   Evacuate Collection Set: 8.5ms
[2022-04-27T05:35:27.156+0000][1810.020s] GC(873)   Post Evacuate Collection Set: 1.0ms
[2022-04-27T05:35:27.156+0000][1810.020s] GC(873)   Other: 1.0ms
[2022-04-27T05:35:27.157+0000][1810.021s] GC(873) Eden regions: 261->0(255)
[2022-04-27T05:35:27.157+0000][1810.021s] GC(873) Survivor regions: 26->19(36)
[2022-04-27T05:35:27.158+0000][1810.021s] GC(873) Old regions: 131->144
[2022-04-27T05:35:27.158+0000][1810.022s] GC(873) Humongous regions: 7->7
[2022-04-27T05:35:27.158+0000][1810.022s] GC(873) Metaspace: 56909K->56909K(1101824K)
[2022-04-27T05:35:27.159+0000][1810.022s] GC(873) Pause Young (Normal) (G1 Evacuation Pause) 423M->168M(512M) 14.061ms
[2022-04-27T05:35:27.159+0000][1810.023s] GC(873) User=0.07s Sys=0.00s Real=0.01s
[2022-04-27T05:35:28.666+0000][1811.530s] GC(874) Pause Young (Concurrent Start) (G1 Evacuation Pause)
[2022-04-27T05:35:28.666+0000][1811.530s] GC(874) Using 8 workers of 8 for evacuation
[2022-04-27T05:35:28.692+0000][1811.556s] GC(874)   Pre Evacuate Collection Set: 0.1ms
[2022-04-27T05:35:28.692+0000][1811.556s] GC(874)   Evacuate Collection Set: 16.9ms
[2022-04-27T05:35:28.692+0000][1811.556s] GC(874)   Post Evacuate Collection Set: 8.2ms
[2022-04-27T05:35:28.693+0000][1811.556s] GC(874)   Other: 0.7ms
[2022-04-27T05:35:28.693+0000][1811.557s] GC(874) Eden regions: 255->0(247)
[2022-04-27T05:35:28.693+0000][1811.557s] GC(874) Survivor regions: 19->20(35)
[2022-04-27T05:35:28.693+0000][1811.557s] GC(874) Old regions: 144->150
[2022-04-27T05:35:28.694+0000][1811.557s] GC(874) Humongous regions: 7->7
[2022-04-27T05:35:28.694+0000][1811.558s] GC(874) Metaspace: 56909K->56909K(1101824K)
[2022-04-27T05:35:28.694+0000][1811.558s] GC(874) Pause Young (Concurrent Start) (G1 Evacuation Pause) 423M->174M(512M) 28.486ms
[2022-04-27T05:35:28.695+0000][1811.558s] GC(874) User=0.13s Sys=0.01s Real=0.03s
[2022-04-27T05:35:28.695+0000][1811.559s] GC(875) Concurrent Cycle
[2022-04-27T05:35:28.695+0000][1811.559s] GC(875) Concurrent Clear Claimed Marks
[2022-04-27T05:35:28.696+0000][1811.559s] GC(875) Concurrent Clear Claimed Marks 0.401ms
[2022-04-27T05:35:28.696+0000][1811.560s] GC(875) Concurrent Scan Root Regions
[2022-04-27T05:35:28.705+0000][1811.569s] GC(875) Concurrent Scan Root Regions 8.866ms
[2022-04-27T05:35:28.705+0000][1811.569s] GC(875) Concurrent Mark (1811.569s)
[2022-04-27T05:35:28.706+0000][1811.569s] GC(875) Concurrent Mark From Roots
[2022-04-27T05:35:28.706+0000][1811.570s] GC(875) Using 2 workers of 2 for marking
[2022-04-27T05:35:28.757+0000][1811.621s] GC(875) Concurrent Mark From Roots 51.674ms
[2022-04-27T05:35:28.758+0000][1811.621s] GC(875) Concurrent Preclean
[2022-04-27T05:35:28.758+0000][1811.622s] GC(875) Concurrent Preclean 0.483ms
[2022-04-27T05:35:28.758+0000][1811.622s] GC(875) Concurrent Mark (1811.569s, 1811.622s) 52.968ms
[2022-04-27T05:35:28.759+0000][1811.622s] GC(875) Pause Remark
[2022-04-27T05:35:28.777+0000][1811.640s] GC(875) Cleaned string and symbol table, strings: 24844 processed, 0 removed, symbols: 137608 processed, 4 removed
[2022-04-27T05:35:28.777+0000][1811.641s] GC(875) Pause Remark 181M->161M(512M) 18.608ms
[2022-04-27T05:35:28.778+0000][1811.641s] GC(875) User=0.12s Sys=0.00s Real=0.02s
[2022-04-27T05:35:28.778+0000][1811.642s] GC(875) Concurrent Rebuild Remembered Sets
[2022-04-27T05:35:28.820+0000][1811.684s] GC(875) Concurrent Rebuild Remembered Sets 41.980ms
[2022-04-27T05:35:28.821+0000][1811.684s] GC(875) Pause Cleanup
[2022-04-27T05:35:28.821+0000][1811.685s] GC(875) Pause Cleanup 171M->171M(512M) 0.525ms
[2022-04-27T05:35:28.821+0000][1811.685s] GC(875) User=0.00s Sys=0.00s Real=0.01s
[2022-04-27T05:35:28.822+0000][1811.685s] GC(875) Concurrent Cleanup for Next Mark
[2022-04-27T05:35:28.823+0000][1811.686s] GC(875) Concurrent Cleanup for Next Mark 1.098ms
[2022-04-27T05:35:28.823+0000][1811.687s] GC(875) Concurrent Cycle 127.902ms
[2022-04-27T05:35:30.368+0000][1813.232s] GC(876) Pause Young (Prepare Mixed) (G1 Evacuation Pause)
[2022-04-27T05:35:30.368+0000][1813.232s] GC(876) Using 8 workers of 8 for evacuation
[2022-04-27T05:35:30.377+0000][1813.241s] GC(876)   Pre Evacuate Collection Set: 0.0ms
[2022-04-27T05:35:30.378+0000][1813.241s] GC(876)   Evacuate Collection Set: 7.2ms
[2022-04-27T05:35:30.378+0000][1813.242s] GC(876)   Post Evacuate Collection Set: 1.1ms
[2022-04-27T05:35:30.379+0000][1813.242s] GC(876)   Other: 1.0ms
[2022-04-27T05:35:30.379+0000][1813.243s] GC(876) Eden regions: 247->0(6)
[2022-04-27T05:35:30.379+0000][1813.243s] GC(876) Survivor regions: 20->19(34)
[2022-04-27T05:35:30.380+0000][1813.243s] GC(876) Old regions: 130->136
[2022-04-27T05:35:30.380+0000][1813.244s] GC(876) Humongous regions: 7->7
[2022-04-27T05:35:30.380+0000][1813.244s] GC(876) Metaspace: 56909K->56909K(1101824K)
[2022-04-27T05:35:30.381+0000][1813.244s] GC(876) Pause Young (Prepare Mixed) (G1 Evacuation Pause) 401M->159M(512M) 12.723ms
[2022-04-27T05:35:30.381+0000][1813.245s] GC(876) User=0.06s Sys=0.00s Real=0.02s
[2022-04-27T05:35:30.417+0000][1813.281s] GC(877) Pause Young (Mixed) (G1 Evacuation Pause)
[2022-04-27T05:35:30.417+0000][1813.281s] GC(877) Using 8 workers of 8 for evacuation
[2022-04-27T05:35:30.423+0000][1813.286s] GC(877)   Pre Evacuate Collection Set: 0.0ms
[2022-04-27T05:35:30.423+0000][1813.287s] GC(877)   Evacuate Collection Set: 4.0ms
[2022-04-27T05:35:30.424+0000][1813.287s] GC(877)   Post Evacuate Collection Set: 0.7ms
[2022-04-27T05:35:30.424+0000][1813.287s] GC(877)   Other: 1.0ms
[2022-04-27T05:35:30.424+0000][1813.288s] GC(877) Eden regions: 6->0(274)
[2022-04-27T05:35:30.424+0000][1813.288s] GC(877) Survivor regions: 19->4(4)
[2022-04-27T05:35:30.425+0000][1813.289s] GC(877) Old regions: 136->127
[2022-04-27T05:35:30.425+0000][1813.289s] GC(877) Humongous regions: 7->7
[2022-04-27T05:35:30.426+0000][1813.289s] GC(877) Metaspace: 56909K->56909K(1101824K)
[2022-04-27T05:35:30.426+0000][1813.290s] GC(877) Pause Young (Mixed) (G1 Evacuation Pause) 165M->136M(512M) 9.025ms
[2022-04-27T05:35:30.426+0000][1813.290s] GC(877) User=0.04s Sys=0.00s Real=0.01s
[2022-04-27T05:35:32.080+0000][1814.944s] GC(878) Pause Young (Normal) (G1 Evacuation Pause)
[2022-04-27T05:35:32.081+0000][1814.944s] GC(878) Using 8 workers of 8 for evacuation
[2022-04-27T05:35:32.088+0000][1814.951s] GC(878)   Pre Evacuate Collection Set: 0.0ms
[2022-04-27T05:35:32.088+0000][1814.952s] GC(878)   Evacuate Collection Set: 5.5ms
[2022-04-27T05:35:32.088+0000][1814.952s] GC(878)   Post Evacuate Collection Set: 1.0ms
[2022-04-27T05:35:32.088+0000][1814.952s] GC(878)   Other: 0.7ms
[2022-04-27T05:35:32.089+0000][1814.952s] GC(878) Eden regions: 274->0(270)
[2022-04-27T05:35:32.089+0000][1814.953s] GC(878) Survivor regions: 4->13(35)
[2022-04-27T05:35:32.089+0000][1814.953s] GC(878) Old regions: 127->127
[2022-04-27T05:35:32.089+0000][1814.953s] GC(878) Humongous regions: 7->7
[2022-04-27T05:35:32.090+0000][1814.953s] GC(878) Metaspace: 56909K->56909K(1101824K)
[2022-04-27T05:35:32.090+0000][1814.954s] GC(878) Pause Young (Normal) (G1 Evacuation Pause) 410M->145M(512M) 9.509ms
[2022-04-27T05:35:32.090+0000][1814.954s] GC(878) User=0.04s Sys=0.01s Real=0.01s
[2022-04-27T05:35:33.757+0000][1816.620s] GC(879) Pause Young (Normal) (G1 Evacuation Pause)
[2022-04-27T05:35:33.757+0000][1816.621s] GC(879) Using 8 workers of 8 for evacuation
[2022-04-27T05:35:33.766+0000][1816.629s] GC(879)   Pre Evacuate Collection Set: 0.0ms
[2022-04-27T05:35:33.774+0000][1816.637s] GC(879)   Evacuate Collection Set: 4.3ms
[2022-04-27T05:35:33.774+0000][1816.638s] GC(879)   Post Evacuate Collection Set: 3.8ms
[2022-04-27T05:35:33.774+0000][1816.638s] GC(879)   Other: 0.9ms
[2022-04-27T05:35:33.775+0000][1816.638s] GC(879) Eden regions: 270->0(270)
[2022-04-27T05:35:33.775+0000][1816.639s] GC(879) Survivor regions: 13->16(36)
[2022-04-27T05:35:33.775+0000][1816.639s] GC(879) Old regions: 127->127
[2022-04-27T05:35:33.776+0000][1816.639s] GC(879) Humongous regions: 7->7
[2022-04-27T05:35:33.776+0000][1816.640s] GC(879) Metaspace: 56909K->56909K(1101824K)
[2022-04-27T05:35:33.776+0000][1816.640s] GC(879) Pause Young (Normal) (G1 Evacuation Pause) 415M->147M(512M) 19.944ms
[2022-04-27T05:35:33.777+0000][1816.641s] GC(879) User=0.06s Sys=0.00s Real=0.02s
[2022-04-27T05:35:35.331+0000][1818.195s] GC(880) Pause Young (Normal) (G1 Evacuation Pause)
[2022-04-27T05:35:35.332+0000][1818.195s] GC(880) Using 8 workers of 8 for evacuation
[2022-04-27T05:35:35.341+0000][1818.204s] GC(880)   Pre Evacuate Collection Set: 0.0ms
[2022-04-27T05:35:35.341+0000][1818.205s] GC(880)   Evacuate Collection Set: 7.5ms
[2022-04-27T05:35:35.342+0000][1818.205s] GC(880)   Post Evacuate Collection Set: 0.9ms
[2022-04-27T05:35:35.342+0000][1818.206s] GC(880)   Other: 0.8ms
[2022-04-27T05:35:35.342+0000][1818.206s] GC(880) Eden regions: 270->0(263)
[2022-04-27T05:35:35.343+0000][1818.206s] GC(880) Survivor regions: 16->25(36)
[2022-04-27T05:35:35.343+0000][1818.207s] GC(880) Old regions: 127->127
[2022-04-27T05:35:35.344+0000][1818.207s] GC(880) Humongous regions: 7->7
[2022-04-27T05:35:35.344+0000][1818.207s] GC(880) Metaspace: 56909K->56909K(1101824K)
[2022-04-27T05:35:35.344+0000][1818.208s] GC(880) Pause Young (Normal) (G1 Evacuation Pause) 417M->157M(512M) 12.687ms
[2022-04-27T05:35:35.345+0000][1818.208s] GC(880) User=0.06s Sys=0.00s Real=0.01s
[2022-04-27T05:35:36.950+0000][1819.813s] GC(881) Pause Young (Normal) (G1 Evacuation Pause)
[2022-04-27T05:35:36.950+0000][1819.814s] GC(881) Using 8 workers of 8 for evacuation
[2022-04-27T05:35:36.962+0000][1819.825s] GC(881)   Pre Evacuate Collection Set: 0.0ms
[2022-04-27T05:35:36.962+0000][1819.826s] GC(881)   Evacuate Collection Set: 9.7ms
[2022-04-27T05:35:36.963+0000][1819.826s] GC(881)   Post Evacuate Collection Set: 1.2ms
[2022-04-27T05:35:36.963+0000][1819.827s] GC(881)   Other: 1.1ms
[2022-04-27T05:35:36.963+0000][1819.827s] GC(881) Eden regions: 263->0(259)
[2022-04-27T05:35:36.964+0000][1819.827s] GC(881) Survivor regions: 25->19(36)
[2022-04-27T05:35:36.964+0000][1819.828s] GC(881) Old regions: 127->139
[2022-04-27T05:35:36.965+0000][1819.828s] GC(881) Humongous regions: 7->7
[2022-04-27T05:35:36.965+0000][1819.829s] GC(881) Metaspace: 56909K->56909K(1101824K)
[2022-04-27T05:35:36.965+0000][1819.829s] GC(881) Pause Young (Normal) (G1 Evacuation Pause) 420M->162M(512M) 15.661ms
[2022-04-27T05:35:36.966+0000][1819.829s] GC(881) User=0.06s Sys=0.01s Real=0.02s
[2022-04-27T05:35:38.524+0000][1821.388s] GC(882) Pause Young (Concurrent Start) (G1 Evacuation Pause)
[2022-04-27T05:35:38.524+0000][1821.388s] GC(882) Using 8 workers of 8 for evacuation
[2022-04-27T05:35:38.545+0000][1821.409s] GC(882)   Pre Evacuate Collection Set: 0.1ms
[2022-04-27T05:35:38.546+0000][1821.409s] GC(882)   Evacuate Collection Set: 12.6ms
[2022-04-27T05:35:38.546+0000][1821.410s] GC(882)   Post Evacuate Collection Set: 7.5ms
[2022-04-27T05:35:38.546+0000][1821.410s] GC(882)   Other: 0.8ms
[2022-04-27T05:35:38.547+0000][1821.410s] GC(882) Eden regions: 259->0(258)
[2022-04-27T05:35:38.547+0000][1821.411s] GC(882) Survivor regions: 19->16(35)
[2022-04-27T05:35:38.547+0000][1821.411s] GC(882) Old regions: 139->145
[2022-04-27T05:35:38.548+0000][1821.412s] GC(882) Humongous regions: 7->7
[2022-04-27T05:35:38.548+0000][1821.412s] GC(882) Metaspace: 56909K->56909K(1101824K)
[2022-04-27T05:35:38.549+0000][1821.412s] GC(882) Pause Young (Concurrent Start) (G1 Evacuation Pause) 421M->165M(512M) 24.688ms
[2022-04-27T05:35:38.549+0000][1821.413s] GC(882) User=0.09s Sys=0.00s Real=0.02s
[2022-04-27T05:35:38.549+0000][1821.413s] GC(883) Concurrent Cycle
[2022-04-27T05:35:38.550+0000][1821.413s] GC(883) Concurrent Clear Claimed Marks
[2022-04-27T05:35:38.550+0000][1821.414s] GC(883) Concurrent Clear Claimed Marks 0.259ms
[2022-04-27T05:35:38.550+0000][1821.414s] GC(883) Concurrent Scan Root Regions
[2022-04-27T05:35:38.554+0000][1821.418s] GC(883) Concurrent Scan Root Regions 3.854ms
[2022-04-27T05:35:38.554+0000][1821.418s] GC(883) Concurrent Mark (1821.418s)
[2022-04-27T05:35:38.554+0000][1821.418s] GC(883) Concurrent Mark From Roots
[2022-04-27T05:35:38.555+0000][1821.418s] GC(883) Using 2 workers of 2 for marking
[2022-04-27T05:35:38.586+0000][1821.449s] GC(883) Concurrent Mark From Roots 31.012ms
[2022-04-27T05:35:38.586+0000][1821.449s] GC(883) Concurrent Preclean
[2022-04-27T05:35:38.586+0000][1821.450s] GC(883) Concurrent Preclean 0.471ms
[2022-04-27T05:35:38.587+0000][1821.450s] GC(883) Concurrent Mark (1821.418s, 1821.450s) 32.335ms
[2022-04-27T05:35:38.587+0000][1821.451s] GC(883) Pause Remark
[2022-04-27T05:35:38.601+0000][1821.465s] GC(883) Cleaned string and symbol table, strings: 24844 processed, 0 removed, symbols: 137610 processed, 7 removed
[2022-04-27T05:35:38.602+0000][1821.466s] GC(883) Pause Remark 175M->152M(512M) 15.043ms
[2022-04-27T05:35:38.603+0000][1821.466s] GC(883) User=0.10s Sys=0.00s Real=0.02s
[2022-04-27T05:35:38.603+0000][1821.467s] GC(883) Concurrent Rebuild Remembered Sets
[2022-04-27T05:35:38.631+0000][1821.495s] GC(883) Concurrent Rebuild Remembered Sets 27.868ms
[2022-04-27T05:35:38.632+0000][1821.495s] GC(883) Pause Cleanup
[2022-04-27T05:35:38.632+0000][1821.496s] GC(883) Pause Cleanup 161M->161M(512M) 0.513ms
[2022-04-27T05:35:38.632+0000][1821.496s] GC(883) User=0.00s Sys=0.00s Real=0.00s
[2022-04-27T05:35:38.633+0000][1821.496s] GC(883) Concurrent Cleanup for Next Mark
[2022-04-27T05:35:38.634+0000][1821.497s] GC(883) Concurrent Cleanup for Next Mark 1.113ms
[2022-04-27T05:35:38.634+0000][1821.498s] GC(883) Concurrent Cycle 84.508ms
[2022-04-27T05:35:40.099+0000][1822.963s] GC(884) Pause Young (Prepare Mixed) (G1 Evacuation Pause)
[2022-04-27T05:35:40.100+0000][1822.963s] GC(884) Using 8 workers of 8 for evacuation
[2022-04-27T05:35:40.109+0000][1822.972s] GC(884)   Pre Evacuate Collection Set: 0.0ms
[2022-04-27T05:35:40.109+0000][1822.973s] GC(884)   Evacuate Collection Set: 7.6ms
[2022-04-27T05:35:40.109+0000][1822.973s] GC(884)   Post Evacuate Collection Set: 1.1ms
[2022-04-27T05:35:40.110+0000][1822.974s] GC(884)   Other: 0.7ms
[2022-04-27T05:35:40.110+0000][1822.974s] GC(884) Eden regions: 258->0(1)
[2022-04-27T05:35:40.111+0000][1822.974s] GC(884) Survivor regions: 16->25(35)
[2022-04-27T05:35:40.111+0000][1822.975s] GC(884) Old regions: 122->122
[2022-04-27T05:35:40.111+0000][1822.975s] GC(884) Humongous regions: 7->7
[2022-04-27T05:35:40.112+0000][1822.975s] GC(884) Metaspace: 56909K->56909K(1101824K)
[2022-04-27T05:35:40.112+0000][1822.976s] GC(884) Pause Young (Prepare Mixed) (G1 Evacuation Pause) 400M->152M(512M) 12.633ms
[2022-04-27T05:35:40.112+0000][1822.976s] GC(884) User=0.07s Sys=0.00s Real=0.02s
[2022-04-27T05:35:40.115+0000][1822.978s] GC(885) Pause Young (Mixed) (G1 Evacuation Pause)
[2022-04-27T05:35:40.115+0000][1822.978s] GC(885) Using 8 workers of 8 for evacuation
[2022-04-27T05:35:40.123+0000][1822.986s] GC(885)   Pre Evacuate Collection Set: 0.0ms
[2022-04-27T05:35:40.123+0000][1822.987s] GC(885)   Evacuate Collection Set: 6.8ms
[2022-04-27T05:35:40.123+0000][1822.987s] GC(885)   Post Evacuate Collection Set: 0.7ms
[2022-04-27T05:35:40.124+0000][1822.988s] GC(885)   Other: 0.6ms
[2022-04-27T05:35:40.124+0000][1822.988s] GC(885) Eden regions: 1->0(283)
[2022-04-27T05:35:40.125+0000][1822.988s] GC(885) Survivor regions: 25->2(4)
[2022-04-27T05:35:40.125+0000][1822.989s] GC(885) Old regions: 122->126
[2022-04-27T05:35:40.125+0000][1822.989s] GC(885) Humongous regions: 7->7
[2022-04-27T05:35:40.126+0000][1822.989s] GC(885) Metaspace: 56909K->56909K(1101824K)
[2022-04-27T05:35:40.126+0000][1822.990s] GC(885) Pause Young (Mixed) (G1 Evacuation Pause) 153M->132M(512M) 11.414ms
[2022-04-27T05:35:40.126+0000][1822.990s] GC(885) User=0.06s Sys=0.00s Real=0.01s
[2022-04-27T05:35:41.714+0000][1824.577s] GC(886) Pause Young (Normal) (G1 Evacuation Pause)
[2022-04-27T05:35:41.714+0000][1824.578s] GC(886) Using 8 workers of 8 for evacuation
[2022-04-27T05:35:41.721+0000][1824.584s] GC(886)   Pre Evacuate Collection Set: 0.0ms
[2022-04-27T05:35:41.721+0000][1824.585s] GC(886)   Evacuate Collection Set: 5.0ms
[2022-04-27T05:35:41.721+0000][1824.585s] GC(886)   Post Evacuate Collection Set: 1.1ms
[2022-04-27T05:35:41.722+0000][1824.585s] GC(886)   Other: 0.9ms
[2022-04-27T05:35:41.722+0000][1824.586s] GC(886) Eden regions: 283->0(273)
[2022-04-27T05:35:41.723+0000][1824.586s] GC(886) Survivor regions: 2->14(36)
[2022-04-27T05:35:41.723+0000][1824.587s] GC(886) Old regions: 126->126
[2022-04-27T05:35:41.723+0000][1824.587s] GC(886) Humongous regions: 7->7
[2022-04-27T05:35:41.724+0000][1824.587s] GC(886) Metaspace: 56909K->56909K(1101824K)
[2022-04-27T05:35:41.724+0000][1824.588s] GC(886) Pause Young (Normal) (G1 Evacuation Pause) 415M->145M(512M) 10.334ms
[2022-04-27T05:35:41.724+0000][1824.588s] GC(886) User=0.04s Sys=0.01s Real=0.01s
[2022-04-27T05:35:43.613+0000][1826.476s] GC(887) Pause Young (Normal) (G1 Evacuation Pause)
[2022-04-27T05:35:43.613+0000][1826.477s] GC(887) Using 8 workers of 8 for evacuation
[2022-04-27T05:35:43.620+0000][1826.484s] GC(887)   Pre Evacuate Collection Set: 0.0ms
[2022-04-27T05:35:43.621+0000][1826.484s] GC(887)   Evacuate Collection Set: 5.6ms
[2022-04-27T05:35:43.621+0000][1826.484s] GC(887)   Post Evacuate Collection Set: 1.1ms
[2022-04-27T05:35:43.621+0000][1826.485s] GC(887)   Other: 0.8ms
[2022-04-27T05:35:43.621+0000][1826.485s] GC(887) Eden regions: 273->0(273)
[2022-04-27T05:35:43.622+0000][1826.485s] GC(887) Survivor regions: 14->17(36)
[2022-04-27T05:35:43.622+0000][1826.485s] GC(887) Old regions: 126->126
[2022-04-27T05:35:43.622+0000][1826.486s] GC(887) Humongous regions: 7->7
[2022-04-27T05:35:43.622+0000][1826.486s] GC(887) Metaspace: 56909K->56909K(1101824K)
[2022-04-27T05:35:43.623+0000][1826.486s] GC(887) Pause Young (Normal) (G1 Evacuation Pause) 418M->147M(512M) 10.108ms
[2022-04-27T05:35:43.623+0000][1826.487s] GC(887) User=0.04s Sys=0.00s Real=0.01s
[2022-04-27T05:35:45.329+0000][1828.193s] GC(888) Pause Young (Normal) (G1 Evacuation Pause)
[2022-04-27T05:35:45.329+0000][1828.193s] GC(888) Using 8 workers of 8 for evacuation
[2022-04-27T05:35:45.343+0000][1828.206s] GC(888)   Pre Evacuate Collection Set: 0.0ms
[2022-04-27T05:35:45.343+0000][1828.207s] GC(888)   Evacuate Collection Set: 9.6ms
[2022-04-27T05:35:45.343+0000][1828.207s] GC(888)   Post Evacuate Collection Set: 3.2ms
[2022-04-27T05:35:45.344+0000][1828.207s] GC(888)   Other: 0.9ms
[2022-04-27T05:35:45.344+0000][1828.207s] GC(888) Eden regions: 273->0(263)
[2022-04-27T05:35:45.344+0000][1828.208s] GC(888) Survivor regions: 17->27(37)
[2022-04-27T05:35:45.344+0000][1828.208s] GC(888) Old regions: 126->126
[2022-04-27T05:35:45.344+0000][1828.208s] GC(888) Humongous regions: 7->7
[2022-04-27T05:35:45.344+0000][1828.208s] GC(888) Metaspace: 56909K->56909K(1101824K)
[2022-04-27T05:35:45.345+0000][1828.208s] GC(888) Pause Young (Normal) (G1 Evacuation Pause) 420M->158M(512M) 15.661ms
[2022-04-27T05:35:45.345+0000][1828.209s] GC(888) User=0.09s Sys=0.01s Real=0.02s
[2022-04-27T05:35:46.967+0000][1829.830s] GC(889) Pause Young (Normal) (G1 Evacuation Pause)
[2022-04-27T05:35:46.967+0000][1829.831s] GC(889) Using 8 workers of 8 for evacuation
[2022-04-27T05:35:46.978+0000][1829.842s] GC(889)   Pre Evacuate Collection Set: 0.0ms
[2022-04-27T05:35:46.978+0000][1829.842s] GC(889)   Evacuate Collection Set: 9.6ms
[2022-04-27T05:35:46.979+0000][1829.842s] GC(889)   Post Evacuate Collection Set: 1.0ms
[2022-04-27T05:35:46.979+0000][1829.843s] GC(889)   Other: 0.9ms
[2022-04-27T05:35:46.980+0000][1829.843s] GC(889) Eden regions: 263->0(256)
[2022-04-27T05:35:46.980+0000][1829.844s] GC(889) Survivor regions: 27->21(37)
[2022-04-27T05:35:46.980+0000][1829.844s] GC(889) Old regions: 126->139
[2022-04-27T05:35:46.981+0000][1829.844s] GC(889) Humongous regions: 7->7
[2022-04-27T05:35:46.981+0000][1829.845s] GC(889) Metaspace: 56909K->56909K(1101824K)
[2022-04-27T05:35:46.981+0000][1829.845s] GC(889) Pause Young (Normal) (G1 Evacuation Pause) 421M->164M(512M) 14.577ms
[2022-04-27T05:35:46.981+0000][1829.845s] GC(889) User=0.08s Sys=0.00s Real=0.02s
[2022-04-27T05:35:48.515+0000][1831.379s] GC(890) Pause Young (Concurrent Start) (G1 Evacuation Pause)
[2022-04-27T05:35:48.515+0000][1831.379s] GC(890) Using 8 workers of 8 for evacuation
[2022-04-27T05:35:48.531+0000][1831.394s] GC(890)   Pre Evacuate Collection Set: 0.1ms
[2022-04-27T05:35:48.531+0000][1831.395s] GC(890)   Evacuate Collection Set: 11.5ms
[2022-04-27T05:35:48.532+0000][1831.395s] GC(890)   Post Evacuate Collection Set: 3.4ms
[2022-04-27T05:35:48.532+0000][1831.396s] GC(890)   Other: 0.8ms
[2022-04-27T05:35:48.532+0000][1831.396s] GC(890) Eden regions: 256->0(257)
[2022-04-27T05:35:48.533+0000][1831.396s] GC(890) Survivor regions: 21->16(35)
[2022-04-27T05:35:48.533+0000][1831.397s] GC(890) Old regions: 139->145
[2022-04-27T05:35:48.533+0000][1831.397s] GC(890) Humongous regions: 7->7
[2022-04-27T05:35:48.534+0000][1831.397s] GC(890) Metaspace: 56909K->56909K(1101824K)
[2022-04-27T05:35:48.534+0000][1831.398s] GC(890) Pause Young (Concurrent Start) (G1 Evacuation Pause) 420M->165M(512M) 18.815ms
[2022-04-27T05:35:48.534+0000][1831.398s] GC(890) User=0.06s Sys=0.00s Real=0.02s
[2022-04-27T05:35:48.534+0000][1831.398s] GC(891) Concurrent Cycle
[2022-04-27T05:35:48.535+0000][1831.398s] GC(891) Concurrent Clear Claimed Marks
[2022-04-27T05:35:48.535+0000][1831.399s] GC(891) Concurrent Clear Claimed Marks 0.396ms
[2022-04-27T05:35:48.535+0000][1831.399s] GC(891) Concurrent Scan Root Regions
[2022-04-27T05:35:48.538+0000][1831.402s] GC(891) Concurrent Scan Root Regions 2.988ms
[2022-04-27T05:35:48.539+0000][1831.402s] GC(891) Concurrent Mark (1831.402s)
[2022-04-27T05:35:48.539+0000][1831.403s] GC(891) Concurrent Mark From Roots
[2022-04-27T05:35:48.539+0000][1831.403s] GC(891) Using 2 workers of 2 for marking
[2022-04-27T05:35:48.588+0000][1831.452s] GC(891) Concurrent Mark From Roots 49.021ms
[2022-04-27T05:35:48.588+0000][1831.452s] GC(891) Concurrent Preclean
[2022-04-27T05:35:48.589+0000][1831.453s] GC(891) Concurrent Preclean 0.665ms
[2022-04-27T05:35:48.589+0000][1831.453s] GC(891) Concurrent Mark (1831.402s, 1831.453s) 50.503ms
[2022-04-27T05:35:48.590+0000][1831.453s] GC(891) Pause Remark
[2022-04-27T05:35:48.612+0000][1831.476s] GC(891) Cleaned string and symbol table, strings: 24844 processed, 0 removed, symbols: 137610 processed, 8 removed
[2022-04-27T05:35:48.613+0000][1831.477s] GC(891) Pause Remark 173M->156M(512M) 23.356ms
[2022-04-27T05:35:48.613+0000][1831.477s] GC(891) User=0.16s Sys=0.00s Real=0.03s
[2022-04-27T05:35:48.614+0000][1831.477s] GC(891) Concurrent Rebuild Remembered Sets
[2022-04-27T05:35:48.646+0000][1831.510s] GC(891) Concurrent Rebuild Remembered Sets 32.530ms
[2022-04-27T05:35:48.647+0000][1831.511s] GC(891) Pause Cleanup
[2022-04-27T05:35:48.647+0000][1831.511s] GC(891) Pause Cleanup 166M->166M(512M) 0.492ms
[2022-04-27T05:35:48.648+0000][1831.511s] GC(891) User=0.00s Sys=0.00s Real=0.00s
[2022-04-27T05:35:48.648+0000][1831.512s] GC(891) Concurrent Cleanup for Next Mark
[2022-04-27T05:35:48.649+0000][1831.513s] GC(891) Concurrent Cleanup for Next Mark 1.032ms
[2022-04-27T05:35:48.649+0000][1831.513s] GC(891) Concurrent Cycle 114.689ms
[2022-04-27T05:35:50.235+0000][1833.099s] GC(892) Pause Young (Prepare Mixed) (G1 Evacuation Pause)
[2022-04-27T05:35:50.236+0000][1833.099s] GC(892) Using 8 workers of 8 for evacuation
[2022-04-27T05:35:50.245+0000][1833.109s] GC(892)   Pre Evacuate Collection Set: 0.0ms
[2022-04-27T05:35:50.246+0000][1833.109s] GC(892)   Evacuate Collection Set: 7.9ms
[2022-04-27T05:35:50.246+0000][1833.110s] GC(892)   Post Evacuate Collection Set: 1.1ms
[2022-04-27T05:35:50.246+0000][1833.110s] GC(892)   Other: 0.8ms
[2022-04-27T05:35:50.247+0000][1833.110s] GC(892) Eden regions: 257->0(1)
[2022-04-27T05:35:50.247+0000][1833.111s] GC(892) Survivor regions: 16->26(35)
[2022-04-27T05:35:50.247+0000][1833.111s] GC(892) Old regions: 128->128
[2022-04-27T05:35:50.248+0000][1833.111s] GC(892) Humongous regions: 7->7
[2022-04-27T05:35:50.248+0000][1833.111s] GC(892) Metaspace: 56909K->56909K(1101824K)
[2022-04-27T05:35:50.248+0000][1833.112s] GC(892) Pause Young (Prepare Mixed) (G1 Evacuation Pause) 405M->158M(512M) 12.735ms
[2022-04-27T05:35:50.248+0000][1833.112s] GC(892) User=0.06s Sys=0.00s Real=0.01s
[2022-04-27T05:35:50.250+0000][1833.114s] GC(893) Pause Young (Mixed) (G1 Evacuation Pause)
[2022-04-27T05:35:50.251+0000][1833.114s] GC(893) Using 8 workers of 8 for evacuation
[2022-04-27T05:35:50.259+0000][1833.123s] GC(893)   Pre Evacuate Collection Set: 0.0ms
[2022-04-27T05:35:50.260+0000][1833.123s] GC(893)   Evacuate Collection Set: 7.8ms
[2022-04-27T05:35:50.260+0000][1833.124s] GC(893)   Post Evacuate Collection Set: 0.6ms
[2022-04-27T05:35:50.260+0000][1833.124s] GC(893)   Other: 0.6ms
[2022-04-27T05:35:50.261+0000][1833.124s] GC(893) Eden regions: 1->0(276)
[2022-04-27T05:35:50.261+0000][1833.125s] GC(893) Survivor regions: 26->1(4)
[2022-04-27T05:35:50.262+0000][1833.125s] GC(893) Old regions: 128->127
[2022-04-27T05:35:50.262+0000][1833.126s] GC(893) Humongous regions: 7->7
[2022-04-27T05:35:50.262+0000][1833.126s] GC(893) Metaspace: 56909K->56909K(1101824K)
[2022-04-27T05:35:50.263+0000][1833.126s] GC(893) Pause Young (Mixed) (G1 Evacuation Pause) 159M->133M(512M) 12.202ms
[2022-04-27T05:35:50.263+0000][1833.126s] GC(893) User=0.06s Sys=0.00s Real=0.02s
[2022-04-27T05:35:51.957+0000][1834.821s] GC(894) Pause Young (Normal) (G1 Evacuation Pause)
[2022-04-27T05:35:51.957+0000][1834.821s] GC(894) Using 8 workers of 8 for evacuation
[2022-04-27T05:35:51.964+0000][1834.827s] GC(894)   Pre Evacuate Collection Set: 0.0ms
[2022-04-27T05:35:51.964+0000][1834.828s] GC(894)   Evacuate Collection Set: 4.9ms
[2022-04-27T05:35:51.964+0000][1834.828s] GC(894)   Post Evacuate Collection Set: 0.9ms
[2022-04-27T05:35:51.965+0000][1834.828s] GC(894)   Other: 0.9ms
[2022-04-27T05:35:51.965+0000][1834.829s] GC(894) Eden regions: 276->0(269)
[2022-04-27T05:35:51.965+0000][1834.829s] GC(894) Survivor regions: 1->14(35)
[2022-04-27T05:35:51.966+0000][1834.829s] GC(894) Old regions: 127->127
[2022-04-27T05:35:51.966+0000][1834.830s] GC(894) Humongous regions: 7->7
[2022-04-27T05:35:51.966+0000][1834.830s] GC(894) Metaspace: 56909K->56909K(1101824K)
[2022-04-27T05:35:51.967+0000][1834.830s] GC(894) Pause Young (Normal) (G1 Evacuation Pause) 409M->145M(512M) 9.472ms
[2022-04-27T05:35:51.967+0000][1834.830s] GC(894) User=0.05s Sys=0.00s Real=0.01s
[2022-04-27T05:35:53.590+0000][1836.454s] GC(895) Pause Young (Normal) (G1 Evacuation Pause)
[2022-04-27T05:35:53.590+0000][1836.454s] GC(895) Using 8 workers of 8 for evacuation
[2022-04-27T05:35:53.599+0000][1836.462s] GC(895)   Pre Evacuate Collection Set: 0.0ms
[2022-04-27T05:35:53.599+0000][1836.463s] GC(895)   Evacuate Collection Set: 6.6ms
[2022-04-27T05:35:53.599+0000][1836.463s] GC(895)   Post Evacuate Collection Set: 1.2ms
[2022-04-27T05:35:53.600+0000][1836.463s] GC(895)   Other: 0.8ms
[2022-04-27T05:35:53.600+0000][1836.464s] GC(895) Eden regions: 269->0(264)
[2022-04-27T05:35:53.600+0000][1836.464s] GC(895) Survivor regions: 14->21(36)
[2022-04-27T05:35:53.601+0000][1836.464s] GC(895) Old regions: 127->127
[2022-04-27T05:35:53.601+0000][1836.465s] GC(895) Humongous regions: 7->7
[2022-04-27T05:35:53.601+0000][1836.465s] GC(895) Metaspace: 56909K->56909K(1101824K)
[2022-04-27T05:35:53.601+0000][1836.465s] GC(895) Pause Young (Normal) (G1 Evacuation Pause) 414M->152M(512M) 11.277ms
[2022-04-27T05:35:53.602+0000][1836.465s] GC(895) User=0.05s Sys=0.01s Real=0.02s
[2022-04-27T05:35:55.184+0000][1838.048s] GC(896) Pause Young (Normal) (G1 Evacuation Pause)
[2022-04-27T05:35:55.185+0000][1838.048s] GC(896) Using 8 workers of 8 for evacuation
[2022-04-27T05:35:55.194+0000][1838.058s] GC(896)   Pre Evacuate Collection Set: 0.0ms
[2022-04-27T05:35:55.195+0000][1838.058s] GC(896)   Evacuate Collection Set: 8.4ms
[2022-04-27T05:35:55.195+0000][1838.059s] GC(896)   Post Evacuate Collection Set: 0.9ms
[2022-04-27T05:35:55.196+0000][1838.059s] GC(896)   Other: 0.8ms
[2022-04-27T05:35:55.196+0000][1838.059s] GC(896) Eden regions: 264->0(259)
[2022-04-27T05:35:55.196+0000][1838.060s] GC(896) Survivor regions: 21->21(36)
[2022-04-27T05:35:55.196+0000][1838.060s] GC(896) Old regions: 127->133
[2022-04-27T05:35:55.197+0000][1838.060s] GC(896) Humongous regions: 7->7
[2022-04-27T05:35:55.197+0000][1838.061s] GC(896) Metaspace: 56909K->56909K(1101824K)
[2022-04-27T05:35:55.197+0000][1838.061s] GC(896) Pause Young (Normal) (G1 Evacuation Pause) 416M->159M(512M) 12.856ms
[2022-04-27T05:35:55.197+0000][1838.061s] GC(896) User=0.06s Sys=0.00s Real=0.01s
[2022-04-27T05:35:56.767+0000][1839.631s] GC(897) Pause Young (Normal) (G1 Evacuation Pause)
[2022-04-27T05:35:56.767+0000][1839.631s] GC(897) Using 8 workers of 8 for evacuation
[2022-04-27T05:35:56.780+0000][1839.644s] GC(897)   Pre Evacuate Collection Set: 0.0ms
[2022-04-27T05:35:56.780+0000][1839.644s] GC(897)   Evacuate Collection Set: 8.2ms
[2022-04-27T05:35:56.781+0000][1839.644s] GC(897)   Post Evacuate Collection Set: 3.9ms
[2022-04-27T05:35:56.781+0000][1839.644s] GC(897)   Other: 0.9ms
[2022-04-27T05:35:56.781+0000][1839.645s] GC(897) Eden regions: 259->0(256)
[2022-04-27T05:35:56.781+0000][1839.645s] GC(897) Survivor regions: 21->20(35)
[2022-04-27T05:35:56.782+0000][1839.645s] GC(897) Old regions: 133->139
[2022-04-27T05:35:56.782+0000][1839.645s] GC(897) Humongous regions: 7->7
[2022-04-27T05:35:56.782+0000][1839.646s] GC(897) Metaspace: 56909K->56909K(1101824K)
[2022-04-27T05:35:56.782+0000][1839.646s] GC(897) Pause Young (Normal) (G1 Evacuation Pause) 418M->164M(512M) 15.292ms
[2022-04-27T05:35:56.782+0000][1839.646s] GC(897) User=0.09s Sys=0.00s Real=0.02s
[2022-04-27T05:35:58.325+0000][1841.189s] GC(898) Pause Young (Normal) (G1 Evacuation Pause)
[2022-04-27T05:35:58.326+0000][1841.189s] GC(898) Using 8 workers of 8 for evacuation
[2022-04-27T05:35:58.342+0000][1841.205s] GC(898)   Pre Evacuate Collection Set: 0.0ms
[2022-04-27T05:35:58.342+0000][1841.206s] GC(898)   Evacuate Collection Set: 5.7ms
[2022-04-27T05:35:58.343+0000][1841.206s] GC(898)   Post Evacuate Collection Set: 10.0ms
[2022-04-27T05:35:58.343+0000][1841.207s] GC(898)   Other: 0.7ms
[2022-04-27T05:35:58.343+0000][1841.207s] GC(898) Eden regions: 256->0(256)
[2022-04-27T05:35:58.344+0000][1841.207s] GC(898) Survivor regions: 20->16(35)
[2022-04-27T05:35:58.344+0000][1841.208s] GC(898) Old regions: 139->145
[2022-04-27T05:35:58.344+0000][1841.208s] GC(898) Humongous regions: 7->7
[2022-04-27T05:35:58.345+0000][1841.208s] GC(898) Metaspace: 56909K->56909K(1101824K)
[2022-04-27T05:35:58.345+0000][1841.208s] GC(898) Pause Young (Normal) (G1 Evacuation Pause) 420M->166M(512M) 19.467ms
[2022-04-27T05:35:58.345+0000][1841.209s] GC(898) User=0.08s Sys=0.00s Real=0.02s
[2022-04-27T05:36:00.108+0000][1842.972s] GC(899) Pause Young (Normal) (G1 Evacuation Pause)
[2022-04-27T05:36:00.109+0000][1842.972s] GC(899) Using 8 workers of 8 for evacuation
[2022-04-27T05:36:00.118+0000][1842.982s] GC(899)   Pre Evacuate Collection Set: 0.0ms
[2022-04-27T05:36:00.119+0000][1842.983s] GC(899)   Evacuate Collection Set: 8.2ms
[2022-04-27T05:36:00.119+0000][1842.983s] GC(899)   Post Evacuate Collection Set: 1.1ms
[2022-04-27T05:36:00.120+0000][1842.983s] GC(899)   Other: 1.0ms
[2022-04-27T05:36:00.120+0000][1842.984s] GC(899) Eden regions: 256->0(245)
[2022-04-27T05:36:00.120+0000][1842.984s] GC(899) Survivor regions: 16->26(34)
[2022-04-27T05:36:00.121+0000][1842.984s] GC(899) Old regions: 145->145
[2022-04-27T05:36:00.121+0000][1842.984s] GC(899) Humongous regions: 7->7
[2022-04-27T05:36:00.121+0000][1842.985s] GC(899) Metaspace: 56909K->56909K(1101824K)
[2022-04-27T05:36:00.121+0000][1842.985s] GC(899) Pause Young (Normal) (G1 Evacuation Pause) 422M->176M(512M) 13.110ms
[2022-04-27T05:36:00.121+0000][1842.985s] GC(899) User=0.07s Sys=0.00s Real=0.02s
[2022-04-27T05:36:01.631+0000][1844.494s] GC(900) Pause Young (Normal) (G1 Evacuation Pause)
[2022-04-27T05:36:01.631+0000][1844.495s] GC(900) Using 8 workers of 8 for evacuation
[2022-04-27T05:36:01.642+0000][1844.505s] GC(900)   Pre Evacuate Collection Set: 0.0ms
[2022-04-27T05:36:01.642+0000][1844.506s] GC(900)   Evacuate Collection Set: 9.1ms
[2022-04-27T05:36:01.643+0000][1844.506s] GC(900)   Post Evacuate Collection Set: 1.2ms
[2022-04-27T05:36:01.643+0000][1844.507s] GC(900)   Other: 0.8ms
[2022-04-27T05:36:01.643+0000][1844.507s] GC(900) Eden regions: 245->0(239)
[2022-04-27T05:36:01.644+0000][1844.507s] GC(900) Survivor regions: 26->20(34)
[2022-04-27T05:36:01.644+0000][1844.508s] GC(900) Old regions: 145->157
[2022-04-27T05:36:01.644+0000][1844.508s] GC(900) Humongous regions: 7->7
[2022-04-27T05:36:01.645+0000][1844.508s] GC(900) Metaspace: 56909K->56909K(1101824K)
[2022-04-27T05:36:01.645+0000][1844.509s] GC(900) Pause Young (Normal) (G1 Evacuation Pause) 421M->182M(512M) 14.298ms
[2022-04-27T05:36:01.645+0000][1844.509s] GC(900) User=0.08s Sys=0.01s Real=0.02s
[2022-04-27T05:36:03.085+0000][1845.949s] GC(901) Pause Young (Concurrent Start) (G1 Evacuation Pause)
[2022-04-27T05:36:03.085+0000][1845.949s] GC(901) Using 8 workers of 8 for evacuation
[2022-04-27T05:36:03.108+0000][1845.972s] GC(901)   Pre Evacuate Collection Set: 0.1ms
[2022-04-27T05:36:03.109+0000][1845.973s] GC(901)   Evacuate Collection Set: 10.6ms
[2022-04-27T05:36:03.110+0000][1845.974s] GC(901)   Post Evacuate Collection Set: 11.3ms
[2022-04-27T05:36:03.110+0000][1845.974s] GC(901)   Other: 1.0ms
[2022-04-27T05:36:03.111+0000][1845.974s] GC(901) Eden regions: 239->0(237)
[2022-04-27T05:36:03.111+0000][1845.975s] GC(901) Survivor regions: 20->17(33)
[2022-04-27T05:36:03.111+0000][1845.975s] GC(901) Old regions: 157->164
[2022-04-27T05:36:03.112+0000][1845.975s] GC(901) Humongous regions: 7->7
[2022-04-27T05:36:03.112+0000][1845.976s] GC(901) Metaspace: 56909K->56909K(1101824K)
[2022-04-27T05:36:03.113+0000][1845.976s] GC(901) Pause Young (Concurrent Start) (G1 Evacuation Pause) 421M->185M(512M) 27.500ms
[2022-04-27T05:36:03.113+0000][1845.977s] GC(901) User=0.11s Sys=0.00s Real=0.03s
[2022-04-27T05:36:03.113+0000][1845.977s] GC(902) Concurrent Cycle
[2022-04-27T05:36:03.114+0000][1845.977s] GC(902) Concurrent Clear Claimed Marks
[2022-04-27T05:36:03.114+0000][1845.978s] GC(902) Concurrent Clear Claimed Marks 0.481ms
[2022-04-27T05:36:03.115+0000][1845.978s] GC(902) Concurrent Scan Root Regions
[2022-04-27T05:36:03.118+0000][1845.982s] GC(902) Concurrent Scan Root Regions 3.886ms
[2022-04-27T05:36:03.119+0000][1845.982s] GC(902) Concurrent Mark (1845.982s)
[2022-04-27T05:36:03.119+0000][1845.983s] GC(902) Concurrent Mark From Roots
[2022-04-27T05:36:03.119+0000][1845.983s] GC(902) Using 2 workers of 2 for marking
[2022-04-27T05:36:03.160+0000][1846.023s] GC(902) Concurrent Mark From Roots 40.589ms
[2022-04-27T05:36:03.160+0000][1846.024s] GC(902) Concurrent Preclean
[2022-04-27T05:36:03.161+0000][1846.025s] GC(902) Concurrent Preclean 0.716ms
[2022-04-27T05:36:03.161+0000][1846.025s] GC(902) Concurrent Mark (1845.982s, 1846.025s) 42.587ms
[2022-04-27T05:36:03.162+0000][1846.026s] GC(902) Pause Remark
[2022-04-27T05:36:03.188+0000][1846.051s] GC(902) Cleaned string and symbol table, strings: 24844 processed, 0 removed, symbols: 137611 processed, 6 removed
[2022-04-27T05:36:03.189+0000][1846.052s] GC(902) Pause Remark 198M->174M(512M) 26.646ms
[2022-04-27T05:36:03.189+0000][1846.053s] GC(902) User=0.17s Sys=0.00s Real=0.02s
[2022-04-27T05:36:03.189+0000][1846.053s] GC(902) Concurrent Rebuild Remembered Sets
[2022-04-27T05:36:03.232+0000][1846.096s] GC(902) Concurrent Rebuild Remembered Sets 42.989ms
[2022-04-27T05:36:03.233+0000][1846.096s] GC(902) Pause Cleanup
[2022-04-27T05:36:03.233+0000][1846.097s] GC(902) Pause Cleanup 178M->178M(512M) 0.418ms
[2022-04-27T05:36:03.233+0000][1846.097s] GC(902) User=0.00s Sys=0.00s Real=0.00s
[2022-04-27T05:36:03.234+0000][1846.097s] GC(902) Concurrent Cleanup for Next Mark
[2022-04-27T05:36:03.234+0000][1846.098s] GC(902) Concurrent Cleanup for Next Mark 0.896ms
[2022-04-27T05:36:03.235+0000][1846.098s] GC(902) Concurrent Cycle 121.279ms
[2022-04-27T05:36:04.207+0000][1847.071s] GC(903) Pause Young (Prepare Mixed) (G1 Evacuation Pause)
[2022-04-27T05:36:04.208+0000][1847.071s] GC(903) Using 8 workers of 8 for evacuation
[2022-04-27T05:36:04.215+0000][1847.078s] GC(903)   Pre Evacuate Collection Set: 0.0ms
[2022-04-27T05:36:04.215+0000][1847.079s] GC(903)   Evacuate Collection Set: 5.5ms
[2022-04-27T05:36:04.215+0000][1847.079s] GC(903)   Post Evacuate Collection Set: 1.3ms
[2022-04-27T05:36:04.216+0000][1847.079s] GC(903)   Other: 0.7ms
[2022-04-27T05:36:04.216+0000][1847.080s] GC(903) Eden regions: 237->0(6)
[2022-04-27T05:36:04.216+0000][1847.080s] GC(903) Survivor regions: 17->19(32)
[2022-04-27T05:36:04.217+0000][1847.080s] GC(903) Old regions: 140->140
[2022-04-27T05:36:04.217+0000][1847.081s] GC(903) Humongous regions: 7->7
[2022-04-27T05:36:04.217+0000][1847.081s] GC(903) Metaspace: 56909K->56909K(1101824K)
[2022-04-27T05:36:04.217+0000][1847.081s] GC(903) Pause Young (Prepare Mixed) (G1 Evacuation Pause) 398M->163M(512M) 10.076ms
[2022-04-27T05:36:04.218+0000][1847.081s] GC(903) User=0.04s Sys=0.00s Real=0.01s
[2022-04-27T05:36:04.508+0000][1847.371s] GC(904) Pause Young (Mixed) (G1 Evacuation Pause)
[2022-04-27T05:36:04.508+0000][1847.372s] GC(904) Using 8 workers of 8 for evacuation
[2022-04-27T05:36:04.514+0000][1847.378s] GC(904)   Pre Evacuate Collection Set: 0.0ms
[2022-04-27T05:36:04.514+0000][1847.378s] GC(904)   Evacuate Collection Set: 4.9ms
[2022-04-27T05:36:04.515+0000][1847.378s] GC(904)   Post Evacuate Collection Set: 0.6ms
[2022-04-27T05:36:04.515+0000][1847.379s] GC(904)   Other: 0.8ms
[2022-04-27T05:36:04.515+0000][1847.379s] GC(904) Eden regions: 6->0(276)
[2022-04-27T05:36:04.516+0000][1847.379s] GC(904) Survivor regions: 19->2(4)
[2022-04-27T05:36:04.516+0000][1847.380s] GC(904) Old regions: 140->137
[2022-04-27T05:36:04.517+0000][1847.380s] GC(904) Humongous regions: 7->7
[2022-04-27T05:36:04.517+0000][1847.381s] GC(904) Metaspace: 56909K->56909K(1101824K)
[2022-04-27T05:36:04.517+0000][1847.381s] GC(904) Pause Young (Mixed) (G1 Evacuation Pause) 169M->143M(512M) 9.742ms
[2022-04-27T05:36:04.518+0000][1847.381s] GC(904) User=0.04s Sys=0.00s Real=0.01s
[2022-04-27T05:36:06.355+0000][1849.219s] GC(905) Pause Young (Normal) (G1 Evacuation Pause)
[2022-04-27T05:36:06.355+0000][1849.219s] GC(905) Using 8 workers of 8 for evacuation
[2022-04-27T05:36:06.372+0000][1849.236s] GC(905)   Pre Evacuate Collection Set: 0.0ms
[2022-04-27T05:36:06.378+0000][1849.242s] GC(905)   Evacuate Collection Set: 2.9ms
[2022-04-27T05:36:06.378+0000][1849.242s] GC(905)   Post Evacuate Collection Set: 13.4ms
[2022-04-27T05:36:06.378+0000][1849.242s] GC(905)   Other: 0.6ms
[2022-04-27T05:36:06.379+0000][1849.242s] GC(905) Eden regions: 276->0(274)
[2022-04-27T05:36:06.379+0000][1849.243s] GC(905) Survivor regions: 2->8(35)
[2022-04-27T05:36:06.379+0000][1849.243s] GC(905) Old regions: 137->137
[2022-04-27T05:36:06.379+0000][1849.243s] GC(905) Humongous regions: 7->7
[2022-04-27T05:36:06.379+0000][1849.243s] GC(905) Metaspace: 56909K->56909K(1101824K)
[2022-04-27T05:36:06.380+0000][1849.243s] GC(905) Pause Young (Normal) (G1 Evacuation Pause) 419M->149M(512M) 24.512ms
[2022-04-27T05:36:06.380+0000][1849.244s] GC(905) User=0.06s Sys=0.00s Real=0.02s
[2022-04-27T05:36:08.329+0000][1851.193s] GC(906) Pause Young (Normal) (G1 Evacuation Pause)
[2022-04-27T05:36:08.329+0000][1851.193s] GC(906) Using 8 workers of 8 for evacuation
[2022-04-27T05:36:08.344+0000][1851.208s] GC(906)   Pre Evacuate Collection Set: 0.0ms
[2022-04-27T05:36:08.345+0000][1851.208s] GC(906)   Evacuate Collection Set: 8.9ms
[2022-04-27T05:36:08.345+0000][1851.209s] GC(906)   Post Evacuate Collection Set: 5.6ms
[2022-04-27T05:36:08.345+0000][1851.209s] GC(906)   Other: 1.0ms
[2022-04-27T05:36:08.346+0000][1851.209s] GC(906) Eden regions: 274->0(267)
[2022-04-27T05:36:08.346+0000][1851.210s] GC(906) Survivor regions: 8->17(36)
[2022-04-27T05:36:08.346+0000][1851.210s] GC(906) Old regions: 137->137
[2022-04-27T05:36:08.347+0000][1851.210s] GC(906) Humongous regions: 7->7
[2022-04-27T05:36:08.347+0000][1851.211s] GC(906) Metaspace: 56909K->56909K(1101824K)
[2022-04-27T05:36:08.347+0000][1851.211s] GC(906) Pause Young (Normal) (G1 Evacuation Pause) 423M->159M(512M) 18.532ms
[2022-04-27T05:36:08.348+0000][1851.211s] GC(906) User=0.11s Sys=0.00s Real=0.02s
[2022-04-27T05:36:09.963+0000][1852.827s] GC(907) Pause Young (Normal) (G1 Evacuation Pause)
[2022-04-27T05:36:09.963+0000][1852.827s] GC(907) Using 8 workers of 8 for evacuation
[2022-04-27T05:36:09.972+0000][1852.836s] GC(907)   Pre Evacuate Collection Set: 0.0ms
[2022-04-27T05:36:09.973+0000][1852.836s] GC(907)   Evacuate Collection Set: 7.8ms
[2022-04-27T05:36:09.973+0000][1852.837s] GC(907)   Post Evacuate Collection Set: 0.9ms
[2022-04-27T05:36:09.973+0000][1852.837s] GC(907)   Other: 0.7ms
[2022-04-27T05:36:09.974+0000][1852.837s] GC(907) Eden regions: 267->0(259)
[2022-04-27T05:36:09.974+0000][1852.838s] GC(907) Survivor regions: 17->25(36)
[2022-04-27T05:36:09.974+0000][1852.838s] GC(907) Old regions: 137->137
[2022-04-27T05:36:09.975+0000][1852.838s] GC(907) Humongous regions: 7->7
[2022-04-27T05:36:09.975+0000][1852.839s] GC(907) Metaspace: 56909K->56909K(1101824K)
[2022-04-27T05:36:09.975+0000][1852.839s] GC(907) Pause Young (Normal) (G1 Evacuation Pause) 426M->166M(512M) 12.439ms
[2022-04-27T05:36:09.976+0000][1852.839s] GC(907) User=0.06s Sys=0.00s Real=0.01s
[2022-04-27T05:36:11.428+0000][1854.292s] GC(908) Pause Young (Normal) (G1 Evacuation Pause)
[2022-04-27T05:36:11.428+0000][1854.292s] GC(908) Using 8 workers of 8 for evacuation
[2022-04-27T05:36:11.438+0000][1854.302s] GC(908)   Pre Evacuate Collection Set: 0.0ms
[2022-04-27T05:36:11.439+0000][1854.303s] GC(908)   Evacuate Collection Set: 7.6ms
[2022-04-27T05:36:11.439+0000][1854.303s] GC(908)   Post Evacuate Collection Set: 1.7ms
[2022-04-27T05:36:11.440+0000][1854.303s] GC(908)   Other: 1.1ms
[2022-04-27T05:36:11.440+0000][1854.304s] GC(908) Eden regions: 259->0(259)
[2022-04-27T05:36:11.440+0000][1854.304s] GC(908) Survivor regions: 25->21(36)
[2022-04-27T05:36:11.441+0000][1854.304s] GC(908) Old regions: 137->143
[2022-04-27T05:36:11.441+0000][1854.305s] GC(908) Humongous regions: 7->7
[2022-04-27T05:36:11.441+0000][1854.305s] GC(908) Metaspace: 56909K->56909K(1101824K)
[2022-04-27T05:36:11.442+0000][1854.305s] GC(908) Pause Young (Normal) (G1 Evacuation Pause) 425M->169M(512M) 13.767ms
[2022-04-27T05:36:11.442+0000][1854.306s] GC(908) User=0.08s Sys=0.00s Real=0.02s
[2022-04-27T05:36:12.694+0000][1855.558s] GC(909) Pause Young (Concurrent Start) (G1 Evacuation Pause)
[2022-04-27T05:36:12.695+0000][1855.558s] GC(909) Using 8 workers of 8 for evacuation
[2022-04-27T05:36:12.710+0000][1855.573s] GC(909)   Pre Evacuate Collection Set: 0.1ms
[2022-04-27T05:36:12.710+0000][1855.574s] GC(909)   Evacuate Collection Set: 13.6ms
[2022-04-27T05:36:12.710+0000][1855.574s] GC(909)   Post Evacuate Collection Set: 0.9ms
[2022-04-27T05:36:12.711+0000][1855.575s] GC(909)   Other: 0.8ms
[2022-04-27T05:36:12.711+0000][1855.575s] GC(909) Eden regions: 259->0(255)
[2022-04-27T05:36:12.712+0000][1855.575s] GC(909) Survivor regions: 21->20(35)
[2022-04-27T05:36:12.712+0000][1855.576s] GC(909) Old regions: 143->150
[2022-04-27T05:36:12.712+0000][1855.576s] GC(909) Humongous regions: 7->7
[2022-04-27T05:36:12.713+0000][1855.576s] GC(909) Metaspace: 56909K->56909K(1101824K)
[2022-04-27T05:36:12.713+0000][1855.577s] GC(909) Pause Young (Concurrent Start) (G1 Evacuation Pause) 428M->173M(512M) 18.973ms
[2022-04-27T05:36:12.714+0000][1855.577s] GC(909) User=0.04s Sys=0.00s Real=0.02s
[2022-04-27T05:36:12.714+0000][1855.578s] GC(910) Concurrent Cycle
[2022-04-27T05:36:12.714+0000][1855.578s] GC(910) Concurrent Clear Claimed Marks
[2022-04-27T05:36:12.715+0000][1855.578s] GC(910) Concurrent Clear Claimed Marks 0.362ms
[2022-04-27T05:36:12.715+0000][1855.578s] GC(910) Concurrent Scan Root Regions
[2022-04-27T05:36:12.719+0000][1855.582s] GC(910) Concurrent Scan Root Regions 3.929ms
[2022-04-27T05:36:12.719+0000][1855.583s] GC(910) Concurrent Mark (1855.583s)
[2022-04-27T05:36:12.719+0000][1855.583s] GC(910) Concurrent Mark From Roots
[2022-04-27T05:36:12.720+0000][1855.583s] GC(910) Using 2 workers of 2 for marking
[2022-04-27T05:36:12.761+0000][1855.625s] GC(910) Concurrent Mark From Roots 41.726ms
[2022-04-27T05:36:12.761+0000][1855.625s] GC(910) Concurrent Preclean
[2022-04-27T05:36:12.762+0000][1855.625s] GC(910) Concurrent Preclean 0.500ms
[2022-04-27T05:36:12.762+0000][1855.626s] GC(910) Concurrent Mark (1855.583s, 1855.626s) 42.954ms
[2022-04-27T05:36:12.763+0000][1855.626s] GC(910) Pause Remark
[2022-04-27T05:36:12.781+0000][1855.645s] GC(910) Cleaned string and symbol table, strings: 24844 processed, 0 removed, symbols: 137611 processed, 7 removed
[2022-04-27T05:36:12.782+0000][1855.646s] GC(910) Pause Remark 174M->144M(512M) 19.742ms
[2022-04-27T05:36:12.783+0000][1855.646s] GC(910) User=0.13s Sys=0.02s Real=0.02s
[2022-04-27T05:36:12.783+0000][1855.647s] GC(910) Concurrent Rebuild Remembered Sets
[2022-04-27T05:36:12.811+0000][1855.675s] GC(910) Concurrent Rebuild Remembered Sets 28.220ms
[2022-04-27T05:36:12.812+0000][1855.676s] GC(910) Pause Cleanup
[2022-04-27T05:36:12.812+0000][1855.676s] GC(910) Pause Cleanup 144M->144M(512M) 0.529ms
[2022-04-27T05:36:12.813+0000][1855.676s] GC(910) User=0.00s Sys=0.00s Real=0.00s
[2022-04-27T05:36:12.813+0000][1855.677s] GC(910) Concurrent Cleanup for Next Mark
[2022-04-27T05:36:12.814+0000][1855.678s] GC(910) Concurrent Cleanup for Next Mark 1.161ms
[2022-04-27T05:36:12.815+0000][1855.678s] GC(910) Concurrent Cycle 100.689ms
[2022-04-27T05:36:14.237+0000][1857.101s] GC(911) Pause Young (Prepare Mixed) (G1 Evacuation Pause)
[2022-04-27T05:36:14.237+0000][1857.101s] GC(911) Using 8 workers of 8 for evacuation
[2022-04-27T05:36:14.245+0000][1857.109s] GC(911)   Pre Evacuate Collection Set: 0.0ms
[2022-04-27T05:36:14.246+0000][1857.109s] GC(911)   Evacuate Collection Set: 5.1ms
[2022-04-27T05:36:14.246+0000][1857.110s] GC(911)   Post Evacuate Collection Set: 2.6ms
[2022-04-27T05:36:14.247+0000][1857.110s] GC(911)   Other: 0.8ms
[2022-04-27T05:36:14.247+0000][1857.111s] GC(911) Eden regions: 255->0(6)
[2022-04-27T05:36:14.247+0000][1857.111s] GC(911) Survivor regions: 20->19(35)
[2022-04-27T05:36:14.248+0000][1857.111s] GC(911) Old regions: 120->126
[2022-04-27T05:36:14.248+0000][1857.112s] GC(911) Humongous regions: 7->7
[2022-04-27T05:36:14.248+0000][1857.112s] GC(911) Metaspace: 56909K->56909K(1101824K)
[2022-04-27T05:36:14.249+0000][1857.112s] GC(911) Pause Young (Prepare Mixed) (G1 Evacuation Pause) 398M->149M(512M) 11.839ms
[2022-04-27T05:36:14.249+0000][1857.113s] GC(911) User=0.05s Sys=0.00s Real=0.01s
[2022-04-27T05:36:14.280+0000][1857.144s] GC(912) Pause Young (Mixed) (G1 Evacuation Pause)
[2022-04-27T05:36:14.280+0000][1857.144s] GC(912) Using 8 workers of 8 for evacuation
[2022-04-27T05:36:14.286+0000][1857.150s] GC(912)   Pre Evacuate Collection Set: 0.0ms
[2022-04-27T05:36:14.286+0000][1857.150s] GC(912)   Evacuate Collection Set: 4.6ms
[2022-04-27T05:36:14.287+0000][1857.150s] GC(912)   Post Evacuate Collection Set: 0.8ms
[2022-04-27T05:36:14.287+0000][1857.151s] GC(912)   Other: 0.7ms
[2022-04-27T05:36:14.287+0000][1857.151s] GC(912) Eden regions: 6->0(284)
[2022-04-27T05:36:14.288+0000][1857.151s] GC(912) Survivor regions: 19->2(4)
[2022-04-27T05:36:14.288+0000][1857.152s] GC(912) Old regions: 126->121
[2022-04-27T05:36:14.288+0000][1857.152s] GC(912) Humongous regions: 7->7
[2022-04-27T05:36:14.289+0000][1857.152s] GC(912) Metaspace: 56909K->56909K(1101824K)
[2022-04-27T05:36:14.289+0000][1857.153s] GC(912) Pause Young (Mixed) (G1 Evacuation Pause) 155M->127M(512M) 9.141ms
[2022-04-27T05:36:14.289+0000][1857.153s] GC(912) User=0.03s Sys=0.00s Real=0.01s
[2022-04-27T05:36:16.049+0000][1858.913s] GC(913) Pause Young (Normal) (G1 Evacuation Pause)
[2022-04-27T05:36:16.050+0000][1858.913s] GC(913) Using 8 workers of 8 for evacuation
[2022-04-27T05:36:16.063+0000][1858.927s] GC(913)   Pre Evacuate Collection Set: 0.0ms
[2022-04-27T05:36:16.064+0000][1858.927s] GC(913)   Evacuate Collection Set: 9.2ms
[2022-04-27T05:36:16.064+0000][1858.928s] GC(913)   Post Evacuate Collection Set: 4.0ms
[2022-04-27T05:36:16.064+0000][1858.928s] GC(913)   Other: 0.8ms
[2022-04-27T05:36:16.065+0000][1858.929s] GC(913) Eden regions: 284->0(278)
[2022-04-27T05:36:16.065+0000][1858.929s] GC(913) Survivor regions: 2->13(36)
[2022-04-27T05:36:16.065+0000][1858.929s] GC(913) Old regions: 121->121
[2022-04-27T05:36:16.066+0000][1858.929s] GC(913) Humongous regions: 7->7
[2022-04-27T05:36:16.066+0000][1858.930s] GC(913) Metaspace: 56909K->56909K(1101824K)
[2022-04-27T05:36:16.067+0000][1858.930s] GC(913) Pause Young (Normal) (G1 Evacuation Pause) 411M->138M(512M) 17.340ms
[2022-04-27T05:36:16.067+0000][1858.931s] GC(913) User=0.10s Sys=0.00s Real=0.02s
[2022-04-27T05:36:17.675+0000][1860.539s] GC(914) Pause Young (Normal) (G1 Evacuation Pause)
[2022-04-27T05:36:17.676+0000][1860.539s] GC(914) Using 8 workers of 8 for evacuation
[2022-04-27T05:36:17.683+0000][1860.547s] GC(914)   Pre Evacuate Collection Set: 0.0ms
[2022-04-27T05:36:17.683+0000][1860.547s] GC(914)   Evacuate Collection Set: 5.9ms
[2022-04-27T05:36:17.684+0000][1860.547s] GC(914)   Post Evacuate Collection Set: 1.1ms
[2022-04-27T05:36:17.684+0000][1860.548s] GC(914)   Other: 0.8ms
[2022-04-27T05:36:17.684+0000][1860.548s] GC(914) Eden regions: 278->0(274)
[2022-04-27T05:36:17.685+0000][1860.548s] GC(914) Survivor regions: 13->19(37)
[2022-04-27T05:36:17.685+0000][1860.549s] GC(914) Old regions: 121->121
[2022-04-27T05:36:17.685+0000][1860.549s] GC(914) Humongous regions: 7->7
[2022-04-27T05:36:17.686+0000][1860.549s] GC(914) Metaspace: 56909K->56909K(1101824K)
[2022-04-27T05:36:17.686+0000][1860.550s] GC(914) Pause Young (Normal) (G1 Evacuation Pause) 416M->144M(512M) 10.686ms
[2022-04-27T05:36:17.686+0000][1860.550s] GC(914) User=0.05s Sys=0.00s Real=0.01s
[2022-04-27T05:36:19.268+0000][1862.132s] GC(915) Pause Young (Normal) (G1 Evacuation Pause)
[2022-04-27T05:36:19.269+0000][1862.132s] GC(915) Using 8 workers of 8 for evacuation
[2022-04-27T05:36:19.278+0000][1862.141s] GC(915)   Pre Evacuate Collection Set: 0.0ms
[2022-04-27T05:36:19.278+0000][1862.142s] GC(915)   Evacuate Collection Set: 7.7ms
[2022-04-27T05:36:19.278+0000][1862.142s] GC(915)   Post Evacuate Collection Set: 0.9ms
[2022-04-27T05:36:19.279+0000][1862.142s] GC(915)   Other: 0.9ms
[2022-04-27T05:36:19.279+0000][1862.143s] GC(915) Eden regions: 274->0(269)
[2022-04-27T05:36:19.279+0000][1862.143s] GC(915) Survivor regions: 19->26(37)
[2022-04-27T05:36:19.280+0000][1862.143s] GC(915) Old regions: 121->121
[2022-04-27T05:36:19.280+0000][1862.144s] GC(915) Humongous regions: 7->7
[2022-04-27T05:36:19.280+0000][1862.144s] GC(915) Metaspace: 56909K->56909K(1101824K)
[2022-04-27T05:36:19.280+0000][1862.144s] GC(915) Pause Young (Normal) (G1 Evacuation Pause) 418M->151M(512M) 12.338ms
[2022-04-27T05:36:19.281+0000][1862.144s] GC(915) User=0.06s Sys=0.00s Real=0.01s
[2022-04-27T05:36:20.836+0000][1863.700s] GC(916) Pause Young (Normal) (G1 Evacuation Pause)
[2022-04-27T05:36:20.836+0000][1863.700s] GC(916) Using 8 workers of 8 for evacuation
[2022-04-27T05:36:20.844+0000][1863.708s] GC(916)   Pre Evacuate Collection Set: 0.0ms
[2022-04-27T05:36:20.845+0000][1863.709s] GC(916)   Evacuate Collection Set: 6.8ms
[2022-04-27T05:36:20.845+0000][1863.709s] GC(916)   Post Evacuate Collection Set: 1.0ms
[2022-04-27T05:36:20.846+0000][1863.709s] GC(916)   Other: 0.5ms
[2022-04-27T05:36:20.846+0000][1863.710s] GC(916) Eden regions: 269->0(270)
[2022-04-27T05:36:20.846+0000][1863.710s] GC(916) Survivor regions: 26->21(37)
[2022-04-27T05:36:20.847+0000][1863.710s] GC(916) Old regions: 121->127
[2022-04-27T05:36:20.847+0000][1863.711s] GC(916) Humongous regions: 7->7
[2022-04-27T05:36:20.848+0000][1863.711s] GC(916) Metaspace: 56909K->56909K(1101824K)
[2022-04-27T05:36:20.848+0000][1863.711s] GC(916) Pause Young (Normal) (G1 Evacuation Pause) 420M->153M(512M) 11.673ms
[2022-04-27T05:36:20.848+0000][1863.712s] GC(916) User=0.06s Sys=0.00s Real=0.01s
[2022-04-27T05:36:22.376+0000][1865.239s] GC(917) Pause Young (Normal) (G1 Evacuation Pause)
[2022-04-27T05:36:22.376+0000][1865.240s] GC(917) Using 8 workers of 8 for evacuation
[2022-04-27T05:36:22.385+0000][1865.248s] GC(917)   Pre Evacuate Collection Set: 0.0ms
[2022-04-27T05:36:22.385+0000][1865.249s] GC(917)   Evacuate Collection Set: 7.1ms
[2022-04-27T05:36:22.385+0000][1865.249s] GC(917)   Post Evacuate Collection Set: 0.9ms
[2022-04-27T05:36:22.386+0000][1865.249s] GC(917)   Other: 0.9ms
[2022-04-27T05:36:22.386+0000][1865.250s] GC(917) Eden regions: 270->0(264)
[2022-04-27T05:36:22.386+0000][1865.250s] GC(917) Survivor regions: 21->23(37)
[2022-04-27T05:36:22.387+0000][1865.250s] GC(917) Old regions: 127->133
[2022-04-27T05:36:22.387+0000][1865.250s] GC(917) Humongous regions: 7->7
[2022-04-27T05:36:22.387+0000][1865.251s] GC(917) Metaspace: 56909K->56909K(1101824K)
[2022-04-27T05:36:22.387+0000][1865.251s] GC(917) Pause Young (Normal) (G1 Evacuation Pause) 423M->161M(512M) 11.654ms
[2022-04-27T05:36:22.388+0000][1865.251s] GC(917) User=0.06s Sys=0.00s Real=0.01s
[2022-04-27T05:36:23.886+0000][1866.749s] GC(918) Pause Young (Normal) (G1 Evacuation Pause)
[2022-04-27T05:36:23.886+0000][1866.750s] GC(918) Using 8 workers of 8 for evacuation
[2022-04-27T05:36:23.896+0000][1866.759s] GC(918)   Pre Evacuate Collection Set: 0.0ms
[2022-04-27T05:36:23.896+0000][1866.760s] GC(918)   Evacuate Collection Set: 7.8ms
[2022-04-27T05:36:23.896+0000][1866.760s] GC(918)   Post Evacuate Collection Set: 1.3ms
[2022-04-27T05:36:23.897+0000][1866.760s] GC(918)   Other: 0.8ms
[2022-04-27T05:36:23.897+0000][1866.761s] GC(918) Eden regions: 264->0(263)
[2022-04-27T05:36:23.898+0000][1866.761s] GC(918) Survivor regions: 23->21(36)
[2022-04-27T05:36:23.898+0000][1866.761s] GC(918) Old regions: 133->139
[2022-04-27T05:36:23.898+0000][1866.762s] GC(918) Humongous regions: 7->7
[2022-04-27T05:36:23.898+0000][1866.762s] GC(918) Metaspace: 56909K->56909K(1101824K)
[2022-04-27T05:36:23.899+0000][1866.762s] GC(918) Pause Young (Normal) (G1 Evacuation Pause) 425M->165M(512M) 12.792ms
[2022-04-27T05:36:23.899+0000][1866.762s] GC(918) User=0.06s Sys=0.00s Real=0.01s
[2022-04-27T05:36:25.554+0000][1868.417s] GC(919) Pause Young (Normal) (G1 Evacuation Pause)
[2022-04-27T05:36:25.554+0000][1868.418s] GC(919) Using 8 workers of 8 for evacuation
[2022-04-27T05:36:25.566+0000][1868.430s] GC(919)   Pre Evacuate Collection Set: 0.0ms
[2022-04-27T05:36:25.566+0000][1868.430s] GC(919)   Evacuate Collection Set: 10.0ms
[2022-04-27T05:36:25.567+0000][1868.430s] GC(919)   Post Evacuate Collection Set: 1.5ms
[2022-04-27T05:36:25.567+0000][1868.431s] GC(919)   Other: 0.9ms
[2022-04-27T05:36:25.567+0000][1868.431s] GC(919) Eden regions: 263->0(249)
[2022-04-27T05:36:25.568+0000][1868.431s] GC(919) Survivor regions: 21->26(36)
[2022-04-27T05:36:25.568+0000][1868.432s] GC(919) Old regions: 139->146
[2022-04-27T05:36:25.568+0000][1868.432s] GC(919) Humongous regions: 7->7
[2022-04-27T05:36:25.569+0000][1868.432s] GC(919) Metaspace: 56909K->56909K(1101824K)
[2022-04-27T05:36:25.569+0000][1868.433s] GC(919) Pause Young (Normal) (G1 Evacuation Pause) 428M->176M(512M) 15.285ms
[2022-04-27T05:36:25.569+0000][1868.433s] GC(919) User=0.09s Sys=0.00s Real=0.01s
[2022-04-27T05:36:27.222+0000][1870.086s] GC(920) Pause Young (Concurrent Start) (G1 Evacuation Pause)
[2022-04-27T05:36:27.222+0000][1870.086s] GC(920) Using 8 workers of 8 for evacuation
[2022-04-27T05:36:27.248+0000][1870.111s] GC(920)   Pre Evacuate Collection Set: 0.2ms
[2022-04-27T05:36:27.248+0000][1870.111s] GC(920)   Evacuate Collection Set: 20.7ms
[2022-04-27T05:36:27.248+0000][1870.112s] GC(920)   Post Evacuate Collection Set: 3.9ms
[2022-04-27T05:36:27.248+0000][1870.112s] GC(920)   Other: 0.7ms
[2022-04-27T05:36:27.248+0000][1870.112s] GC(920) Eden regions: 249->0(242)
[2022-04-27T05:36:27.249+0000][1870.112s] GC(920) Survivor regions: 26->20(35)
[2022-04-27T05:36:27.249+0000][1870.113s] GC(920) Old regions: 146->158
[2022-04-27T05:36:27.249+0000][1870.113s] GC(920) Humongous regions: 7->7
[2022-04-27T05:36:27.249+0000][1870.113s] GC(920) Metaspace: 56909K->56909K(1101824K)
[2022-04-27T05:36:27.250+0000][1870.113s] GC(920) Pause Young (Concurrent Start) (G1 Evacuation Pause) 425M->182M(512M) 27.388ms
[2022-04-27T05:36:27.250+0000][1870.113s] GC(920) User=0.14s Sys=0.00s Real=0.02s
[2022-04-27T05:36:27.250+0000][1870.114s] GC(921) Concurrent Cycle
[2022-04-27T05:36:27.250+0000][1870.114s] GC(921) Concurrent Clear Claimed Marks
[2022-04-27T05:36:27.251+0000][1870.115s] GC(921) Concurrent Clear Claimed Marks 0.484ms
[2022-04-27T05:36:27.251+0000][1870.115s] GC(921) Concurrent Scan Root Regions
[2022-04-27T05:36:27.259+0000][1870.122s] GC(921) Concurrent Scan Root Regions 7.596ms
[2022-04-27T05:36:27.259+0000][1870.123s] GC(921) Concurrent Mark (1870.123s)
[2022-04-27T05:36:27.259+0000][1870.123s] GC(921) Concurrent Mark From Roots
[2022-04-27T05:36:27.260+0000][1870.123s] GC(921) Using 2 workers of 2 for marking
[2022-04-27T05:36:27.311+0000][1870.175s] GC(921) Concurrent Mark From Roots 51.377ms
[2022-04-27T05:36:27.311+0000][1870.175s] GC(921) Concurrent Preclean
[2022-04-27T05:36:27.312+0000][1870.175s] GC(921) Concurrent Preclean 0.565ms
[2022-04-27T05:36:27.312+0000][1870.176s] GC(921) Concurrent Mark (1870.123s, 1870.176s) 52.847ms
[2022-04-27T05:36:27.313+0000][1870.176s] GC(921) Pause Remark
[2022-04-27T05:36:27.334+0000][1870.197s] GC(921) Cleaned string and symbol table, strings: 24844 processed, 0 removed, symbols: 137614 processed, 9 removed
[2022-04-27T05:36:27.335+0000][1870.198s] GC(921) Pause Remark 188M->165M(512M) 21.792ms
[2022-04-27T05:36:27.335+0000][1870.198s] GC(921) User=0.15s Sys=0.01s Real=0.02s
[2022-04-27T05:36:27.335+0000][1870.199s] GC(921) Concurrent Rebuild Remembered Sets
[2022-04-27T05:36:27.376+0000][1870.240s] GC(921) Concurrent Rebuild Remembered Sets 40.955ms
[2022-04-27T05:36:27.377+0000][1870.241s] GC(921) Pause Cleanup
[2022-04-27T05:36:27.377+0000][1870.241s] GC(921) Pause Cleanup 172M->172M(512M) 0.538ms
[2022-04-27T05:36:27.378+0000][1870.241s] GC(921) User=0.00s Sys=0.00s Real=0.00s
[2022-04-27T05:36:27.378+0000][1870.242s] GC(921) Concurrent Cleanup for Next Mark
[2022-04-27T05:36:27.379+0000][1870.243s] GC(921) Concurrent Cleanup for Next Mark 1.041ms
[2022-04-27T05:36:27.379+0000][1870.243s] GC(921) Concurrent Cycle 129.260ms
[2022-04-27T05:36:28.704+0000][1871.568s] GC(922) Pause Young (Prepare Mixed) (G1 Evacuation Pause)
[2022-04-27T05:36:28.705+0000][1871.568s] GC(922) Using 8 workers of 8 for evacuation
[2022-04-27T05:36:28.712+0000][1871.576s] GC(922)   Pre Evacuate Collection Set: 0.0ms
[2022-04-27T05:36:28.713+0000][1871.576s] GC(922)   Evacuate Collection Set: 6.0ms
[2022-04-27T05:36:28.713+0000][1871.577s] GC(922)   Post Evacuate Collection Set: 1.3ms
[2022-04-27T05:36:28.713+0000][1871.577s] GC(922)   Other: 0.7ms
[2022-04-27T05:36:28.713+0000][1871.577s] GC(922) Eden regions: 242->0(10)
[2022-04-27T05:36:28.714+0000][1871.577s] GC(922) Survivor regions: 20->15(33)
[2022-04-27T05:36:28.714+0000][1871.578s] GC(922) Old regions: 135->141
[2022-04-27T05:36:28.714+0000][1871.578s] GC(922) Humongous regions: 7->7
[2022-04-27T05:36:28.714+0000][1871.578s] GC(922) Metaspace: 56909K->56909K(1101824K)
[2022-04-27T05:36:28.715+0000][1871.578s] GC(922) Pause Young (Prepare Mixed) (G1 Evacuation Pause) 401M->160M(512M) 10.299ms
[2022-04-27T05:36:28.715+0000][1871.579s] GC(922) User=0.05s Sys=0.00s Real=0.01s
[2022-04-27T05:36:29.078+0000][1871.942s] GC(923) Pause Young (Mixed) (G1 Evacuation Pause)
[2022-04-27T05:36:29.078+0000][1871.942s] GC(923) Using 8 workers of 8 for evacuation
[2022-04-27T05:36:29.084+0000][1871.948s] GC(923)   Pre Evacuate Collection Set: 0.0ms
[2022-04-27T05:36:29.084+0000][1871.948s] GC(923)   Evacuate Collection Set: 4.3ms
[2022-04-27T05:36:29.084+0000][1871.948s] GC(923)   Post Evacuate Collection Set: 0.7ms
[2022-04-27T05:36:29.085+0000][1871.948s] GC(923)   Other: 0.6ms
[2022-04-27T05:36:29.085+0000][1871.949s] GC(923) Eden regions: 10->0(275)
[2022-04-27T05:36:29.085+0000][1871.949s] GC(923) Survivor regions: 15->3(4)
[2022-04-27T05:36:29.085+0000][1871.949s] GC(923) Old regions: 141->139
[2022-04-27T05:36:29.086+0000][1871.949s] GC(923) Humongous regions: 7->7
[2022-04-27T05:36:29.086+0000][1871.950s] GC(923) Metaspace: 56909K->56909K(1101824K)
[2022-04-27T05:36:29.086+0000][1871.950s] GC(923) Pause Young (Mixed) (G1 Evacuation Pause) 170M->146M(512M) 7.997ms
[2022-04-27T05:36:29.086+0000][1871.950s] GC(923) User=0.03s Sys=0.00s Real=0.01s
[2022-04-27T05:36:30.906+0000][1873.770s] GC(924) Pause Young (Normal) (G1 Evacuation Pause)
[2022-04-27T05:36:30.907+0000][1873.771s] GC(924) Using 8 workers of 8 for evacuation
[2022-04-27T05:36:30.913+0000][1873.777s] GC(924)   Pre Evacuate Collection Set: 0.0ms
[2022-04-27T05:36:30.914+0000][1873.778s] GC(924)   Evacuate Collection Set: 4.9ms
[2022-04-27T05:36:30.914+0000][1873.778s] GC(924)   Post Evacuate Collection Set: 1.0ms
[2022-04-27T05:36:30.915+0000][1873.778s] GC(924)   Other: 1.0ms
[2022-04-27T05:36:30.915+0000][1873.779s] GC(924) Eden regions: 275->0(267)
[2022-04-27T05:36:30.915+0000][1873.779s] GC(924) Survivor regions: 3->13(35)
[2022-04-27T05:36:30.916+0000][1873.779s] GC(924) Old regions: 139->139
[2022-04-27T05:36:30.916+0000][1873.780s] GC(924) Humongous regions: 7->7
[2022-04-27T05:36:30.916+0000][1873.780s] GC(924) Metaspace: 56909K->56909K(1101824K)
[2022-04-27T05:36:30.917+0000][1873.780s] GC(924) Pause Young (Normal) (G1 Evacuation Pause) 421M->156M(512M) 10.285ms
[2022-04-27T05:36:30.917+0000][1873.781s] GC(924) User=0.04s Sys=0.00s Real=0.01s
[2022-04-27T05:36:32.656+0000][1875.520s] GC(925) Pause Young (Normal) (G1 Evacuation Pause)
[2022-04-27T05:36:32.657+0000][1875.521s] GC(925) Using 8 workers of 8 for evacuation
[2022-04-27T05:36:32.665+0000][1875.528s] GC(925)   Pre Evacuate Collection Set: 0.0ms
[2022-04-27T05:36:32.665+0000][1875.529s] GC(925)   Evacuate Collection Set: 6.0ms
[2022-04-27T05:36:32.665+0000][1875.529s] GC(925)   Post Evacuate Collection Set: 1.2ms
[2022-04-27T05:36:32.666+0000][1875.529s] GC(925)   Other: 1.0ms
[2022-04-27T05:36:32.666+0000][1875.530s] GC(925) Eden regions: 267->0(262)
[2022-04-27T05:36:32.667+0000][1875.530s] GC(925) Survivor regions: 13->19(35)
[2022-04-27T05:36:32.667+0000][1875.531s] GC(925) Old regions: 139->139
[2022-04-27T05:36:32.667+0000][1875.531s] GC(925) Humongous regions: 7->7
[2022-04-27T05:36:32.668+0000][1875.531s] GC(925) Metaspace: 56909K->56909K(1101824K)
[2022-04-27T05:36:32.668+0000][1875.532s] GC(925) Pause Young (Normal) (G1 Evacuation Pause) 423M->162M(512M) 11.785ms
[2022-04-27T05:36:32.669+0000][1875.532s] GC(925) User=0.05s Sys=0.00s Real=0.01s
[2022-04-27T05:36:34.233+0000][1877.097s] GC(926) Pause Young (Normal) (G1 Evacuation Pause)
[2022-04-27T05:36:34.234+0000][1877.097s] GC(926) Using 8 workers of 8 for evacuation
[2022-04-27T05:36:34.243+0000][1877.106s] GC(926)   Pre Evacuate Collection Set: 0.0ms
[2022-04-27T05:36:34.243+0000][1877.107s] GC(926)   Evacuate Collection Set: 7.1ms
[2022-04-27T05:36:34.244+0000][1877.107s] GC(926)   Post Evacuate Collection Set: 1.3ms
[2022-04-27T05:36:34.244+0000][1877.108s] GC(926)   Other: 1.0ms
[2022-04-27T05:36:34.244+0000][1877.108s] GC(926) Eden regions: 262->0(258)
[2022-04-27T05:36:34.245+0000][1877.109s] GC(926) Survivor regions: 19->24(36)
[2022-04-27T05:36:34.245+0000][1877.109s] GC(926) Old regions: 139->139
[2022-04-27T05:36:34.246+0000][1877.109s] GC(926) Humongous regions: 7->7
[2022-04-27T05:36:34.246+0000][1877.110s] GC(926) Metaspace: 56909K->56909K(1101824K)
[2022-04-27T05:36:34.247+0000][1877.110s] GC(926) Pause Young (Normal) (G1 Evacuation Pause) 424M->167M(512M) 13.266ms
[2022-04-27T05:36:34.247+0000][1877.111s] GC(926) User=0.06s Sys=0.00s Real=0.01s
[2022-04-27T05:36:35.749+0000][1878.613s] GC(927) Pause Young (Normal) (G1 Evacuation Pause)
[2022-04-27T05:36:35.750+0000][1878.613s] GC(927) Using 8 workers of 8 for evacuation
[2022-04-27T05:36:35.758+0000][1878.622s] GC(927)   Pre Evacuate Collection Set: 0.0ms
[2022-04-27T05:36:35.759+0000][1878.622s] GC(927)   Evacuate Collection Set: 6.7ms
[2022-04-27T05:36:35.759+0000][1878.623s] GC(927)   Post Evacuate Collection Set: 1.4ms
[2022-04-27T05:36:35.759+0000][1878.623s] GC(927)   Other: 0.6ms
[2022-04-27T05:36:35.760+0000][1878.623s] GC(927) Eden regions: 258->0(258)
[2022-04-27T05:36:35.760+0000][1878.624s] GC(927) Survivor regions: 24->20(36)
[2022-04-27T05:36:35.760+0000][1878.624s] GC(927) Old regions: 139->145
[2022-04-27T05:36:35.761+0000][1878.624s] GC(927) Humongous regions: 7->7
[2022-04-27T05:36:35.761+0000][1878.625s] GC(927) Metaspace: 56909K->56909K(1101824K)
[2022-04-27T05:36:35.762+0000][1878.625s] GC(927) Pause Young (Normal) (G1 Evacuation Pause) 425M->170M(512M) 12.092ms
[2022-04-27T05:36:35.762+0000][1878.625s] GC(927) User=0.06s Sys=0.00s Real=0.02s
[2022-04-27T05:36:37.124+0000][1879.988s] GC(928) Pause Young (Concurrent Start) (G1 Evacuation Pause)
[2022-04-27T05:36:37.125+0000][1879.989s] GC(928) Using 8 workers of 8 for evacuation
[2022-04-27T05:36:37.134+0000][1879.998s] GC(928)   Pre Evacuate Collection Set: 0.1ms
[2022-04-27T05:36:37.134+0000][1879.998s] GC(928)   Evacuate Collection Set: 7.2ms
[2022-04-27T05:36:37.135+0000][1879.998s] GC(928)   Post Evacuate Collection Set: 1.0ms
[2022-04-27T05:36:37.135+0000][1879.999s] GC(928)   Other: 1.1ms
[2022-04-27T05:36:37.136+0000][1879.999s] GC(928) Eden regions: 258->0(254)
[2022-04-27T05:36:37.136+0000][1880.000s] GC(928) Survivor regions: 20->20(35)
[2022-04-27T05:36:37.136+0000][1880.000s] GC(928) Old regions: 145->152
[2022-04-27T05:36:37.137+0000][1880.000s] GC(928) Humongous regions: 7->7
[2022-04-27T05:36:37.137+0000][1880.001s] GC(928) Metaspace: 56909K->56909K(1101824K)
[2022-04-27T05:36:37.137+0000][1880.001s] GC(928) Pause Young (Concurrent Start) (G1 Evacuation Pause) 428M->176M(512M) 12.961ms
[2022-04-27T05:36:37.138+0000][1880.001s] GC(928) User=0.06s Sys=0.00s Real=0.01s
[2022-04-27T05:36:37.138+0000][1880.002s] GC(929) Concurrent Cycle
[2022-04-27T05:36:37.138+0000][1880.002s] GC(929) Concurrent Clear Claimed Marks
[2022-04-27T05:36:37.139+0000][1880.002s] GC(929) Concurrent Clear Claimed Marks 0.386ms
[2022-04-27T05:36:37.139+0000][1880.003s] GC(929) Concurrent Scan Root Regions
[2022-04-27T05:36:37.142+0000][1880.006s] GC(929) Concurrent Scan Root Regions 3.432ms
[2022-04-27T05:36:37.143+0000][1880.006s] GC(929) Concurrent Mark (1880.006s)
[2022-04-27T05:36:37.143+0000][1880.007s] GC(929) Concurrent Mark From Roots
[2022-04-27T05:36:37.143+0000][1880.007s] GC(929) Using 2 workers of 2 for marking
[2022-04-27T05:36:37.183+0000][1880.047s] GC(929) Concurrent Mark From Roots 40.247ms
[2022-04-27T05:36:37.184+0000][1880.047s] GC(929) Concurrent Preclean
[2022-04-27T05:36:37.184+0000][1880.048s] GC(929) Concurrent Preclean 0.700ms
[2022-04-27T05:36:37.185+0000][1880.048s] GC(929) Concurrent Mark (1880.006s, 1880.048s) 42.005ms
[2022-04-27T05:36:37.186+0000][1880.049s] GC(929) Pause Remark
[2022-04-27T05:36:37.207+0000][1880.071s] GC(929) Cleaned string and symbol table, strings: 24866 processed, 0 removed, symbols: 137610 processed, 6 removed
[2022-04-27T05:36:37.209+0000][1880.073s] GC(929) Pause Remark 186M->149M(512M) 23.760ms
[2022-04-27T05:36:37.210+0000][1880.073s] GC(929) User=0.14s Sys=0.00s Real=0.02s
[2022-04-27T05:36:37.210+0000][1880.074s] GC(929) Concurrent Rebuild Remembered Sets
[2022-04-27T05:36:37.240+0000][1880.104s] GC(929) Concurrent Rebuild Remembered Sets 30.099ms
[2022-04-27T05:36:37.241+0000][1880.105s] GC(929) Pause Cleanup
[2022-04-27T05:36:37.242+0000][1880.106s] GC(929) Pause Cleanup 149M->149M(512M) 0.548ms
[2022-04-27T05:36:37.242+0000][1880.106s] GC(929) User=0.00s Sys=0.00s Real=0.00s
[2022-04-27T05:36:37.243+0000][1880.106s] GC(929) Concurrent Cleanup for Next Mark
[2022-04-27T05:36:37.244+0000][1880.108s] GC(929) Concurrent Cleanup for Next Mark 1.546ms
[2022-04-27T05:36:37.244+0000][1880.108s] GC(929) Concurrent Cycle 106.182ms
[2022-04-27T05:36:38.655+0000][1881.519s] GC(930) Pause Young (Prepare Mixed) (G1 Evacuation Pause)
[2022-04-27T05:36:38.656+0000][1881.519s] GC(930) Using 8 workers of 8 for evacuation
[2022-04-27T05:36:38.665+0000][1881.529s] GC(930)   Pre Evacuate Collection Set: 0.0ms
[2022-04-27T05:36:38.665+0000][1881.529s] GC(930)   Evacuate Collection Set: 5.1ms
[2022-04-27T05:36:38.666+0000][1881.529s] GC(930)   Post Evacuate Collection Set: 3.9ms
[2022-04-27T05:36:38.666+0000][1881.530s] GC(930)   Other: 0.9ms
[2022-04-27T05:36:38.666+0000][1881.530s] GC(930) Eden regions: 254->0(6)
[2022-04-27T05:36:38.667+0000][1881.530s] GC(930) Survivor regions: 20->19(35)
[2022-04-27T05:36:38.667+0000][1881.531s] GC(930) Old regions: 115->121
[2022-04-27T05:36:38.667+0000][1881.531s] GC(930) Humongous regions: 7->7
[2022-04-27T05:36:38.668+0000][1881.531s] GC(930) Metaspace: 56909K->56909K(1101824K)
[2022-04-27T05:36:38.668+0000][1881.532s] GC(930) Pause Young (Prepare Mixed) (G1 Evacuation Pause) 393M->143M(512M) 12.840ms
[2022-04-27T05:36:38.668+0000][1881.532s] GC(930) User=0.06s Sys=0.00s Real=0.01s
[2022-04-27T05:36:38.723+0000][1881.587s] GC(931) Pause Young (Mixed) (G1 Evacuation Pause)
[2022-04-27T05:36:38.723+0000][1881.587s] GC(931) Using 8 workers of 8 for evacuation
[2022-04-27T05:36:38.729+0000][1881.592s] GC(931)   Pre Evacuate Collection Set: 0.0ms
[2022-04-27T05:36:38.729+0000][1881.593s] GC(931)   Evacuate Collection Set: 4.5ms
[2022-04-27T05:36:38.730+0000][1881.593s] GC(931)   Post Evacuate Collection Set: 0.7ms
[2022-04-27T05:36:38.730+0000][1881.594s] GC(931)   Other: 0.5ms
[2022-04-27T05:36:38.730+0000][1881.594s] GC(931) Eden regions: 6->0(288)
[2022-04-27T05:36:38.731+0000][1881.594s] GC(931) Survivor regions: 19->2(4)
[2022-04-27T05:36:38.731+0000][1881.595s] GC(931) Old regions: 121->120
[2022-04-27T05:36:38.732+0000][1881.595s] GC(931) Humongous regions: 7->7
[2022-04-27T05:36:38.732+0000][1881.596s] GC(931) Metaspace: 56909K->56909K(1101824K)
[2022-04-27T05:36:38.732+0000][1881.596s] GC(931) Pause Young (Mixed) (G1 Evacuation Pause) 149M->126M(512M) 9.111ms
[2022-04-27T05:36:38.732+0000][1881.596s] GC(931) User=0.04s Sys=0.00s Real=0.01s
[2022-04-27T05:36:41.054+0000][1883.917s] GC(932) Pause Young (Normal) (G1 Evacuation Pause)
[2022-04-27T05:36:41.054+0000][1883.918s] GC(932) Using 8 workers of 8 for evacuation
[2022-04-27T05:36:41.060+0000][1883.924s] GC(932)   Pre Evacuate Collection Set: 0.0ms
[2022-04-27T05:36:41.061+0000][1883.924s] GC(932)   Evacuate Collection Set: 3.7ms
[2022-04-27T05:36:41.061+0000][1883.925s] GC(932)   Post Evacuate Collection Set: 2.0ms
[2022-04-27T05:36:41.062+0000][1883.925s] GC(932)   Other: 0.9ms
[2022-04-27T05:36:41.062+0000][1883.926s] GC(932) Eden regions: 288->0(285)
[2022-04-27T05:36:41.062+0000][1883.926s] GC(932) Survivor regions: 2->9(37)
[2022-04-27T05:36:41.063+0000][1883.926s] GC(932) Old regions: 120->120
[2022-04-27T05:36:41.063+0000][1883.926s] GC(932) Humongous regions: 7->7
[2022-04-27T05:36:41.063+0000][1883.927s] GC(932) Metaspace: 56909K->56909K(1101824K)
[2022-04-27T05:36:41.063+0000][1883.927s] GC(932) Pause Young (Normal) (G1 Evacuation Pause) 414M->134M(512M) 9.587ms
[2022-04-27T05:36:41.064+0000][1883.927s] GC(932) User=0.03s Sys=0.00s Real=0.01s
[2022-04-27T05:36:42.717+0000][1885.580s] GC(933) Pause Young (Normal) (G1 Evacuation Pause)
[2022-04-27T05:36:42.717+0000][1885.581s] GC(933) Using 8 workers of 8 for evacuation
[2022-04-27T05:36:42.725+0000][1885.589s] GC(933)   Pre Evacuate Collection Set: 0.0ms
[2022-04-27T05:36:42.731+0000][1885.594s] GC(933)   Evacuate Collection Set: 6.3ms
[2022-04-27T05:36:42.733+0000][1885.597s] GC(933)   Post Evacuate Collection Set: 1.6ms
[2022-04-27T05:36:42.734+0000][1885.597s] GC(933)   Other: 1.1ms
[2022-04-27T05:36:42.734+0000][1885.598s] GC(933) Eden regions: 285->0(276)
[2022-04-27T05:36:42.734+0000][1885.598s] GC(933) Survivor regions: 9->20(37)
[2022-04-27T05:36:42.735+0000][1885.598s] GC(933) Old regions: 120->120
[2022-04-27T05:36:42.735+0000][1885.599s] GC(933) Humongous regions: 7->7
[2022-04-27T05:36:42.735+0000][1885.599s] GC(933) Metaspace: 56909K->56909K(1101824K)
[2022-04-27T05:36:42.736+0000][1885.599s] GC(933) Pause Young (Normal) (G1 Evacuation Pause) 419M->144M(512M) 19.123ms
[2022-04-27T05:36:42.736+0000][1885.600s] GC(933) User=0.05s Sys=0.00s Real=0.02s
[2022-04-27T05:36:44.463+0000][1887.327s] GC(934) Pause Young (Normal) (G1 Evacuation Pause)
[2022-04-27T05:36:44.463+0000][1887.327s] GC(934) Using 8 workers of 8 for evacuation
[2022-04-27T05:36:44.472+0000][1887.336s] GC(934)   Pre Evacuate Collection Set: 0.0ms
[2022-04-27T05:36:44.473+0000][1887.337s] GC(934)   Evacuate Collection Set: 7.4ms
[2022-04-27T05:36:44.473+0000][1887.337s] GC(934)   Post Evacuate Collection Set: 1.3ms
[2022-04-27T05:36:44.474+0000][1887.337s] GC(934)   Other: 0.7ms
[2022-04-27T05:36:44.474+0000][1887.338s] GC(934) Eden regions: 276->0(271)
[2022-04-27T05:36:44.475+0000][1887.338s] GC(934) Survivor regions: 20->19(37)
[2022-04-27T05:36:44.475+0000][1887.339s] GC(934) Old regions: 120->127
[2022-04-27T05:36:44.475+0000][1887.339s] GC(934) Humongous regions: 7->7
[2022-04-27T05:36:44.475+0000][1887.339s] GC(934) Metaspace: 56909K->56909K(1101824K)
[2022-04-27T05:36:44.476+0000][1887.339s] GC(934) Pause Young (Normal) (G1 Evacuation Pause) 420M->150M(512M) 12.695ms
[2022-04-27T05:36:44.476+0000][1887.340s] GC(934) User=0.06s Sys=0.00s Real=0.01s
[2022-04-27T05:36:46.211+0000][1889.075s] GC(935) Pause Young (Normal) (G1 Evacuation Pause)
[2022-04-27T05:36:46.211+0000][1889.075s] GC(935) Using 8 workers of 8 for evacuation
[2022-04-27T05:36:46.220+0000][1889.084s] GC(935)   Pre Evacuate Collection Set: 0.0ms
[2022-04-27T05:36:46.221+0000][1889.085s] GC(935)   Evacuate Collection Set: 7.2ms
[2022-04-27T05:36:46.221+0000][1889.085s] GC(935)   Post Evacuate Collection Set: 1.2ms
[2022-04-27T05:36:46.222+0000][1889.085s] GC(935)   Other: 1.0ms
[2022-04-27T05:36:46.222+0000][1889.086s] GC(935) Eden regions: 271->0(266)
[2022-04-27T05:36:46.222+0000][1889.086s] GC(935) Survivor regions: 19->25(37)
[2022-04-27T05:36:46.223+0000][1889.086s] GC(935) Old regions: 127->127
[2022-04-27T05:36:46.223+0000][1889.087s] GC(935) Humongous regions: 7->7
[2022-04-27T05:36:46.223+0000][1889.087s] GC(935) Metaspace: 56909K->56909K(1101824K)
[2022-04-27T05:36:46.224+0000][1889.087s] GC(935) Pause Young (Normal) (G1 Evacuation Pause) 421M->157M(512M) 12.641ms
[2022-04-27T05:36:46.224+0000][1889.088s] GC(935) User=0.05s Sys=0.01s Real=0.01s
[2022-04-27T05:36:47.812+0000][1890.676s] GC(936) Pause Young (Normal) (G1 Evacuation Pause)
[2022-04-27T05:36:47.812+0000][1890.676s] GC(936) Using 8 workers of 8 for evacuation
[2022-04-27T05:36:47.824+0000][1890.688s] GC(936)   Pre Evacuate Collection Set: 0.0ms
[2022-04-27T05:36:47.825+0000][1890.689s] GC(936)   Evacuate Collection Set: 10.5ms
[2022-04-27T05:36:47.825+0000][1890.689s] GC(936)   Post Evacuate Collection Set: 1.2ms
[2022-04-27T05:36:47.825+0000][1890.689s] GC(936)   Other: 0.8ms
[2022-04-27T05:36:47.826+0000][1890.689s] GC(936) Eden regions: 266->0(260)
[2022-04-27T05:36:47.826+0000][1890.690s] GC(936) Survivor regions: 25->26(37)
[2022-04-27T05:36:47.827+0000][1890.690s] GC(936) Old regions: 127->133
[2022-04-27T05:36:47.827+0000][1890.690s] GC(936) Humongous regions: 7->7
[2022-04-27T05:36:47.827+0000][1890.691s] GC(936) Metaspace: 56909K->56909K(1101824K)
[2022-04-27T05:36:47.827+0000][1890.691s] GC(936) Pause Young (Normal) (G1 Evacuation Pause) 423M->163M(512M) 15.318ms
[2022-04-27T05:36:47.828+0000][1890.691s] GC(936) User=0.09s Sys=0.00s Real=0.01s
[2022-04-27T05:36:49.391+0000][1892.255s] GC(937) Pause Young (Normal) (G1 Evacuation Pause)
[2022-04-27T05:36:49.392+0000][1892.255s] GC(937) Using 8 workers of 8 for evacuation
[2022-04-27T05:36:49.402+0000][1892.266s] GC(937)   Pre Evacuate Collection Set: 0.0ms
[2022-04-27T05:36:49.403+0000][1892.266s] GC(937)   Evacuate Collection Set: 8.8ms
[2022-04-27T05:36:49.403+0000][1892.267s] GC(937)   Post Evacuate Collection Set: 1.5ms
[2022-04-27T05:36:49.404+0000][1892.267s] GC(937)   Other: 0.9ms
[2022-04-27T05:36:49.404+0000][1892.268s] GC(937) Eden regions: 260->0(255)
[2022-04-27T05:36:49.404+0000][1892.268s] GC(937) Survivor regions: 26->19(36)
[2022-04-27T05:36:49.405+0000][1892.268s] GC(937) Old regions: 133->146
[2022-04-27T05:36:49.405+0000][1892.269s] GC(937) Humongous regions: 7->7
[2022-04-27T05:36:49.405+0000][1892.269s] GC(937) Metaspace: 56909K->56909K(1101824K)
[2022-04-27T05:36:49.406+0000][1892.270s] GC(937) Pause Young (Normal) (G1 Evacuation Pause) 423M->169M(512M) 14.796ms
[2022-04-27T05:36:49.406+0000][1892.270s] GC(937) User=0.08s Sys=0.00s Real=0.01s
[2022-04-27T05:36:50.774+0000][1893.638s] GC(938) Pause Young (Concurrent Start) (G1 Evacuation Pause)
[2022-04-27T05:36:50.775+0000][1893.638s] GC(938) Using 8 workers of 8 for evacuation
[2022-04-27T05:36:50.788+0000][1893.652s] GC(938)   Pre Evacuate Collection Set: 0.1ms
[2022-04-27T05:36:50.789+0000][1893.652s] GC(938)   Evacuate Collection Set: 11.7ms
[2022-04-27T05:36:50.789+0000][1893.653s] GC(938)   Post Evacuate Collection Set: 1.2ms
[2022-04-27T05:36:50.789+0000][1893.653s] GC(938)   Other: 0.7ms
[2022-04-27T05:36:50.790+0000][1893.653s] GC(938) Eden regions: 255->0(255)
[2022-04-27T05:36:50.790+0000][1893.654s] GC(938) Survivor regions: 19->21(35)
[2022-04-27T05:36:50.790+0000][1893.654s] GC(938) Old regions: 146->146
[2022-04-27T05:36:50.791+0000][1893.654s] GC(938) Humongous regions: 7->7
[2022-04-27T05:36:50.791+0000][1893.655s] GC(938) Metaspace: 56909K->56909K(1101824K)
[2022-04-27T05:36:50.791+0000][1893.655s] GC(938) Pause Young (Concurrent Start) (G1 Evacuation Pause) 424M->171M(512M) 16.992ms
[2022-04-27T05:36:50.792+0000][1893.655s] GC(938) User=0.03s Sys=0.00s Real=0.02s
[2022-04-27T05:36:50.792+0000][1893.656s] GC(939) Concurrent Cycle
[2022-04-27T05:36:50.792+0000][1893.656s] GC(939) Concurrent Clear Claimed Marks
[2022-04-27T05:36:50.793+0000][1893.656s] GC(939) Concurrent Clear Claimed Marks 0.318ms
[2022-04-27T05:36:50.793+0000][1893.657s] GC(939) Concurrent Scan Root Regions
[2022-04-27T05:36:50.797+0000][1893.661s] GC(939) Concurrent Scan Root Regions 4.561ms
[2022-04-27T05:36:50.798+0000][1893.661s] GC(939) Concurrent Mark (1893.661s)
[2022-04-27T05:36:50.798+0000][1893.662s] GC(939) Concurrent Mark From Roots
[2022-04-27T05:36:50.798+0000][1893.662s] GC(939) Using 2 workers of 2 for marking
[2022-04-27T05:36:50.832+0000][1893.696s] GC(939) Concurrent Mark From Roots 33.950ms
[2022-04-27T05:36:50.832+0000][1893.696s] GC(939) Concurrent Preclean
[2022-04-27T05:36:50.833+0000][1893.696s] GC(939) Concurrent Preclean 0.451ms
[2022-04-27T05:36:50.833+0000][1893.697s] GC(939) Concurrent Mark (1893.661s, 1893.697s) 35.236ms
[2022-04-27T05:36:50.834+0000][1893.697s] GC(939) Pause Remark
[2022-04-27T05:36:50.848+0000][1893.711s] GC(939) Cleaned string and symbol table, strings: 24866 processed, 0 removed, symbols: 137614 processed, 11 removed
[2022-04-27T05:36:50.849+0000][1893.712s] GC(939) Pause Remark 177M->157M(512M) 14.970ms
[2022-04-27T05:36:50.849+0000][1893.713s] GC(939) User=0.10s Sys=0.00s Real=0.01s
[2022-04-27T05:36:50.849+0000][1893.713s] GC(939) Concurrent Rebuild Remembered Sets
[2022-04-27T05:36:50.882+0000][1893.745s] GC(939) Concurrent Rebuild Remembered Sets 32.332ms
[2022-04-27T05:36:50.882+0000][1893.746s] GC(939) Pause Cleanup
[2022-04-27T05:36:50.883+0000][1893.746s] GC(939) Pause Cleanup 157M->157M(512M) 0.479ms
[2022-04-27T05:36:50.883+0000][1893.747s] GC(939) User=0.00s Sys=0.00s Real=0.00s
[2022-04-27T05:36:50.883+0000][1893.747s] GC(939) Concurrent Cleanup for Next Mark
[2022-04-27T05:36:50.884+0000][1893.748s] GC(939) Concurrent Cleanup for Next Mark 0.911ms
[2022-04-27T05:36:50.884+0000][1893.748s] GC(939) Concurrent Cycle 92.282ms
[2022-04-27T05:36:51.860+0000][1894.724s] GC(940) Pause Young (Prepare Mixed) (G1 Evacuation Pause)
[2022-04-27T05:36:51.860+0000][1894.724s] GC(940) Using 8 workers of 8 for evacuation
[2022-04-27T05:36:51.868+0000][1894.732s] GC(940)   Pre Evacuate Collection Set: 0.0ms
[2022-04-27T05:36:51.869+0000][1894.733s] GC(940)   Evacuate Collection Set: 5.2ms
[2022-04-27T05:36:51.869+0000][1894.733s] GC(940)   Post Evacuate Collection Set: 2.3ms
[2022-04-27T05:36:51.870+0000][1894.733s] GC(940)   Other: 0.9ms
[2022-04-27T05:36:51.870+0000][1894.734s] GC(940) Eden regions: 255->0(4)
[2022-04-27T05:36:51.870+0000][1894.734s] GC(940) Survivor regions: 21->21(35)
[2022-04-27T05:36:51.871+0000][1894.734s] GC(940) Old regions: 126->132
[2022-04-27T05:36:51.871+0000][1894.735s] GC(940) Humongous regions: 7->7
[2022-04-27T05:36:51.872+0000][1894.735s] GC(940) Metaspace: 56909K->56909K(1101824K)
[2022-04-27T05:36:51.872+0000][1894.736s] GC(940) Pause Young (Prepare Mixed) (G1 Evacuation Pause) 406M->157M(512M) 11.902ms
[2022-04-27T05:36:51.872+0000][1894.736s] GC(940) User=0.06s Sys=0.00s Real=0.02s
[2022-04-27T05:36:51.907+0000][1894.770s] GC(941) Pause Young (Mixed) (G1 Evacuation Pause)
[2022-04-27T05:36:51.907+0000][1894.770s] GC(941) Using 8 workers of 8 for evacuation
[2022-04-27T05:36:51.913+0000][1894.776s] GC(941)   Pre Evacuate Collection Set: 0.0ms
[2022-04-27T05:36:51.913+0000][1894.777s] GC(941)   Evacuate Collection Set: 4.8ms
[2022-04-27T05:36:51.913+0000][1894.777s] GC(941)   Post Evacuate Collection Set: 0.7ms
[2022-04-27T05:36:51.914+0000][1894.777s] GC(941)   Other: 0.5ms
[2022-04-27T05:36:51.914+0000][1894.778s] GC(941) Eden regions: 4->0(279)
[2022-04-27T05:36:51.914+0000][1894.778s] GC(941) Survivor regions: 21->3(4)
[2022-04-27T05:36:51.915+0000][1894.778s] GC(941) Old regions: 132->134
[2022-04-27T05:36:51.915+0000][1894.779s] GC(941) Humongous regions: 7->7
[2022-04-27T05:36:51.915+0000][1894.779s] GC(941) Metaspace: 56909K->56909K(1101824K)
[2022-04-27T05:36:51.915+0000][1894.779s] GC(941) Pause Young (Mixed) (G1 Evacuation Pause) 161M->142M(512M) 8.687ms
[2022-04-27T05:36:51.915+0000][1894.779s] GC(941) User=0.04s Sys=0.00s Real=0.01s
[2022-04-27T05:36:53.819+0000][1896.683s] GC(942) Pause Young (Normal) (G1 Evacuation Pause)
[2022-04-27T05:36:53.819+0000][1896.683s] GC(942) Using 8 workers of 8 for evacuation
[2022-04-27T05:36:53.824+0000][1896.687s] GC(942)   Pre Evacuate Collection Set: 0.0ms
[2022-04-27T05:36:53.824+0000][1896.688s] GC(942)   Evacuate Collection Set: 3.1ms
[2022-04-27T05:36:53.825+0000][1896.688s] GC(942)   Post Evacuate Collection Set: 1.0ms
[2022-04-27T05:36:53.825+0000][1896.689s] GC(942)   Other: 0.8ms
[2022-04-27T05:36:53.826+0000][1896.689s] GC(942) Eden regions: 279->0(278)
[2022-04-27T05:36:53.826+0000][1896.690s] GC(942) Survivor regions: 3->8(36)
[2022-04-27T05:36:53.826+0000][1896.690s] GC(942) Old regions: 134->134
[2022-04-27T05:36:53.827+0000][1896.690s] GC(942) Humongous regions: 7->7
[2022-04-27T05:36:53.827+0000][1896.691s] GC(942) Metaspace: 56909K->56909K(1101824K)
[2022-04-27T05:36:53.827+0000][1896.691s] GC(942) Pause Young (Normal) (G1 Evacuation Pause) 421M->146M(512M) 8.516ms
[2022-04-27T05:36:53.828+0000][1896.691s] GC(942) User=0.03s Sys=0.00s Real=0.01s
[2022-04-27T05:36:55.790+0000][1898.653s] GC(943) Pause Young (Normal) (G1 Evacuation Pause)
[2022-04-27T05:36:55.790+0000][1898.653s] GC(943) Using 8 workers of 8 for evacuation
[2022-04-27T05:36:55.795+0000][1898.659s] GC(943)   Pre Evacuate Collection Set: 0.0ms
[2022-04-27T05:36:55.796+0000][1898.659s] GC(943)   Evacuate Collection Set: 4.1ms
[2022-04-27T05:36:55.796+0000][1898.659s] GC(943)   Post Evacuate Collection Set: 1.0ms
[2022-04-27T05:36:55.796+0000][1898.660s] GC(943)   Other: 0.4ms
[2022-04-27T05:36:55.797+0000][1898.660s] GC(943) Eden regions: 278->0(275)
[2022-04-27T05:36:55.797+0000][1898.661s] GC(943) Survivor regions: 8->14(36)
[2022-04-27T05:36:55.797+0000][1898.661s] GC(943) Old regions: 134->134
[2022-04-27T05:36:55.798+0000][1898.661s] GC(943) Humongous regions: 7->7
[2022-04-27T05:36:55.798+0000][1898.662s] GC(943) Metaspace: 56909K->56909K(1101824K)
[2022-04-27T05:36:55.798+0000][1898.662s] GC(943) Pause Young (Normal) (G1 Evacuation Pause) 424M->152M(512M) 8.640ms
[2022-04-27T05:36:55.799+0000][1898.662s] GC(943) User=0.03s Sys=0.00s Real=0.01s
[2022-04-27T05:36:57.593+0000][1900.457s] GC(944) Pause Young (Normal) (G1 Evacuation Pause)
[2022-04-27T05:36:57.593+0000][1900.457s] GC(944) Using 8 workers of 8 for evacuation
[2022-04-27T05:36:57.602+0000][1900.465s] GC(944)   Pre Evacuate Collection Set: 0.0ms
[2022-04-27T05:36:57.602+0000][1900.466s] GC(944)   Evacuate Collection Set: 6.3ms
[2022-04-27T05:36:57.602+0000][1900.466s] GC(944)   Post Evacuate Collection Set: 1.4ms
[2022-04-27T05:36:57.603+0000][1900.466s] GC(944)   Other: 1.0ms
[2022-04-27T05:36:57.603+0000][1900.467s] GC(944) Eden regions: 275->0(269)
[2022-04-27T05:36:57.603+0000][1900.467s] GC(944) Survivor regions: 14->22(37)
[2022-04-27T05:36:57.604+0000][1900.467s] GC(944) Old regions: 134->134
[2022-04-27T05:36:57.604+0000][1900.468s] GC(944) Humongous regions: 7->7
[2022-04-27T05:36:57.604+0000][1900.468s] GC(944) Metaspace: 56909K->56909K(1101824K)
[2022-04-27T05:36:57.605+0000][1900.468s] GC(944) Pause Young (Normal) (G1 Evacuation Pause) 427M->161M(512M) 11.880ms
[2022-04-27T05:36:57.605+0000][1900.469s] GC(944) User=0.05s Sys=0.00s Real=0.01s
[2022-04-27T05:36:59.211+0000][1902.075s] GC(945) Pause Young (Normal) (G1 Evacuation Pause)
[2022-04-27T05:36:59.212+0000][1902.075s] GC(945) Using 8 workers of 8 for evacuation
[2022-04-27T05:36:59.223+0000][1902.086s] GC(945)   Pre Evacuate Collection Set: 0.0ms
[2022-04-27T05:36:59.223+0000][1902.087s] GC(945)   Evacuate Collection Set: 9.1ms
[2022-04-27T05:36:59.223+0000][1902.087s] GC(945)   Post Evacuate Collection Set: 1.3ms
[2022-04-27T05:36:59.224+0000][1902.088s] GC(945)   Other: 1.0ms
[2022-04-27T05:36:59.224+0000][1902.088s] GC(945) Eden regions: 269->0(265)
[2022-04-27T05:36:59.225+0000][1902.088s] GC(945) Survivor regions: 22->22(37)
[2022-04-27T05:36:59.225+0000][1902.089s] GC(945) Old regions: 134->140
[2022-04-27T05:36:59.225+0000][1902.089s] GC(945) Humongous regions: 7->7
[2022-04-27T05:36:59.226+0000][1902.089s] GC(945) Metaspace: 56909K->56909K(1101824K)
[2022-04-27T05:36:59.226+0000][1902.090s] GC(945) Pause Young (Normal) (G1 Evacuation Pause) 430M->167M(512M) 14.686ms
[2022-04-27T05:36:59.226+0000][1902.090s] GC(945) User=0.08s Sys=0.00s Real=0.01s
[2022-04-27T05:37:00.593+0000][1903.457s] GC(946) Pause Young (Concurrent Start) (G1 Evacuation Pause)
[2022-04-27T05:37:00.593+0000][1903.457s] GC(946) Using 8 workers of 8 for evacuation
[2022-04-27T05:37:00.608+0000][1903.472s] GC(946)   Pre Evacuate Collection Set: 0.1ms
[2022-04-27T05:37:00.608+0000][1903.472s] GC(946)   Evacuate Collection Set: 13.0ms
[2022-04-27T05:37:00.609+0000][1903.473s] GC(946)   Post Evacuate Collection Set: 1.1ms
[2022-04-27T05:37:00.609+0000][1903.473s] GC(946)   Other: 0.7ms
[2022-04-27T05:37:00.610+0000][1903.473s] GC(946) Eden regions: 265->0(260)
[2022-04-27T05:37:00.610+0000][1903.474s] GC(946) Survivor regions: 22->21(36)
[2022-04-27T05:37:00.610+0000][1903.474s] GC(946) Old regions: 140->147
[2022-04-27T05:37:00.611+0000][1903.474s] GC(946) Humongous regions: 7->7
[2022-04-27T05:37:00.611+0000][1903.475s] GC(946) Metaspace: 56909K->56909K(1101824K)
[2022-04-27T05:37:00.611+0000][1903.475s] GC(946) Pause Young (Concurrent Start) (G1 Evacuation Pause) 432M->172M(512M) 18.377ms
[2022-04-27T05:37:00.612+0000][1903.475s] GC(946) User=0.04s Sys=0.00s Real=0.02s
[2022-04-27T05:37:00.612+0000][1903.476s] GC(947) Concurrent Cycle
[2022-04-27T05:37:00.612+0000][1903.476s] GC(947) Concurrent Clear Claimed Marks
[2022-04-27T05:37:00.612+0000][1903.476s] GC(947) Concurrent Clear Claimed Marks 0.331ms
[2022-04-27T05:37:00.613+0000][1903.476s] GC(947) Concurrent Scan Root Regions
[2022-04-27T05:37:00.617+0000][1903.480s] GC(947) Concurrent Scan Root Regions 4.249ms
[2022-04-27T05:37:00.617+0000][1903.481s] GC(947) Concurrent Mark (1903.481s)
[2022-04-27T05:37:00.617+0000][1903.481s] GC(947) Concurrent Mark From Roots
[2022-04-27T05:37:00.617+0000][1903.481s] GC(947) Using 2 workers of 2 for marking
[2022-04-27T05:37:00.651+0000][1903.514s] GC(947) Concurrent Mark From Roots 33.262ms
[2022-04-27T05:37:00.651+0000][1903.514s] GC(947) Concurrent Preclean
[2022-04-27T05:37:00.651+0000][1903.515s] GC(947) Concurrent Preclean 0.472ms
[2022-04-27T05:37:00.651+0000][1903.515s] GC(947) Concurrent Mark (1903.481s, 1903.515s) 34.292ms
[2022-04-27T05:37:00.652+0000][1903.515s] GC(947) Pause Remark
[2022-04-27T05:37:00.664+0000][1903.527s] GC(947) Cleaned string and symbol table, strings: 24867 processed, 0 removed, symbols: 137609 processed, 6 removed
[2022-04-27T05:37:00.665+0000][1903.528s] GC(947) Pause Remark 173M->146M(512M) 12.815ms
[2022-04-27T05:37:00.665+0000][1903.529s] GC(947) User=0.09s Sys=0.00s Real=0.01s
[2022-04-27T05:37:00.665+0000][1903.529s] GC(947) Concurrent Rebuild Remembered Sets
[2022-04-27T05:37:00.694+0000][1903.558s] GC(947) Concurrent Rebuild Remembered Sets 28.426ms
[2022-04-27T05:37:00.695+0000][1903.558s] GC(947) Pause Cleanup
[2022-04-27T05:37:00.695+0000][1903.559s] GC(947) Pause Cleanup 146M->146M(512M) 0.586ms
[2022-04-27T05:37:00.695+0000][1903.559s] GC(947) User=0.01s Sys=0.00s Real=0.00s
[2022-04-27T05:37:00.696+0000][1903.560s] GC(947) Concurrent Cleanup for Next Mark
[2022-04-27T05:37:00.697+0000][1903.561s] GC(947) Concurrent Cleanup for Next Mark 1.189ms
[2022-04-27T05:37:00.697+0000][1903.561s] GC(947) Concurrent Cycle 85.492ms
[2022-04-27T05:37:02.005+0000][1904.869s] GC(948) Pause Young (Prepare Mixed) (G1 Evacuation Pause)
[2022-04-27T05:37:02.005+0000][1904.869s] GC(948) Using 8 workers of 8 for evacuation
[2022-04-27T05:37:02.014+0000][1904.877s] GC(948)   Pre Evacuate Collection Set: 0.0ms
[2022-04-27T05:37:02.014+0000][1904.878s] GC(948)   Evacuate Collection Set: 5.0ms
[2022-04-27T05:37:02.015+0000][1904.878s] GC(948)   Post Evacuate Collection Set: 2.7ms
[2022-04-27T05:37:02.015+0000][1904.879s] GC(948)   Other: 1.0ms
[2022-04-27T05:37:02.015+0000][1904.879s] GC(948) Eden regions: 260->0(5)
[2022-04-27T05:37:02.016+0000][1904.879s] GC(948) Survivor regions: 21->20(36)
[2022-04-27T05:37:02.016+0000][1904.880s] GC(948) Old regions: 120->126
[2022-04-27T05:37:02.016+0000][1904.880s] GC(948) Humongous regions: 7->7
[2022-04-27T05:37:02.017+0000][1904.880s] GC(948) Metaspace: 56909K->56909K(1101824K)
[2022-04-27T05:37:02.017+0000][1904.881s] GC(948) Pause Young (Prepare Mixed) (G1 Evacuation Pause) 405M->151M(512M) 11.992ms
[2022-04-27T05:37:02.017+0000][1904.881s] GC(948) User=0.06s Sys=0.00s Real=0.01s
[2022-04-27T05:37:02.059+0000][1904.922s] GC(949) Pause Young (Mixed) (G1 Evacuation Pause)
[2022-04-27T05:37:02.059+0000][1904.923s] GC(949) Using 8 workers of 8 for evacuation
[2022-04-27T05:37:02.065+0000][1904.928s] GC(949)   Pre Evacuate Collection Set: 0.0ms
[2022-04-27T05:37:02.065+0000][1904.929s] GC(949)   Evacuate Collection Set: 4.4ms
[2022-04-27T05:37:02.066+0000][1904.929s] GC(949)   Post Evacuate Collection Set: 0.8ms
[2022-04-27T05:37:02.066+0000][1904.930s] GC(949)   Other: 0.8ms
[2022-04-27T05:37:02.066+0000][1904.930s] GC(949) Eden regions: 5->0(288)
[2022-04-27T05:37:02.067+0000][1904.930s] GC(949) Survivor regions: 20->2(4)
[2022-04-27T05:37:02.067+0000][1904.931s] GC(949) Old regions: 126->122
[2022-04-27T05:37:02.067+0000][1904.931s] GC(949) Humongous regions: 7->7
[2022-04-27T05:37:02.068+0000][1904.931s] GC(949) Metaspace: 56909K->56909K(1101824K)
[2022-04-27T05:37:02.068+0000][1904.932s] GC(949) Pause Young (Mixed) (G1 Evacuation Pause) 156M->128M(512M) 9.506ms
[2022-04-27T05:37:02.068+0000][1904.932s] GC(949) User=0.04s Sys=0.00s Real=0.01s
[2022-04-27T05:37:03.990+0000][1906.853s] GC(950) Pause Young (Normal) (G1 Evacuation Pause)
[2022-04-27T05:37:03.990+0000][1906.854s] GC(950) Using 8 workers of 8 for evacuation
[2022-04-27T05:37:03.997+0000][1906.861s] GC(950)   Pre Evacuate Collection Set: 0.0ms
[2022-04-27T05:37:03.997+0000][1906.861s] GC(950)   Evacuate Collection Set: 5.1ms
[2022-04-27T05:37:03.998+0000][1906.862s] GC(950)   Post Evacuate Collection Set: 1.1ms
[2022-04-27T05:37:03.998+0000][1906.862s] GC(950)   Other: 1.0ms
[2022-04-27T05:37:03.999+0000][1906.862s] GC(950) Eden regions: 288->0(281)
[2022-04-27T05:37:03.999+0000][1906.863s] GC(950) Survivor regions: 2->13(37)
[2022-04-27T05:37:04.000+0000][1906.863s] GC(950) Old regions: 122->122
[2022-04-27T05:37:04.000+0000][1906.863s] GC(950) Humongous regions: 7->7
[2022-04-27T05:37:04.000+0000][1906.864s] GC(950) Metaspace: 56909K->56909K(1101824K)
[2022-04-27T05:37:04.001+0000][1906.864s] GC(950) Pause Young (Normal) (G1 Evacuation Pause) 416M->139M(512M) 10.858ms
[2022-04-27T05:37:04.001+0000][1906.865s] GC(950) User=0.04s Sys=0.02s Real=0.02s
[2022-04-27T05:37:05.640+0000][1908.503s] GC(951) Pause Young (Normal) (G1 Evacuation Pause)
[2022-04-27T05:37:05.640+0000][1908.504s] GC(951) Using 8 workers of 8 for evacuation
[2022-04-27T05:37:05.647+0000][1908.511s] GC(951)   Pre Evacuate Collection Set: 0.0ms
[2022-04-27T05:37:05.647+0000][1908.511s] GC(951)   Evacuate Collection Set: 5.5ms
[2022-04-27T05:37:05.648+0000][1908.512s] GC(951)   Post Evacuate Collection Set: 1.1ms
[2022-04-27T05:37:05.648+0000][1908.512s] GC(951)   Other: 0.9ms
[2022-04-27T05:37:05.649+0000][1908.512s] GC(951) Eden regions: 281->0(281)
[2022-04-27T05:37:05.649+0000][1908.513s] GC(951) Survivor regions: 13->16(37)
[2022-04-27T05:37:05.650+0000][1908.513s] GC(951) Old regions: 122->122
[2022-04-27T05:37:05.650+0000][1908.514s] GC(951) Humongous regions: 7->7
[2022-04-27T05:37:05.650+0000][1908.514s] GC(951) Metaspace: 56909K->56909K(1101824K)
[2022-04-27T05:37:05.651+0000][1908.514s] GC(951) Pause Young (Normal) (G1 Evacuation Pause) 420M->143M(512M) 11.165ms
[2022-04-27T05:37:05.651+0000][1908.515s] GC(951) User=0.04s Sys=0.00s Real=0.02s
[2022-04-27T05:37:07.414+0000][1910.278s] GC(952) Pause Young (Normal) (G1 Evacuation Pause)
[2022-04-27T05:37:07.414+0000][1910.278s] GC(952) Using 8 workers of 8 for evacuation
[2022-04-27T05:37:07.425+0000][1910.289s] GC(952)   Pre Evacuate Collection Set: 0.0ms
[2022-04-27T05:37:07.426+0000][1910.289s] GC(952)   Evacuate Collection Set: 8.9ms
[2022-04-27T05:37:07.426+0000][1910.290s] GC(952)   Post Evacuate Collection Set: 1.5ms
[2022-04-27T05:37:07.427+0000][1910.290s] GC(952)   Other: 0.9ms
[2022-04-27T05:37:07.427+0000][1910.291s] GC(952) Eden regions: 281->0(271)
[2022-04-27T05:37:07.427+0000][1910.291s] GC(952) Survivor regions: 16->27(38)
[2022-04-27T05:37:07.428+0000][1910.292s] GC(952) Old regions: 122->122
[2022-04-27T05:37:07.428+0000][1910.292s] GC(952) Humongous regions: 7->7
[2022-04-27T05:37:07.429+0000][1910.292s] GC(952) Metaspace: 56909K->56909K(1101824K)
[2022-04-27T05:37:07.429+0000][1910.293s] GC(952) Pause Young (Normal) (G1 Evacuation Pause) 424M->154M(512M) 14.902ms
[2022-04-27T05:37:07.429+0000][1910.293s] GC(952) User=0.07s Sys=0.00s Real=0.01s
[2022-04-27T05:37:09.053+0000][1911.917s] GC(953) Pause Young (Normal) (G1 Evacuation Pause)
[2022-04-27T05:37:09.054+0000][1911.917s] GC(953) Using 8 workers of 8 for evacuation
[2022-04-27T05:37:09.068+0000][1911.931s] GC(953)   Pre Evacuate Collection Set: 0.1ms
[2022-04-27T05:37:09.068+0000][1911.932s] GC(953)   Evacuate Collection Set: 11.6ms
[2022-04-27T05:37:09.068+0000][1911.932s] GC(953)   Post Evacuate Collection Set: 1.7ms
[2022-04-27T05:37:09.069+0000][1911.932s] GC(953)   Other: 1.3ms
[2022-04-27T05:37:09.069+0000][1911.933s] GC(953) Eden regions: 271->0(265)
[2022-04-27T05:37:09.069+0000][1911.933s] GC(953) Survivor regions: 27->26(38)
[2022-04-27T05:37:09.070+0000][1911.933s] GC(953) Old regions: 122->129
[2022-04-27T05:37:09.070+0000][1911.933s] GC(953) Humongous regions: 7->7
[2022-04-27T05:37:09.070+0000][1911.934s] GC(953) Metaspace: 56909K->56909K(1101824K)
[2022-04-27T05:37:09.071+0000][1911.935s] GC(953) Pause Young (Normal) (G1 Evacuation Pause) 425M->160M(512M) 17.939ms
[2022-04-27T05:37:09.071+0000][1911.935s] GC(953) User=0.10s Sys=0.00s Real=0.02s
[2022-04-27T05:37:10.905+0000][1913.769s] GC(954) Pause Young (Concurrent Start) (G1 Evacuation Pause)
[2022-04-27T05:37:10.906+0000][1913.769s] GC(954) Using 8 workers of 8 for evacuation
[2022-04-27T05:37:10.922+0000][1913.786s] GC(954)   Pre Evacuate Collection Set: 0.1ms
[2022-04-27T05:37:10.923+0000][1913.786s] GC(954)   Evacuate Collection Set: 14.0ms
[2022-04-27T05:37:10.923+0000][1913.787s] GC(954)   Post Evacuate Collection Set: 2.0ms
[2022-04-27T05:37:10.923+0000][1913.787s] GC(954)   Other: 0.8ms
[2022-04-27T05:37:10.924+0000][1913.788s] GC(954) Eden regions: 265->0(258)
[2022-04-27T05:37:10.924+0000][1913.788s] GC(954) Survivor regions: 26->20(37)
[2022-04-27T05:37:10.925+0000][1913.788s] GC(954) Old regions: 129->142
[2022-04-27T05:37:10.925+0000][1913.789s] GC(954) Humongous regions: 7->7
[2022-04-27T05:37:10.925+0000][1913.789s] GC(954) Metaspace: 56909K->56909K(1101824K)
[2022-04-27T05:37:10.926+0000][1913.790s] GC(954) Pause Young (Concurrent Start) (G1 Evacuation Pause) 425M->166M(512M) 20.458ms
[2022-04-27T05:37:10.926+0000][1913.790s] GC(954) User=0.06s Sys=0.01s Real=0.02s
[2022-04-27T05:37:10.927+0000][1913.790s] GC(955) Concurrent Cycle
[2022-04-27T05:37:10.927+0000][1913.791s] GC(955) Concurrent Clear Claimed Marks
[2022-04-27T05:37:10.927+0000][1913.791s] GC(955) Concurrent Clear Claimed Marks 0.276ms
[2022-04-27T05:37:10.927+0000][1913.791s] GC(955) Concurrent Scan Root Regions
[2022-04-27T05:37:10.932+0000][1913.796s] GC(955) Concurrent Scan Root Regions 4.962ms
[2022-04-27T05:37:10.933+0000][1913.796s] GC(955) Concurrent Mark (1913.796s)
[2022-04-27T05:37:10.933+0000][1913.797s] GC(955) Concurrent Mark From Roots
[2022-04-27T05:37:10.933+0000][1913.797s] GC(955) Using 2 workers of 2 for marking
[2022-04-27T05:37:10.972+0000][1913.836s] GC(955) Concurrent Mark From Roots 39.000ms
[2022-04-27T05:37:10.973+0000][1913.836s] GC(955) Concurrent Preclean
[2022-04-27T05:37:10.974+0000][1913.837s] GC(955) Concurrent Preclean 0.780ms
[2022-04-27T05:37:10.974+0000][1913.838s] GC(955) Concurrent Mark (1913.796s, 1913.838s) 41.473ms
[2022-04-27T05:37:10.975+0000][1913.838s] GC(955) Pause Remark
[2022-04-27T05:37:10.997+0000][1913.860s] GC(955) Cleaned string and symbol table, strings: 24899 processed, 0 removed, symbols: 137610 processed, 8 removed
[2022-04-27T05:37:10.997+0000][1913.861s] GC(955) Pause Remark 177M->151M(512M) 22.619ms
[2022-04-27T05:37:10.998+0000][1913.861s] GC(955) User=0.15s Sys=0.00s Real=0.02s
[2022-04-27T05:37:10.999+0000][1913.862s] GC(955) Concurrent Rebuild Remembered Sets
[2022-04-27T05:37:11.078+0000][1913.942s] GC(955) Concurrent Rebuild Remembered Sets 79.417ms
[2022-04-27T05:37:11.082+0000][1913.946s] GC(955) Pause Cleanup
[2022-04-27T05:37:11.083+0000][1913.947s] GC(955) Pause Cleanup 157M->157M(512M) 0.911ms
[2022-04-27T05:37:11.083+0000][1913.947s] GC(955) User=0.00s Sys=0.00s Real=0.00s
[2022-04-27T05:37:11.084+0000][1913.947s] GC(955) Concurrent Cleanup for Next Mark
[2022-04-27T05:37:11.085+0000][1913.949s] GC(955) Concurrent Cleanup for Next Mark 1.298ms
[2022-04-27T05:37:11.085+0000][1913.949s] GC(955) Concurrent Cycle 158.583ms
[2022-04-27T05:37:12.677+0000][1915.540s] GC(956) Pause Young (Prepare Mixed) (G1 Evacuation Pause)
[2022-04-27T05:37:12.677+0000][1915.541s] GC(956) Using 8 workers of 8 for evacuation
[2022-04-27T05:37:12.687+0000][1915.551s] GC(956)   Pre Evacuate Collection Set: 0.0ms
[2022-04-27T05:37:12.688+0000][1915.551s] GC(956)   Evacuate Collection Set: 8.4ms
[2022-04-27T05:37:12.688+0000][1915.551s] GC(956)   Post Evacuate Collection Set: 1.2ms
[2022-04-27T05:37:12.688+0000][1915.552s] GC(956)   Other: 0.9ms
[2022-04-27T05:37:12.689+0000][1915.552s] GC(956) Eden regions: 258->0(5)
[2022-04-27T05:37:12.689+0000][1915.553s] GC(956) Survivor regions: 20->20(35)
[2022-04-27T05:37:12.689+0000][1915.553s] GC(956) Old regions: 116->122
[2022-04-27T05:37:12.690+0000][1915.553s] GC(956) Humongous regions: 7->7
[2022-04-27T05:37:12.690+0000][1915.554s] GC(956) Metaspace: 56909K->56909K(1101824K)
[2022-04-27T05:37:12.691+0000][1915.554s] GC(956) Pause Young (Prepare Mixed) (G1 Evacuation Pause) 398M->146M(512M) 14.002ms
[2022-04-27T05:37:12.691+0000][1915.554s] GC(956) User=0.08s Sys=0.00s Real=0.02s
[2022-04-27T05:37:12.723+0000][1915.587s] GC(957) Pause Young (Mixed) (G1 Evacuation Pause)
[2022-04-27T05:37:12.724+0000][1915.587s] GC(957) Using 8 workers of 8 for evacuation
[2022-04-27T05:37:12.731+0000][1915.595s] GC(957)   Pre Evacuate Collection Set: 0.0ms
[2022-04-27T05:37:12.731+0000][1915.595s] GC(957)   Evacuate Collection Set: 6.2ms
[2022-04-27T05:37:12.732+0000][1915.595s] GC(957)   Post Evacuate Collection Set: 0.6ms
[2022-04-27T05:37:12.732+0000][1915.596s] GC(957)   Other: 0.9ms
[2022-04-27T05:37:12.732+0000][1915.596s] GC(957) Eden regions: 5->0(289)
[2022-04-27T05:37:12.733+0000][1915.596s] GC(957) Survivor regions: 20->2(4)
[2022-04-27T05:37:12.733+0000][1915.597s] GC(957) Old regions: 122->123
[2022-04-27T05:37:12.733+0000][1915.597s] GC(957) Humongous regions: 7->7
[2022-04-27T05:37:12.733+0000][1915.597s] GC(957) Metaspace: 56909K->56909K(1101824K)
[2022-04-27T05:37:12.734+0000][1915.597s] GC(957) Pause Young (Mixed) (G1 Evacuation Pause) 151M->130M(512M) 10.524ms
[2022-04-27T05:37:12.734+0000][1915.598s] GC(957) User=0.04s Sys=0.01s Real=0.01s
[2022-04-27T05:37:14.481+0000][1917.344s] GC(958) Pause Young (Normal) (G1 Evacuation Pause)
[2022-04-27T05:37:14.481+0000][1917.345s] GC(958) Using 8 workers of 8 for evacuation
[2022-04-27T05:37:14.486+0000][1917.349s] GC(958)   Pre Evacuate Collection Set: 0.0ms
[2022-04-27T05:37:14.486+0000][1917.350s] GC(958)   Evacuate Collection Set: 3.3ms
[2022-04-27T05:37:14.486+0000][1917.350s] GC(958)   Post Evacuate Collection Set: 0.9ms
[2022-04-27T05:37:14.487+0000][1917.350s] GC(958)   Other: 0.8ms
[2022-04-27T05:37:14.487+0000][1917.351s] GC(958) Eden regions: 289->0(285)
[2022-04-27T05:37:14.487+0000][1917.351s] GC(958) Survivor regions: 2->10(37)
[2022-04-27T05:37:14.488+0000][1917.351s] GC(958) Old regions: 123->123
[2022-04-27T05:37:14.488+0000][1917.352s] GC(958) Humongous regions: 7->7
[2022-04-27T05:37:14.488+0000][1917.352s] GC(958) Metaspace: 56909K->56909K(1101824K)
[2022-04-27T05:37:14.489+0000][1917.352s] GC(958) Pause Young (Normal) (G1 Evacuation Pause) 419M->137M(512M) 7.917ms
[2022-04-27T05:37:14.489+0000][1917.353s] GC(958) User=0.03s Sys=0.00s Real=0.01s
[2022-04-27T05:37:16.150+0000][1919.014s] GC(959) Pause Young (Normal) (G1 Evacuation Pause)
[2022-04-27T05:37:16.151+0000][1919.014s] GC(959) Using 8 workers of 8 for evacuation
[2022-04-27T05:37:16.159+0000][1919.023s] GC(959)   Pre Evacuate Collection Set: 0.0ms
[2022-04-27T05:37:16.160+0000][1919.024s] GC(959)   Evacuate Collection Set: 7.1ms
[2022-04-27T05:37:16.160+0000][1919.024s] GC(959)   Post Evacuate Collection Set: 1.2ms
[2022-04-27T05:37:16.161+0000][1919.024s] GC(959)   Other: 0.9ms
[2022-04-27T05:37:16.161+0000][1919.025s] GC(959) Eden regions: 285->0(273)
[2022-04-27T05:37:16.161+0000][1919.025s] GC(959) Survivor regions: 10->21(37)
[2022-04-27T05:37:16.162+0000][1919.025s] GC(959) Old regions: 123->123
[2022-04-27T05:37:16.162+0000][1919.026s] GC(959) Humongous regions: 7->7
[2022-04-27T05:37:16.162+0000][1919.026s] GC(959) Metaspace: 56909K->56909K(1101824K)
[2022-04-27T05:37:16.163+0000][1919.026s] GC(959) Pause Young (Normal) (G1 Evacuation Pause) 422M->148M(512M) 12.499ms
[2022-04-27T05:37:16.163+0000][1919.027s] GC(959) User=0.05s Sys=0.00s Real=0.02s
[2022-04-27T05:37:17.705+0000][1920.569s] GC(960) Pause Young (Normal) (G1 Evacuation Pause)
[2022-04-27T05:37:17.706+0000][1920.569s] GC(960) Using 8 workers of 8 for evacuation
[2022-04-27T05:37:17.713+0000][1920.576s] GC(960)   Pre Evacuate Collection Set: 0.0ms
[2022-04-27T05:37:17.713+0000][1920.577s] GC(960)   Evacuate Collection Set: 5.8ms
[2022-04-27T05:37:17.714+0000][1920.577s] GC(960)   Post Evacuate Collection Set: 1.0ms
[2022-04-27T05:37:17.714+0000][1920.578s] GC(960)   Other: 1.0ms
[2022-04-27T05:37:17.714+0000][1920.578s] GC(960) Eden regions: 273->0(273)
[2022-04-27T05:37:17.715+0000][1920.578s] GC(960) Survivor regions: 21->16(37)
[2022-04-27T05:37:17.715+0000][1920.579s] GC(960) Old regions: 123->130
[2022-04-27T05:37:17.715+0000][1920.579s] GC(960) Humongous regions: 7->7
[2022-04-27T05:37:17.716+0000][1920.579s] GC(960) Metaspace: 56909K->56909K(1101824K)
[2022-04-27T05:37:17.716+0000][1920.580s] GC(960) Pause Young (Normal) (G1 Evacuation Pause) 421M->150M(512M) 10.843ms
[2022-04-27T05:37:17.716+0000][1920.580s] GC(960) User=0.05s Sys=0.00s Real=0.01s
[2022-04-27T05:37:19.354+0000][1922.218s] GC(961) Pause Young (Normal) (G1 Evacuation Pause)
[2022-04-27T05:37:19.355+0000][1922.218s] GC(961) Using 8 workers of 8 for evacuation
[2022-04-27T05:37:19.364+0000][1922.228s] GC(961)   Pre Evacuate Collection Set: 0.0ms
[2022-04-27T05:37:19.365+0000][1922.228s] GC(961)   Evacuate Collection Set: 6.1ms
[2022-04-27T05:37:19.365+0000][1922.229s] GC(961)   Post Evacuate Collection Set: 2.9ms
[2022-04-27T05:37:19.365+0000][1922.229s] GC(961)   Other: 0.8ms
[2022-04-27T05:37:19.366+0000][1922.229s] GC(961) Eden regions: 273->0(268)
[2022-04-27T05:37:19.366+0000][1922.230s] GC(961) Survivor regions: 16->23(37)
[2022-04-27T05:37:19.366+0000][1922.230s] GC(961) Old regions: 130->130
[2022-04-27T05:37:19.367+0000][1922.230s] GC(961) Humongous regions: 7->7
[2022-04-27T05:37:19.367+0000][1922.231s] GC(961) Metaspace: 56909K->56909K(1101824K)
[2022-04-27T05:37:19.368+0000][1922.231s] GC(961) Pause Young (Normal) (G1 Evacuation Pause) 423M->157M(512M) 13.171ms
[2022-04-27T05:37:19.368+0000][1922.232s] GC(961) User=0.06s Sys=0.00s Real=0.01s
[2022-04-27T05:37:20.959+0000][1923.823s] GC(962) Pause Young (Normal) (G1 Evacuation Pause)
[2022-04-27T05:37:20.959+0000][1923.823s] GC(962) Using 8 workers of 8 for evacuation
[2022-04-27T05:37:20.969+0000][1923.833s] GC(962)   Pre Evacuate Collection Set: 0.0ms
[2022-04-27T05:37:20.970+0000][1923.834s] GC(962)   Evacuate Collection Set: 7.8ms
[2022-04-27T05:37:20.970+0000][1923.834s] GC(962)   Post Evacuate Collection Set: 1.7ms
[2022-04-27T05:37:20.971+0000][1923.834s] GC(962)   Other: 0.8ms
[2022-04-27T05:37:20.971+0000][1923.835s] GC(962) Eden regions: 268->0(264)
[2022-04-27T05:37:20.972+0000][1923.835s] GC(962) Survivor regions: 23->22(37)
[2022-04-27T05:37:20.972+0000][1923.836s] GC(962) Old regions: 130->136
[2022-04-27T05:37:20.972+0000][1923.836s] GC(962) Humongous regions: 7->7
[2022-04-27T05:37:20.973+0000][1923.836s] GC(962) Metaspace: 56909K->56909K(1101824K)
[2022-04-27T05:37:20.973+0000][1923.837s] GC(962) Pause Young (Normal) (G1 Evacuation Pause) 425M->162M(512M) 14.036ms
[2022-04-27T05:37:20.974+0000][1923.837s] GC(962) User=0.07s Sys=0.00s Real=0.02s
[2022-04-27T05:37:22.522+0000][1925.386s] GC(963) Pause Young (Concurrent Start) (G1 Evacuation Pause)
[2022-04-27T05:37:22.523+0000][1925.386s] GC(963) Using 8 workers of 8 for evacuation
[2022-04-27T05:37:22.541+0000][1925.405s] GC(963)   Pre Evacuate Collection Set: 0.1ms
[2022-04-27T05:37:22.542+0000][1925.405s] GC(963)   Evacuate Collection Set: 17.0ms
[2022-04-27T05:37:22.542+0000][1925.406s] GC(963)   Post Evacuate Collection Set: 1.1ms
[2022-04-27T05:37:22.542+0000][1925.406s] GC(963)   Other: 0.8ms
[2022-04-27T05:37:22.543+0000][1925.406s] GC(963) Eden regions: 264->0(250)
[2022-04-27T05:37:22.543+0000][1925.407s] GC(963) Survivor regions: 22->27(36)
[2022-04-27T05:37:22.543+0000][1925.407s] GC(963) Old regions: 136->142
[2022-04-27T05:37:22.544+0000][1925.407s] GC(963) Humongous regions: 7->7
[2022-04-27T05:37:22.544+0000][1925.408s] GC(963) Metaspace: 56909K->56909K(1101824K)
[2022-04-27T05:37:22.544+0000][1925.408s] GC(963) Pause Young (Concurrent Start) (G1 Evacuation Pause) 426M->174M(512M) 21.928ms
[2022-04-27T05:37:22.544+0000][1925.408s] GC(963) User=0.09s Sys=0.00s Real=0.02s
[2022-04-27T05:37:22.545+0000][1925.408s] GC(964) Concurrent Cycle
[2022-04-27T05:37:22.545+0000][1925.408s] GC(964) Concurrent Clear Claimed Marks
[2022-04-27T05:37:22.545+0000][1925.409s] GC(964) Concurrent Clear Claimed Marks 0.338ms
[2022-04-27T05:37:22.545+0000][1925.409s] GC(964) Concurrent Scan Root Regions
[2022-04-27T05:37:22.552+0000][1925.415s] GC(964) Concurrent Scan Root Regions 6.460ms
[2022-04-27T05:37:22.552+0000][1925.416s] GC(964) Concurrent Mark (1925.416s)
[2022-04-27T05:37:22.552+0000][1925.416s] GC(964) Concurrent Mark From Roots
[2022-04-27T05:37:22.553+0000][1925.416s] GC(964) Using 2 workers of 2 for marking
[2022-04-27T05:37:22.594+0000][1925.458s] GC(964) Concurrent Mark From Roots 41.732ms
[2022-04-27T05:37:22.594+0000][1925.458s] GC(964) Concurrent Preclean
[2022-04-27T05:37:22.595+0000][1925.458s] GC(964) Concurrent Preclean 0.518ms
[2022-04-27T05:37:22.595+0000][1925.459s] GC(964) Concurrent Mark (1925.416s, 1925.459s) 42.820ms
[2022-04-27T05:37:22.595+0000][1925.459s] GC(964) Pause Remark
[2022-04-27T05:37:22.612+0000][1925.475s] GC(964) Cleaned string and symbol table, strings: 24899 processed, 0 removed, symbols: 137611 processed, 8 removed
[2022-04-27T05:37:22.613+0000][1925.476s] GC(964) Pause Remark 182M->163M(512M) 17.233ms
[2022-04-27T05:37:22.613+0000][1925.477s] GC(964) User=0.11s Sys=0.00s Real=0.02s
[2022-04-27T05:37:22.613+0000][1925.477s] GC(964) Concurrent Rebuild Remembered Sets
[2022-04-27T05:37:22.641+0000][1925.504s] GC(964) Concurrent Rebuild Remembered Sets 27.149ms
[2022-04-27T05:37:22.641+0000][1925.505s] GC(964) Pause Cleanup
[2022-04-27T05:37:22.642+0000][1925.505s] GC(964) Pause Cleanup 165M->165M(512M) 0.490ms
[2022-04-27T05:37:22.642+0000][1925.506s] GC(964) User=0.00s Sys=0.00s Real=0.00s
[2022-04-27T05:37:22.642+0000][1925.506s] GC(964) Concurrent Cleanup for Next Mark
[2022-04-27T05:37:22.643+0000][1925.507s] GC(964) Concurrent Cleanup for Next Mark 1.098ms
[2022-04-27T05:37:22.644+0000][1925.507s] GC(964) Concurrent Cycle 99.054ms
[2022-04-27T05:37:24.150+0000][1927.014s] GC(965) Pause Young (Prepare Mixed) (G1 Evacuation Pause)
[2022-04-27T05:37:24.150+0000][1927.014s] GC(965) Using 8 workers of 8 for evacuation
[2022-04-27T05:37:24.168+0000][1927.032s] GC(965)   Pre Evacuate Collection Set: 0.0ms
[2022-04-27T05:37:24.169+0000][1927.032s] GC(965)   Evacuate Collection Set: 11.5ms
[2022-04-27T05:37:24.169+0000][1927.033s] GC(965)   Post Evacuate Collection Set: 6.0ms
[2022-04-27T05:37:24.169+0000][1927.033s] GC(965)   Other: 0.7ms
[2022-04-27T05:37:24.170+0000][1927.033s] GC(965) Eden regions: 250->0(5)
[2022-04-27T05:37:24.170+0000][1927.033s] GC(965) Survivor regions: 27->20(35)
[2022-04-27T05:37:24.170+0000][1927.034s] GC(965) Old regions: 123->135
[2022-04-27T05:37:24.170+0000][1927.034s] GC(965) Humongous regions: 7->7
[2022-04-27T05:37:24.171+0000][1927.034s] GC(965) Metaspace: 56909K->56909K(1101824K)
[2022-04-27T05:37:24.171+0000][1927.034s] GC(965) Pause Young (Prepare Mixed) (G1 Evacuation Pause) 405M->160M(512M) 20.664ms
[2022-04-27T05:37:24.171+0000][1927.035s] GC(965) User=0.13s Sys=0.00s Real=0.03s
[2022-04-27T05:37:24.179+0000][1927.043s] GC(966) Pause Young (Mixed) (G1 Evacuation Pause)
[2022-04-27T05:37:24.180+0000][1927.043s] GC(966) Using 8 workers of 8 for evacuation
[2022-04-27T05:37:24.187+0000][1927.051s] GC(966)   Pre Evacuate Collection Set: 0.0ms
[2022-04-27T05:37:24.187+0000][1927.051s] GC(966)   Evacuate Collection Set: 6.3ms
[2022-04-27T05:37:24.188+0000][1927.051s] GC(966)   Post Evacuate Collection Set: 0.6ms
[2022-04-27T05:37:24.188+0000][1927.052s] GC(966)   Other: 0.9ms
[2022-04-27T05:37:24.188+0000][1927.052s] GC(966) Eden regions: 5->0(274)
[2022-04-27T05:37:24.189+0000][1927.052s] GC(966) Survivor regions: 20->1(4)
[2022-04-27T05:37:24.189+0000][1927.053s] GC(966) Old regions: 135->135
[2022-04-27T05:37:24.189+0000][1927.053s] GC(966) Humongous regions: 7->7
[2022-04-27T05:37:24.190+0000][1927.053s] GC(966) Metaspace: 56909K->56909K(1101824K)
[2022-04-27T05:37:24.190+0000][1927.054s] GC(966) Pause Young (Mixed) (G1 Evacuation Pause) 165M->141M(512M) 10.719ms
[2022-04-27T05:37:24.190+0000][1927.054s] GC(966) User=0.05s Sys=0.00s Real=0.01s
[2022-04-27T05:37:26.107+0000][1928.971s] GC(967) Pause Young (Normal) (G1 Evacuation Pause)
[2022-04-27T05:37:26.108+0000][1928.971s] GC(967) Using 8 workers of 8 for evacuation
[2022-04-27T05:37:26.113+0000][1928.977s] GC(967)   Pre Evacuate Collection Set: 0.0ms
[2022-04-27T05:37:26.114+0000][1928.978s] GC(967)   Evacuate Collection Set: 3.9ms
[2022-04-27T05:37:26.114+0000][1928.978s] GC(967)   Post Evacuate Collection Set: 1.5ms
[2022-04-27T05:37:26.115+0000][1928.978s] GC(967)   Other: 0.9ms
[2022-04-27T05:37:26.115+0000][1928.979s] GC(967) Eden regions: 274->0(270)
[2022-04-27T05:37:26.115+0000][1928.979s] GC(967) Survivor regions: 1->11(35)
[2022-04-27T05:37:26.116+0000][1928.979s] GC(967) Old regions: 135->135
[2022-04-27T05:37:26.116+0000][1928.980s] GC(967) Humongous regions: 7->7
[2022-04-27T05:37:26.116+0000][1928.980s] GC(967) Metaspace: 56909K->56909K(1101824K)
[2022-04-27T05:37:26.117+0000][1928.980s] GC(967) Pause Young (Normal) (G1 Evacuation Pause) 415M->150M(512M) 9.462ms
[2022-04-27T05:37:26.117+0000][1928.981s] GC(967) User=0.03s Sys=0.00s Real=0.01s
[2022-04-27T05:37:27.677+0000][1930.540s] GC(968) Pause Young (Normal) (G1 Evacuation Pause)
[2022-04-27T05:37:27.677+0000][1930.541s] GC(968) Using 8 workers of 8 for evacuation
[2022-04-27T05:37:27.686+0000][1930.550s] GC(968)   Pre Evacuate Collection Set: 0.0ms
[2022-04-27T05:37:27.686+0000][1930.550s] GC(968)   Evacuate Collection Set: 4.6ms
[2022-04-27T05:37:27.687+0000][1930.550s] GC(968)   Post Evacuate Collection Set: 3.9ms
[2022-04-27T05:37:27.687+0000][1930.551s] GC(968)   Other: 0.9ms
[2022-04-27T05:37:27.687+0000][1930.551s] GC(968) Eden regions: 270->0(268)
[2022-04-27T05:37:27.688+0000][1930.551s] GC(968) Survivor regions: 11->17(36)
[2022-04-27T05:37:27.688+0000][1930.552s] GC(968) Old regions: 135->135
[2022-04-27T05:37:27.688+0000][1930.552s] GC(968) Humongous regions: 7->7
[2022-04-27T05:37:27.689+0000][1930.552s] GC(968) Metaspace: 56909K->56909K(1101824K)
[2022-04-27T05:37:27.689+0000][1930.552s] GC(968) Pause Young (Normal) (G1 Evacuation Pause) 420M->156M(512M) 11.930ms
[2022-04-27T05:37:27.689+0000][1930.552s] GC(968) User=0.06s Sys=0.00s Real=0.01s
[2022-04-27T05:37:29.317+0000][1932.180s] GC(969) Pause Young (Normal) (G1 Evacuation Pause)
[2022-04-27T05:37:29.317+0000][1932.181s] GC(969) Using 8 workers of 8 for evacuation
[2022-04-27T05:37:29.332+0000][1932.196s] GC(969)   Pre Evacuate Collection Set: 0.0ms
[2022-04-27T05:37:29.333+0000][1932.196s] GC(969)   Evacuate Collection Set: 13.8ms
[2022-04-27T05:37:29.333+0000][1932.197s] GC(969)   Post Evacuate Collection Set: 1.1ms
[2022-04-27T05:37:29.333+0000][1932.197s] GC(969)   Other: 0.8ms
[2022-04-27T05:37:29.334+0000][1932.197s] GC(969) Eden regions: 268->0(257)
[2022-04-27T05:37:29.334+0000][1932.198s] GC(969) Survivor regions: 17->27(36)
[2022-04-27T05:37:29.334+0000][1932.198s] GC(969) Old regions: 135->135
[2022-04-27T05:37:29.334+0000][1932.198s] GC(969) Humongous regions: 7->7
[2022-04-27T05:37:29.335+0000][1932.198s] GC(969) Metaspace: 56909K->56909K(1101824K)
[2022-04-27T05:37:29.335+0000][1932.199s] GC(969) Pause Young (Normal) (G1 Evacuation Pause) 424M->166M(512M) 18.261ms
[2022-04-27T05:37:29.335+0000][1932.199s] GC(969) User=0.11s Sys=0.00s Real=0.02s
[2022-04-27T05:37:30.899+0000][1933.763s] GC(970) Pause Young (Normal) (G1 Evacuation Pause)
[2022-04-27T05:37:30.900+0000][1933.763s] GC(970) Using 8 workers of 8 for evacuation
[2022-04-27T05:37:30.909+0000][1933.772s] GC(970)   Pre Evacuate Collection Set: 0.0ms
[2022-04-27T05:37:30.909+0000][1933.773s] GC(970)   Evacuate Collection Set: 7.8ms
[2022-04-27T05:37:30.910+0000][1933.773s] GC(970)   Post Evacuate Collection Set: 1.0ms
[2022-04-27T05:37:30.910+0000][1933.774s] GC(970)   Other: 0.9ms
[2022-04-27T05:37:30.910+0000][1933.774s] GC(970) Eden regions: 257->0(253)
[2022-04-27T05:37:30.911+0000][1933.775s] GC(970) Survivor regions: 27->18(36)
[2022-04-27T05:37:30.911+0000][1933.775s] GC(970) Old regions: 135->148
[2022-04-27T05:37:30.912+0000][1933.775s] GC(970) Humongous regions: 7->7
[2022-04-27T05:37:30.912+0000][1933.776s] GC(970) Metaspace: 56909K->56909K(1101824K)
[2022-04-27T05:37:30.912+0000][1933.776s] GC(970) Pause Young (Normal) (G1 Evacuation Pause) 423M->170M(512M) 13.200ms
[2022-04-27T05:37:30.913+0000][1933.776s] GC(970) User=0.07s Sys=0.00s Real=0.02s
[2022-04-27T05:37:32.385+0000][1935.248s] GC(971) Pause Young (Concurrent Start) (G1 Evacuation Pause)
[2022-04-27T05:37:32.385+0000][1935.249s] GC(971) Using 8 workers of 8 for evacuation
[2022-04-27T05:37:32.398+0000][1935.262s] GC(971)   Pre Evacuate Collection Set: 0.1ms
[2022-04-27T05:37:32.399+0000][1935.262s] GC(971)   Evacuate Collection Set: 11.0ms
[2022-04-27T05:37:32.399+0000][1935.263s] GC(971)   Post Evacuate Collection Set: 1.3ms
[2022-04-27T05:37:32.399+0000][1935.263s] GC(971)   Other: 1.1ms
[2022-04-27T05:37:32.400+0000][1935.263s] GC(971) Eden regions: 253->0(248)
[2022-04-27T05:37:32.400+0000][1935.264s] GC(971) Survivor regions: 18->24(34)
[2022-04-27T05:37:32.400+0000][1935.264s] GC(971) Old regions: 148->148
[2022-04-27T05:37:32.401+0000][1935.264s] GC(971) Humongous regions: 7->7
[2022-04-27T05:37:32.401+0000][1935.265s] GC(971) Metaspace: 56909K->56909K(1101824K)
[2022-04-27T05:37:32.402+0000][1935.265s] GC(971) Pause Young (Concurrent Start) (G1 Evacuation Pause) 423M->176M(512M) 16.819ms
[2022-04-27T05:37:32.402+0000][1935.266s] GC(971) User=0.05s Sys=0.01s Real=0.02s
[2022-04-27T05:37:32.402+0000][1935.266s] GC(972) Concurrent Cycle
[2022-04-27T05:37:32.403+0000][1935.266s] GC(972) Concurrent Clear Claimed Marks
[2022-04-27T05:37:32.403+0000][1935.267s] GC(972) Concurrent Clear Claimed Marks 0.382ms
[2022-04-27T05:37:32.403+0000][1935.267s] GC(972) Concurrent Scan Root Regions
[2022-04-27T05:37:32.410+0000][1935.274s] GC(972) Concurrent Scan Root Regions 6.899ms
[2022-04-27T05:37:32.410+0000][1935.274s] GC(972) Concurrent Mark (1935.274s)
[2022-04-27T05:37:32.411+0000][1935.274s] GC(972) Concurrent Mark From Roots
[2022-04-27T05:37:32.411+0000][1935.275s] GC(972) Using 2 workers of 2 for marking
[2022-04-27T05:37:32.447+0000][1935.311s] GC(972) Concurrent Mark From Roots 36.556ms
[2022-04-27T05:37:32.447+0000][1935.311s] GC(972) Concurrent Preclean
[2022-04-27T05:37:32.448+0000][1935.312s] GC(972) Concurrent Preclean 0.449ms
[2022-04-27T05:37:32.448+0000][1935.312s] GC(972) Concurrent Mark (1935.274s, 1935.312s) 37.775ms
[2022-04-27T05:37:32.449+0000][1935.312s] GC(972) Pause Remark
[2022-04-27T05:37:32.462+0000][1935.326s] GC(972) Cleaned string and symbol table, strings: 24901 processed, 0 removed, symbols: 137610 processed, 7 removed
[2022-04-27T05:37:32.463+0000][1935.327s] GC(972) Pause Remark 189M->164M(512M) 14.614ms
[2022-04-27T05:37:32.464+0000][1935.327s] GC(972) User=0.10s Sys=0.00s Real=0.02s
[2022-04-27T05:37:32.464+0000][1935.328s] GC(972) Concurrent Rebuild Remembered Sets
[2022-04-27T05:37:32.490+0000][1935.354s] GC(972) Concurrent Rebuild Remembered Sets 25.851ms
[2022-04-27T05:37:32.491+0000][1935.354s] GC(972) Pause Cleanup
[2022-04-27T05:37:32.491+0000][1935.355s] GC(972) Pause Cleanup 167M->167M(512M) 0.486ms
[2022-04-27T05:37:32.491+0000][1935.355s] GC(972) User=0.00s Sys=0.00s Real=0.01s
[2022-04-27T05:37:32.492+0000][1935.355s] GC(972) Concurrent Cleanup for Next Mark
[2022-04-27T05:37:32.493+0000][1935.357s] GC(972) Concurrent Cleanup for Next Mark 1.099ms
[2022-04-27T05:37:32.493+0000][1935.357s] GC(972) Concurrent Cycle 90.970ms
[2022-04-27T05:37:33.785+0000][1936.649s] GC(973) Pause Young (Prepare Mixed) (G1 Evacuation Pause)
[2022-04-27T05:37:33.785+0000][1936.649s] GC(973) Using 8 workers of 8 for evacuation
[2022-04-27T05:37:33.798+0000][1936.662s] GC(973)   Pre Evacuate Collection Set: 0.0ms
[2022-04-27T05:37:33.799+0000][1936.662s] GC(973)   Evacuate Collection Set: 8.6ms
[2022-04-27T05:37:33.799+0000][1936.663s] GC(973)   Post Evacuate Collection Set: 3.9ms
[2022-04-27T05:37:33.799+0000][1936.663s] GC(973)   Other: 0.8ms
[2022-04-27T05:37:33.800+0000][1936.663s] GC(973) Eden regions: 248->0(5)
[2022-04-27T05:37:33.800+0000][1936.664s] GC(973) Survivor regions: 24->20(34)
[2022-04-27T05:37:33.800+0000][1936.664s] GC(973) Old regions: 123->129
[2022-04-27T05:37:33.801+0000][1936.664s] GC(973) Humongous regions: 7->7
[2022-04-27T05:37:33.801+0000][1936.665s] GC(973) Metaspace: 56909K->56909K(1101824K)
[2022-04-27T05:37:33.801+0000][1936.665s] GC(973) Pause Young (Prepare Mixed) (G1 Evacuation Pause) 399M->153M(512M) 16.391ms
[2022-04-27T05:37:33.802+0000][1936.665s] GC(973) User=0.08s Sys=0.00s Real=0.02s
[2022-04-27T05:37:33.847+0000][1936.711s] GC(974) Pause Young (Mixed) (G1 Evacuation Pause)
[2022-04-27T05:37:33.848+0000][1936.711s] GC(974) Using 8 workers of 8 for evacuation
[2022-04-27T05:37:33.855+0000][1936.719s] GC(974)   Pre Evacuate Collection Set: 0.1ms
[2022-04-27T05:37:33.856+0000][1936.719s] GC(974)   Evacuate Collection Set: 6.2ms
[2022-04-27T05:37:33.856+0000][1936.720s] GC(974)   Post Evacuate Collection Set: 0.9ms
[2022-04-27T05:37:33.857+0000][1936.720s] GC(974)   Other: 0.9ms
[2022-04-27T05:37:33.857+0000][1936.720s] GC(974) Eden regions: 5->0(292)
[2022-04-27T05:37:33.857+0000][1936.721s] GC(974) Survivor regions: 20->2(4)
[2022-04-27T05:37:33.857+0000][1936.721s] GC(974) Old regions: 129->122
[2022-04-27T05:37:33.858+0000][1936.721s] GC(974) Humongous regions: 7->7
[2022-04-27T05:37:33.858+0000][1936.722s] GC(974) Metaspace: 56909K->56909K(1101824K)
[2022-04-27T05:37:33.858+0000][1936.722s] GC(974) Pause Young (Mixed) (G1 Evacuation Pause) 158M->128M(512M) 10.949ms
[2022-04-27T05:37:33.859+0000][1936.722s] GC(974) User=0.05s Sys=0.00s Real=0.01s
[2022-04-27T05:37:35.941+0000][1938.805s] GC(975) Pause Young (Normal) (G1 Evacuation Pause)
[2022-04-27T05:37:35.942+0000][1938.805s] GC(975) Using 8 workers of 8 for evacuation
[2022-04-27T05:37:35.949+0000][1938.812s] GC(975)   Pre Evacuate Collection Set: 0.0ms
[2022-04-27T05:37:35.949+0000][1938.813s] GC(975)   Evacuate Collection Set: 5.2ms
[2022-04-27T05:37:35.950+0000][1938.813s] GC(975)   Post Evacuate Collection Set: 1.2ms
[2022-04-27T05:37:35.950+0000][1938.814s] GC(975)   Other: 0.9ms
[2022-04-27T05:37:35.950+0000][1938.814s] GC(975) Eden regions: 292->0(282)
[2022-04-27T05:37:35.951+0000][1938.814s] GC(975) Survivor regions: 2->13(37)
[2022-04-27T05:37:35.951+0000][1938.815s] GC(975) Old regions: 122->122
[2022-04-27T05:37:35.952+0000][1938.815s] GC(975) Humongous regions: 7->7
[2022-04-27T05:37:35.952+0000][1938.816s] GC(975) Metaspace: 56909K->56909K(1101824K)
[2022-04-27T05:37:35.952+0000][1938.816s] GC(975) Pause Young (Normal) (G1 Evacuation Pause) 420M->139M(512M) 11.084ms
[2022-04-27T05:37:35.953+0000][1938.816s] GC(975) User=0.04s Sys=0.01s Real=0.01s
[2022-04-27T05:37:37.578+0000][1940.442s] GC(976) Pause Young (Normal) (G1 Evacuation Pause)
[2022-04-27T05:37:37.579+0000][1940.442s] GC(976) Using 8 workers of 8 for evacuation
[2022-04-27T05:37:37.585+0000][1940.449s] GC(976)   Pre Evacuate Collection Set: 0.0ms
[2022-04-27T05:37:37.586+0000][1940.449s] GC(976)   Evacuate Collection Set: 5.1ms
[2022-04-27T05:37:37.586+0000][1940.450s] GC(976)   Post Evacuate Collection Set: 1.1ms
[2022-04-27T05:37:37.586+0000][1940.450s] GC(976)   Other: 0.9ms
[2022-04-27T05:37:37.587+0000][1940.450s] GC(976) Eden regions: 282->0(279)
[2022-04-27T05:37:37.587+0000][1940.451s] GC(976) Survivor regions: 13->18(37)
[2022-04-27T05:37:37.587+0000][1940.451s] GC(976) Old regions: 122->122
[2022-04-27T05:37:37.588+0000][1940.451s] GC(976) Humongous regions: 7->7
[2022-04-27T05:37:37.588+0000][1940.452s] GC(976) Metaspace: 56909K->56909K(1101824K)
[2022-04-27T05:37:37.588+0000][1940.452s] GC(976) Pause Young (Normal) (G1 Evacuation Pause) 421M->143M(512M) 10.362ms
[2022-04-27T05:37:37.589+0000][1940.452s] GC(976) User=0.05s Sys=0.00s Real=0.01s
[2022-04-27T05:37:39.312+0000][1942.176s] GC(977) Pause Young (Normal) (G1 Evacuation Pause)
[2022-04-27T05:37:39.313+0000][1942.176s] GC(977) Using 8 workers of 8 for evacuation
[2022-04-27T05:37:39.323+0000][1942.187s] GC(977)   Pre Evacuate Collection Set: 0.0ms
[2022-04-27T05:37:39.323+0000][1942.187s] GC(977)   Evacuate Collection Set: 8.5ms
[2022-04-27T05:37:39.324+0000][1942.187s] GC(977)   Post Evacuate Collection Set: 1.2ms
[2022-04-27T05:37:39.324+0000][1942.188s] GC(977)   Other: 1.0ms
[2022-04-27T05:37:39.324+0000][1942.188s] GC(977) Eden regions: 279->0(270)
[2022-04-27T05:37:39.325+0000][1942.188s] GC(977) Survivor regions: 18->27(38)
[2022-04-27T05:37:39.325+0000][1942.189s] GC(977) Old regions: 122->122
[2022-04-27T05:37:39.325+0000][1942.189s] GC(977) Humongous regions: 7->7
[2022-04-27T05:37:39.325+0000][1942.189s] GC(977) Metaspace: 56909K->56909K(1101824K)
[2022-04-27T05:37:39.326+0000][1942.189s] GC(977) Pause Young (Normal) (G1 Evacuation Pause) 422M->152M(512M) 13.370ms
[2022-04-27T05:37:39.326+0000][1942.190s] GC(977) User=0.07s Sys=0.00s Real=0.01s
[2022-04-27T05:37:41.092+0000][1943.955s] GC(978) Pause Young (Normal) (G1 Evacuation Pause)
[2022-04-27T05:37:41.092+0000][1943.956s] GC(978) Using 8 workers of 8 for evacuation
[2022-04-27T05:37:41.114+0000][1943.978s] GC(978)   Pre Evacuate Collection Set: 0.0ms
[2022-04-27T05:37:41.115+0000][1943.978s] GC(978)   Evacuate Collection Set: 20.5ms
[2022-04-27T05:37:41.115+0000][1943.979s] GC(978)   Post Evacuate Collection Set: 1.4ms
[2022-04-27T05:37:41.115+0000][1943.979s] GC(978)   Other: 0.7ms
[2022-04-27T05:37:41.115+0000][1943.979s] GC(978) Eden regions: 270->0(265)
[2022-04-27T05:37:41.116+0000][1943.979s] GC(978) Survivor regions: 27->26(38)
[2022-04-27T05:37:41.116+0000][1943.979s] GC(978) Old regions: 122->128
[2022-04-27T05:37:41.116+0000][1943.980s] GC(978) Humongous regions: 7->7
[2022-04-27T05:37:41.116+0000][1943.980s] GC(978) Metaspace: 56909K->56909K(1101824K)
[2022-04-27T05:37:41.116+0000][1943.980s] GC(978) Pause Young (Normal) (G1 Evacuation Pause) 422M->159M(512M) 24.680ms
[2022-04-27T05:37:41.117+0000][1943.980s] GC(978) User=0.16s Sys=0.00s Real=0.02s
[2022-04-27T05:37:42.803+0000][1945.666s] GC(979) Pause Young (Normal) (G1 Evacuation Pause)
[2022-04-27T05:37:42.803+0000][1945.667s] GC(979) Using 8 workers of 8 for evacuation
[2022-04-27T05:37:42.814+0000][1945.677s] GC(979)   Pre Evacuate Collection Set: 0.0ms
[2022-04-27T05:37:42.814+0000][1945.678s] GC(979)   Evacuate Collection Set: 9.2ms
[2022-04-27T05:37:42.815+0000][1945.678s] GC(979)   Post Evacuate Collection Set: 0.9ms
[2022-04-27T05:37:42.815+0000][1945.679s] GC(979)   Other: 0.8ms
[2022-04-27T05:37:42.815+0000][1945.679s] GC(979) Eden regions: 265->0(258)
[2022-04-27T05:37:42.816+0000][1945.679s] GC(979) Survivor regions: 26->20(37)
[2022-04-27T05:37:42.816+0000][1945.680s] GC(979) Old regions: 128->141
[2022-04-27T05:37:42.816+0000][1945.680s] GC(979) Humongous regions: 7->7
[2022-04-27T05:37:42.817+0000][1945.681s] GC(979) Metaspace: 56909K->56909K(1101824K)
[2022-04-27T05:37:42.817+0000][1945.681s] GC(979) Pause Young (Normal) (G1 Evacuation Pause) 424M->165M(512M) 14.450ms
[2022-04-27T05:37:42.818+0000][1945.681s] GC(979) User=0.08s Sys=0.00s Real=0.01s
[2022-04-27T05:37:44.295+0000][1947.159s] GC(980) Pause Young (Concurrent Start) (G1 Evacuation Pause)
[2022-04-27T05:37:44.296+0000][1947.160s] GC(980) Using 8 workers of 8 for evacuation
[2022-04-27T05:37:44.310+0000][1947.174s] GC(980)   Pre Evacuate Collection Set: 0.1ms
[2022-04-27T05:37:44.310+0000][1947.174s] GC(980)   Evacuate Collection Set: 12.2ms
[2022-04-27T05:37:44.311+0000][1947.174s] GC(980)   Post Evacuate Collection Set: 1.1ms
[2022-04-27T05:37:44.311+0000][1947.175s] GC(980)   Other: 1.0ms
[2022-04-27T05:37:44.311+0000][1947.175s] GC(980) Eden regions: 258->0(252)
[2022-04-27T05:37:44.312+0000][1947.175s] GC(980) Survivor regions: 20->20(35)
[2022-04-27T05:37:44.312+0000][1947.176s] GC(980) Old regions: 141->147
[2022-04-27T05:37:44.312+0000][1947.176s] GC(980) Humongous regions: 7->7
[2022-04-27T05:37:44.313+0000][1947.176s] GC(980) Metaspace: 56909K->56909K(1101824K)
[2022-04-27T05:37:44.313+0000][1947.177s] GC(980) Pause Young (Concurrent Start) (G1 Evacuation Pause) 423M->172M(512M) 17.733ms
[2022-04-27T05:37:44.313+0000][1947.177s] GC(980) User=0.05s Sys=0.00s Real=0.02s
[2022-04-27T05:37:44.314+0000][1947.178s] GC(981) Concurrent Cycle
[2022-04-27T05:37:44.314+0000][1947.178s] GC(981) Concurrent Clear Claimed Marks
[2022-04-27T05:37:44.314+0000][1947.178s] GC(981) Concurrent Clear Claimed Marks 0.326ms
[2022-04-27T05:37:44.315+0000][1947.178s] GC(981) Concurrent Scan Root Regions
[2022-04-27T05:37:44.319+0000][1947.183s] GC(981) Concurrent Scan Root Regions 4.769ms
[2022-04-27T05:37:44.320+0000][1947.183s] GC(981) Concurrent Mark (1947.183s)
[2022-04-27T05:37:44.320+0000][1947.184s] GC(981) Concurrent Mark From Roots
[2022-04-27T05:37:44.321+0000][1947.184s] GC(981) Using 2 workers of 2 for marking
[2022-04-27T05:37:44.352+0000][1947.215s] GC(981) Concurrent Mark From Roots 31.435ms
[2022-04-27T05:37:44.352+0000][1947.216s] GC(981) Concurrent Preclean
[2022-04-27T05:37:44.353+0000][1947.216s] GC(981) Concurrent Preclean 0.671ms
[2022-04-27T05:37:44.353+0000][1947.217s] GC(981) Concurrent Mark (1947.183s, 1947.217s) 33.322ms
[2022-04-27T05:37:44.354+0000][1947.217s] GC(981) Pause Remark
[2022-04-27T05:37:44.368+0000][1947.231s] GC(981) Cleaned string and symbol table, strings: 24901 processed, 0 removed, symbols: 137611 processed, 8 removed
[2022-04-27T05:37:44.369+0000][1947.232s] GC(981) Pause Remark 180M->159M(512M) 14.942ms
[2022-04-27T05:37:44.369+0000][1947.233s] GC(981) User=0.10s Sys=0.00s Real=0.01s
[2022-04-27T05:37:44.370+0000][1947.233s] GC(981) Concurrent Rebuild Remembered Sets
[2022-04-27T05:37:44.404+0000][1947.268s] GC(981) Concurrent Rebuild Remembered Sets 34.702ms
[2022-04-27T05:37:44.405+0000][1947.269s] GC(981) Pause Cleanup
[2022-04-27T05:37:44.406+0000][1947.269s] GC(981) Pause Cleanup 164M->164M(512M) 0.580ms
[2022-04-27T05:37:44.406+0000][1947.270s] GC(981) User=0.01s Sys=0.00s Real=0.00s
[2022-04-27T05:37:44.407+0000][1947.270s] GC(981) Concurrent Cleanup for Next Mark
[2022-04-27T05:37:44.408+0000][1947.271s] GC(981) Concurrent Cleanup for Next Mark 1.292ms
[2022-04-27T05:37:44.408+0000][1947.272s] GC(981) Concurrent Cycle 94.279ms
[2022-04-27T05:37:45.791+0000][1948.655s] GC(982) Pause Young (Prepare Mixed) (G1 Evacuation Pause)
[2022-04-27T05:37:45.791+0000][1948.655s] GC(982) Using 8 workers of 8 for evacuation
[2022-04-27T05:37:45.806+0000][1948.669s] GC(982)   Pre Evacuate Collection Set: 0.0ms
[2022-04-27T05:37:45.806+0000][1948.670s] GC(982)   Evacuate Collection Set: 8.9ms
[2022-04-27T05:37:45.806+0000][1948.670s] GC(982)   Post Evacuate Collection Set: 5.1ms
[2022-04-27T05:37:45.807+0000][1948.670s] GC(982)   Other: 0.7ms
[2022-04-27T05:37:45.807+0000][1948.671s] GC(982) Eden regions: 252->0(10)
[2022-04-27T05:37:45.808+0000][1948.672s] GC(982) Survivor regions: 20->15(34)
[2022-04-27T05:37:45.808+0000][1948.672s] GC(982) Old regions: 126->132
[2022-04-27T05:37:45.808+0000][1948.672s] GC(982) Humongous regions: 7->7
[2022-04-27T05:37:45.809+0000][1948.672s] GC(982) Metaspace: 56909K->56909K(1101824K)
[2022-04-27T05:37:45.809+0000][1948.672s] GC(982) Pause Young (Prepare Mixed) (G1 Evacuation Pause) 403M->151M(512M) 17.694ms
[2022-04-27T05:37:45.809+0000][1948.673s] GC(982) User=0.08s Sys=0.02s Real=0.01s
[2022-04-27T05:37:46.124+0000][1948.988s] GC(983) Pause Young (Mixed) (G1 Evacuation Pause)
[2022-04-27T05:37:46.125+0000][1948.988s] GC(983) Using 8 workers of 8 for evacuation
[2022-04-27T05:37:46.131+0000][1948.995s] GC(983)   Pre Evacuate Collection Set: 0.0ms
[2022-04-27T05:37:46.131+0000][1948.995s] GC(983)   Evacuate Collection Set: 5.0ms
[2022-04-27T05:37:46.132+0000][1948.995s] GC(983)   Post Evacuate Collection Set: 0.8ms
[2022-04-27T05:37:46.132+0000][1948.996s] GC(983)   Other: 0.8ms
[2022-04-27T05:37:46.132+0000][1948.996s] GC(983) Eden regions: 10->0(285)
[2022-04-27T05:37:46.133+0000][1948.996s] GC(983) Survivor regions: 15->4(4)
[2022-04-27T05:37:46.133+0000][1948.997s] GC(983) Old regions: 132->129
[2022-04-27T05:37:46.133+0000][1948.997s] GC(983) Humongous regions: 7->7
[2022-04-27T05:37:46.134+0000][1948.998s] GC(983) Metaspace: 56909K->56909K(1101824K)
[2022-04-27T05:37:46.134+0000][1948.998s] GC(983) Pause Young (Mixed) (G1 Evacuation Pause) 161M->138M(512M) 9.954ms
[2022-04-27T05:37:46.135+0000][1948.998s] GC(983) User=0.04s Sys=0.00s Real=0.01s
[2022-04-27T05:37:47.734+0000][1950.597s] GC(984) Pause Young (Normal) (G1 Evacuation Pause)
[2022-04-27T05:37:47.734+0000][1950.598s] GC(984) Using 8 workers of 8 for evacuation
[2022-04-27T05:37:47.739+0000][1950.602s] GC(984)   Pre Evacuate Collection Set: 0.0ms
[2022-04-27T05:37:47.739+0000][1950.603s] GC(984)   Evacuate Collection Set: 3.0ms
[2022-04-27T05:37:47.740+0000][1950.603s] GC(984)   Post Evacuate Collection Set: 1.1ms
[2022-04-27T05:37:47.740+0000][1950.604s] GC(984)   Other: 0.9ms
[2022-04-27T05:37:47.741+0000][1950.604s] GC(984) Eden regions: 285->0(283)
[2022-04-27T05:37:47.741+0000][1950.605s] GC(984) Survivor regions: 4->9(37)
[2022-04-27T05:37:47.741+0000][1950.605s] GC(984) Old regions: 129->129
[2022-04-27T05:37:47.742+0000][1950.605s] GC(984) Humongous regions: 7->7
[2022-04-27T05:37:47.742+0000][1950.606s] GC(984) Metaspace: 56909K->56909K(1101824K)
[2022-04-27T05:37:47.742+0000][1950.606s] GC(984) Pause Young (Normal) (G1 Evacuation Pause) 423M->143M(512M) 8.588ms
[2022-04-27T05:37:47.743+0000][1950.606s] GC(984) User=0.02s Sys=0.00s Real=0.01s
[2022-04-27T05:37:49.466+0000][1952.330s] GC(985) Pause Young (Normal) (G1 Evacuation Pause)
[2022-04-27T05:37:49.467+0000][1952.330s] GC(985) Using 8 workers of 8 for evacuation
[2022-04-27T05:37:49.475+0000][1952.339s] GC(985)   Pre Evacuate Collection Set: 0.0ms
[2022-04-27T05:37:49.476+0000][1952.339s] GC(985)   Evacuate Collection Set: 6.9ms
[2022-04-27T05:37:49.476+0000][1952.340s] GC(985)   Post Evacuate Collection Set: 1.5ms
[2022-04-27T05:37:49.476+0000][1952.340s] GC(985)   Other: 0.7ms
[2022-04-27T05:37:49.477+0000][1952.340s] GC(985) Eden regions: 283->0(271)
[2022-04-27T05:37:49.477+0000][1952.341s] GC(985) Survivor regions: 9->20(37)
[2022-04-27T05:37:49.477+0000][1952.341s] GC(985) Old regions: 129->129
[2022-04-27T05:37:49.478+0000][1952.341s] GC(985) Humongous regions: 7->7
[2022-04-27T05:37:49.478+0000][1952.342s] GC(985) Metaspace: 56909K->56909K(1101824K)
[2022-04-27T05:37:49.478+0000][1952.342s] GC(985) Pause Young (Normal) (G1 Evacuation Pause) 426M->154M(512M) 12.019ms
[2022-04-27T05:37:49.478+0000][1952.342s] GC(985) User=0.06s Sys=0.00s Real=0.01s
[2022-04-27T05:37:51.228+0000][1954.092s] GC(986) Pause Young (Normal) (G1 Evacuation Pause)
[2022-04-27T05:37:51.229+0000][1954.092s] GC(986) Using 8 workers of 8 for evacuation
[2022-04-27T05:37:51.252+0000][1954.116s] GC(986)   Pre Evacuate Collection Set: 0.0ms
[2022-04-27T05:37:51.252+0000][1954.116s] GC(986)   Evacuate Collection Set: 12.5ms
[2022-04-27T05:37:51.253+0000][1954.116s] GC(986)   Post Evacuate Collection Set: 10.5ms
[2022-04-27T05:37:51.253+0000][1954.117s] GC(986)   Other: 0.7ms
[2022-04-27T05:37:51.253+0000][1954.117s] GC(986) Eden regions: 271->0(264)
[2022-04-27T05:37:51.253+0000][1954.117s] GC(986) Survivor regions: 20->20(37)
[2022-04-27T05:37:51.254+0000][1954.117s] GC(986) Old regions: 129->136
[2022-04-27T05:37:51.254+0000][1954.118s] GC(986) Humongous regions: 7->7
[2022-04-27T05:37:51.254+0000][1954.118s] GC(986) Metaspace: 56909K->56909K(1101824K)
[2022-04-27T05:37:51.254+0000][1954.118s] GC(986) Pause Young (Normal) (G1 Evacuation Pause) 425M->160M(512M) 26.022ms
[2022-04-27T05:37:51.255+0000][1954.118s] GC(986) User=0.14s Sys=0.02s Real=0.03s
[2022-04-27T05:37:52.996+0000][1955.859s] GC(987) Pause Young (Concurrent Start) (G1 Evacuation Pause)
[2022-04-27T05:37:52.996+0000][1955.860s] GC(987) Using 8 workers of 8 for evacuation
[2022-04-27T05:37:53.009+0000][1955.872s] GC(987)   Pre Evacuate Collection Set: 0.1ms
[2022-04-27T05:37:53.009+0000][1955.873s] GC(987)   Evacuate Collection Set: 10.9ms
[2022-04-27T05:37:53.009+0000][1955.873s] GC(987)   Post Evacuate Collection Set: 1.2ms
[2022-04-27T05:37:53.010+0000][1955.873s] GC(987)   Other: 0.7ms
[2022-04-27T05:37:53.010+0000][1955.873s] GC(987) Eden regions: 264->0(262)
[2022-04-27T05:37:53.010+0000][1955.874s] GC(987) Survivor regions: 20->17(36)
[2022-04-27T05:37:53.010+0000][1955.874s] GC(987) Old regions: 136->142
[2022-04-27T05:37:53.011+0000][1955.874s] GC(987) Humongous regions: 7->7
[2022-04-27T05:37:53.011+0000][1955.874s] GC(987) Metaspace: 56909K->56909K(1101824K)
[2022-04-27T05:37:53.011+0000][1955.875s] GC(987) Pause Young (Concurrent Start) (G1 Evacuation Pause) 424M->164M(512M) 15.361ms
[2022-04-27T05:37:53.011+0000][1955.875s] GC(987) User=0.04s Sys=0.00s Real=0.02s
[2022-04-27T05:37:53.012+0000][1955.875s] GC(988) Concurrent Cycle
[2022-04-27T05:37:53.012+0000][1955.876s] GC(988) Concurrent Clear Claimed Marks
[2022-04-27T05:37:53.012+0000][1955.876s] GC(988) Concurrent Clear Claimed Marks 0.339ms
[2022-04-27T05:37:53.013+0000][1955.876s] GC(988) Concurrent Scan Root Regions
[2022-04-27T05:37:53.017+0000][1955.880s] GC(988) Concurrent Scan Root Regions 3.993ms
[2022-04-27T05:37:53.017+0000][1955.881s] GC(988) Concurrent Mark (1955.881s)
[2022-04-27T05:37:53.017+0000][1955.881s] GC(988) Concurrent Mark From Roots
[2022-04-27T05:37:53.018+0000][1955.881s] GC(988) Using 2 workers of 2 for marking
[2022-04-27T05:37:53.051+0000][1955.915s] GC(988) Concurrent Mark From Roots 34.185ms
[2022-04-27T05:37:53.052+0000][1955.915s] GC(988) Concurrent Preclean
[2022-04-27T05:37:53.052+0000][1955.916s] GC(988) Concurrent Preclean 0.541ms
[2022-04-27T05:37:53.052+0000][1955.916s] GC(988) Concurrent Mark (1955.881s, 1955.916s) 35.599ms
[2022-04-27T05:37:53.054+0000][1955.917s] GC(988) Pause Remark
[2022-04-27T05:37:53.071+0000][1955.934s] GC(988) Cleaned string and symbol table, strings: 24901 processed, 0 removed, symbols: 137608 processed, 6 removed
[2022-04-27T05:37:53.071+0000][1955.935s] GC(988) Pause Remark 177M->150M(512M) 17.882ms
[2022-04-27T05:37:53.072+0000][1955.935s] GC(988) User=0.11s Sys=0.01s Real=0.02s
[2022-04-27T05:37:53.072+0000][1955.936s] GC(988) Concurrent Rebuild Remembered Sets
[2022-04-27T05:37:53.103+0000][1955.966s] GC(988) Concurrent Rebuild Remembered Sets 30.415ms
[2022-04-27T05:37:53.103+0000][1955.967s] GC(988) Pause Cleanup
[2022-04-27T05:37:53.104+0000][1955.968s] GC(988) Pause Cleanup 153M->153M(512M) 0.569ms
[2022-04-27T05:37:53.104+0000][1955.968s] GC(988) User=0.00s Sys=0.00s Real=0.00s
[2022-04-27T05:37:53.105+0000][1955.969s] GC(988) Concurrent Cleanup for Next Mark
[2022-04-27T05:37:53.106+0000][1955.970s] GC(988) Concurrent Cleanup for Next Mark 1.439ms
[2022-04-27T05:37:53.107+0000][1955.970s] GC(988) Concurrent Cycle 95.051ms
[2022-04-27T05:37:54.805+0000][1957.668s] GC(989) Pause Young (Prepare Mixed) (G1 Evacuation Pause)
[2022-04-27T05:37:54.805+0000][1957.669s] GC(989) Using 8 workers of 8 for evacuation
[2022-04-27T05:37:54.815+0000][1957.678s] GC(989)   Pre Evacuate Collection Set: 0.0ms
[2022-04-27T05:37:54.815+0000][1957.679s] GC(989)   Evacuate Collection Set: 8.0ms
[2022-04-27T05:37:54.815+0000][1957.679s] GC(989)   Post Evacuate Collection Set: 1.4ms
[2022-04-27T05:37:54.816+0000][1957.679s] GC(989)   Other: 0.7ms
[2022-04-27T05:37:54.816+0000][1957.679s] GC(989) Eden regions: 262->0(1)
[2022-04-27T05:37:54.816+0000][1957.680s] GC(989) Survivor regions: 17->25(35)
[2022-04-27T05:37:54.816+0000][1957.680s] GC(989) Old regions: 115->115
[2022-04-27T05:37:54.817+0000][1957.680s] GC(989) Humongous regions: 7->7
[2022-04-27T05:37:54.817+0000][1957.680s] GC(989) Metaspace: 56909K->56909K(1101824K)
[2022-04-27T05:37:54.817+0000][1957.681s] GC(989) Pause Young (Prepare Mixed) (G1 Evacuation Pause) 399M->144M(512M) 12.315ms
[2022-04-27T05:37:54.817+0000][1957.681s] GC(989) User=0.07s Sys=0.00s Real=0.01s
[2022-04-27T05:37:54.819+0000][1957.683s] GC(990) Pause Young (Mixed) (G1 Evacuation Pause)
[2022-04-27T05:37:54.820+0000][1957.683s] GC(990) Using 8 workers of 8 for evacuation
[2022-04-27T05:37:54.828+0000][1957.691s] GC(990)   Pre Evacuate Collection Set: 0.0ms
[2022-04-27T05:37:54.828+0000][1957.692s] GC(990)   Evacuate Collection Set: 7.1ms
[2022-04-27T05:37:54.828+0000][1957.692s] GC(990)   Post Evacuate Collection Set: 0.6ms
[2022-04-27T05:37:54.828+0000][1957.692s] GC(990)   Other: 0.6ms
[2022-04-27T05:37:54.829+0000][1957.692s] GC(990) Eden regions: 1->0(292)
[2022-04-27T05:37:54.829+0000][1957.693s] GC(990) Survivor regions: 25->1(4)
[2022-04-27T05:37:54.829+0000][1957.693s] GC(990) Old regions: 115->121
[2022-04-27T05:37:54.829+0000][1957.693s] GC(990) Humongous regions: 7->7
[2022-04-27T05:37:54.830+0000][1957.693s] GC(990) Metaspace: 56909K->56909K(1101824K)
[2022-04-27T05:37:54.830+0000][1957.693s] GC(990) Pause Young (Mixed) (G1 Evacuation Pause) 145M->127M(512M) 10.402ms
[2022-04-27T05:37:54.830+0000][1957.694s] GC(990) User=0.06s Sys=0.00s Real=0.01s
[2022-04-27T05:37:56.666+0000][1959.530s] GC(991) Pause Young (Normal) (G1 Evacuation Pause)
[2022-04-27T05:37:56.666+0000][1959.530s] GC(991) Using 8 workers of 8 for evacuation
[2022-04-27T05:37:56.679+0000][1959.543s] GC(991)   Pre Evacuate Collection Set: 0.0ms
[2022-04-27T05:37:56.680+0000][1959.543s] GC(991)   Evacuate Collection Set: 10.8ms
[2022-04-27T05:37:56.680+0000][1959.544s] GC(991)   Post Evacuate Collection Set: 1.8ms
[2022-04-27T05:37:56.681+0000][1959.544s] GC(991)   Other: 0.8ms
[2022-04-27T05:37:56.681+0000][1959.545s] GC(991) Eden regions: 292->0(281)
[2022-04-27T05:37:56.681+0000][1959.545s] GC(991) Survivor regions: 1->14(37)
[2022-04-27T05:37:56.682+0000][1959.545s] GC(991) Old regions: 121->121
[2022-04-27T05:37:56.682+0000][1959.546s] GC(991) Humongous regions: 7->7
[2022-04-27T05:37:56.682+0000][1959.546s] GC(991) Metaspace: 56909K->56909K(1101824K)
[2022-04-27T05:37:56.683+0000][1959.547s] GC(991) Pause Young (Normal) (G1 Evacuation Pause) 419M->139M(512M) 16.889ms
[2022-04-27T05:37:56.683+0000][1959.547s] GC(991) User=0.09s Sys=0.00s Real=0.02s
[2022-04-27T05:38:00.878+0000][1963.741s] GC(992) Pause Young (Normal) (G1 Evacuation Pause)
[2022-04-27T05:38:00.878+0000][1963.742s] GC(992) Using 8 workers of 8 for evacuation
[2022-04-27T05:38:00.887+0000][1963.750s] GC(992)   Pre Evacuate Collection Set: 0.0ms
[2022-04-27T05:38:00.887+0000][1963.751s] GC(992)   Evacuate Collection Set: 7.1ms
[2022-04-27T05:38:00.888+0000][1963.751s] GC(992)   Post Evacuate Collection Set: 1.0ms
[2022-04-27T05:38:00.888+0000][1963.751s] GC(992)   Other: 0.9ms
[2022-04-27T05:38:00.888+0000][1963.752s] GC(992) Eden regions: 281->0(276)
[2022-04-27T05:38:00.888+0000][1963.752s] GC(992) Survivor regions: 14->20(37)
[2022-04-27T05:38:00.889+0000][1963.752s] GC(992) Old regions: 121->121
[2022-04-27T05:38:00.889+0000][1963.753s] GC(992) Humongous regions: 7->7
[2022-04-27T05:38:00.889+0000][1963.753s] GC(992) Metaspace: 56909K->56909K(1101824K)
[2022-04-27T05:38:00.890+0000][1963.753s] GC(992) Pause Young (Normal) (G1 Evacuation Pause) 420M->145M(512M) 11.816ms
[2022-04-27T05:38:00.890+0000][1963.753s] GC(992) User=0.07s Sys=0.00s Real=0.01s
[2022-04-27T05:38:02.528+0000][1965.392s] GC(993) Pause Young (Normal) (G1 Evacuation Pause)
[2022-04-27T05:38:02.529+0000][1965.392s] GC(993) Using 8 workers of 8 for evacuation
[2022-04-27T05:38:02.539+0000][1965.402s] GC(993)   Pre Evacuate Collection Set: 0.0ms
[2022-04-27T05:38:02.539+0000][1965.403s] GC(993)   Evacuate Collection Set: 8.3ms
[2022-04-27T05:38:02.540+0000][1965.403s] GC(993)   Post Evacuate Collection Set: 1.1ms
[2022-04-27T05:38:02.540+0000][1965.404s] GC(993)   Other: 0.8ms
[2022-04-27T05:38:02.540+0000][1965.404s] GC(993) Eden regions: 276->0(271)
[2022-04-27T05:38:02.540+0000][1965.404s] GC(993) Survivor regions: 20->26(37)
[2022-04-27T05:38:02.541+0000][1965.404s] GC(993) Old regions: 121->121
[2022-04-27T05:38:02.541+0000][1965.405s] GC(993) Humongous regions: 7->7
[2022-04-27T05:38:02.541+0000][1965.405s] GC(993) Metaspace: 56909K->56909K(1101824K)
[2022-04-27T05:38:02.542+0000][1965.405s] GC(993) Pause Young (Normal) (G1 Evacuation Pause) 421M->151M(512M) 13.078ms
[2022-04-27T05:38:02.542+0000][1965.405s] GC(993) User=0.07s Sys=0.00s Real=0.02s
[2022-04-27T05:38:04.190+0000][1967.054s] GC(994) Pause Young (Normal) (G1 Evacuation Pause)
[2022-04-27T05:38:04.190+0000][1967.054s] GC(994) Using 8 workers of 8 for evacuation
[2022-04-27T05:38:04.216+0000][1967.080s] GC(994)   Pre Evacuate Collection Set: 0.0ms
[2022-04-27T05:38:04.218+0000][1967.081s] GC(994)   Evacuate Collection Set: 12.5ms
[2022-04-27T05:38:04.218+0000][1967.082s] GC(994)   Post Evacuate Collection Set: 12.5ms
[2022-04-27T05:38:04.218+0000][1967.082s] GC(994)   Other: 0.9ms
[2022-04-27T05:38:04.218+0000][1967.082s] GC(994) Eden regions: 271->0(264)
[2022-04-27T05:38:04.219+0000][1967.082s] GC(994) Survivor regions: 26->26(38)
[2022-04-27T05:38:04.219+0000][1967.082s] GC(994) Old regions: 121->128
[2022-04-27T05:38:04.219+0000][1967.083s] GC(994) Humongous regions: 7->7
[2022-04-27T05:38:04.219+0000][1967.083s] GC(994) Metaspace: 56909K->56909K(1101824K)
[2022-04-27T05:38:04.220+0000][1967.083s] GC(994) Pause Young (Normal) (G1 Evacuation Pause) 422M->158M(512M) 29.404ms
[2022-04-27T05:38:04.220+0000][1967.083s] GC(994) User=0.16s Sys=0.00s Real=0.03s
[2022-04-27T05:38:06.065+0000][1968.928s] GC(995) Pause Young (Normal) (G1 Evacuation Pause)
[2022-04-27T05:38:06.065+0000][1968.929s] GC(995) Using 8 workers of 8 for evacuation
[2022-04-27T05:38:06.075+0000][1968.939s] GC(995)   Pre Evacuate Collection Set: 0.0ms
[2022-04-27T05:38:06.075+0000][1968.939s] GC(995)   Evacuate Collection Set: 8.4ms
[2022-04-27T05:38:06.076+0000][1968.939s] GC(995)   Post Evacuate Collection Set: 1.1ms
[2022-04-27T05:38:06.076+0000][1968.940s] GC(995)   Other: 0.7ms
[2022-04-27T05:38:06.076+0000][1968.940s] GC(995) Eden regions: 264->0(266)
[2022-04-27T05:38:06.077+0000][1968.940s] GC(995) Survivor regions: 26->21(37)
[2022-04-27T05:38:06.077+0000][1968.941s] GC(995) Old regions: 128->134
[2022-04-27T05:38:06.078+0000][1968.941s] GC(995) Humongous regions: 7->7
[2022-04-27T05:38:06.078+0000][1968.942s] GC(995) Metaspace: 56909K->56909K(1101824K)
[2022-04-27T05:38:06.078+0000][1968.942s] GC(995) Pause Young (Normal) (G1 Evacuation Pause) 422M->159M(512M) 13.648ms
[2022-04-27T05:38:06.079+0000][1968.942s] GC(995) User=0.07s Sys=0.00s Real=0.01s
[2022-04-27T05:38:07.715+0000][1970.579s] GC(996) Pause Young (Normal) (G1 Evacuation Pause)
[2022-04-27T05:38:07.715+0000][1970.579s] GC(996) Using 8 workers of 8 for evacuation
[2022-04-27T05:38:07.733+0000][1970.597s] GC(996)   Pre Evacuate Collection Set: 0.0ms
[2022-04-27T05:38:07.734+0000][1970.598s] GC(996)   Evacuate Collection Set: 7.2ms
[2022-04-27T05:38:07.734+0000][1970.598s] GC(996)   Post Evacuate Collection Set: 10.2ms
[2022-04-27T05:38:07.735+0000][1970.598s] GC(996)   Other: 0.9ms
[2022-04-27T05:38:07.735+0000][1970.599s] GC(996) Eden regions: 266->0(262)
[2022-04-27T05:38:07.735+0000][1970.599s] GC(996) Survivor regions: 21->22(36)
[2022-04-27T05:38:07.736+0000][1970.599s] GC(996) Old regions: 134->140
[2022-04-27T05:38:07.736+0000][1970.600s] GC(996) Humongous regions: 7->7
[2022-04-27T05:38:07.736+0000][1970.600s] GC(996) Metaspace: 56909K->56909K(1101824K)
[2022-04-27T05:38:07.737+0000][1970.600s] GC(996) Pause Young (Normal) (G1 Evacuation Pause) 425M->167M(512M) 21.720ms
[2022-04-27T05:38:07.737+0000][1970.601s] GC(996) User=0.08s Sys=0.00s Real=0.02s
[2022-04-27T05:38:09.377+0000][1972.241s] GC(997) Pause Young (Concurrent Start) (G1 Evacuation Pause)
[2022-04-27T05:38:09.377+0000][1972.241s] GC(997) Using 8 workers of 8 for evacuation
[2022-04-27T05:38:09.396+0000][1972.260s] GC(997)   Pre Evacuate Collection Set: 0.1ms
[2022-04-27T05:38:09.397+0000][1972.261s] GC(997)   Evacuate Collection Set: 16.7ms
[2022-04-27T05:38:09.397+0000][1972.261s] GC(997)   Post Evacuate Collection Set: 2.2ms
[2022-04-27T05:38:09.398+0000][1972.261s] GC(997)   Other: 0.6ms
[2022-04-27T05:38:09.398+0000][1972.262s] GC(997) Eden regions: 262->0(259)
[2022-04-27T05:38:09.399+0000][1972.262s] GC(997) Survivor regions: 22->21(36)
[2022-04-27T05:38:09.399+0000][1972.263s] GC(997) Old regions: 140->146
[2022-04-27T05:38:09.399+0000][1972.263s] GC(997) Humongous regions: 7->7
[2022-04-27T05:38:09.400+0000][1972.263s] GC(997) Metaspace: 56909K->56909K(1101824K)
[2022-04-27T05:38:09.400+0000][1972.264s] GC(997) Pause Young (Concurrent Start) (G1 Evacuation Pause) 429M->172M(512M) 22.948ms
[2022-04-27T05:38:09.400+0000][1972.264s] GC(997) User=0.08s Sys=0.00s Real=0.02s
[2022-04-27T05:38:09.400+0000][1972.264s] GC(998) Concurrent Cycle
[2022-04-27T05:38:09.400+0000][1972.264s] GC(998) Concurrent Clear Claimed Marks
[2022-04-27T05:38:09.401+0000][1972.264s] GC(998) Concurrent Clear Claimed Marks 0.412ms
[2022-04-27T05:38:09.401+0000][1972.265s] GC(998) Concurrent Scan Root Regions
[2022-04-27T05:38:09.405+0000][1972.269s] GC(998) Concurrent Scan Root Regions 3.998ms
[2022-04-27T05:38:09.405+0000][1972.269s] GC(998) Concurrent Mark (1972.269s)
[2022-04-27T05:38:09.406+0000][1972.269s] GC(998) Concurrent Mark From Roots
[2022-04-27T05:38:09.406+0000][1972.270s] GC(998) Using 2 workers of 2 for marking
[2022-04-27T05:38:09.445+0000][1972.309s] GC(998) Concurrent Mark From Roots 39.510ms
[2022-04-27T05:38:09.445+0000][1972.309s] GC(998) Concurrent Preclean
[2022-04-27T05:38:09.446+0000][1972.309s] GC(998) Concurrent Preclean 0.440ms
[2022-04-27T05:38:09.446+0000][1972.310s] GC(998) Concurrent Mark (1972.269s, 1972.310s) 40.675ms
[2022-04-27T05:38:09.446+0000][1972.310s] GC(998) Pause Remark
[2022-04-27T05:38:09.461+0000][1972.325s] GC(998) Cleaned string and symbol table, strings: 24902 processed, 0 removed, symbols: 137611 processed, 9 removed
[2022-04-27T05:38:09.462+0000][1972.326s] GC(998) Pause Remark 173M->150M(512M) 15.601ms
[2022-04-27T05:38:09.462+0000][1972.326s] GC(998) User=0.11s Sys=0.00s Real=0.02s
[2022-04-27T05:38:09.463+0000][1972.326s] GC(998) Concurrent Rebuild Remembered Sets
[2022-04-27T05:38:09.500+0000][1972.364s] GC(998) Concurrent Rebuild Remembered Sets 37.621ms
[2022-04-27T05:38:09.501+0000][1972.365s] GC(998) Pause Cleanup
[2022-04-27T05:38:09.502+0000][1972.365s] GC(998) Pause Cleanup 151M->151M(512M) 0.518ms
[2022-04-27T05:38:09.502+0000][1972.365s] GC(998) User=0.00s Sys=0.00s Real=0.00s
[2022-04-27T05:38:09.502+0000][1972.366s] GC(998) Concurrent Cleanup for Next Mark
[2022-04-27T05:38:09.503+0000][1972.367s] GC(998) Concurrent Cleanup for Next Mark 1.061ms
[2022-04-27T05:38:09.503+0000][1972.367s] GC(998) Concurrent Cycle 103.038ms
[2022-04-27T05:38:11.372+0000][1974.235s] GC(999) Pause Young (Prepare Mixed) (G1 Evacuation Pause)
[2022-04-27T05:38:11.372+0000][1974.236s] GC(999) Using 8 workers of 8 for evacuation
[2022-04-27T05:38:11.392+0000][1974.256s] GC(999)   Pre Evacuate Collection Set: 0.0ms
[2022-04-27T05:38:11.393+0000][1974.256s] GC(999)   Evacuate Collection Set: 9.2ms
[2022-04-27T05:38:11.393+0000][1974.257s] GC(999)   Post Evacuate Collection Set: 10.6ms
[2022-04-27T05:38:11.393+0000][1974.257s] GC(999)   Other: 1.1ms
[2022-04-27T05:38:11.393+0000][1974.257s] GC(999) Eden regions: 259->0(1)
[2022-04-27T05:38:11.394+0000][1974.257s] GC(999) Survivor regions: 21->26(35)
[2022-04-27T05:38:11.394+0000][1974.257s] GC(999) Old regions: 123->129
[2022-04-27T05:38:11.394+0000][1974.258s] GC(999) Humongous regions: 7->7
[2022-04-27T05:38:11.394+0000][1974.258s] GC(999) Metaspace: 56930K->56930K(1101824K)
[2022-04-27T05:38:11.394+0000][1974.258s] GC(999) Pause Young (Prepare Mixed) (G1 Evacuation Pause) 408M->160M(512M) 22.754ms
[2022-04-27T05:38:11.395+0000][1974.258s] GC(999) User=0.15s Sys=0.00s Real=0.02s
[2022-04-27T05:38:11.397+0000][1974.260s] GC(1000) Pause Young (Mixed) (G1 Evacuation Pause)
[2022-04-27T05:38:11.397+0000][1974.261s] GC(1000) Using 8 workers of 8 for evacuation
[2022-04-27T05:38:11.408+0000][1974.271s] GC(1000)   Pre Evacuate Collection Set: 0.0ms
[2022-04-27T05:38:11.408+0000][1974.271s] GC(1000)   Evacuate Collection Set: 9.1ms
[2022-04-27T05:38:11.408+0000][1974.272s] GC(1000)   Post Evacuate Collection Set: 1.0ms
[2022-04-27T05:38:11.408+0000][1974.272s] GC(1000)   Other: 0.6ms
[2022-04-27T05:38:11.408+0000][1974.272s] GC(1000) Eden regions: 1->0(277)
[2022-04-27T05:38:11.409+0000][1974.272s] GC(1000) Survivor regions: 26->2(4)
[2022-04-27T05:38:11.409+0000][1974.273s] GC(1000) Old regions: 129->139
[2022-04-27T05:38:11.409+0000][1974.273s] GC(1000) Humongous regions: 7->7
[2022-04-27T05:38:11.409+0000][1974.273s] GC(1000) Metaspace: 56930K->56930K(1101824K)
[2022-04-27T05:38:11.409+0000][1974.273s] GC(1000) Pause Young (Mixed) (G1 Evacuation Pause) 161M->146M(512M) 12.638ms
[2022-04-27T05:38:11.410+0000][1974.273s] GC(1000) User=0.07s Sys=0.00s Real=0.01s
[2022-04-27T05:38:13.058+0000][1975.922s] GC(1001) Pause Young (Normal) (G1 Evacuation Pause)
[2022-04-27T05:38:13.059+0000][1975.922s] GC(1001) Using 8 workers of 8 for evacuation
[2022-04-27T05:38:13.076+0000][1975.940s] GC(1001)   Pre Evacuate Collection Set: 0.0ms
[2022-04-27T05:38:13.077+0000][1975.940s] GC(1001)   Evacuate Collection Set: 11.3ms
[2022-04-27T05:38:13.077+0000][1975.941s] GC(1001)   Post Evacuate Collection Set: 5.9ms
[2022-04-27T05:38:13.077+0000][1975.941s] GC(1001)   Other: 0.9ms
[2022-04-27T05:38:13.078+0000][1975.941s] GC(1001) Eden regions: 277->0(268)
[2022-04-27T05:38:13.078+0000][1975.942s] GC(1001) Survivor regions: 2->13(35)
[2022-04-27T05:38:13.078+0000][1975.942s] GC(1001) Old regions: 139->139
[2022-04-27T05:38:13.079+0000][1975.942s] GC(1001) Humongous regions: 7->7
[2022-04-27T05:38:13.079+0000][1975.943s] GC(1001) Metaspace: 56930K->56930K(1101824K)
[2022-04-27T05:38:13.079+0000][1975.943s] GC(1001) Pause Young (Normal) (G1 Evacuation Pause) 423M->157M(512M) 20.917ms
[2022-04-27T05:38:13.080+0000][1975.943s] GC(1001) User=0.12s Sys=0.01s Real=0.02s
[2022-04-27T05:38:14.568+0000][1977.432s] GC(1002) Pause Young (Normal) (G1 Evacuation Pause)
[2022-04-27T05:38:14.569+0000][1977.432s] GC(1002) Using 8 workers of 8 for evacuation
[2022-04-27T05:38:14.575+0000][1977.438s] GC(1002)   Pre Evacuate Collection Set: 0.0ms
[2022-04-27T05:38:14.575+0000][1977.439s] GC(1002)   Evacuate Collection Set: 4.6ms
[2022-04-27T05:38:14.575+0000][1977.439s] GC(1002)   Post Evacuate Collection Set: 1.1ms
[2022-04-27T05:38:14.576+0000][1977.439s] GC(1002)   Other: 0.9ms
[2022-04-27T05:38:14.576+0000][1977.440s] GC(1002) Eden regions: 268->0(267)
[2022-04-27T05:38:14.576+0000][1977.440s] GC(1002) Survivor regions: 13->16(36)
[2022-04-27T05:38:14.577+0000][1977.440s] GC(1002) Old regions: 139->139
[2022-04-27T05:38:14.577+0000][1977.441s] GC(1002) Humongous regions: 7->7
[2022-04-27T05:38:14.577+0000][1977.441s] GC(1002) Metaspace: 56930K->56930K(1101824K)
[2022-04-27T05:38:14.578+0000][1977.441s] GC(1002) Pause Young (Normal) (G1 Evacuation Pause) 425M->160M(512M) 9.546ms
[2022-04-27T05:38:14.578+0000][1977.442s] GC(1002) User=0.04s Sys=0.00s Real=0.01s
[2022-04-27T05:38:16.273+0000][1979.137s] GC(1003) Pause Young (Normal) (G1 Evacuation Pause)
[2022-04-27T05:38:16.274+0000][1979.137s] GC(1003) Using 8 workers of 8 for evacuation
[2022-04-27T05:38:16.284+0000][1979.147s] GC(1003)   Pre Evacuate Collection Set: 0.0ms
[2022-04-27T05:38:16.284+0000][1979.148s] GC(1003)   Evacuate Collection Set: 8.3ms
[2022-04-27T05:38:16.284+0000][1979.148s] GC(1003)   Post Evacuate Collection Set: 1.2ms
[2022-04-27T05:38:16.285+0000][1979.148s] GC(1003)   Other: 0.9ms
[2022-04-27T05:38:16.285+0000][1979.149s] GC(1003) Eden regions: 267->0(256)
[2022-04-27T05:38:16.285+0000][1979.149s] GC(1003) Survivor regions: 16->26(36)
[2022-04-27T05:38:16.286+0000][1979.149s] GC(1003) Old regions: 139->139
[2022-04-27T05:38:16.286+0000][1979.150s] GC(1003) Humongous regions: 7->7
[2022-04-27T05:38:16.287+0000][1979.150s] GC(1003) Metaspace: 56934K->56934K(1101824K)
[2022-04-27T05:38:16.287+0000][1979.151s] GC(1003) Pause Young (Normal) (G1 Evacuation Pause) 427M->170M(512M) 13.706ms
[2022-04-27T05:38:16.287+0000][1979.151s] GC(1003) User=0.07s Sys=0.00s Real=0.01s
[2022-04-27T05:38:17.875+0000][1980.738s] GC(1004) Pause Young (Normal) (G1 Evacuation Pause)
[2022-04-27T05:38:17.875+0000][1980.739s] GC(1004) Using 8 workers of 8 for evacuation
[2022-04-27T05:38:17.887+0000][1980.751s] GC(1004)   Pre Evacuate Collection Set: 0.0ms
[2022-04-27T05:38:17.887+0000][1980.751s] GC(1004)   Evacuate Collection Set: 10.2ms
[2022-04-27T05:38:17.888+0000][1980.751s] GC(1004)   Post Evacuate Collection Set: 1.2ms
[2022-04-27T05:38:17.888+0000][1980.752s] GC(1004)   Other: 0.9ms
[2022-04-27T05:38:17.889+0000][1980.752s] GC(1004) Eden regions: 256->0(246)
[2022-04-27T05:38:17.889+0000][1980.753s] GC(1004) Survivor regions: 26->22(36)
[2022-04-27T05:38:17.889+0000][1980.753s] GC(1004) Old regions: 139->150
[2022-04-27T05:38:17.889+0000][1980.753s] GC(1004) Humongous regions: 7->7
[2022-04-27T05:38:17.890+0000][1980.753s] GC(1004) Metaspace: 56934K->56934K(1101824K)
[2022-04-27T05:38:17.890+0000][1980.754s] GC(1004) Pause Young (Normal) (G1 Evacuation Pause) 426M->177M(512M) 15.381ms
[2022-04-27T05:38:17.890+0000][1980.754s] GC(1004) User=0.08s Sys=0.00s Real=0.01s
[2022-04-27T05:38:19.734+0000][1982.597s] GC(1005) Pause Young (Concurrent Start) (G1 Evacuation Pause)
[2022-04-27T05:38:19.734+0000][1982.598s] GC(1005) Using 8 workers of 8 for evacuation
[2022-04-27T05:38:19.755+0000][1982.619s] GC(1005)   Pre Evacuate Collection Set: 0.1ms
[2022-04-27T05:38:19.755+0000][1982.619s] GC(1005)   Evacuate Collection Set: 16.6ms
[2022-04-27T05:38:19.755+0000][1982.619s] GC(1005)   Post Evacuate Collection Set: 3.8ms
[2022-04-27T05:38:19.756+0000][1982.619s] GC(1005)   Other: 0.7ms
[2022-04-27T05:38:19.756+0000][1982.620s] GC(1005) Eden regions: 246->0(242)
[2022-04-27T05:38:19.756+0000][1982.620s] GC(1005) Survivor regions: 22->19(34)
[2022-04-27T05:38:19.756+0000][1982.620s] GC(1005) Old regions: 150->156
[2022-04-27T05:38:19.756+0000][1982.620s] GC(1005) Humongous regions: 7->7
[2022-04-27T05:38:19.757+0000][1982.620s] GC(1005) Metaspace: 56934K->56934K(1101824K)
[2022-04-27T05:38:19.757+0000][1982.621s] GC(1005) Pause Young (Concurrent Start) (G1 Evacuation Pause) 423M->179M(512M) 23.182ms
[2022-04-27T05:38:19.757+0000][1982.621s] GC(1005) User=0.09s Sys=0.00s Real=0.02s
[2022-04-27T05:38:19.757+0000][1982.621s] GC(1006) Concurrent Cycle
[2022-04-27T05:38:19.757+0000][1982.621s] GC(1006) Concurrent Clear Claimed Marks
[2022-04-27T05:38:19.758+0000][1982.621s] GC(1006) Concurrent Clear Claimed Marks 0.327ms
[2022-04-27T05:38:19.758+0000][1982.622s] GC(1006) Concurrent Scan Root Regions
[2022-04-27T05:38:19.765+0000][1982.628s] GC(1006) Concurrent Scan Root Regions 6.568ms
[2022-04-27T05:38:19.777+0000][1982.641s] GC(1006) Concurrent Mark (1982.641s)
[2022-04-27T05:38:19.778+0000][1982.642s] GC(1006) Concurrent Mark From Roots
[2022-04-27T05:38:19.778+0000][1982.642s] GC(1006) Using 2 workers of 2 for marking
[2022-04-27T05:38:19.827+0000][1982.691s] GC(1006) Concurrent Mark From Roots 48.868ms
[2022-04-27T05:38:19.827+0000][1982.691s] GC(1006) Concurrent Preclean
[2022-04-27T05:38:19.828+0000][1982.691s] GC(1006) Concurrent Preclean 0.470ms
[2022-04-27T05:38:19.828+0000][1982.692s] GC(1006) Concurrent Mark (1982.641s, 1982.692s) 50.438ms
[2022-04-27T05:38:19.829+0000][1982.692s] GC(1006) Pause Remark
[2022-04-27T05:38:19.846+0000][1982.709s] GC(1006) Cleaned string and symbol table, strings: 24903 processed, 0 removed, symbols: 137617 processed, 14 removed
[2022-04-27T05:38:19.846+0000][1982.710s] GC(1006) Pause Remark 195M->159M(512M) 17.806ms
[2022-04-27T05:38:19.847+0000][1982.710s] GC(1006) User=0.12s Sys=0.00s Real=0.02s
[2022-04-27T05:38:19.847+0000][1982.711s] GC(1006) Concurrent Rebuild Remembered Sets
[2022-04-27T05:38:19.878+0000][1982.742s] GC(1006) Concurrent Rebuild Remembered Sets 31.546ms
[2022-04-27T05:38:19.879+0000][1982.743s] GC(1006) Pause Cleanup
[2022-04-27T05:38:19.880+0000][1982.743s] GC(1006) Pause Cleanup 163M->163M(512M) 0.538ms
[2022-04-27T05:38:19.880+0000][1982.743s] GC(1006) User=0.00s Sys=0.00s Real=0.00s
[2022-04-27T05:38:19.880+0000][1982.744s] GC(1006) Concurrent Cleanup for Next Mark
[2022-04-27T05:38:19.881+0000][1982.745s] GC(1006) Concurrent Cleanup for Next Mark 0.960ms
[2022-04-27T05:38:19.881+0000][1982.745s] GC(1006) Concurrent Cycle 124.008ms
[2022-04-27T05:38:21.394+0000][1984.258s] GC(1007) Pause Young (Prepare Mixed) (G1 Evacuation Pause)
[2022-04-27T05:38:21.394+0000][1984.258s] GC(1007) Using 8 workers of 8 for evacuation
[2022-04-27T05:38:21.404+0000][1984.268s] GC(1007)   Pre Evacuate Collection Set: 0.0ms
[2022-04-27T05:38:21.404+0000][1984.268s] GC(1007)   Evacuate Collection Set: 6.6ms
[2022-04-27T05:38:21.405+0000][1984.268s] GC(1007)   Post Evacuate Collection Set: 2.6ms
[2022-04-27T05:38:21.405+0000][1984.269s] GC(1007)   Other: 0.5ms
[2022-04-27T05:38:21.405+0000][1984.269s] GC(1007) Eden regions: 242->0(4)
[2022-04-27T05:38:21.406+0000][1984.269s] GC(1007) Survivor regions: 19->21(33)
[2022-04-27T05:38:21.406+0000][1984.270s] GC(1007) Old regions: 120->125
[2022-04-27T05:38:21.406+0000][1984.270s] GC(1007) Humongous regions: 7->7
[2022-04-27T05:38:21.407+0000][1984.270s] GC(1007) Metaspace: 56934K->56934K(1101824K)
[2022-04-27T05:38:21.407+0000][1984.271s] GC(1007) Pause Young (Prepare Mixed) (G1 Evacuation Pause) 385M->150M(512M) 12.702ms
[2022-04-27T05:38:21.407+0000][1984.271s] GC(1007) User=0.06s Sys=0.00s Real=0.01s
[2022-04-27T05:38:21.418+0000][1984.281s] GC(1008) Pause Young (Mixed) (G1 Evacuation Pause)
[2022-04-27T05:38:21.418+0000][1984.282s] GC(1008) Using 8 workers of 8 for evacuation
[2022-04-27T05:38:21.428+0000][1984.291s] GC(1008)   Pre Evacuate Collection Set: 0.0ms
[2022-04-27T05:38:21.428+0000][1984.292s] GC(1008)   Evacuate Collection Set: 8.5ms
[2022-04-27T05:38:21.428+0000][1984.292s] GC(1008)   Post Evacuate Collection Set: 0.6ms
[2022-04-27T05:38:21.428+0000][1984.292s] GC(1008)   Other: 0.9ms
[2022-04-27T05:38:21.429+0000][1984.292s] GC(1008) Eden regions: 4->0(282)
[2022-04-27T05:38:21.429+0000][1984.293s] GC(1008) Survivor regions: 21->2(4)
[2022-04-27T05:38:21.429+0000][1984.293s] GC(1008) Old regions: 125->125
[2022-04-27T05:38:21.429+0000][1984.293s] GC(1008) Humongous regions: 7->7
[2022-04-27T05:38:21.430+0000][1984.293s] GC(1008) Metaspace: 56934K->56934K(1101824K)
[2022-04-27T05:38:21.430+0000][1984.294s] GC(1008) Pause Young (Mixed) (G1 Evacuation Pause) 154M->131M(512M) 12.418ms
[2022-04-27T05:38:21.430+0000][1984.294s] GC(1008) User=0.06s Sys=0.00s Real=0.01s
[2022-04-27T05:38:23.216+0000][1986.080s] GC(1009) Pause Young (Normal) (G1 Evacuation Pause)
[2022-04-27T05:38:23.216+0000][1986.080s] GC(1009) Using 8 workers of 8 for evacuation
[2022-04-27T05:38:23.226+0000][1986.089s] GC(1009)   Pre Evacuate Collection Set: 0.0ms
[2022-04-27T05:38:23.226+0000][1986.090s] GC(1009)   Evacuate Collection Set: 4.1ms
[2022-04-27T05:38:23.226+0000][1986.090s] GC(1009)   Post Evacuate Collection Set: 4.8ms
[2022-04-27T05:38:23.227+0000][1986.090s] GC(1009)   Other: 0.6ms
[2022-04-27T05:38:23.227+0000][1986.090s] GC(1009) Eden regions: 282->0(276)
[2022-04-27T05:38:23.227+0000][1986.091s] GC(1009) Survivor regions: 2->11(36)
[2022-04-27T05:38:23.227+0000][1986.091s] GC(1009) Old regions: 125->125
[2022-04-27T05:38:23.228+0000][1986.091s] GC(1009) Humongous regions: 7->7
[2022-04-27T05:38:23.228+0000][1986.092s] GC(1009) Metaspace: 56934K->56934K(1101824K)
[2022-04-27T05:38:23.228+0000][1986.092s] GC(1009) Pause Young (Normal) (G1 Evacuation Pause) 413M->140M(512M) 12.198ms
[2022-04-27T05:38:23.229+0000][1986.092s] GC(1009) User=0.06s Sys=0.01s Real=0.01s
[2022-04-27T05:38:24.832+0000][1987.695s] GC(1010) Pause Young (Normal) (G1 Evacuation Pause)
[2022-04-27T05:38:24.832+0000][1987.696s] GC(1010) Using 8 workers of 8 for evacuation
[2022-04-27T05:38:24.838+0000][1987.702s] GC(1010)   Pre Evacuate Collection Set: 0.0ms
[2022-04-27T05:38:24.839+0000][1987.702s] GC(1010)   Evacuate Collection Set: 5.1ms
[2022-04-27T05:38:24.839+0000][1987.703s] GC(1010)   Post Evacuate Collection Set: 0.9ms
[2022-04-27T05:38:24.839+0000][1987.703s] GC(1010)   Other: 0.7ms
[2022-04-27T05:38:24.840+0000][1987.703s] GC(1010) Eden regions: 276->0(272)
[2022-04-27T05:38:24.840+0000][1987.704s] GC(1010) Survivor regions: 11->18(36)
[2022-04-27T05:38:24.840+0000][1987.704s] GC(1010) Old regions: 125->125
[2022-04-27T05:38:24.841+0000][1987.704s] GC(1010) Humongous regions: 7->7
[2022-04-27T05:38:24.841+0000][1987.704s] GC(1010) Metaspace: 56934K->56934K(1101824K)
[2022-04-27T05:38:24.841+0000][1987.705s] GC(1010) Pause Young (Normal) (G1 Evacuation Pause) 416M->147M(512M) 9.355ms
[2022-04-27T05:38:24.841+0000][1987.705s] GC(1010) User=0.04s Sys=0.01s Real=0.01s
[2022-04-27T05:38:26.505+0000][1989.369s] GC(1011) Pause Young (Normal) (G1 Evacuation Pause)
[2022-04-27T05:38:26.506+0000][1989.370s] GC(1011) Using 8 workers of 8 for evacuation
[2022-04-27T05:38:26.524+0000][1989.388s] GC(1011)   Pre Evacuate Collection Set: 0.0ms
[2022-04-27T05:38:26.525+0000][1989.388s] GC(1011)   Evacuate Collection Set: 16.6ms
[2022-04-27T05:38:26.525+0000][1989.389s] GC(1011)   Post Evacuate Collection Set: 1.2ms
[2022-04-27T05:38:26.525+0000][1989.389s] GC(1011)   Other: 0.8ms
[2022-04-27T05:38:26.526+0000][1989.389s] GC(1011) Eden regions: 272->0(259)
[2022-04-27T05:38:26.526+0000][1989.389s] GC(1011) Survivor regions: 18->29(37)
[2022-04-27T05:38:26.526+0000][1989.390s] GC(1011) Old regions: 125->125
[2022-04-27T05:38:26.526+0000][1989.390s] GC(1011) Humongous regions: 7->7
[2022-04-27T05:38:26.527+0000][1989.390s] GC(1011) Metaspace: 56934K->56934K(1101824K)
[2022-04-27T05:38:26.527+0000][1989.390s] GC(1011) Pause Young (Normal) (G1 Evacuation Pause) 419M->158M(512M) 21.347ms
[2022-04-27T05:38:26.527+0000][1989.391s] GC(1011) User=0.13s Sys=0.00s Real=0.02s
[2022-04-27T05:38:28.315+0000][1991.179s] GC(1012) Pause Young (Normal) (G1 Evacuation Pause)
[2022-04-27T05:38:28.316+0000][1991.179s] GC(1012) Using 8 workers of 8 for evacuation
[2022-04-27T05:38:28.331+0000][1991.195s] GC(1012)   Pre Evacuate Collection Set: 0.0ms
[2022-04-27T05:38:28.332+0000][1991.195s] GC(1012)   Evacuate Collection Set: 11.1ms
[2022-04-27T05:38:28.332+0000][1991.196s] GC(1012)   Post Evacuate Collection Set: 4.1ms
[2022-04-27T05:38:28.332+0000][1991.196s] GC(1012)   Other: 0.8ms
[2022-04-27T05:38:28.332+0000][1991.196s] GC(1012) Eden regions: 259->0(260)
[2022-04-27T05:38:28.333+0000][1991.196s] GC(1012) Survivor regions: 29->17(36)
[2022-04-27T05:38:28.333+0000][1991.196s] GC(1012) Old regions: 125->138
[2022-04-27T05:38:28.333+0000][1991.197s] GC(1012) Humongous regions: 7->7
[2022-04-27T05:38:28.333+0000][1991.197s] GC(1012) Metaspace: 56934K->56934K(1101824K)
[2022-04-27T05:38:28.333+0000][1991.197s] GC(1012) Pause Young (Normal) (G1 Evacuation Pause) 417M->159M(512M) 18.202ms
[2022-04-27T05:38:28.334+0000][1991.197s] GC(1012) User=0.11s Sys=0.01s Real=0.02s
[2022-04-27T05:38:30.117+0000][1992.980s] GC(1013) Pause Young (Normal) (G1 Evacuation Pause)
[2022-04-27T05:38:30.117+0000][1992.981s] GC(1013) Using 8 workers of 8 for evacuation
[2022-04-27T05:38:30.125+0000][1992.989s] GC(1013)   Pre Evacuate Collection Set: 0.0ms
[2022-04-27T05:38:30.126+0000][1992.989s] GC(1013)   Evacuate Collection Set: 6.9ms
[2022-04-27T05:38:30.126+0000][1992.990s] GC(1013)   Post Evacuate Collection Set: 1.0ms
[2022-04-27T05:38:30.126+0000][1992.990s] GC(1013)   Other: 0.7ms
[2022-04-27T05:38:30.127+0000][1992.991s] GC(1013) Eden regions: 260->0(252)
[2022-04-27T05:38:30.127+0000][1992.991s] GC(1013) Survivor regions: 17->25(35)
[2022-04-27T05:38:30.128+0000][1992.991s] GC(1013) Old regions: 138->138
[2022-04-27T05:38:30.128+0000][1992.992s] GC(1013) Humongous regions: 7->7
[2022-04-27T05:38:30.128+0000][1992.992s] GC(1013) Metaspace: 56934K->56934K(1101824K)
[2022-04-27T05:38:30.129+0000][1992.992s] GC(1013) Pause Young (Normal) (G1 Evacuation Pause) 419M->167M(512M) 11.971ms
[2022-04-27T05:38:30.129+0000][1992.993s] GC(1013) User=0.05s Sys=0.00s Real=0.01s
[2022-04-27T05:38:31.678+0000][1994.542s] GC(1014) Pause Young (Normal) (G1 Evacuation Pause)
[2022-04-27T05:38:31.678+0000][1994.542s] GC(1014) Using 8 workers of 8 for evacuation
[2022-04-27T05:38:31.690+0000][1994.553s] GC(1014)   Pre Evacuate Collection Set: 0.0ms
[2022-04-27T05:38:31.690+0000][1994.554s] GC(1014)   Evacuate Collection Set: 9.3ms
[2022-04-27T05:38:31.691+0000][1994.554s] GC(1014)   Post Evacuate Collection Set: 1.5ms
[2022-04-27T05:38:31.691+0000][1994.554s] GC(1014)   Other: 0.9ms
[2022-04-27T05:38:31.691+0000][1994.555s] GC(1014) Eden regions: 252->0(248)
[2022-04-27T05:38:31.692+0000][1994.555s] GC(1014) Survivor regions: 25->18(35)
[2022-04-27T05:38:31.692+0000][1994.556s] GC(1014) Old regions: 138->150
[2022-04-27T05:38:31.692+0000][1994.556s] GC(1014) Humongous regions: 7->7
[2022-04-27T05:38:31.693+0000][1994.556s] GC(1014) Metaspace: 56934K->56934K(1101824K)
[2022-04-27T05:38:31.693+0000][1994.557s] GC(1014) Pause Young (Normal) (G1 Evacuation Pause) 419M->173M(512M) 14.875ms
[2022-04-27T05:38:31.693+0000][1994.557s] GC(1014) User=0.08s Sys=0.00s Real=0.02s
[2022-04-27T05:38:33.295+0000][1996.158s] GC(1015) Pause Young (Concurrent Start) (G1 Evacuation Pause)
[2022-04-27T05:38:33.295+0000][1996.159s] GC(1015) Using 8 workers of 8 for evacuation
[2022-04-27T05:38:33.323+0000][1996.187s] GC(1015)   Pre Evacuate Collection Set: 0.1ms
[2022-04-27T05:38:33.324+0000][1996.187s] GC(1015)   Evacuate Collection Set: 23.3ms
[2022-04-27T05:38:33.324+0000][1996.188s] GC(1015)   Post Evacuate Collection Set: 4.2ms
[2022-04-27T05:38:33.324+0000][1996.188s] GC(1015)   Other: 0.9ms
[2022-04-27T05:38:33.325+0000][1996.188s] GC(1015) Eden regions: 248->0(241)
[2022-04-27T05:38:33.325+0000][1996.189s] GC(1015) Survivor regions: 18->25(34)
[2022-04-27T05:38:33.325+0000][1996.189s] GC(1015) Old regions: 150->150
[2022-04-27T05:38:33.326+0000][1996.190s] GC(1015) Humongous regions: 7->7
[2022-04-27T05:38:33.326+0000][1996.190s] GC(1015) Metaspace: 56934K->56934K(1101824K)
[2022-04-27T05:38:33.327+0000][1996.190s] GC(1015) Pause Young (Concurrent Start) (G1 Evacuation Pause) 421M->179M(512M) 32.080ms
[2022-04-27T05:38:33.327+0000][1996.191s] GC(1015) User=0.11s Sys=0.00s Real=0.03s
[2022-04-27T05:38:33.327+0000][1996.191s] GC(1016) Concurrent Cycle
[2022-04-27T05:38:33.328+0000][1996.191s] GC(1016) Concurrent Clear Claimed Marks
[2022-04-27T05:38:33.328+0000][1996.192s] GC(1016) Concurrent Clear Claimed Marks 0.407ms
[2022-04-27T05:38:33.328+0000][1996.192s] GC(1016) Concurrent Scan Root Regions
[2022-04-27T05:38:33.337+0000][1996.201s] GC(1016) Concurrent Scan Root Regions 9.000ms
[2022-04-27T05:38:33.338+0000][1996.201s] GC(1016) Concurrent Mark (1996.201s)
[2022-04-27T05:38:33.338+0000][1996.202s] GC(1016) Concurrent Mark From Roots
[2022-04-27T05:38:33.338+0000][1996.202s] GC(1016) Using 2 workers of 2 for marking
[2022-04-27T05:38:33.382+0000][1996.246s] GC(1016) Concurrent Mark From Roots 44.567ms
[2022-04-27T05:38:33.383+0000][1996.247s] GC(1016) Concurrent Preclean
[2022-04-27T05:38:33.383+0000][1996.247s] GC(1016) Concurrent Preclean 0.620ms
[2022-04-27T05:38:33.384+0000][1996.247s] GC(1016) Concurrent Mark (1996.201s, 1996.247s) 46.254ms
[2022-04-27T05:38:33.385+0000][1996.248s] GC(1016) Pause Remark
[2022-04-27T05:38:33.402+0000][1996.265s] GC(1016) Cleaned string and symbol table, strings: 24903 processed, 0 removed, symbols: 137612 processed, 9 removed
[2022-04-27T05:38:33.402+0000][1996.266s] GC(1016) Pause Remark 187M->166M(512M) 17.619ms
[2022-04-27T05:38:33.403+0000][1996.266s] GC(1016) User=0.12s Sys=0.00s Real=0.02s
[2022-04-27T05:38:33.403+0000][1996.267s] GC(1016) Concurrent Rebuild Remembered Sets
[2022-04-27T05:38:33.435+0000][1996.298s] GC(1016) Concurrent Rebuild Remembered Sets 31.835ms
[2022-04-27T05:38:33.435+0000][1996.299s] GC(1016) Pause Cleanup
[2022-04-27T05:38:33.436+0000][1996.299s] GC(1016) Pause Cleanup 171M->171M(512M) 0.480ms
[2022-04-27T05:38:33.436+0000][1996.300s] GC(1016) User=0.00s Sys=0.00s Real=0.00s
[2022-04-27T05:38:33.436+0000][1996.300s] GC(1016) Concurrent Cleanup for Next Mark
[2022-04-27T05:38:33.437+0000][1996.301s] GC(1016) Concurrent Cleanup for Next Mark 1.001ms
[2022-04-27T05:38:33.438+0000][1996.301s] GC(1016) Concurrent Cycle 110.224ms
[2022-04-27T05:38:34.686+0000][1997.549s] GC(1017) Pause Young (Prepare Mixed) (G1 Evacuation Pause)
[2022-04-27T05:38:34.686+0000][1997.550s] GC(1017) Using 8 workers of 8 for evacuation
[2022-04-27T05:38:34.694+0000][1997.557s] GC(1017)   Pre Evacuate Collection Set: 0.0ms
[2022-04-27T05:38:34.694+0000][1997.558s] GC(1017)   Evacuate Collection Set: 6.2ms
[2022-04-27T05:38:34.694+0000][1997.558s] GC(1017)   Post Evacuate Collection Set: 1.2ms
[2022-04-27T05:38:34.695+0000][1997.558s] GC(1017)   Other: 0.6ms
[2022-04-27T05:38:34.695+0000][1997.559s] GC(1017) Eden regions: 241->0(12)
[2022-04-27T05:38:34.696+0000][1997.559s] GC(1017) Survivor regions: 25->13(34)
[2022-04-27T05:38:34.696+0000][1997.560s] GC(1017) Old regions: 129->141
[2022-04-27T05:38:34.696+0000][1997.560s] GC(1017) Humongous regions: 7->7
[2022-04-27T05:38:34.697+0000][1997.560s] GC(1017) Metaspace: 56934K->56934K(1101824K)
[2022-04-27T05:38:34.697+0000][1997.561s] GC(1017) Pause Young (Prepare Mixed) (G1 Evacuation Pause) 399M->159M(512M) 11.283ms
[2022-04-27T05:38:34.697+0000][1997.561s] GC(1017) User=0.06s Sys=0.00s Real=0.01s
[2022-04-27T05:38:34.758+0000][1997.621s] GC(1018) Pause Young (Mixed) (G1 Evacuation Pause)
[2022-04-27T05:38:34.758+0000][1997.622s] GC(1018) Using 8 workers of 8 for evacuation
[2022-04-27T05:38:34.764+0000][1997.628s] GC(1018)   Pre Evacuate Collection Set: 0.0ms
[2022-04-27T05:38:34.764+0000][1997.628s] GC(1018)   Evacuate Collection Set: 4.6ms
[2022-04-27T05:38:34.765+0000][1997.629s] GC(1018)   Post Evacuate Collection Set: 0.9ms
[2022-04-27T05:38:34.765+0000][1997.629s] GC(1018)   Other: 0.8ms
[2022-04-27T05:38:34.766+0000][1997.629s] GC(1018) Eden regions: 12->0(279)
[2022-04-27T05:38:34.766+0000][1997.630s] GC(1018) Survivor regions: 13->2(4)
[2022-04-27T05:38:34.766+0000][1997.630s] GC(1018) Old regions: 141->128
[2022-04-27T05:38:34.767+0000][1997.630s] GC(1018) Humongous regions: 7->7
[2022-04-27T05:38:34.767+0000][1997.631s] GC(1018) Metaspace: 56934K->56934K(1101824K)
[2022-04-27T05:38:34.767+0000][1997.631s] GC(1018) Pause Young (Mixed) (G1 Evacuation Pause) 170M->134M(512M) 9.626ms
[2022-04-27T05:38:34.768+0000][1997.631s] GC(1018) User=0.04s Sys=0.00s Real=0.01s
[2022-04-27T05:38:36.355+0000][1999.219s] GC(1019) Pause Young (Normal) (G1 Evacuation Pause)
[2022-04-27T05:38:36.356+0000][1999.219s] GC(1019) Using 8 workers of 8 for evacuation
[2022-04-27T05:38:36.362+0000][1999.226s] GC(1019)   Pre Evacuate Collection Set: 0.0ms
[2022-04-27T05:38:36.363+0000][1999.226s] GC(1019)   Evacuate Collection Set: 2.9ms
[2022-04-27T05:38:36.363+0000][1999.227s] GC(1019)   Post Evacuate Collection Set: 3.0ms
[2022-04-27T05:38:36.363+0000][1999.227s] GC(1019)   Other: 0.8ms
[2022-04-27T05:38:36.364+0000][1999.227s] GC(1019) Eden regions: 279->0(278)
[2022-04-27T05:38:36.364+0000][1999.228s] GC(1019) Survivor regions: 2->8(36)
[2022-04-27T05:38:36.364+0000][1999.228s] GC(1019) Old regions: 128->128
[2022-04-27T05:38:36.365+0000][1999.229s] GC(1019) Humongous regions: 7->7
[2022-04-27T05:38:36.365+0000][1999.229s] GC(1019) Metaspace: 56934K->56934K(1101824K)
[2022-04-27T05:38:36.366+0000][1999.229s] GC(1019) Pause Young (Normal) (G1 Evacuation Pause) 413M->140M(512M) 10.282ms
[2022-04-27T05:38:36.366+0000][1999.230s] GC(1019) User=0.04s Sys=0.00s Real=0.01s
[2022-04-27T05:38:38.457+0000][2001.321s] GC(1020) Pause Young (Normal) (G1 Evacuation Pause)
[2022-04-27T05:38:38.458+0000][2001.321s] GC(1020) Using 8 workers of 8 for evacuation
[2022-04-27T05:38:38.464+0000][2001.328s] GC(1020)   Pre Evacuate Collection Set: 0.0ms
[2022-04-27T05:38:38.464+0000][2001.328s] GC(1020)   Evacuate Collection Set: 4.6ms
[2022-04-27T05:38:38.465+0000][2001.328s] GC(1020)   Post Evacuate Collection Set: 1.2ms
[2022-04-27T05:38:38.465+0000][2001.329s] GC(1020)   Other: 0.8ms
[2022-04-27T05:38:38.465+0000][2001.329s] GC(1020) Eden regions: 278->0(277)
[2022-04-27T05:38:38.466+0000][2001.329s] GC(1020) Survivor regions: 8->13(36)
[2022-04-27T05:38:38.466+0000][2001.329s] GC(1020) Old regions: 128->128
[2022-04-27T05:38:38.466+0000][2001.330s] GC(1020) Humongous regions: 7->7
[2022-04-27T05:38:38.466+0000][2001.330s] GC(1020) Metaspace: 56934K->56934K(1101824K)
[2022-04-27T05:38:38.467+0000][2001.330s] GC(1020) Pause Young (Normal) (G1 Evacuation Pause) 418M->145M(512M) 9.061ms
[2022-04-27T05:38:38.467+0000][2001.330s] GC(1020) User=0.04s Sys=0.00s Real=0.01s
[2022-04-27T05:38:39.491+0000][2002.354s] GC(1021) Pause Young (Normal) (G1 Evacuation Pause)
[2022-04-27T05:38:39.491+0000][2002.355s] GC(1021) Using 8 workers of 8 for evacuation
[2022-04-27T05:38:39.498+0000][2002.362s] GC(1021)   Pre Evacuate Collection Set: 0.1ms
[2022-04-27T05:38:39.499+0000][2002.362s] GC(1021)   Evacuate Collection Set: 5.5ms
[2022-04-27T05:38:39.499+0000][2002.362s] GC(1021)   Post Evacuate Collection Set: 1.0ms
[2022-04-27T05:38:39.499+0000][2002.363s] GC(1021)   Other: 0.9ms
[2022-04-27T05:38:39.499+0000][2002.363s] GC(1021) Eden regions: 277->0(276)
[2022-04-27T05:38:39.500+0000][2002.363s] GC(1021) Survivor regions: 13->19(37)
[2022-04-27T05:38:39.500+0000][2002.364s] GC(1021) Old regions: 128->128
[2022-04-27T05:38:39.500+0000][2002.364s] GC(1021) Humongous regions: 7->7
[2022-04-27T05:38:39.501+0000][2002.364s] GC(1021) Metaspace: 56934K->56934K(1101824K)
[2022-04-27T05:38:39.501+0000][2002.364s] GC(1021) Pause Young (Normal) (G1 Evacuation Pause) 422M->151M(512M) 10.123ms
[2022-04-27T05:38:39.501+0000][2002.365s] GC(1021) User=0.05s Sys=0.00s Real=0.02s
[2022-04-27T05:38:41.255+0000][2004.119s] GC(1022) Pause Young (Normal) (G1 Evacuation Pause)
[2022-04-27T05:38:41.256+0000][2004.119s] GC(1022) Using 8 workers of 8 for evacuation
[2022-04-27T05:38:41.264+0000][2004.128s] GC(1022)   Pre Evacuate Collection Set: 0.0ms
[2022-04-27T05:38:41.265+0000][2004.128s] GC(1022)   Evacuate Collection Set: 6.9ms
[2022-04-27T05:38:41.265+0000][2004.129s] GC(1022)   Post Evacuate Collection Set: 1.4ms
[2022-04-27T05:38:41.265+0000][2004.129s] GC(1022)   Other: 0.7ms
[2022-04-27T05:38:41.266+0000][2004.129s] GC(1022) Eden regions: 276->0(272)
[2022-04-27T05:38:41.266+0000][2004.130s] GC(1022) Survivor regions: 19->26(37)
[2022-04-27T05:38:41.266+0000][2004.130s] GC(1022) Old regions: 128->128
[2022-04-27T05:38:41.267+0000][2004.130s] GC(1022) Humongous regions: 7->7
[2022-04-27T05:38:41.267+0000][2004.131s] GC(1022) Metaspace: 56934K->56934K(1101824K)
[2022-04-27T05:38:41.268+0000][2004.131s] GC(1022) Pause Young (Normal) (G1 Evacuation Pause) 427M->158M(512M) 12.311ms
[2022-04-27T05:38:41.268+0000][2004.131s] GC(1022) User=0.06s Sys=0.00s Real=0.01s
[2022-04-27T05:38:42.978+0000][2005.841s] GC(1023) Pause Young (Normal) (G1 Evacuation Pause)
[2022-04-27T05:38:42.978+0000][2005.842s] GC(1023) Using 8 workers of 8 for evacuation
[2022-04-27T05:38:42.992+0000][2005.856s] GC(1023)   Pre Evacuate Collection Set: 0.0ms
[2022-04-27T05:38:42.993+0000][2005.856s] GC(1023)   Evacuate Collection Set: 11.4ms
[2022-04-27T05:38:42.993+0000][2005.856s] GC(1023)   Post Evacuate Collection Set: 2.4ms
[2022-04-27T05:38:42.993+0000][2005.857s] GC(1023)   Other: 0.7ms
[2022-04-27T05:38:42.994+0000][2005.857s] GC(1023) Eden regions: 272->0(267)
[2022-04-27T05:38:42.994+0000][2005.857s] GC(1023) Survivor regions: 26->26(38)
[2022-04-27T05:38:42.994+0000][2005.858s] GC(1023) Old regions: 128->134
[2022-04-27T05:38:42.994+0000][2005.858s] GC(1023) Humongous regions: 7->7
[2022-04-27T05:38:42.995+0000][2005.858s] GC(1023) Metaspace: 56934K->56934K(1101824K)
[2022-04-27T05:38:42.995+0000][2005.859s] GC(1023) Pause Young (Normal) (G1 Evacuation Pause) 430M->164M(512M) 17.147ms
[2022-04-27T05:38:42.995+0000][2005.859s] GC(1023) User=0.10s Sys=0.00s Real=0.02s
[2022-04-27T05:38:44.583+0000][2007.447s] GC(1024) Pause Young (Concurrent Start) (G1 Evacuation Pause)
[2022-04-27T05:38:44.583+0000][2007.447s] GC(1024) Using 8 workers of 8 for evacuation
[2022-04-27T05:38:44.599+0000][2007.463s] GC(1024)   Pre Evacuate Collection Set: 0.1ms
[2022-04-27T05:38:44.599+0000][2007.463s] GC(1024)   Evacuate Collection Set: 14.0ms
[2022-04-27T05:38:44.599+0000][2007.463s] GC(1024)   Post Evacuate Collection Set: 1.2ms
[2022-04-27T05:38:44.600+0000][2007.463s] GC(1024)   Other: 0.8ms
[2022-04-27T05:38:44.600+0000][2007.464s] GC(1024) Eden regions: 267->0(263)
[2022-04-27T05:38:44.600+0000][2007.464s] GC(1024) Survivor regions: 26->25(37)
[2022-04-27T05:38:44.601+0000][2007.464s] GC(1024) Old regions: 134->140
[2022-04-27T05:38:44.601+0000][2007.464s] GC(1024) Humongous regions: 7->7
[2022-04-27T05:38:44.601+0000][2007.465s] GC(1024) Metaspace: 56934K->56934K(1101824K)
[2022-04-27T05:38:44.601+0000][2007.465s] GC(1024) Pause Young (Concurrent Start) (G1 Evacuation Pause) 431M->170M(512M) 18.495ms
[2022-04-27T05:38:44.602+0000][2007.465s] GC(1024) User=0.06s Sys=0.00s Real=0.02s
[2022-04-27T05:38:44.602+0000][2007.466s] GC(1025) Concurrent Cycle
[2022-04-27T05:38:44.602+0000][2007.466s] GC(1025) Concurrent Clear Claimed Marks
[2022-04-27T05:38:44.603+0000][2007.466s] GC(1025) Concurrent Clear Claimed Marks 0.380ms
[2022-04-27T05:38:44.603+0000][2007.467s] GC(1025) Concurrent Scan Root Regions
[2022-04-27T05:38:44.607+0000][2007.470s] GC(1025) Concurrent Scan Root Regions 3.959ms
[2022-04-27T05:38:44.607+0000][2007.471s] GC(1025) Concurrent Mark (2007.471s)
[2022-04-27T05:38:44.607+0000][2007.471s] GC(1025) Concurrent Mark From Roots
[2022-04-27T05:38:44.608+0000][2007.471s] GC(1025) Using 2 workers of 2 for marking
[2022-04-27T05:38:44.646+0000][2007.510s] GC(1025) Concurrent Mark From Roots 38.675ms
[2022-04-27T05:38:44.646+0000][2007.510s] GC(1025) Concurrent Preclean
[2022-04-27T05:38:44.647+0000][2007.511s] GC(1025) Concurrent Preclean 0.600ms
[2022-04-27T05:38:44.647+0000][2007.511s] GC(1025) Concurrent Mark (2007.471s, 2007.511s) 40.145ms
[2022-04-27T05:38:44.648+0000][2007.512s] GC(1025) Pause Remark
[2022-04-27T05:38:44.670+0000][2007.534s] GC(1025) Cleaned string and symbol table, strings: 24909 processed, 0 removed, symbols: 137609 processed, 6 removed
[2022-04-27T05:38:44.671+0000][2007.535s] GC(1025) Pause Remark 184M->161M(512M) 23.069ms
[2022-04-27T05:38:44.671+0000][2007.535s] GC(1025) User=0.15s Sys=0.01s Real=0.03s
[2022-04-27T05:38:44.672+0000][2007.535s] GC(1025) Concurrent Rebuild Remembered Sets
[2022-04-27T05:38:44.719+0000][2007.583s] GC(1025) Concurrent Rebuild Remembered Sets 47.607ms
[2022-04-27T05:38:44.720+0000][2007.584s] GC(1025) Pause Cleanup
[2022-04-27T05:38:44.720+0000][2007.584s] GC(1025) Pause Cleanup 162M->162M(512M) 0.431ms
[2022-04-27T05:38:44.721+0000][2007.584s] GC(1025) User=0.00s Sys=0.00s Real=0.00s
[2022-04-27T05:38:44.721+0000][2007.584s] GC(1025) Concurrent Cleanup for Next Mark
[2022-04-27T05:38:44.722+0000][2007.586s] GC(1025) Concurrent Cleanup for Next Mark 1.447ms
[2022-04-27T05:38:44.723+0000][2007.586s] GC(1025) Concurrent Cycle 120.539ms
[2022-04-27T05:38:46.289+0000][2009.152s] GC(1026) Pause Young (Prepare Mixed) (G1 Evacuation Pause)
[2022-04-27T05:38:46.289+0000][2009.153s] GC(1026) Using 8 workers of 8 for evacuation
[2022-04-27T05:38:46.301+0000][2009.164s] GC(1026)   Pre Evacuate Collection Set: 0.0ms
[2022-04-27T05:38:46.301+0000][2009.165s] GC(1026)   Evacuate Collection Set: 6.4ms
[2022-04-27T05:38:46.301+0000][2009.165s] GC(1026)   Post Evacuate Collection Set: 4.7ms
[2022-04-27T05:38:46.301+0000][2009.165s] GC(1026)   Other: 0.8ms
[2022-04-27T05:38:46.302+0000][2009.165s] GC(1026) Eden regions: 263->0(1)
[2022-04-27T05:38:46.302+0000][2009.166s] GC(1026) Survivor regions: 25->28(36)
[2022-04-27T05:38:46.302+0000][2009.166s] GC(1026) Old regions: 117->123
[2022-04-27T05:38:46.302+0000][2009.166s] GC(1026) Humongous regions: 7->7
[2022-04-27T05:38:46.303+0000][2009.166s] GC(1026) Metaspace: 56934K->56934K(1101824K)
[2022-04-27T05:38:46.303+0000][2009.167s] GC(1026) Pause Young (Prepare Mixed) (G1 Evacuation Pause) 410M->155M(512M) 14.458ms
[2022-04-27T05:38:46.303+0000][2009.167s] GC(1026) User=0.09s Sys=0.00s Real=0.02s
[2022-04-27T05:38:46.308+0000][2009.172s] GC(1027) Pause Young (Mixed) (G1 Evacuation Pause)
[2022-04-27T05:38:46.309+0000][2009.172s] GC(1027) Using 8 workers of 8 for evacuation
[2022-04-27T05:38:46.314+0000][2009.177s] GC(1027)   Pre Evacuate Collection Set: 0.0ms
[2022-04-27T05:38:46.314+0000][2009.178s] GC(1027)   Evacuate Collection Set: 4.1ms
[2022-04-27T05:38:46.314+0000][2009.178s] GC(1027)   Post Evacuate Collection Set: 0.5ms
[2022-04-27T05:38:46.315+0000][2009.178s] GC(1027)   Other: 0.7ms
[2022-04-27T05:38:46.315+0000][2009.179s] GC(1027) Eden regions: 1->0(284)
[2022-04-27T05:38:46.315+0000][2009.179s] GC(1027) Survivor regions: 28->3(4)
[2022-04-27T05:38:46.315+0000][2009.179s] GC(1027) Old regions: 123->125
[2022-04-27T05:38:46.316+0000][2009.179s] GC(1027) Humongous regions: 7->7
[2022-04-27T05:38:46.316+0000][2009.180s] GC(1027) Metaspace: 56934K->56934K(1101824K)
[2022-04-27T05:38:46.316+0000][2009.180s] GC(1027) Pause Young (Mixed) (G1 Evacuation Pause) 156M->132M(512M) 7.989ms
[2022-04-27T05:38:46.317+0000][2009.180s] GC(1027) User=0.04s Sys=0.00s Real=0.01s
[2022-04-27T05:38:47.991+0000][2010.855s] GC(1028) Pause Young (Normal) (G1 Evacuation Pause)
[2022-04-27T05:38:47.992+0000][2010.855s] GC(1028) Using 8 workers of 8 for evacuation
[2022-04-27T05:38:48.000+0000][2010.864s] GC(1028)   Pre Evacuate Collection Set: 0.0ms
[2022-04-27T05:38:48.000+0000][2010.864s] GC(1028)   Evacuate Collection Set: 6.7ms
[2022-04-27T05:38:48.000+0000][2010.864s] GC(1028)   Post Evacuate Collection Set: 1.2ms
[2022-04-27T05:38:48.001+0000][2010.864s] GC(1028)   Other: 0.8ms
[2022-04-27T05:38:48.001+0000][2010.865s] GC(1028) Eden regions: 284->0(277)
[2022-04-27T05:38:48.001+0000][2010.865s] GC(1028) Survivor regions: 3->16(36)
[2022-04-27T05:38:48.002+0000][2010.865s] GC(1028) Old regions: 125->125
[2022-04-27T05:38:48.002+0000][2010.866s] GC(1028) Humongous regions: 7->7
[2022-04-27T05:38:48.002+0000][2010.866s] GC(1028) Metaspace: 56934K->56934K(1101824K)
[2022-04-27T05:38:48.003+0000][2010.866s] GC(1028) Pause Young (Normal) (G1 Evacuation Pause) 416M->145M(512M) 11.306ms
[2022-04-27T05:38:48.003+0000][2010.866s] GC(1028) User=0.05s Sys=0.00s Real=0.01s
[2022-04-27T05:38:49.766+0000][2012.630s] GC(1029) Pause Young (Normal) (G1 Evacuation Pause)
[2022-04-27T05:38:49.767+0000][2012.631s] GC(1029) Using 8 workers of 8 for evacuation
[2022-04-27T05:38:49.777+0000][2012.641s] GC(1029)   Pre Evacuate Collection Set: 0.0ms
[2022-04-27T05:38:49.778+0000][2012.641s] GC(1029)   Evacuate Collection Set: 8.7ms
[2022-04-27T05:38:49.778+0000][2012.641s] GC(1029)   Post Evacuate Collection Set: 1.2ms
[2022-04-27T05:38:49.778+0000][2012.642s] GC(1029)   Other: 1.0ms
[2022-04-27T05:38:49.778+0000][2012.642s] GC(1029) Eden regions: 277->0(272)
[2022-04-27T05:38:49.779+0000][2012.642s] GC(1029) Survivor regions: 16->22(37)
[2022-04-27T05:38:49.779+0000][2012.643s] GC(1029) Old regions: 125->125
[2022-04-27T05:38:49.779+0000][2012.643s] GC(1029) Humongous regions: 7->7
[2022-04-27T05:38:49.779+0000][2012.643s] GC(1029) Metaspace: 56934K->56934K(1101824K)
[2022-04-27T05:38:49.780+0000][2012.643s] GC(1029) Pause Young (Normal) (G1 Evacuation Pause) 422M->151M(512M) 13.261ms
[2022-04-27T05:38:49.780+0000][2012.644s] GC(1029) User=0.07s Sys=0.00s Real=0.01s
[2022-04-27T05:38:51.514+0000][2014.377s] GC(1030) Pause Young (Normal) (G1 Evacuation Pause)
[2022-04-27T05:38:51.514+0000][2014.377s] GC(1030) Using 8 workers of 8 for evacuation
[2022-04-27T05:38:51.524+0000][2014.388s] GC(1030)   Pre Evacuate Collection Set: 0.0ms
[2022-04-27T05:38:51.524+0000][2014.388s] GC(1030)   Evacuate Collection Set: 6.6ms
[2022-04-27T05:38:51.525+0000][2014.388s] GC(1030)   Post Evacuate Collection Set: 3.2ms
[2022-04-27T05:38:51.525+0000][2014.389s] GC(1030)   Other: 0.6ms
[2022-04-27T05:38:51.525+0000][2014.389s] GC(1030) Eden regions: 272->0(272)
[2022-04-27T05:38:51.525+0000][2014.389s] GC(1030) Survivor regions: 22->16(37)
[2022-04-27T05:38:51.526+0000][2014.389s] GC(1030) Old regions: 125->133
[2022-04-27T05:38:51.526+0000][2014.390s] GC(1030) Humongous regions: 7->7
[2022-04-27T05:38:51.526+0000][2014.390s] GC(1030) Metaspace: 56934K->56934K(1101824K)
[2022-04-27T05:38:51.527+0000][2014.390s] GC(1030) Pause Young (Normal) (G1 Evacuation Pause) 423M->153M(512M) 13.151ms
[2022-04-27T05:38:51.527+0000][2014.391s] GC(1030) User=0.07s Sys=0.00s Real=0.01s
[2022-04-27T05:38:53.318+0000][2016.182s] GC(1031) Pause Young (Concurrent Start) (G1 Evacuation Pause)
[2022-04-27T05:38:53.319+0000][2016.183s] GC(1031) Using 8 workers of 8 for evacuation
[2022-04-27T05:38:53.351+0000][2016.215s] GC(1031)   Pre Evacuate Collection Set: 0.2ms
[2022-04-27T05:38:53.351+0000][2016.215s] GC(1031)   Evacuate Collection Set: 24.8ms
[2022-04-27T05:38:53.352+0000][2016.215s] GC(1031)   Post Evacuate Collection Set: 6.2ms
[2022-04-27T05:38:53.352+0000][2016.215s] GC(1031)   Other: 1.3ms
[2022-04-27T05:38:53.352+0000][2016.216s] GC(1031) Eden regions: 272->0(262)
[2022-04-27T05:38:53.352+0000][2016.216s] GC(1031) Survivor regions: 16->26(36)
[2022-04-27T05:38:53.353+0000][2016.216s] GC(1031) Old regions: 133->133
[2022-04-27T05:38:53.353+0000][2016.217s] GC(1031) Humongous regions: 7->7
[2022-04-27T05:38:53.353+0000][2016.217s] GC(1031) Metaspace: 56934K->56934K(1101824K)
[2022-04-27T05:38:53.353+0000][2016.217s] GC(1031) Pause Young (Concurrent Start) (G1 Evacuation Pause) 425M->164M(512M) 34.909ms
[2022-04-27T05:38:53.354+0000][2016.217s] GC(1031) User=0.16s Sys=0.00s Real=0.04s
[2022-04-27T05:38:53.354+0000][2016.218s] GC(1032) Concurrent Cycle
[2022-04-27T05:38:53.354+0000][2016.218s] GC(1032) Concurrent Clear Claimed Marks
[2022-04-27T05:38:53.354+0000][2016.218s] GC(1032) Concurrent Clear Claimed Marks 0.366ms
[2022-04-27T05:38:53.355+0000][2016.218s] GC(1032) Concurrent Scan Root Regions
[2022-04-27T05:38:53.365+0000][2016.228s] GC(1032) Concurrent Scan Root Regions 10.061ms
[2022-04-27T05:38:53.365+0000][2016.229s] GC(1032) Concurrent Mark (2016.229s)
[2022-04-27T05:38:53.366+0000][2016.229s] GC(1032) Concurrent Mark From Roots
[2022-04-27T05:38:53.366+0000][2016.229s] GC(1032) Using 2 workers of 2 for marking
[2022-04-27T05:38:53.429+0000][2016.293s] GC(1032) Concurrent Mark From Roots 63.532ms
[2022-04-27T05:38:53.429+0000][2016.293s] GC(1032) Concurrent Preclean
[2022-04-27T05:38:53.430+0000][2016.294s] GC(1032) Concurrent Preclean 0.563ms
[2022-04-27T05:38:53.430+0000][2016.294s] GC(1032) Concurrent Mark (2016.229s, 2016.294s) 65.032ms
[2022-04-27T05:38:53.431+0000][2016.295s] GC(1032) Pause Remark
[2022-04-27T05:38:53.471+0000][2016.334s] GC(1032) Cleaned string and symbol table, strings: 24909 processed, 0 removed, symbols: 137608 processed, 6 removed
[2022-04-27T05:38:53.472+0000][2016.336s] GC(1032) Pause Remark 174M->150M(512M) 40.781ms
[2022-04-27T05:38:53.472+0000][2016.336s] GC(1032) User=0.26s Sys=0.03s Real=0.04s
[2022-04-27T05:38:53.473+0000][2016.336s] GC(1032) Concurrent Rebuild Remembered Sets
[2022-04-27T05:38:53.509+0000][2016.372s] GC(1032) Concurrent Rebuild Remembered Sets 35.983ms
[2022-04-27T05:38:53.509+0000][2016.373s] GC(1032) Pause Cleanup
[2022-04-27T05:38:53.510+0000][2016.374s] GC(1032) Pause Cleanup 154M->154M(512M) 0.687ms
[2022-04-27T05:38:53.510+0000][2016.374s] GC(1032) User=0.00s Sys=0.00s Real=0.00s
[2022-04-27T05:38:53.511+0000][2016.374s] GC(1032) Concurrent Cleanup for Next Mark
[2022-04-27T05:38:53.512+0000][2016.376s] GC(1032) Concurrent Cleanup for Next Mark 1.162ms
[2022-04-27T05:38:53.512+0000][2016.376s] GC(1032) Concurrent Cycle 158.345ms
[2022-04-27T05:38:55.140+0000][2018.003s] GC(1033) Pause Young (Prepare Mixed) (G1 Evacuation Pause)
[2022-04-27T05:38:55.140+0000][2018.004s] GC(1033) Using 8 workers of 8 for evacuation
[2022-04-27T05:38:55.151+0000][2018.015s] GC(1033)   Pre Evacuate Collection Set: 0.0ms
[2022-04-27T05:38:55.155+0000][2018.019s] GC(1033)   Evacuate Collection Set: 7.6ms
[2022-04-27T05:38:55.158+0000][2018.022s] GC(1033)   Post Evacuate Collection Set: 2.8ms
[2022-04-27T05:38:55.161+0000][2018.025s] GC(1033)   Other: 0.9ms
[2022-04-27T05:38:55.161+0000][2018.025s] GC(1033) Eden regions: 262->0(4)
[2022-04-27T05:38:55.161+0000][2018.025s] GC(1033) Survivor regions: 26->21(36)
[2022-04-27T05:38:55.162+0000][2018.025s] GC(1033) Old regions: 109->121
[2022-04-27T05:38:55.162+0000][2018.026s] GC(1033) Humongous regions: 7->7
[2022-04-27T05:38:55.162+0000][2018.026s] GC(1033) Metaspace: 56934K->56934K(1101824K)
[2022-04-27T05:38:55.163+0000][2018.026s] GC(1033) Pause Young (Prepare Mixed) (G1 Evacuation Pause) 402M->146M(512M) 23.018ms
[2022-04-27T05:38:55.163+0000][2018.027s] GC(1033) User=0.06s Sys=0.01s Real=0.03s
[2022-04-27T05:38:55.187+0000][2018.051s] GC(1034) Pause Young (Mixed) (G1 Evacuation Pause)
[2022-04-27T05:38:55.188+0000][2018.051s] GC(1034) Using 8 workers of 8 for evacuation
[2022-04-27T05:38:55.193+0000][2018.056s] GC(1034)   Pre Evacuate Collection Set: 0.0ms
[2022-04-27T05:38:55.193+0000][2018.057s] GC(1034)   Evacuate Collection Set: 4.0ms
[2022-04-27T05:38:55.194+0000][2018.057s] GC(1034)   Post Evacuate Collection Set: 0.7ms
[2022-04-27T05:38:55.194+0000][2018.058s] GC(1034)   Other: 0.8ms
[2022-04-27T05:38:55.194+0000][2018.058s] GC(1034) Eden regions: 4->0(293)
[2022-04-27T05:38:55.195+0000][2018.058s] GC(1034) Survivor regions: 21->2(4)
[2022-04-27T05:38:55.195+0000][2018.059s] GC(1034) Old regions: 121->116
[2022-04-27T05:38:55.195+0000][2018.059s] GC(1034) Humongous regions: 7->7
[2022-04-27T05:38:55.196+0000][2018.059s] GC(1034) Metaspace: 56934K->56934K(1101824K)
[2022-04-27T05:38:55.196+0000][2018.060s] GC(1034) Pause Young (Mixed) (G1 Evacuation Pause) 150M->123M(512M) 8.583ms
[2022-04-27T05:38:55.196+0000][2018.060s] GC(1034) User=0.04s Sys=0.00s Real=0.01s
[2022-04-27T05:38:56.986+0000][2019.850s] GC(1035) Pause Young (Normal) (G1 Evacuation Pause)
[2022-04-27T05:38:56.986+0000][2019.850s] GC(1035) Using 8 workers of 8 for evacuation
[2022-04-27T05:38:56.993+0000][2019.857s] GC(1035)   Pre Evacuate Collection Set: 0.0ms
[2022-04-27T05:38:56.993+0000][2019.857s] GC(1035)   Evacuate Collection Set: 5.1ms
[2022-04-27T05:38:56.994+0000][2019.857s] GC(1035)   Post Evacuate Collection Set: 1.0ms
[2022-04-27T05:38:56.994+0000][2019.858s] GC(1035)   Other: 0.8ms
[2022-04-27T05:38:56.994+0000][2019.858s] GC(1035) Eden regions: 293->0(282)
[2022-04-27T05:38:56.994+0000][2019.858s] GC(1035) Survivor regions: 2->15(37)
[2022-04-27T05:38:56.995+0000][2019.858s] GC(1035) Old regions: 116->116
[2022-04-27T05:38:56.995+0000][2019.859s] GC(1035) Humongous regions: 7->7
[2022-04-27T05:38:56.995+0000][2019.859s] GC(1035) Metaspace: 56934K->56934K(1101824K)
[2022-04-27T05:38:56.996+0000][2019.859s] GC(1035) Pause Young (Normal) (G1 Evacuation Pause) 416M->135M(512M) 9.649ms
[2022-04-27T05:38:56.996+0000][2019.860s] GC(1035) User=0.05s Sys=0.00s Real=0.01s
[2022-04-27T05:38:58.998+0000][2021.862s] GC(1036) Pause Young (Normal) (G1 Evacuation Pause)
[2022-04-27T05:38:58.998+0000][2021.862s] GC(1036) Using 8 workers of 8 for evacuation
[2022-04-27T05:38:59.022+0000][2021.886s] GC(1036)   Pre Evacuate Collection Set: 0.0ms
[2022-04-27T05:38:59.023+0000][2021.886s] GC(1036)   Evacuate Collection Set: 16.4ms
[2022-04-27T05:38:59.023+0000][2021.887s] GC(1036)   Post Evacuate Collection Set: 7.0ms
[2022-04-27T05:38:59.023+0000][2021.887s] GC(1036)   Other: 0.9ms
[2022-04-27T05:38:59.024+0000][2021.887s] GC(1036) Eden regions: 282->0(277)
[2022-04-27T05:38:59.024+0000][2021.887s] GC(1036) Survivor regions: 15->21(38)
[2022-04-27T05:38:59.024+0000][2021.888s] GC(1036) Old regions: 116->116
[2022-04-27T05:38:59.025+0000][2021.888s] GC(1036) Humongous regions: 7->7
[2022-04-27T05:38:59.025+0000][2021.889s] GC(1036) Metaspace: 56934K->56934K(1101824K)
[2022-04-27T05:38:59.025+0000][2021.889s] GC(1036) Pause Young (Normal) (G1 Evacuation Pause) 417M->142M(512M) 27.248ms
[2022-04-27T05:38:59.026+0000][2021.889s] GC(1036) User=0.17s Sys=0.00s Real=0.03s
[2022-04-27T05:39:00.816+0000][2023.680s] GC(1037) Pause Young (Normal) (G1 Evacuation Pause)
[2022-04-27T05:39:00.817+0000][2023.680s] GC(1037) Using 8 workers of 8 for evacuation
[2022-04-27T05:39:00.844+0000][2023.708s] GC(1037)   Pre Evacuate Collection Set: 0.0ms
[2022-04-27T05:39:00.845+0000][2023.708s] GC(1037)   Evacuate Collection Set: 15.7ms
[2022-04-27T05:39:00.845+0000][2023.709s] GC(1037)   Post Evacuate Collection Set: 11.8ms
[2022-04-27T05:39:00.845+0000][2023.709s] GC(1037)   Other: 0.7ms
[2022-04-27T05:39:00.846+0000][2023.709s] GC(1037) Eden regions: 277->0(272)
[2022-04-27T05:39:00.846+0000][2023.709s] GC(1037) Survivor regions: 21->21(38)
[2022-04-27T05:39:00.846+0000][2023.710s] GC(1037) Old regions: 116->123
[2022-04-27T05:39:00.846+0000][2023.710s] GC(1037) Humongous regions: 7->7
[2022-04-27T05:39:00.846+0000][2023.710s] GC(1037) Metaspace: 56934K->56934K(1101824K)
[2022-04-27T05:39:00.847+0000][2023.710s] GC(1037) Pause Young (Normal) (G1 Evacuation Pause) 419M->148M(512M) 30.429ms
[2022-04-27T05:39:00.847+0000][2023.711s] GC(1037) User=0.19s Sys=0.00s Real=0.03s
[2022-04-27T05:39:02.566+0000][2025.430s] GC(1038) Pause Young (Normal) (G1 Evacuation Pause)
[2022-04-27T05:39:02.567+0000][2025.430s] GC(1038) Using 8 workers of 8 for evacuation
[2022-04-27T05:39:02.577+0000][2025.440s] GC(1038)   Pre Evacuate Collection Set: 0.0ms
[2022-04-27T05:39:02.577+0000][2025.441s] GC(1038)   Evacuate Collection Set: 7.9ms
[2022-04-27T05:39:02.577+0000][2025.441s] GC(1038)   Post Evacuate Collection Set: 1.6ms
[2022-04-27T05:39:02.578+0000][2025.441s] GC(1038)   Other: 0.9ms
[2022-04-27T05:39:02.578+0000][2025.442s] GC(1038) Eden regions: 272->0(265)
[2022-04-27T05:39:02.579+0000][2025.442s] GC(1038) Survivor regions: 21->20(37)
[2022-04-27T05:39:02.579+0000][2025.443s] GC(1038) Old regions: 123->130
[2022-04-27T05:39:02.579+0000][2025.443s] GC(1038) Humongous regions: 7->7
[2022-04-27T05:39:02.580+0000][2025.443s] GC(1038) Metaspace: 56934K->56934K(1101824K)
[2022-04-27T05:39:02.580+0000][2025.444s] GC(1038) Pause Young (Normal) (G1 Evacuation Pause) 420M->154M(512M) 13.944ms
[2022-04-27T05:39:02.580+0000][2025.444s] GC(1038) User=0.06s Sys=0.00s Real=0.01s
[2022-04-27T05:39:04.268+0000][2027.131s] GC(1039) Pause Young (Normal) (G1 Evacuation Pause)
[2022-04-27T05:39:04.268+0000][2027.132s] GC(1039) Using 8 workers of 8 for evacuation
[2022-04-27T05:39:04.278+0000][2027.142s] GC(1039)   Pre Evacuate Collection Set: 0.0ms
[2022-04-27T05:39:04.278+0000][2027.142s] GC(1039)   Evacuate Collection Set: 8.0ms
[2022-04-27T05:39:04.279+0000][2027.142s] GC(1039)   Post Evacuate Collection Set: 1.4ms
[2022-04-27T05:39:04.279+0000][2027.143s] GC(1039)   Other: 0.9ms
[2022-04-27T05:39:04.280+0000][2027.143s] GC(1039) Eden regions: 265->0(258)
[2022-04-27T05:39:04.280+0000][2027.144s] GC(1039) Survivor regions: 20->21(36)
[2022-04-27T05:39:04.280+0000][2027.144s] GC(1039) Old regions: 130->136
[2022-04-27T05:39:04.281+0000][2027.144s] GC(1039) Humongous regions: 7->7
[2022-04-27T05:39:04.281+0000][2027.145s] GC(1039) Metaspace: 56934K->56934K(1101824K)
[2022-04-27T05:39:04.281+0000][2027.145s] GC(1039) Pause Young (Normal) (G1 Evacuation Pause) 419M->161M(512M) 13.444ms
[2022-04-27T05:39:04.282+0000][2027.145s] GC(1039) User=0.07s Sys=0.00s Real=0.02s
[2022-04-27T05:39:05.781+0000][2028.645s] GC(1040) Pause Young (Normal) (G1 Evacuation Pause)
[2022-04-27T05:39:05.781+0000][2028.645s] GC(1040) Using 8 workers of 8 for evacuation
[2022-04-27T05:39:05.792+0000][2028.656s] GC(1040)   Pre Evacuate Collection Set: 0.0ms
[2022-04-27T05:39:05.793+0000][2028.656s] GC(1040)   Evacuate Collection Set: 9.2ms
[2022-04-27T05:39:05.793+0000][2028.657s] GC(1040)   Post Evacuate Collection Set: 1.1ms
[2022-04-27T05:39:05.793+0000][2028.657s] GC(1040)   Other: 1.0ms
[2022-04-27T05:39:05.794+0000][2028.658s] GC(1040) Eden regions: 258->0(252)
[2022-04-27T05:39:05.794+0000][2028.658s] GC(1040) Survivor regions: 21->21(35)
[2022-04-27T05:39:05.795+0000][2028.658s] GC(1040) Old regions: 136->142
[2022-04-27T05:39:05.795+0000][2028.659s] GC(1040) Humongous regions: 7->7
[2022-04-27T05:39:05.795+0000][2028.659s] GC(1040) Metaspace: 56934K->56934K(1101824K)
[2022-04-27T05:39:05.796+0000][2028.659s] GC(1040) Pause Young (Normal) (G1 Evacuation Pause) 419M->167M(512M) 14.813ms
[2022-04-27T05:39:05.796+0000][2028.660s] GC(1040) User=0.07s Sys=0.00s Real=0.01s
[2022-04-27T05:39:07.288+0000][2030.151s] GC(1041) Pause Young (Normal) (G1 Evacuation Pause)
[2022-04-27T05:39:07.288+0000][2030.152s] GC(1041) Using 8 workers of 8 for evacuation
[2022-04-27T05:39:07.297+0000][2030.161s] GC(1041)   Pre Evacuate Collection Set: 0.0ms
[2022-04-27T05:39:07.298+0000][2030.161s] GC(1041)   Evacuate Collection Set: 7.7ms
[2022-04-27T05:39:07.298+0000][2030.162s] GC(1041)   Post Evacuate Collection Set: 1.0ms
[2022-04-27T05:39:07.298+0000][2030.162s] GC(1041)   Other: 0.9ms
[2022-04-27T05:39:07.299+0000][2030.162s] GC(1041) Eden regions: 252->0(246)
[2022-04-27T05:39:07.299+0000][2030.162s] GC(1041) Survivor regions: 21->20(35)
[2022-04-27T05:39:07.299+0000][2030.163s] GC(1041) Old regions: 142->148
[2022-04-27T05:39:07.299+0000][2030.163s] GC(1041) Humongous regions: 7->7
[2022-04-27T05:39:07.300+0000][2030.163s] GC(1041) Metaspace: 56934K->56934K(1101824K)
[2022-04-27T05:39:07.300+0000][2030.164s] GC(1041) Pause Young (Normal) (G1 Evacuation Pause) 419M->172M(512M) 12.338ms
[2022-04-27T05:39:07.300+0000][2030.164s] GC(1041) User=0.06s Sys=0.00s Real=0.01s
[2022-04-27T05:39:08.802+0000][2031.666s] GC(1042) Pause Young (Normal) (G1 Evacuation Pause)
[2022-04-27T05:39:08.802+0000][2031.666s] GC(1042) Using 8 workers of 8 for evacuation
[2022-04-27T05:39:08.820+0000][2031.683s] GC(1042)   Pre Evacuate Collection Set: 0.0ms
[2022-04-27T05:39:08.820+0000][2031.684s] GC(1042)   Evacuate Collection Set: 14.6ms
[2022-04-27T05:39:08.821+0000][2031.684s] GC(1042)   Post Evacuate Collection Set: 2.4ms
[2022-04-27T05:39:08.821+0000][2031.685s] GC(1042)   Other: 0.7ms
[2022-04-27T05:39:08.821+0000][2031.685s] GC(1042) Eden regions: 246->0(239)
[2022-04-27T05:39:08.821+0000][2031.685s] GC(1042) Survivor regions: 20->21(34)
[2022-04-27T05:39:08.822+0000][2031.685s] GC(1042) Old regions: 148->153
[2022-04-27T05:39:08.822+0000][2031.686s] GC(1042) Humongous regions: 7->7
[2022-04-27T05:39:08.822+0000][2031.686s] GC(1042) Metaspace: 56934K->56934K(1101824K)
[2022-04-27T05:39:08.823+0000][2031.686s] GC(1042) Pause Young (Normal) (G1 Evacuation Pause) 418M->179M(512M) 20.761ms
[2022-04-27T05:39:08.823+0000][2031.687s] GC(1042) User=0.12s Sys=0.01s Real=0.02s
[2022-04-27T05:39:10.405+0000][2033.269s] GC(1043) Pause Young (Normal) (G1 Evacuation Pause)
[2022-04-27T05:39:10.406+0000][2033.269s] GC(1043) Using 8 workers of 8 for evacuation
[2022-04-27T05:39:10.416+0000][2033.280s] GC(1043)   Pre Evacuate Collection Set: 0.0ms
[2022-04-27T05:39:10.417+0000][2033.280s] GC(1043)   Evacuate Collection Set: 8.3ms
[2022-04-27T05:39:10.417+0000][2033.281s] GC(1043)   Post Evacuate Collection Set: 1.7ms
[2022-04-27T05:39:10.417+0000][2033.281s] GC(1043)   Other: 0.9ms
[2022-04-27T05:39:10.418+0000][2033.281s] GC(1043) Eden regions: 239->0(234)
[2022-04-27T05:39:10.418+0000][2033.282s] GC(1043) Survivor regions: 21->21(33)
[2022-04-27T05:39:10.418+0000][2033.282s] GC(1043) Old regions: 153->158
[2022-04-27T05:39:10.419+0000][2033.282s] GC(1043) Humongous regions: 7->7
[2022-04-27T05:39:10.419+0000][2033.282s] GC(1043) Metaspace: 56934K->56934K(1101824K)
[2022-04-27T05:39:10.419+0000][2033.283s] GC(1043) Pause Young (Normal) (G1 Evacuation Pause) 418M->184M(512M) 13.761ms
[2022-04-27T05:39:10.419+0000][2033.283s] GC(1043) User=0.07s Sys=0.00s Real=0.01s
[2022-04-27T05:39:11.894+0000][2034.757s] GC(1044) Pause Young (Normal) (G1 Evacuation Pause)
[2022-04-27T05:39:11.894+0000][2034.758s] GC(1044) Using 8 workers of 8 for evacuation
[2022-04-27T05:39:11.904+0000][2034.767s] GC(1044)   Pre Evacuate Collection Set: 0.0ms
[2022-04-27T05:39:11.904+0000][2034.768s] GC(1044)   Evacuate Collection Set: 8.0ms
[2022-04-27T05:39:11.904+0000][2034.768s] GC(1044)   Post Evacuate Collection Set: 1.1ms
[2022-04-27T05:39:11.905+0000][2034.768s] GC(1044)   Other: 0.9ms
[2022-04-27T05:39:11.905+0000][2034.769s] GC(1044) Eden regions: 234->0(229)
[2022-04-27T05:39:11.905+0000][2034.769s] GC(1044) Survivor regions: 21->21(32)
[2022-04-27T05:39:11.906+0000][2034.770s] GC(1044) Old regions: 158->164
[2022-04-27T05:39:11.906+0000][2034.770s] GC(1044) Humongous regions: 7->7
[2022-04-27T05:39:11.906+0000][2034.770s] GC(1044) Metaspace: 56934K->56934K(1101824K)
[2022-04-27T05:39:11.907+0000][2034.770s] GC(1044) Pause Young (Normal) (G1 Evacuation Pause) 418M->189M(512M) 13.172ms
[2022-04-27T05:39:11.907+0000][2034.771s] GC(1044) User=0.06s Sys=0.00s Real=0.01s
[2022-04-27T05:39:12.762+0000][2035.626s] GC(1045) Pause Young (Normal) (G1 Evacuation Pause)
[2022-04-27T05:39:12.763+0000][2035.626s] GC(1045) Using 8 workers of 8 for evacuation
[2022-04-27T05:39:12.779+0000][2035.642s] GC(1045)   Pre Evacuate Collection Set: 0.0ms
[2022-04-27T05:39:12.779+0000][2035.643s] GC(1045)   Evacuate Collection Set: 11.8ms
[2022-04-27T05:39:12.779+0000][2035.643s] GC(1045)   Post Evacuate Collection Set: 3.7ms
[2022-04-27T05:39:12.780+0000][2035.643s] GC(1045)   Other: 0.6ms
[2022-04-27T05:39:12.780+0000][2035.644s] GC(1045) Eden regions: 229->0(234)
[2022-04-27T05:39:12.780+0000][2035.644s] GC(1045) Survivor regions: 21->14(32)
[2022-04-27T05:39:12.780+0000][2035.644s] GC(1045) Old regions: 164->170
[2022-04-27T05:39:12.781+0000][2035.644s] GC(1045) Humongous regions: 7->7
[2022-04-27T05:39:12.781+0000][2035.645s] GC(1045) Metaspace: 56934K->56934K(1101824K)
[2022-04-27T05:39:12.781+0000][2035.645s] GC(1045) Pause Young (Normal) (G1 Evacuation Pause) 418M->188M(512M) 18.929ms
[2022-04-27T05:39:12.782+0000][2035.645s] GC(1045) User=0.12s Sys=0.00s Real=0.02s
[2022-04-27T05:39:14.273+0000][2037.137s] GC(1046) Pause Young (Normal) (G1 Evacuation Pause)
[2022-04-27T05:39:14.274+0000][2037.137s] GC(1046) Using 8 workers of 8 for evacuation
[2022-04-27T05:39:14.285+0000][2037.148s] GC(1046)   Pre Evacuate Collection Set: 0.0ms
[2022-04-27T05:39:14.285+0000][2037.149s] GC(1046)   Evacuate Collection Set: 9.4ms
[2022-04-27T05:39:14.286+0000][2037.149s] GC(1046)   Post Evacuate Collection Set: 1.2ms
[2022-04-27T05:39:14.286+0000][2037.150s] GC(1046)   Other: 0.8ms
[2022-04-27T05:39:14.286+0000][2037.150s] GC(1046) Eden regions: 234->0(226)
[2022-04-27T05:39:14.287+0000][2037.150s] GC(1046) Survivor regions: 14->24(31)
[2022-04-27T05:39:14.287+0000][2037.151s] GC(1046) Old regions: 170->170
[2022-04-27T05:39:14.287+0000][2037.151s] GC(1046) Humongous regions: 7->7
[2022-04-27T05:39:14.288+0000][2037.151s] GC(1046) Metaspace: 56934K->56934K(1101824K)
[2022-04-27T05:39:14.288+0000][2037.152s] GC(1046) Pause Young (Normal) (G1 Evacuation Pause) 422M->198M(512M) 14.760ms
[2022-04-27T05:39:14.288+0000][2037.152s] GC(1046) User=0.08s Sys=0.00s Real=0.01s
[2022-04-27T05:39:15.763+0000][2038.627s] GC(1047) Pause Young (Normal) (G1 Evacuation Pause)
[2022-04-27T05:39:15.764+0000][2038.628s] GC(1047) Using 8 workers of 8 for evacuation
[2022-04-27T05:39:15.772+0000][2038.635s] GC(1047)   Pre Evacuate Collection Set: 0.0ms
[2022-04-27T05:39:15.772+0000][2038.636s] GC(1047)   Evacuate Collection Set: 6.5ms
[2022-04-27T05:39:15.773+0000][2038.636s] GC(1047)   Post Evacuate Collection Set: 0.9ms
[2022-04-27T05:39:15.773+0000][2038.637s] GC(1047)   Other: 1.1ms
[2022-04-27T05:39:15.773+0000][2038.637s] GC(1047) Eden regions: 226->0(226)
[2022-04-27T05:39:15.774+0000][2038.637s] GC(1047) Survivor regions: 24->13(32)
[2022-04-27T05:39:15.774+0000][2038.638s] GC(1047) Old regions: 170->182
[2022-04-27T05:39:15.774+0000][2038.638s] GC(1047) Humongous regions: 7->7
[2022-04-27T05:39:15.774+0000][2038.638s] GC(1047) Metaspace: 56934K->56934K(1101824K)
[2022-04-27T05:39:15.775+0000][2038.638s] GC(1047) Pause Young (Normal) (G1 Evacuation Pause) 424M->200M(512M) 11.514ms
[2022-04-27T05:39:15.775+0000][2038.639s] GC(1047) User=0.05s Sys=0.00s Real=0.01s
[2022-04-27T05:39:17.199+0000][2040.063s] GC(1048) Pause Young (Concurrent Start) (G1 Evacuation Pause)
[2022-04-27T05:39:17.200+0000][2040.063s] GC(1048) Using 8 workers of 8 for evacuation
[2022-04-27T05:39:17.219+0000][2040.083s] GC(1048)   Pre Evacuate Collection Set: 0.1ms
[2022-04-27T05:39:17.220+0000][2040.083s] GC(1048)   Evacuate Collection Set: 12.1ms
[2022-04-27T05:39:17.220+0000][2040.084s] GC(1048)   Post Evacuate Collection Set: 6.8ms
[2022-04-27T05:39:17.220+0000][2040.084s] GC(1048)   Other: 0.9ms
[2022-04-27T05:39:17.221+0000][2040.084s] GC(1048) Eden regions: 226->0(217)
[2022-04-27T05:39:17.221+0000][2040.085s] GC(1048) Survivor regions: 13->21(30)
[2022-04-27T05:39:17.221+0000][2040.085s] GC(1048) Old regions: 182->182
[2022-04-27T05:39:17.222+0000][2040.085s] GC(1048) Humongous regions: 7->7
[2022-04-27T05:39:17.222+0000][2040.086s] GC(1048) Metaspace: 56934K->56934K(1101824K)
[2022-04-27T05:39:17.222+0000][2040.086s] GC(1048) Pause Young (Concurrent Start) (G1 Evacuation Pause) 426M->208M(512M) 23.040ms
[2022-04-27T05:39:17.223+0000][2040.086s] GC(1048) User=0.07s Sys=0.00s Real=0.03s
[2022-04-27T05:39:17.223+0000][2040.087s] GC(1049) Concurrent Cycle
[2022-04-27T05:39:17.223+0000][2040.087s] GC(1049) Concurrent Clear Claimed Marks
[2022-04-27T05:39:17.224+0000][2040.087s] GC(1049) Concurrent Clear Claimed Marks 0.393ms
[2022-04-27T05:39:17.224+0000][2040.088s] GC(1049) Concurrent Scan Root Regions
[2022-04-27T05:39:17.228+0000][2040.092s] GC(1049) Concurrent Scan Root Regions 4.080ms
[2022-04-27T05:39:17.228+0000][2040.092s] GC(1049) Concurrent Mark (2040.092s)
[2022-04-27T05:39:17.229+0000][2040.092s] GC(1049) Concurrent Mark From Roots
[2022-04-27T05:39:17.229+0000][2040.093s] GC(1049) Using 2 workers of 2 for marking
[2022-04-27T05:39:17.262+0000][2040.125s] GC(1049) Concurrent Mark From Roots 33.088ms
[2022-04-27T05:39:17.262+0000][2040.126s] GC(1049) Concurrent Preclean
[2022-04-27T05:39:17.263+0000][2040.126s] GC(1049) Concurrent Preclean 0.463ms
[2022-04-27T05:39:17.263+0000][2040.126s] GC(1049) Concurrent Mark (2040.092s, 2040.126s) 34.375ms
[2022-04-27T05:39:17.263+0000][2040.127s] GC(1049) Pause Remark
[2022-04-27T05:39:17.281+0000][2040.144s] GC(1049) Cleaned string and symbol table, strings: 24909 processed, 0 removed, symbols: 137617 processed, 9 removed
[2022-04-27T05:39:17.282+0000][2040.145s] GC(1049) Pause Remark 221M->205M(512M) 18.355ms
[2022-04-27T05:39:17.282+0000][2040.146s] GC(1049) User=0.12s Sys=0.01s Real=0.02s
[2022-04-27T05:39:17.282+0000][2040.146s] GC(1049) Concurrent Rebuild Remembered Sets
[2022-04-27T05:39:17.318+0000][2040.182s] GC(1049) Concurrent Rebuild Remembered Sets 35.774ms
[2022-04-27T05:39:17.319+0000][2040.183s] GC(1049) Pause Cleanup
[2022-04-27T05:39:17.319+0000][2040.183s] GC(1049) Pause Cleanup 212M->212M(512M) 0.531ms
[2022-04-27T05:39:17.320+0000][2040.183s] GC(1049) User=0.00s Sys=0.00s Real=0.00s
[2022-04-27T05:39:17.320+0000][2040.184s] GC(1049) Concurrent Cleanup for Next Mark
[2022-04-27T05:39:17.321+0000][2040.185s] GC(1049) Concurrent Cleanup for Next Mark 0.990ms
[2022-04-27T05:39:17.321+0000][2040.185s] GC(1049) Concurrent Cycle 98.308ms
[2022-04-27T05:39:18.686+0000][2041.550s] GC(1050) Pause Young (Prepare Mixed) (G1 Evacuation Pause)
[2022-04-27T05:39:18.686+0000][2041.550s] GC(1050) Using 8 workers of 8 for evacuation
[2022-04-27T05:39:18.694+0000][2041.558s] GC(1050)   Pre Evacuate Collection Set: 0.0ms
[2022-04-27T05:39:18.695+0000][2041.558s] GC(1050)   Evacuate Collection Set: 5.2ms
[2022-04-27T05:39:18.695+0000][2041.559s] GC(1050)   Post Evacuate Collection Set: 2.3ms
[2022-04-27T05:39:18.695+0000][2041.559s] GC(1050)   Other: 0.9ms
[2022-04-27T05:39:18.696+0000][2041.559s] GC(1050) Eden regions: 217->0(9)
[2022-04-27T05:39:18.696+0000][2041.560s] GC(1050) Survivor regions: 21->16(30)
[2022-04-27T05:39:18.696+0000][2041.560s] GC(1050) Old regions: 166->174
[2022-04-27T05:39:18.696+0000][2041.560s] GC(1050) Humongous regions: 7->7
[2022-04-27T05:39:18.697+0000][2041.560s] GC(1050) Metaspace: 56934K->56934K(1101824K)
[2022-04-27T05:39:18.697+0000][2041.561s] GC(1050) Pause Young (Prepare Mixed) (G1 Evacuation Pause) 409M->195M(512M) 11.164ms
[2022-04-27T05:39:18.697+0000][2041.561s] GC(1050) User=0.06s Sys=0.00s Real=0.01s
[2022-04-27T05:39:18.732+0000][2041.596s] GC(1051) Pause Young (Mixed) (G1 Evacuation Pause)
[2022-04-27T05:39:18.733+0000][2041.596s] GC(1051) Using 8 workers of 8 for evacuation
[2022-04-27T05:39:18.740+0000][2041.604s] GC(1051)   Pre Evacuate Collection Set: 0.0ms
[2022-04-27T05:39:18.741+0000][2041.604s] GC(1051)   Evacuate Collection Set: 6.5ms
[2022-04-27T05:39:18.741+0000][2041.605s] GC(1051)   Post Evacuate Collection Set: 0.7ms
[2022-04-27T05:39:18.741+0000][2041.605s] GC(1051)   Other: 0.9ms
[2022-04-27T05:39:18.742+0000][2041.605s] GC(1051) Eden regions: 9->0(235)
[2022-04-27T05:39:18.742+0000][2041.606s] GC(1051) Survivor regions: 16->4(4)
[2022-04-27T05:39:18.742+0000][2041.606s] GC(1051) Old regions: 174->177
[2022-04-27T05:39:18.743+0000][2041.606s] GC(1051) Humongous regions: 7->7
[2022-04-27T05:39:18.743+0000][2041.607s] GC(1051) Metaspace: 56934K->56934K(1101824K)
[2022-04-27T05:39:18.743+0000][2041.607s] GC(1051) Pause Young (Mixed) (G1 Evacuation Pause) 204M->186M(512M) 11.183ms
[2022-04-27T05:39:18.744+0000][2041.607s] GC(1051) User=0.05s Sys=0.00s Real=0.01s
[2022-04-27T05:39:20.231+0000][2043.095s] GC(1052) Pause Young (Normal) (G1 Evacuation Pause)
[2022-04-27T05:39:20.231+0000][2043.095s] GC(1052) Using 8 workers of 8 for evacuation
[2022-04-27T05:39:20.239+0000][2043.102s] GC(1052)   Pre Evacuate Collection Set: 0.0ms
[2022-04-27T05:39:20.239+0000][2043.103s] GC(1052)   Evacuate Collection Set: 5.9ms
[2022-04-27T05:39:20.240+0000][2043.103s] GC(1052)   Post Evacuate Collection Set: 1.0ms
[2022-04-27T05:39:20.240+0000][2043.104s] GC(1052)   Other: 1.0ms
[2022-04-27T05:39:20.240+0000][2043.104s] GC(1052) Eden regions: 235->0(227)
[2022-04-27T05:39:20.241+0000][2043.105s] GC(1052) Survivor regions: 4->14(30)
[2022-04-27T05:39:20.241+0000][2043.105s] GC(1052) Old regions: 177->177
[2022-04-27T05:39:20.242+0000][2043.105s] GC(1052) Humongous regions: 7->7
[2022-04-27T05:39:20.242+0000][2043.106s] GC(1052) Metaspace: 56934K->56934K(1101824K)
[2022-04-27T05:39:20.242+0000][2043.106s] GC(1052) Pause Young (Normal) (G1 Evacuation Pause) 421M->196M(512M) 11.364ms
[2022-04-27T05:39:20.243+0000][2043.106s] GC(1052) User=0.05s Sys=0.00s Real=0.01s
[2022-04-27T05:39:21.240+0000][2044.104s] GC(1053) Pause Young (Normal) (G1 Evacuation Pause)
[2022-04-27T05:39:21.240+0000][2044.104s] GC(1053) Using 8 workers of 8 for evacuation
[2022-04-27T05:39:21.251+0000][2044.115s] GC(1053)   Pre Evacuate Collection Set: 0.0ms
[2022-04-27T05:39:21.252+0000][2044.115s] GC(1053)   Evacuate Collection Set: 9.4ms
[2022-04-27T05:39:21.252+0000][2044.116s] GC(1053)   Post Evacuate Collection Set: 0.9ms
[2022-04-27T05:39:21.253+0000][2044.116s] GC(1053)   Other: 0.9ms
[2022-04-27T05:39:21.253+0000][2044.117s] GC(1053) Eden regions: 227->0(222)
[2022-04-27T05:39:21.253+0000][2044.117s] GC(1053) Survivor regions: 14->20(31)
[2022-04-27T05:39:21.254+0000][2044.117s] GC(1053) Old regions: 177->177
[2022-04-27T05:39:21.254+0000][2044.118s] GC(1053) Humongous regions: 7->7
[2022-04-27T05:39:21.254+0000][2044.118s] GC(1053) Metaspace: 56934K->56934K(1101824K)
[2022-04-27T05:39:21.255+0000][2044.118s] GC(1053) Pause Young (Normal) (G1 Evacuation Pause) 423M->202M(512M) 14.517ms
[2022-04-27T05:39:21.255+0000][2044.119s] GC(1053) User=0.06s Sys=0.01s Real=0.02s
[2022-04-27T05:39:22.910+0000][2045.774s] GC(1054) Pause Young (Normal) (G1 Evacuation Pause)
[2022-04-27T05:39:22.911+0000][2045.774s] GC(1054) Using 8 workers of 8 for evacuation
[2022-04-27T05:39:22.923+0000][2045.786s] GC(1054)   Pre Evacuate Collection Set: 0.0ms
[2022-04-27T05:39:22.923+0000][2045.787s] GC(1054)   Evacuate Collection Set: 10.7ms
[2022-04-27T05:39:22.923+0000][2045.787s] GC(1054)   Post Evacuate Collection Set: 1.1ms
[2022-04-27T05:39:22.924+0000][2045.787s] GC(1054)   Other: 0.9ms
[2022-04-27T05:39:22.924+0000][2045.788s] GC(1054) Eden regions: 222->0(213)
[2022-04-27T05:39:22.924+0000][2045.788s] GC(1054) Survivor regions: 20->19(31)
[2022-04-27T05:39:22.925+0000][2045.788s] GC(1054) Old regions: 177->186
[2022-04-27T05:39:22.925+0000][2045.789s] GC(1054) Humongous regions: 7->7
[2022-04-27T05:39:22.925+0000][2045.789s] GC(1054) Metaspace: 56934K->56934K(1101824K)
[2022-04-27T05:39:22.926+0000][2045.789s] GC(1054) Pause Young (Normal) (G1 Evacuation Pause) 424M->209M(512M) 15.481ms
[2022-04-27T05:39:22.926+0000][2045.790s] GC(1054) User=0.05s Sys=0.03s Real=0.02s
[2022-04-27T05:39:24.582+0000][2047.446s] GC(1055) Pause Young (Concurrent Start) (G1 Evacuation Pause)
[2022-04-27T05:39:24.582+0000][2047.446s] GC(1055) Using 8 workers of 8 for evacuation
[2022-04-27T05:39:24.616+0000][2047.479s] GC(1055)   Pre Evacuate Collection Set: 0.2ms
[2022-04-27T05:39:24.616+0000][2047.480s] GC(1055)   Evacuate Collection Set: 21.6ms
[2022-04-27T05:39:24.616+0000][2047.480s] GC(1055)   Post Evacuate Collection Set: 11.0ms
[2022-04-27T05:39:24.617+0000][2047.480s] GC(1055)   Other: 0.9ms
[2022-04-27T05:39:24.617+0000][2047.481s] GC(1055) Eden regions: 213->0(208)
[2022-04-27T05:39:24.617+0000][2047.481s] GC(1055) Survivor regions: 19->18(29)
[2022-04-27T05:39:24.618+0000][2047.481s] GC(1055) Old regions: 186->191
[2022-04-27T05:39:24.618+0000][2047.482s] GC(1055) Humongous regions: 7->7
[2022-04-27T05:39:24.618+0000][2047.482s] GC(1055) Metaspace: 56934K->56934K(1101824K)
[2022-04-27T05:39:24.619+0000][2047.483s] GC(1055) Pause Young (Concurrent Start) (G1 Evacuation Pause) 422M->213M(512M) 36.882ms
[2022-04-27T05:39:24.619+0000][2047.483s] GC(1055) User=0.18s Sys=0.00s Real=0.03s
[2022-04-27T05:39:24.620+0000][2047.483s] GC(1056) Concurrent Cycle
[2022-04-27T05:39:24.620+0000][2047.484s] GC(1056) Concurrent Clear Claimed Marks
[2022-04-27T05:39:24.622+0000][2047.485s] GC(1056) Concurrent Clear Claimed Marks 1.465ms
[2022-04-27T05:39:24.622+0000][2047.486s] GC(1056) Concurrent Scan Root Regions
[2022-04-27T05:39:24.631+0000][2047.495s] GC(1056) Concurrent Scan Root Regions 8.937ms
[2022-04-27T05:39:24.632+0000][2047.495s] GC(1056) Concurrent Mark (2047.495s)
[2022-04-27T05:39:24.632+0000][2047.496s] GC(1056) Concurrent Mark From Roots
[2022-04-27T05:39:24.632+0000][2047.496s] GC(1056) Using 2 workers of 2 for marking
[2022-04-27T05:39:24.697+0000][2047.561s] GC(1056) Concurrent Mark From Roots 65.543ms
[2022-04-27T05:39:24.698+0000][2047.561s] GC(1056) Concurrent Preclean
[2022-04-27T05:39:24.698+0000][2047.562s] GC(1056) Concurrent Preclean 0.769ms
[2022-04-27T05:39:24.699+0000][2047.562s] GC(1056) Concurrent Mark (2047.495s, 2047.562s) 67.176ms
[2022-04-27T05:39:24.700+0000][2047.563s] GC(1056) Pause Remark
[2022-04-27T05:39:24.725+0000][2047.589s] GC(1056) Cleaned string and symbol table, strings: 24910 processed, 0 removed, symbols: 137612 processed, 4 removed
[2022-04-27T05:39:24.726+0000][2047.590s] GC(1056) Pause Remark 226M->174M(512M) 26.932ms
[2022-04-27T05:39:24.727+0000][2047.590s] GC(1056) User=0.18s Sys=0.01s Real=0.03s
[2022-04-27T05:39:24.727+0000][2047.591s] GC(1056) Concurrent Rebuild Remembered Sets
[2022-04-27T05:39:24.768+0000][2047.632s] GC(1056) Concurrent Rebuild Remembered Sets 40.935ms
[2022-04-27T05:39:24.769+0000][2047.632s] GC(1056) Pause Cleanup
[2022-04-27T05:39:24.769+0000][2047.633s] GC(1056) Pause Cleanup 179M->179M(512M) 0.567ms
[2022-04-27T05:39:24.770+0000][2047.633s] GC(1056) User=0.00s Sys=0.00s Real=0.00s
[2022-04-27T05:39:24.770+0000][2047.634s] GC(1056) Concurrent Cleanup for Next Mark
[2022-04-27T05:39:24.771+0000][2047.635s] GC(1056) Concurrent Cleanup for Next Mark 1.148ms
[2022-04-27T05:39:24.771+0000][2047.635s] GC(1056) Concurrent Cycle 151.722ms
[2022-04-27T05:39:26.246+0000][2049.109s] GC(1057) Pause Young (Prepare Mixed) (G1 Evacuation Pause)
[2022-04-27T05:39:26.248+0000][2049.112s] GC(1057) Using 8 workers of 8 for evacuation
[2022-04-27T05:39:26.261+0000][2049.125s] GC(1057)   Pre Evacuate Collection Set: 0.0ms
[2022-04-27T05:39:26.262+0000][2049.125s] GC(1057)   Evacuate Collection Set: 9.6ms
[2022-04-27T05:39:26.262+0000][2049.126s] GC(1057)   Post Evacuate Collection Set: 2.3ms
[2022-04-27T05:39:26.262+0000][2049.126s] GC(1057)   Other: 3.7ms
[2022-04-27T05:39:26.262+0000][2049.126s] GC(1057) Eden regions: 208->0(6)
[2022-04-27T05:39:26.263+0000][2049.126s] GC(1057) Survivor regions: 18->19(29)
[2022-04-27T05:39:26.263+0000][2049.127s] GC(1057) Old regions: 139->143
[2022-04-27T05:39:26.263+0000][2049.127s] GC(1057) Humongous regions: 7->7
[2022-04-27T05:39:26.263+0000][2049.127s] GC(1057) Metaspace: 56934K->56934K(1101824K)
[2022-04-27T05:39:26.264+0000][2049.127s] GC(1057) Pause Young (Prepare Mixed) (G1 Evacuation Pause) 369M->166M(512M) 17.907ms
[2022-04-27T05:39:26.264+0000][2049.128s] GC(1057) User=0.08s Sys=0.00s Real=0.02s
[2022-04-27T05:39:26.313+0000][2049.176s] GC(1058) Pause Young (Mixed) (G1 Evacuation Pause)
[2022-04-27T05:39:26.313+0000][2049.177s] GC(1058) Using 8 workers of 8 for evacuation
[2022-04-27T05:39:26.322+0000][2049.186s] GC(1058)   Pre Evacuate Collection Set: 0.0ms
[2022-04-27T05:39:26.323+0000][2049.186s] GC(1058)   Evacuate Collection Set: 8.0ms
[2022-04-27T05:39:26.323+0000][2049.186s] GC(1058)   Post Evacuate Collection Set: 0.7ms
[2022-04-27T05:39:26.323+0000][2049.187s] GC(1058)   Other: 0.9ms
[2022-04-27T05:39:26.323+0000][2049.187s] GC(1058) Eden regions: 6->0(271)
[2022-04-27T05:39:26.324+0000][2049.187s] GC(1058) Survivor regions: 19->4(4)
[2022-04-27T05:39:26.324+0000][2049.188s] GC(1058) Old regions: 143->113
[2022-04-27T05:39:26.324+0000][2049.188s] GC(1058) Humongous regions: 7->7
[2022-04-27T05:39:26.324+0000][2049.188s] GC(1058) Metaspace: 56934K->56934K(1101824K)
[2022-04-27T05:39:26.325+0000][2049.188s] GC(1058) Pause Young (Mixed) (G1 Evacuation Pause) 172M->121M(512M) 12.250ms
[2022-04-27T05:39:26.325+0000][2049.189s] GC(1058) User=0.06s Sys=0.00s Real=0.01s
[2022-04-27T05:39:28.162+0000][2051.026s] GC(1059) Pause Young (Normal) (G1 Evacuation Pause)
[2022-04-27T05:39:28.162+0000][2051.026s] GC(1059) Using 8 workers of 8 for evacuation
[2022-04-27T05:39:28.169+0000][2051.033s] GC(1059)   Pre Evacuate Collection Set: 0.0ms
[2022-04-27T05:39:28.169+0000][2051.033s] GC(1059)   Evacuate Collection Set: 5.3ms
[2022-04-27T05:39:28.170+0000][2051.033s] GC(1059)   Post Evacuate Collection Set: 1.0ms
[2022-04-27T05:39:28.170+0000][2051.034s] GC(1059)   Other: 0.8ms
[2022-04-27T05:39:28.170+0000][2051.034s] GC(1059) Eden regions: 271->0(268)
[2022-04-27T05:39:28.171+0000][2051.034s] GC(1059) Survivor regions: 4->14(35)
[2022-04-27T05:39:28.171+0000][2051.035s] GC(1059) Old regions: 113->113
[2022-04-27T05:39:28.171+0000][2051.035s] GC(1059) Humongous regions: 7->7
[2022-04-27T05:39:28.172+0000][2051.035s] GC(1059) Metaspace: 56934K->56934K(1101824K)
[2022-04-27T05:39:28.172+0000][2051.035s] GC(1059) Pause Young (Normal) (G1 Evacuation Pause) 392M->131M(512M) 9.859ms
[2022-04-27T05:39:28.172+0000][2051.036s] GC(1059) User=0.04s Sys=0.00s Real=0.01s
[2022-04-27T05:39:29.767+0000][2052.630s] GC(1060) Pause Young (Normal) (G1 Evacuation Pause)
[2022-04-27T05:39:29.767+0000][2052.631s] GC(1060) Using 8 workers of 8 for evacuation
[2022-04-27T05:39:29.774+0000][2052.638s] GC(1060)   Pre Evacuate Collection Set: 0.0ms
[2022-04-27T05:39:29.774+0000][2052.638s] GC(1060)   Evacuate Collection Set: 5.2ms
[2022-04-27T05:39:29.775+0000][2052.638s] GC(1060)   Post Evacuate Collection Set: 1.2ms
[2022-04-27T05:39:29.775+0000][2052.639s] GC(1060)   Other: 0.9ms
[2022-04-27T05:39:29.775+0000][2052.639s] GC(1060) Eden regions: 268->0(270)
[2022-04-27T05:39:29.776+0000][2052.639s] GC(1060) Survivor regions: 14->17(36)
[2022-04-27T05:39:29.776+0000][2052.640s] GC(1060) Old regions: 113->113
[2022-04-27T05:39:29.776+0000][2052.640s] GC(1060) Humongous regions: 7->7
[2022-04-27T05:39:29.777+0000][2052.640s] GC(1060) Metaspace: 56934K->56934K(1101824K)
[2022-04-27T05:39:29.777+0000][2052.641s] GC(1060) Pause Young (Normal) (G1 Evacuation Pause) 399M->133M(512M) 10.236ms
[2022-04-27T05:39:29.777+0000][2052.641s] GC(1060) User=0.05s Sys=0.00s Real=0.01s
[2022-04-27T05:39:31.348+0000][2054.211s] GC(1061) Pause Young (Normal) (G1 Evacuation Pause)
[2022-04-27T05:39:31.348+0000][2054.212s] GC(1061) Using 8 workers of 8 for evacuation
[2022-04-27T05:39:31.358+0000][2054.222s] GC(1061)   Pre Evacuate Collection Set: 0.0ms
[2022-04-27T05:39:31.359+0000][2054.222s] GC(1061)   Evacuate Collection Set: 8.5ms
[2022-04-27T05:39:31.359+0000][2054.223s] GC(1061)   Post Evacuate Collection Set: 1.1ms
[2022-04-27T05:39:31.360+0000][2054.223s] GC(1061)   Other: 1.0ms
[2022-04-27T05:39:31.360+0000][2054.224s] GC(1061) Eden regions: 270->0(267)
[2022-04-27T05:39:31.360+0000][2054.224s] GC(1061) Survivor regions: 17->25(36)
[2022-04-27T05:39:31.361+0000][2054.224s] GC(1061) Old regions: 113->113
[2022-04-27T05:39:31.361+0000][2054.225s] GC(1061) Humongous regions: 7->7
[2022-04-27T05:39:31.361+0000][2054.225s] GC(1061) Metaspace: 56934K->56934K(1101824K)
[2022-04-27T05:39:31.362+0000][2054.225s] GC(1061) Pause Young (Normal) (G1 Evacuation Pause) 403M->142M(512M) 13.963ms
[2022-04-27T05:39:31.362+0000][2054.226s] GC(1061) User=0.07s Sys=0.00s Real=0.02s
[2022-04-27T05:39:32.922+0000][2055.785s] GC(1062) Pause Young (Normal) (G1 Evacuation Pause)
[2022-04-27T05:39:32.922+0000][2055.785s] GC(1062) Using 8 workers of 8 for evacuation
[2022-04-27T05:39:32.930+0000][2055.794s] GC(1062)   Pre Evacuate Collection Set: 0.0ms
[2022-04-27T05:39:32.930+0000][2055.794s] GC(1062)   Evacuate Collection Set: 6.7ms
[2022-04-27T05:39:32.931+0000][2055.794s] GC(1062)   Post Evacuate Collection Set: 1.3ms
[2022-04-27T05:39:32.931+0000][2055.794s] GC(1062)   Other: 0.4ms
[2022-04-27T05:39:32.931+0000][2055.795s] GC(1062) Eden regions: 267->0(271)
[2022-04-27T05:39:32.931+0000][2055.795s] GC(1062) Survivor regions: 25->20(37)
[2022-04-27T05:39:32.932+0000][2055.795s] GC(1062) Old regions: 113->119
[2022-04-27T05:39:32.932+0000][2055.796s] GC(1062) Humongous regions: 7->7
[2022-04-27T05:39:32.932+0000][2055.796s] GC(1062) Metaspace: 56935K->56935K(1101824K)
[2022-04-27T05:39:32.933+0000][2055.796s] GC(1062) Pause Young (Normal) (G1 Evacuation Pause) 409M->143M(512M) 10.983ms
[2022-04-27T05:39:32.933+0000][2055.797s] GC(1062) User=0.06s Sys=0.00s Real=0.01s
[2022-04-27T05:39:34.227+0000][2057.091s] GC(1063) Pause Young (Normal) (G1 Evacuation Pause)
[2022-04-27T05:39:34.228+0000][2057.091s] GC(1063) Using 8 workers of 8 for evacuation
[2022-04-27T05:39:34.236+0000][2057.100s] GC(1063)   Pre Evacuate Collection Set: 0.0ms
[2022-04-27T05:39:34.237+0000][2057.101s] GC(1063)   Evacuate Collection Set: 6.7ms
[2022-04-27T05:39:34.237+0000][2057.101s] GC(1063)   Post Evacuate Collection Set: 1.7ms
[2022-04-27T05:39:34.238+0000][2057.101s] GC(1063)   Other: 0.8ms
[2022-04-27T05:39:34.238+0000][2057.102s] GC(1063) Eden regions: 271->0(270)
[2022-04-27T05:39:34.238+0000][2057.102s] GC(1063) Survivor regions: 20->20(37)
[2022-04-27T05:39:34.239+0000][2057.102s] GC(1063) Old regions: 119->125
[2022-04-27T05:39:34.239+0000][2057.103s] GC(1063) Humongous regions: 7->7
[2022-04-27T05:39:34.239+0000][2057.103s] GC(1063) Metaspace: 56935K->56935K(1101824K)
[2022-04-27T05:39:34.240+0000][2057.103s] GC(1063) Pause Young (Normal) (G1 Evacuation Pause) 414M->150M(512M) 12.565ms
[2022-04-27T05:39:34.240+0000][2057.104s] GC(1063) User=0.06s Sys=0.00s Real=0.01s
[2022-04-27T05:39:35.872+0000][2058.736s] GC(1064) Pause Young (Normal) (G1 Evacuation Pause)
[2022-04-27T05:39:35.872+0000][2058.736s] GC(1064) Using 8 workers of 8 for evacuation
[2022-04-27T05:39:35.880+0000][2058.744s] GC(1064)   Pre Evacuate Collection Set: 0.0ms
[2022-04-27T05:39:35.881+0000][2058.745s] GC(1064)   Evacuate Collection Set: 6.7ms
[2022-04-27T05:39:35.881+0000][2058.745s] GC(1064)   Post Evacuate Collection Set: 1.2ms
[2022-04-27T05:39:35.882+0000][2058.745s] GC(1064)   Other: 0.4ms
[2022-04-27T05:39:35.882+0000][2058.746s] GC(1064) Eden regions: 270->0(267)
[2022-04-27T05:39:35.882+0000][2058.746s] GC(1064) Survivor regions: 20->20(37)
[2022-04-27T05:39:35.883+0000][2058.746s] GC(1064) Old regions: 125->132
[2022-04-27T05:39:35.883+0000][2058.747s] GC(1064) Humongous regions: 7->7
[2022-04-27T05:39:35.883+0000][2058.747s] GC(1064) Metaspace: 56935K->56935K(1101824K)
[2022-04-27T05:39:35.884+0000][2058.747s] GC(1064) Pause Young (Normal) (G1 Evacuation Pause) 420M->156M(512M) 11.515ms
[2022-04-27T05:39:35.884+0000][2058.748s] GC(1064) User=0.06s Sys=0.01s Real=0.01s
[2022-04-27T05:39:37.107+0000][2059.971s] GC(1065) Pause Young (Normal) (G1 Evacuation Pause)
[2022-04-27T05:39:37.108+0000][2059.971s] GC(1065) Using 8 workers of 8 for evacuation
[2022-04-27T05:39:37.124+0000][2059.987s] GC(1065)   Pre Evacuate Collection Set: 0.0ms
[2022-04-27T05:39:37.124+0000][2059.988s] GC(1065)   Evacuate Collection Set: 7.7ms
[2022-04-27T05:39:37.124+0000][2059.988s] GC(1065)   Post Evacuate Collection Set: 7.8ms
[2022-04-27T05:39:37.124+0000][2059.988s] GC(1065)   Other: 0.9ms
[2022-04-27T05:39:37.125+0000][2059.988s] GC(1065) Eden regions: 267->0(265)
[2022-04-27T05:39:37.125+0000][2059.988s] GC(1065) Survivor regions: 20->20(36)
[2022-04-27T05:39:37.125+0000][2059.989s] GC(1065) Old regions: 132->138
[2022-04-27T05:39:37.125+0000][2059.989s] GC(1065) Humongous regions: 7->7
[2022-04-27T05:39:37.125+0000][2059.989s] GC(1065) Metaspace: 56935K->56935K(1101824K)
[2022-04-27T05:39:37.126+0000][2059.989s] GC(1065) Pause Young (Normal) (G1 Evacuation Pause) 423M->162M(512M) 18.515ms
[2022-04-27T05:39:37.126+0000][2059.990s] GC(1065) User=0.11s Sys=0.00s Real=0.02s
[2022-04-27T05:39:38.935+0000][2061.798s] GC(1066) Pause Young (Normal) (G1 Evacuation Pause)
[2022-04-27T05:39:38.935+0000][2061.799s] GC(1066) Using 8 workers of 8 for evacuation
[2022-04-27T05:39:38.945+0000][2061.809s] GC(1066)   Pre Evacuate Collection Set: 0.0ms
[2022-04-27T05:39:38.946+0000][2061.809s] GC(1066)   Evacuate Collection Set: 8.8ms
[2022-04-27T05:39:38.946+0000][2061.810s] GC(1066)   Post Evacuate Collection Set: 1.1ms
[2022-04-27T05:39:38.946+0000][2061.810s] GC(1066)   Other: 0.8ms
[2022-04-27T05:39:38.947+0000][2061.810s] GC(1066) Eden regions: 265->0(255)
[2022-04-27T05:39:38.947+0000][2061.811s] GC(1066) Survivor regions: 20->24(36)
[2022-04-27T05:39:38.947+0000][2061.811s] GC(1066) Old regions: 138->144
[2022-04-27T05:39:38.948+0000][2061.811s] GC(1066) Humongous regions: 7->7
[2022-04-27T05:39:38.948+0000][2061.812s] GC(1066) Metaspace: 56935K->56935K(1101824K)
[2022-04-27T05:39:38.948+0000][2061.812s] GC(1066) Pause Young (Normal) (G1 Evacuation Pause) 427M->173M(512M) 13.574ms
[2022-04-27T05:39:38.948+0000][2061.812s] GC(1066) User=0.08s Sys=0.00s Real=0.01s
[2022-04-27T05:39:40.577+0000][2063.440s] GC(1067) Pause Young (Concurrent Start) (G1 Evacuation Pause)
[2022-04-27T05:39:40.577+0000][2063.441s] GC(1067) Using 8 workers of 8 for evacuation
[2022-04-27T05:39:40.592+0000][2063.456s] GC(1067)   Pre Evacuate Collection Set: 0.1ms
[2022-04-27T05:39:40.593+0000][2063.456s] GC(1067)   Evacuate Collection Set: 13.2ms
[2022-04-27T05:39:40.593+0000][2063.457s] GC(1067)   Post Evacuate Collection Set: 1.6ms
[2022-04-27T05:39:40.593+0000][2063.457s] GC(1067)   Other: 0.8ms
[2022-04-27T05:39:40.593+0000][2063.457s] GC(1067) Eden regions: 255->0(248)
[2022-04-27T05:39:40.594+0000][2063.457s] GC(1067) Survivor regions: 24->23(35)
[2022-04-27T05:39:40.594+0000][2063.458s] GC(1067) Old regions: 144->151
[2022-04-27T05:39:40.594+0000][2063.458s] GC(1067) Humongous regions: 7->7
[2022-04-27T05:39:40.595+0000][2063.458s] GC(1067) Metaspace: 56935K->56935K(1101824K)
[2022-04-27T05:39:40.595+0000][2063.459s] GC(1067) Pause Young (Concurrent Start) (G1 Evacuation Pause) 428M->178M(512M) 18.348ms
[2022-04-27T05:39:40.595+0000][2063.459s] GC(1067) User=0.05s Sys=0.01s Real=0.02s
[2022-04-27T05:39:40.595+0000][2063.459s] GC(1068) Concurrent Cycle
[2022-04-27T05:39:40.596+0000][2063.459s] GC(1068) Concurrent Clear Claimed Marks
[2022-04-27T05:39:40.596+0000][2063.460s] GC(1068) Concurrent Clear Claimed Marks 0.347ms
[2022-04-27T05:39:40.596+0000][2063.460s] GC(1068) Concurrent Scan Root Regions
[2022-04-27T05:39:40.603+0000][2063.467s] GC(1068) Concurrent Scan Root Regions 6.967ms
[2022-04-27T05:39:40.604+0000][2063.467s] GC(1068) Concurrent Mark (2063.467s)
[2022-04-27T05:39:40.604+0000][2063.467s] GC(1068) Concurrent Mark From Roots
[2022-04-27T05:39:40.604+0000][2063.468s] GC(1068) Using 2 workers of 2 for marking
[2022-04-27T05:39:40.640+0000][2063.504s] GC(1068) Concurrent Mark From Roots 36.526ms
[2022-04-27T05:39:40.641+0000][2063.504s] GC(1068) Concurrent Preclean
[2022-04-27T05:39:40.641+0000][2063.505s] GC(1068) Concurrent Preclean 0.563ms
[2022-04-27T05:39:40.642+0000][2063.505s] GC(1068) Concurrent Mark (2063.467s, 2063.505s) 38.132ms
[2022-04-27T05:39:40.642+0000][2063.506s] GC(1068) Pause Remark
[2022-04-27T05:39:40.659+0000][2063.523s] GC(1068) Cleaned string and symbol table, strings: 24910 processed, 0 removed, symbols: 137617 processed, 14 removed
[2022-04-27T05:39:40.660+0000][2063.524s] GC(1068) Pause Remark 191M->177M(512M) 17.656ms
[2022-04-27T05:39:40.660+0000][2063.524s] GC(1068) User=0.12s Sys=0.01s Real=0.01s
[2022-04-27T05:39:40.661+0000][2063.524s] GC(1068) Concurrent Rebuild Remembered Sets
[2022-04-27T05:39:40.700+0000][2063.564s] GC(1068) Concurrent Rebuild Remembered Sets 39.443ms
[2022-04-27T05:39:40.701+0000][2063.565s] GC(1068) Pause Cleanup
[2022-04-27T05:39:40.701+0000][2063.565s] GC(1068) Pause Cleanup 184M->184M(512M) 0.463ms
[2022-04-27T05:39:40.702+0000][2063.565s] GC(1068) User=0.00s Sys=0.00s Real=0.00s
[2022-04-27T05:39:40.702+0000][2063.566s] GC(1068) Concurrent Cleanup for Next Mark
[2022-04-27T05:39:40.703+0000][2063.567s] GC(1068) Concurrent Cleanup for Next Mark 1.009ms
[2022-04-27T05:39:40.703+0000][2063.567s] GC(1068) Concurrent Cycle 107.865ms
[2022-04-27T05:39:42.167+0000][2065.030s] GC(1069) Pause Young (Prepare Mixed) (G1 Evacuation Pause)
[2022-04-27T05:39:42.167+0000][2065.031s] GC(1069) Using 8 workers of 8 for evacuation
[2022-04-27T05:39:42.179+0000][2065.042s] GC(1069)   Pre Evacuate Collection Set: 0.0ms
[2022-04-27T05:39:42.179+0000][2065.043s] GC(1069)   Evacuate Collection Set: 7.4ms
[2022-04-27T05:39:42.180+0000][2065.043s] GC(1069)   Post Evacuate Collection Set: 3.7ms
[2022-04-27T05:39:42.180+0000][2065.044s] GC(1069)   Other: 1.0ms
[2022-04-27T05:39:42.180+0000][2065.044s] GC(1069) Eden regions: 248->0(1)
[2022-04-27T05:39:42.181+0000][2065.044s] GC(1069) Survivor regions: 23->24(34)
[2022-04-27T05:39:42.181+0000][2065.045s] GC(1069) Old regions: 137->143
[2022-04-27T05:39:42.181+0000][2065.045s] GC(1069) Humongous regions: 7->7
[2022-04-27T05:39:42.181+0000][2065.045s] GC(1069) Metaspace: 56935K->56935K(1101824K)
[2022-04-27T05:39:42.182+0000][2065.046s] GC(1069) Pause Young (Prepare Mixed) (G1 Evacuation Pause) 412M->171M(512M) 15.217ms
[2022-04-27T05:39:42.182+0000][2065.046s] GC(1069) User=0.08s Sys=0.00s Real=0.02s
[2022-04-27T05:39:42.185+0000][2065.048s] GC(1070) Pause Young (Mixed) (G1 Evacuation Pause)
[2022-04-27T05:39:42.185+0000][2065.049s] GC(1070) Using 8 workers of 8 for evacuation
[2022-04-27T05:39:42.192+0000][2065.056s] GC(1070)   Pre Evacuate Collection Set: 0.0ms
[2022-04-27T05:39:42.193+0000][2065.057s] GC(1070)   Evacuate Collection Set: 6.2ms
[2022-04-27T05:39:42.193+0000][2065.057s] GC(1070)   Post Evacuate Collection Set: 0.7ms
[2022-04-27T05:39:42.194+0000][2065.058s] GC(1070)   Other: 0.9ms
[2022-04-27T05:39:42.194+0000][2065.058s] GC(1070) Eden regions: 1->0(266)
[2022-04-27T05:39:42.195+0000][2065.058s] GC(1070) Survivor regions: 24->1(4)
[2022-04-27T05:39:42.195+0000][2065.059s] GC(1070) Old regions: 143->147
[2022-04-27T05:39:42.195+0000][2065.059s] GC(1070) Humongous regions: 7->7
[2022-04-27T05:39:42.196+0000][2065.059s] GC(1070) Metaspace: 56935K->56935K(1101824K)
[2022-04-27T05:39:42.196+0000][2065.060s] GC(1070) Pause Young (Mixed) (G1 Evacuation Pause) 172M->153M(512M) 11.194ms
[2022-04-27T05:39:42.196+0000][2065.060s] GC(1070) User=0.05s Sys=0.00s Real=0.01s
[2022-04-27T05:39:43.824+0000][2066.688s] GC(1071) Pause Young (Normal) (G1 Evacuation Pause)
[2022-04-27T05:39:43.825+0000][2066.688s] GC(1071) Using 8 workers of 8 for evacuation
[2022-04-27T05:39:43.830+0000][2066.694s] GC(1071)   Pre Evacuate Collection Set: 0.0ms
[2022-04-27T05:39:43.830+0000][2066.694s] GC(1071)   Evacuate Collection Set: 4.0ms
[2022-04-27T05:39:43.831+0000][2066.694s] GC(1071)   Post Evacuate Collection Set: 1.1ms
[2022-04-27T05:39:43.831+0000][2066.695s] GC(1071)   Other: 0.7ms
[2022-04-27T05:39:43.831+0000][2066.695s] GC(1071) Eden regions: 266->0(257)
[2022-04-27T05:39:43.832+0000][2066.695s] GC(1071) Survivor regions: 1->12(34)
[2022-04-27T05:39:43.832+0000][2066.696s] GC(1071) Old regions: 147->147
[2022-04-27T05:39:43.832+0000][2066.696s] GC(1071) Humongous regions: 7->7
[2022-04-27T05:39:43.833+0000][2066.696s] GC(1071) Metaspace: 56935K->56935K(1101824K)
[2022-04-27T05:39:43.833+0000][2066.696s] GC(1071) Pause Young (Normal) (G1 Evacuation Pause) 419M->164M(512M) 8.562ms
[2022-04-27T05:39:43.833+0000][2066.697s] GC(1071) User=0.03s Sys=0.00s Real=0.01s
[2022-04-27T05:39:45.531+0000][2068.395s] GC(1072) Pause Young (Normal) (G1 Evacuation Pause)
[2022-04-27T05:39:45.532+0000][2068.395s] GC(1072) Using 8 workers of 8 for evacuation
[2022-04-27T05:39:45.538+0000][2068.402s] GC(1072)   Pre Evacuate Collection Set: 0.0ms
[2022-04-27T05:39:45.545+0000][2068.409s] GC(1072)   Evacuate Collection Set: 4.9ms
[2022-04-27T05:39:45.546+0000][2068.409s] GC(1072)   Post Evacuate Collection Set: 1.2ms
[2022-04-27T05:39:45.546+0000][2068.410s] GC(1072)   Other: 0.9ms
[2022-04-27T05:39:45.546+0000][2068.410s] GC(1072) Eden regions: 257->0(255)
[2022-04-27T05:39:45.547+0000][2068.410s] GC(1072) Survivor regions: 12->16(34)
[2022-04-27T05:39:45.547+0000][2068.411s] GC(1072) Old regions: 147->147
[2022-04-27T05:39:45.547+0000][2068.411s] GC(1072) Humongous regions: 7->7
[2022-04-27T05:39:45.548+0000][2068.411s] GC(1072) Metaspace: 56935K->56935K(1101824K)
[2022-04-27T05:39:45.548+0000][2068.412s] GC(1072) Pause Young (Normal) (G1 Evacuation Pause) 421M->168M(512M) 16.766ms
[2022-04-27T05:39:45.548+0000][2068.412s] GC(1072) User=0.04s Sys=0.00s Real=0.01s
[2022-04-27T05:39:47.271+0000][2070.135s] GC(1073) Pause Young (Normal) (G1 Evacuation Pause)
[2022-04-27T05:39:47.272+0000][2070.135s] GC(1073) Using 8 workers of 8 for evacuation
[2022-04-27T05:39:47.290+0000][2070.154s] GC(1073)   Pre Evacuate Collection Set: 0.0ms
[2022-04-27T05:39:47.290+0000][2070.154s] GC(1073)   Evacuate Collection Set: 14.1ms
[2022-04-27T05:39:47.291+0000][2070.154s] GC(1073)   Post Evacuate Collection Set: 3.6ms
[2022-04-27T05:39:47.291+0000][2070.155s] GC(1073)   Other: 1.0ms
[2022-04-27T05:39:47.292+0000][2070.155s] GC(1073) Eden regions: 255->0(242)
[2022-04-27T05:39:47.292+0000][2070.156s] GC(1073) Survivor regions: 16->27(34)
[2022-04-27T05:39:47.292+0000][2070.156s] GC(1073) Old regions: 147->147
[2022-04-27T05:39:47.294+0000][2070.158s] GC(1073) Humongous regions: 7->7
[2022-04-27T05:39:47.295+0000][2070.159s] GC(1073) Metaspace: 56936K->56936K(1101824K)
[2022-04-27T05:39:47.297+0000][2070.161s] GC(1073) Pause Young (Normal) (G1 Evacuation Pause) 423M->179M(512M) 26.026ms
[2022-04-27T05:39:47.302+0000][2070.165s] GC(1073) User=0.13s Sys=0.02s Real=0.03s
[2022-04-27T05:39:48.959+0000][2071.822s] GC(1074) Pause Young (Normal) (G1 Evacuation Pause)
[2022-04-27T05:39:48.959+0000][2071.823s] GC(1074) Using 8 workers of 8 for evacuation
[2022-04-27T05:39:48.971+0000][2071.835s] GC(1074)   Pre Evacuate Collection Set: 0.0ms
[2022-04-27T05:39:48.972+0000][2071.835s] GC(1074)   Evacuate Collection Set: 10.7ms
[2022-04-27T05:39:48.972+0000][2071.836s] GC(1074)   Post Evacuate Collection Set: 0.9ms
[2022-04-27T05:39:48.972+0000][2071.836s] GC(1074)   Other: 1.0ms
[2022-04-27T05:39:48.973+0000][2071.836s] GC(1074) Eden regions: 242->0(235)
[2022-04-27T05:39:48.973+0000][2071.837s] GC(1074) Survivor regions: 27->21(34)
[2022-04-27T05:39:48.973+0000][2071.837s] GC(1074) Old regions: 147->159
[2022-04-27T05:39:48.974+0000][2071.837s] GC(1074) Humongous regions: 7->7
[2022-04-27T05:39:48.974+0000][2071.838s] GC(1074) Metaspace: 56936K->56936K(1101824K)
[2022-04-27T05:39:48.974+0000][2071.838s] GC(1074) Pause Young (Normal) (G1 Evacuation Pause) 421M->184M(512M) 15.664ms
[2022-04-27T05:39:48.975+0000][2071.838s] GC(1074) User=0.07s Sys=0.01s Real=0.02s
[2022-04-27T05:39:50.433+0000][2073.296s] GC(1075) Pause Young (Concurrent Start) (G1 Evacuation Pause)
[2022-04-27T05:39:50.433+0000][2073.297s] GC(1075) Using 8 workers of 8 for evacuation
[2022-04-27T05:39:50.447+0000][2073.311s] GC(1075)   Pre Evacuate Collection Set: 0.1ms
[2022-04-27T05:39:50.447+0000][2073.311s] GC(1075)   Evacuate Collection Set: 12.0ms
[2022-04-27T05:39:50.448+0000][2073.311s] GC(1075)   Post Evacuate Collection Set: 1.0ms
[2022-04-27T05:39:50.448+0000][2073.312s] GC(1075)   Other: 1.0ms
[2022-04-27T05:39:50.448+0000][2073.312s] GC(1075) Eden regions: 235->0(231)
[2022-04-27T05:39:50.449+0000][2073.313s] GC(1075) Survivor regions: 21->20(32)
[2022-04-27T05:39:50.449+0000][2073.313s] GC(1075) Old regions: 159->164
[2022-04-27T05:39:50.450+0000][2073.313s] GC(1075) Humongous regions: 7->7
[2022-04-27T05:39:50.450+0000][2073.314s] GC(1075) Metaspace: 56936K->56936K(1101824K)
[2022-04-27T05:39:50.450+0000][2073.314s] GC(1075) Pause Young (Concurrent Start) (G1 Evacuation Pause) 419M->189M(512M) 17.550ms
[2022-04-27T05:39:50.451+0000][2073.314s] GC(1075) User=0.06s Sys=0.00s Real=0.01s
[2022-04-27T05:39:50.451+0000][2073.315s] GC(1076) Concurrent Cycle
[2022-04-27T05:39:50.451+0000][2073.315s] GC(1076) Concurrent Clear Claimed Marks
[2022-04-27T05:39:50.452+0000][2073.316s] GC(1076) Concurrent Clear Claimed Marks 0.436ms
[2022-04-27T05:39:50.452+0000][2073.316s] GC(1076) Concurrent Scan Root Regions
[2022-04-27T05:39:50.457+0000][2073.320s] GC(1076) Concurrent Scan Root Regions 4.630ms
[2022-04-27T05:39:50.457+0000][2073.321s] GC(1076) Concurrent Mark (2073.321s)
[2022-04-27T05:39:50.458+0000][2073.321s] GC(1076) Concurrent Mark From Roots
[2022-04-27T05:39:50.458+0000][2073.322s] GC(1076) Using 2 workers of 2 for marking
[2022-04-27T05:39:50.491+0000][2073.354s] GC(1076) Concurrent Mark From Roots 33.153ms
[2022-04-27T05:39:50.491+0000][2073.355s] GC(1076) Concurrent Preclean
[2022-04-27T05:39:50.492+0000][2073.356s] GC(1076) Concurrent Preclean 0.612ms
[2022-04-27T05:39:50.492+0000][2073.356s] GC(1076) Concurrent Mark (2073.321s, 2073.356s) 35.038ms
[2022-04-27T05:39:50.493+0000][2073.357s] GC(1076) Pause Remark
[2022-04-27T05:39:50.507+0000][2073.371s] GC(1076) Cleaned string and symbol table, strings: 24910 processed, 0 removed, symbols: 137609 processed, 4 removed
[2022-04-27T05:39:50.508+0000][2073.372s] GC(1076) Pause Remark 199M->163M(512M) 15.362ms
[2022-04-27T05:39:50.509+0000][2073.372s] GC(1076) User=0.11s Sys=0.01s Real=0.01s
[2022-04-27T05:39:50.509+0000][2073.373s] GC(1076) Concurrent Rebuild Remembered Sets
[2022-04-27T05:39:50.538+0000][2073.402s] GC(1076) Concurrent Rebuild Remembered Sets 28.970ms
[2022-04-27T05:39:50.539+0000][2073.403s] GC(1076) Pause Cleanup
[2022-04-27T05:39:50.540+0000][2073.403s] GC(1076) Pause Cleanup 169M->169M(512M) 0.630ms
[2022-04-27T05:39:50.540+0000][2073.404s] GC(1076) User=0.00s Sys=0.00s Real=0.00s
[2022-04-27T05:39:50.541+0000][2073.404s] GC(1076) Concurrent Cleanup for Next Mark
[2022-04-27T05:39:50.542+0000][2073.406s] GC(1076) Concurrent Cleanup for Next Mark 1.206ms
[2022-04-27T05:39:50.542+0000][2073.406s] GC(1076) Concurrent Cycle 91.177ms
[2022-04-27T05:39:51.900+0000][2074.764s] GC(1077) Pause Young (Prepare Mixed) (G1 Evacuation Pause)
[2022-04-27T05:39:51.900+0000][2074.764s] GC(1077) Using 8 workers of 8 for evacuation
[2022-04-27T05:39:51.907+0000][2074.771s] GC(1077)   Pre Evacuate Collection Set: 0.0ms
[2022-04-27T05:39:51.908+0000][2074.771s] GC(1077)   Evacuate Collection Set: 5.6ms
[2022-04-27T05:39:51.908+0000][2074.772s] GC(1077)   Post Evacuate Collection Set: 0.9ms
[2022-04-27T05:39:51.908+0000][2074.772s] GC(1077)   Other: 0.8ms
[2022-04-27T05:39:51.908+0000][2074.772s] GC(1077) Eden regions: 231->0(12)
[2022-04-27T05:39:51.909+0000][2074.772s] GC(1077) Survivor regions: 20->13(32)
[2022-04-27T05:39:51.909+0000][2074.772s] GC(1077) Old regions: 128->134
[2022-04-27T05:39:51.909+0000][2074.773s] GC(1077) Humongous regions: 7->7
[2022-04-27T05:39:51.909+0000][2074.773s] GC(1077) Metaspace: 56936K->56936K(1101824K)
[2022-04-27T05:39:51.909+0000][2074.773s] GC(1077) Pause Young (Prepare Mixed) (G1 Evacuation Pause) 384M->152M(512M) 9.581ms
[2022-04-27T05:39:51.910+0000][2074.773s] GC(1077) User=0.04s Sys=0.01s Real=0.01s
[2022-04-27T05:39:51.951+0000][2074.815s] GC(1078) Pause Young (Mixed) (G1 Evacuation Pause)
[2022-04-27T05:39:51.951+0000][2074.815s] GC(1078) Using 8 workers of 8 for evacuation
[2022-04-27T05:39:51.956+0000][2074.819s] GC(1078)   Pre Evacuate Collection Set: 0.0ms
[2022-04-27T05:39:51.956+0000][2074.820s] GC(1078)   Evacuate Collection Set: 3.3ms
[2022-04-27T05:39:51.956+0000][2074.820s] GC(1078)   Post Evacuate Collection Set: 0.7ms
[2022-04-27T05:39:51.957+0000][2074.820s] GC(1078)   Other: 0.6ms
[2022-04-27T05:39:51.957+0000][2074.821s] GC(1078) Eden regions: 12->0(286)
[2022-04-27T05:39:51.957+0000][2074.821s] GC(1078) Survivor regions: 13->2(4)
[2022-04-27T05:39:51.957+0000][2074.821s] GC(1078) Old regions: 134->117
[2022-04-27T05:39:51.958+0000][2074.821s] GC(1078) Humongous regions: 7->7
[2022-04-27T05:39:51.958+0000][2074.822s] GC(1078) Metaspace: 56936K->56936K(1101824K)
[2022-04-27T05:39:51.958+0000][2074.822s] GC(1078) Pause Young (Mixed) (G1 Evacuation Pause) 164M->124M(512M) 7.149ms
[2022-04-27T05:39:51.959+0000][2074.822s] GC(1078) User=0.03s Sys=0.00s Real=0.00s
[2022-04-27T05:39:54.003+0000][2076.867s] GC(1079) Pause Young (Normal) (G1 Evacuation Pause)
[2022-04-27T05:39:54.003+0000][2076.867s] GC(1079) Using 8 workers of 8 for evacuation
[2022-04-27T05:39:54.017+0000][2076.881s] GC(1079)   Pre Evacuate Collection Set: 0.0ms
[2022-04-27T05:39:54.018+0000][2076.881s] GC(1079)   Evacuate Collection Set: 11.0ms
[2022-04-27T05:39:54.018+0000][2076.882s] GC(1079)   Post Evacuate Collection Set: 2.7ms
[2022-04-27T05:39:54.018+0000][2076.882s] GC(1079)   Other: 0.7ms
[2022-04-27T05:39:54.019+0000][2076.882s] GC(1079) Eden regions: 286->0(286)
[2022-04-27T05:39:54.019+0000][2076.882s] GC(1079) Survivor regions: 2->8(36)
[2022-04-27T05:39:54.019+0000][2076.883s] GC(1079) Old regions: 117->117
[2022-04-27T05:39:54.019+0000][2076.883s] GC(1079) Humongous regions: 7->7
[2022-04-27T05:39:54.019+0000][2076.883s] GC(1079) Metaspace: 56936K->56936K(1101824K)
[2022-04-27T05:39:54.020+0000][2076.883s] GC(1079) Pause Young (Normal) (G1 Evacuation Pause) 410M->130M(512M) 16.814ms
[2022-04-27T05:39:54.020+0000][2076.884s] GC(1079) User=0.09s Sys=0.00s Real=0.01s
[2022-04-27T05:39:56.264+0000][2079.127s] GC(1080) Pause Young (Normal) (G1 Evacuation Pause)
[2022-04-27T05:39:56.264+0000][2079.127s] GC(1080) Using 8 workers of 8 for evacuation
[2022-04-27T05:39:56.271+0000][2079.135s] GC(1080)   Pre Evacuate Collection Set: 0.0ms
[2022-04-27T05:39:56.271+0000][2079.135s] GC(1080)   Evacuate Collection Set: 6.0ms
[2022-04-27T05:39:56.272+0000][2079.135s] GC(1080)   Post Evacuate Collection Set: 1.0ms
[2022-04-27T05:39:56.272+0000][2079.136s] GC(1080)   Other: 0.4ms
[2022-04-27T05:39:56.273+0000][2079.136s] GC(1080) Eden regions: 286->0(280)
[2022-04-27T05:39:56.273+0000][2079.137s] GC(1080) Survivor regions: 8->18(37)
[2022-04-27T05:39:56.273+0000][2079.137s] GC(1080) Old regions: 117->117
[2022-04-27T05:39:56.274+0000][2079.137s] GC(1080) Humongous regions: 7->7
[2022-04-27T05:39:56.274+0000][2079.137s] GC(1080) Metaspace: 56936K->56936K(1101824K)
[2022-04-27T05:39:56.274+0000][2079.138s] GC(1080) Pause Young (Normal) (G1 Evacuation Pause) 416M->140M(512M) 10.486ms
[2022-04-27T05:39:56.274+0000][2079.138s] GC(1080) User=0.04s Sys=0.01s Real=0.01s
[2022-04-27T05:39:57.985+0000][2080.849s] GC(1081) Pause Young (Normal) (G1 Evacuation Pause)
[2022-04-27T05:39:57.986+0000][2080.850s] GC(1081) Using 8 workers of 8 for evacuation
[2022-04-27T05:39:57.996+0000][2080.859s] GC(1081)   Pre Evacuate Collection Set: 0.0ms
[2022-04-27T05:39:57.996+0000][2080.860s] GC(1081)   Evacuate Collection Set: 7.8ms
[2022-04-27T05:39:57.996+0000][2080.860s] GC(1081)   Post Evacuate Collection Set: 1.3ms
[2022-04-27T05:39:57.997+0000][2080.860s] GC(1081)   Other: 1.0ms
[2022-04-27T05:39:57.997+0000][2080.861s] GC(1081) Eden regions: 280->0(275)
[2022-04-27T05:39:57.997+0000][2080.861s] GC(1081) Survivor regions: 18->25(38)
[2022-04-27T05:39:57.998+0000][2080.861s] GC(1081) Old regions: 117->117
[2022-04-27T05:39:57.998+0000][2080.862s] GC(1081) Humongous regions: 7->7
[2022-04-27T05:39:57.999+0000][2080.862s] GC(1081) Metaspace: 56936K->56936K(1101824K)
[2022-04-27T05:39:57.999+0000][2080.863s] GC(1081) Pause Young (Normal) (G1 Evacuation Pause) 420M->147M(512M) 13.579ms
[2022-04-27T05:39:57.999+0000][2080.863s] GC(1081) User=0.06s Sys=0.00s Real=0.01s
[2022-04-27T05:39:59.708+0000][2082.572s] GC(1082) Pause Young (Normal) (G1 Evacuation Pause)
[2022-04-27T05:39:59.709+0000][2082.572s] GC(1082) Using 8 workers of 8 for evacuation
[2022-04-27T05:39:59.718+0000][2082.582s] GC(1082)   Pre Evacuate Collection Set: 0.0ms
[2022-04-27T05:39:59.718+0000][2082.582s] GC(1082)   Evacuate Collection Set: 7.6ms
[2022-04-27T05:39:59.719+0000][2082.582s] GC(1082)   Post Evacuate Collection Set: 1.3ms
[2022-04-27T05:39:59.719+0000][2082.583s] GC(1082)   Other: 0.6ms
[2022-04-27T05:39:59.719+0000][2082.583s] GC(1082) Eden regions: 275->0(275)
[2022-04-27T05:39:59.720+0000][2082.583s] GC(1082) Survivor regions: 25->21(38)
[2022-04-27T05:39:59.720+0000][2082.584s] GC(1082) Old regions: 117->124
[2022-04-27T05:39:59.720+0000][2082.584s] GC(1082) Humongous regions: 7->7
[2022-04-27T05:39:59.720+0000][2082.584s] GC(1082) Metaspace: 56936K->56936K(1101824K)
[2022-04-27T05:39:59.721+0000][2082.584s] GC(1082) Pause Young (Normal) (G1 Evacuation Pause) 422M->149M(512M) 12.432ms
[2022-04-27T05:39:59.721+0000][2082.585s] GC(1082) User=0.05s Sys=0.01s Real=0.02s
[2022-04-27T05:40:01.871+0000][2084.734s] GC(1083) Pause Young (Normal) (G1 Evacuation Pause)
[2022-04-27T05:40:01.871+0000][2084.735s] GC(1083) Using 8 workers of 8 for evacuation
[2022-04-27T05:40:01.879+0000][2084.743s] GC(1083)   Pre Evacuate Collection Set: 0.0ms
[2022-04-27T05:40:01.880+0000][2084.743s] GC(1083)   Evacuate Collection Set: 6.9ms
[2022-04-27T05:40:01.880+0000][2084.744s] GC(1083)   Post Evacuate Collection Set: 1.0ms
[2022-04-27T05:40:01.880+0000][2084.744s] GC(1083)   Other: 0.8ms
[2022-04-27T05:40:01.881+0000][2084.744s] GC(1083) Eden regions: 275->0(271)
[2022-04-27T05:40:01.881+0000][2084.745s] GC(1083) Survivor regions: 21->21(37)
[2022-04-27T05:40:01.881+0000][2084.745s] GC(1083) Old regions: 124->131
[2022-04-27T05:40:01.882+0000][2084.745s] GC(1083) Humongous regions: 7->7
[2022-04-27T05:40:01.882+0000][2084.745s] GC(1083) Metaspace: 56936K->56936K(1101824K)
[2022-04-27T05:40:01.882+0000][2084.746s] GC(1083) Pause Young (Normal) (G1 Evacuation Pause) 424M->156M(512M) 11.611ms
[2022-04-27T05:40:01.883+0000][2084.746s] GC(1083) User=0.06s Sys=0.00s Real=0.02s
[2022-04-27T05:40:03.971+0000][2086.835s] GC(1084) Pause Young (Concurrent Start) (G1 Evacuation Pause)
[2022-04-27T05:40:03.971+0000][2086.835s] GC(1084) Using 8 workers of 8 for evacuation
[2022-04-27T05:40:03.988+0000][2086.851s] GC(1084)   Pre Evacuate Collection Set: 0.1ms
[2022-04-27T05:40:03.988+0000][2086.852s] GC(1084)   Evacuate Collection Set: 14.9ms
[2022-04-27T05:40:03.989+0000][2086.852s] GC(1084)   Post Evacuate Collection Set: 0.9ms
[2022-04-27T05:40:03.989+0000][2086.853s] GC(1084)   Other: 0.8ms
[2022-04-27T05:40:03.989+0000][2086.853s] GC(1084) Eden regions: 271->0(260)
[2022-04-27T05:40:03.990+0000][2086.853s] GC(1084) Survivor regions: 21->25(37)
[2022-04-27T05:40:03.990+0000][2086.854s] GC(1084) Old regions: 131->137
[2022-04-27T05:40:03.990+0000][2086.854s] GC(1084) Humongous regions: 7->7
[2022-04-27T05:40:03.991+0000][2086.854s] GC(1084) Metaspace: 56936K->56936K(1101824K)
[2022-04-27T05:40:03.991+0000][2086.854s] GC(1084) Pause Young (Concurrent Start) (G1 Evacuation Pause) 427M->166M(512M) 19.696ms
[2022-04-27T05:40:03.991+0000][2086.855s] GC(1084) User=0.04s Sys=0.02s Real=0.02s
[2022-04-27T05:40:03.991+0000][2086.855s] GC(1085) Concurrent Cycle
[2022-04-27T05:40:03.991+0000][2086.855s] GC(1085) Concurrent Clear Claimed Marks
[2022-04-27T05:40:03.992+0000][2086.855s] GC(1085) Concurrent Clear Claimed Marks 0.292ms
[2022-04-27T05:40:03.992+0000][2086.856s] GC(1085) Concurrent Scan Root Regions
[2022-04-27T05:40:03.997+0000][2086.860s] GC(1085) Concurrent Scan Root Regions 4.785ms
[2022-04-27T05:40:03.997+0000][2086.861s] GC(1085) Concurrent Mark (2086.861s)
[2022-04-27T05:40:03.998+0000][2086.861s] GC(1085) Concurrent Mark From Roots
[2022-04-27T05:40:03.998+0000][2086.862s] GC(1085) Using 2 workers of 2 for marking
[2022-04-27T05:40:04.033+0000][2086.897s] GC(1085) Concurrent Mark From Roots 35.742ms
[2022-04-27T05:40:04.034+0000][2086.897s] GC(1085) Concurrent Preclean
[2022-04-27T05:40:04.034+0000][2086.898s] GC(1085) Concurrent Preclean 0.716ms
[2022-04-27T05:40:04.035+0000][2086.898s] GC(1085) Concurrent Mark (2086.861s, 2086.898s) 37.498ms
[2022-04-27T05:40:04.035+0000][2086.899s] GC(1085) Pause Remark
[2022-04-27T05:40:04.053+0000][2086.917s] GC(1085) Cleaned string and symbol table, strings: 24910 processed, 0 removed, symbols: 137613 processed, 12 removed
[2022-04-27T05:40:04.054+0000][2086.918s] GC(1085) Pause Remark 186M->167M(512M) 18.495ms
[2022-04-27T05:40:04.054+0000][2086.918s] GC(1085) User=0.13s Sys=0.00s Real=0.02s
[2022-04-27T05:40:04.055+0000][2086.918s] GC(1085) Concurrent Rebuild Remembered Sets
[2022-04-27T05:40:04.085+0000][2086.949s] GC(1085) Concurrent Rebuild Remembered Sets 30.119ms
[2022-04-27T05:40:04.085+0000][2086.949s] GC(1085) Pause Cleanup
[2022-04-27T05:40:04.086+0000][2086.950s] GC(1085) Pause Cleanup 167M->167M(512M) 0.383ms
[2022-04-27T05:40:04.086+0000][2086.950s] GC(1085) User=0.01s Sys=0.00s Real=0.00s
[2022-04-27T05:40:04.086+0000][2086.950s] GC(1085) Concurrent Cleanup for Next Mark
[2022-04-27T05:40:04.087+0000][2086.951s] GC(1085) Concurrent Cleanup for Next Mark 1.041ms
[2022-04-27T05:40:04.088+0000][2086.951s] GC(1085) Concurrent Cycle 96.409ms
[2022-04-27T05:40:05.629+0000][2088.493s] GC(1086) Pause Young (Prepare Mixed) (G1 Evacuation Pause)
[2022-04-27T05:40:05.629+0000][2088.493s] GC(1086) Using 8 workers of 8 for evacuation
[2022-04-27T05:40:05.640+0000][2088.504s] GC(1086)   Pre Evacuate Collection Set: 0.0ms
[2022-04-27T05:40:05.641+0000][2088.504s] GC(1086)   Evacuate Collection Set: 7.6ms
[2022-04-27T05:40:05.641+0000][2088.504s] GC(1086)   Post Evacuate Collection Set: 2.6ms
[2022-04-27T05:40:05.641+0000][2088.505s] GC(1086)   Other: 0.8ms
[2022-04-27T05:40:05.641+0000][2088.505s] GC(1086) Eden regions: 260->0(1)
[2022-04-27T05:40:05.642+0000][2088.505s] GC(1086) Survivor regions: 25->25(36)
[2022-04-27T05:40:05.642+0000][2088.506s] GC(1086) Old regions: 118->124
[2022-04-27T05:40:05.642+0000][2088.506s] GC(1086) Humongous regions: 7->7
[2022-04-27T05:40:05.643+0000][2088.506s] GC(1086) Metaspace: 56936K->56936K(1101824K)
[2022-04-27T05:40:05.643+0000][2088.507s] GC(1086) Pause Young (Prepare Mixed) (G1 Evacuation Pause) 407M->153M(512M) 13.877ms
[2022-04-27T05:40:05.643+0000][2088.507s] GC(1086) User=0.07s Sys=0.00s Real=0.02s
[2022-04-27T05:40:05.646+0000][2088.510s] GC(1087) Pause Young (Mixed) (G1 Evacuation Pause)
[2022-04-27T05:40:05.646+0000][2088.510s] GC(1087) Using 8 workers of 8 for evacuation
[2022-04-27T05:40:05.654+0000][2088.518s] GC(1087)   Pre Evacuate Collection Set: 0.0ms
[2022-04-27T05:40:05.655+0000][2088.518s] GC(1087)   Evacuate Collection Set: 7.0ms
[2022-04-27T05:40:05.655+0000][2088.519s] GC(1087)   Post Evacuate Collection Set: 0.6ms
[2022-04-27T05:40:05.656+0000][2088.519s] GC(1087)   Other: 0.8ms
[2022-04-27T05:40:05.656+0000][2088.520s] GC(1087) Eden regions: 1->0(281)
[2022-04-27T05:40:05.656+0000][2088.520s] GC(1087) Survivor regions: 25->1(4)
[2022-04-27T05:40:05.657+0000][2088.520s] GC(1087) Old regions: 124->135
[2022-04-27T05:40:05.657+0000][2088.521s] GC(1087) Humongous regions: 7->7
[2022-04-27T05:40:05.657+0000][2088.521s] GC(1087) Metaspace: 56936K->56936K(1101824K)
[2022-04-27T05:40:05.658+0000][2088.521s] GC(1087) Pause Young (Mixed) (G1 Evacuation Pause) 154M->141M(512M) 11.726ms
[2022-04-27T05:40:05.658+0000][2088.522s] GC(1087) User=0.06s Sys=0.00s Real=0.01s
[2022-04-27T05:40:07.744+0000][2090.608s] GC(1088) Pause Young (Normal) (G1 Evacuation Pause)
[2022-04-27T05:40:07.745+0000][2090.609s] GC(1088) Using 8 workers of 8 for evacuation
[2022-04-27T05:40:07.753+0000][2090.617s] GC(1088)   Pre Evacuate Collection Set: 0.0ms
[2022-04-27T05:40:07.754+0000][2090.617s] GC(1088)   Evacuate Collection Set: 5.9ms
[2022-04-27T05:40:07.754+0000][2090.618s] GC(1088)   Post Evacuate Collection Set: 2.0ms
[2022-04-27T05:40:07.754+0000][2090.618s] GC(1088)   Other: 1.0ms
[2022-04-27T05:40:07.755+0000][2090.618s] GC(1088) Eden regions: 281->0(269)
[2022-04-27T05:40:07.755+0000][2090.619s] GC(1088) Survivor regions: 1->14(36)
[2022-04-27T05:40:07.755+0000][2090.619s] GC(1088) Old regions: 135->135
[2022-04-27T05:40:07.756+0000][2090.619s] GC(1088) Humongous regions: 7->7
[2022-04-27T05:40:07.756+0000][2090.620s] GC(1088) Metaspace: 56936K->56936K(1101824K)
[2022-04-27T05:40:07.756+0000][2090.620s] GC(1088) Pause Young (Normal) (G1 Evacuation Pause) 422M->153M(512M) 11.995ms
[2022-04-27T05:40:07.757+0000][2090.620s] GC(1088) User=0.05s Sys=0.00s Real=0.01s
[2022-04-27T05:40:09.227+0000][2092.091s] GC(1089) Pause Young (Normal) (G1 Evacuation Pause)
[2022-04-27T05:40:09.228+0000][2092.091s] GC(1089) Using 8 workers of 8 for evacuation
[2022-04-27T05:40:09.235+0000][2092.099s] GC(1089)   Pre Evacuate Collection Set: 0.0ms
[2022-04-27T05:40:09.236+0000][2092.099s] GC(1089)   Evacuate Collection Set: 6.2ms
[2022-04-27T05:40:09.236+0000][2092.100s] GC(1089)   Post Evacuate Collection Set: 1.1ms
[2022-04-27T05:40:09.236+0000][2092.100s] GC(1089)   Other: 0.7ms
[2022-04-27T05:40:09.237+0000][2092.100s] GC(1089) Eden regions: 269->0(262)
[2022-04-27T05:40:09.237+0000][2092.101s] GC(1089) Survivor regions: 14->21(36)
[2022-04-27T05:40:09.237+0000][2092.101s] GC(1089) Old regions: 135->135
[2022-04-27T05:40:09.238+0000][2092.101s] GC(1089) Humongous regions: 7->7
[2022-04-27T05:40:09.238+0000][2092.102s] GC(1089) Metaspace: 56936K->56936K(1101824K)
[2022-04-27T05:40:09.238+0000][2092.102s] GC(1089) Pause Young (Normal) (G1 Evacuation Pause) 422M->160M(512M) 11.176ms
[2022-04-27T05:40:09.239+0000][2092.102s] GC(1089) User=0.05s Sys=0.00s Real=0.01s
[2022-04-27T05:40:10.780+0000][2093.644s] GC(1090) Pause Young (Normal) (G1 Evacuation Pause)
[2022-04-27T05:40:10.780+0000][2093.644s] GC(1090) Using 8 workers of 8 for evacuation
[2022-04-27T05:40:10.790+0000][2093.653s] GC(1090)   Pre Evacuate Collection Set: 0.0ms
[2022-04-27T05:40:10.790+0000][2093.654s] GC(1090)   Evacuate Collection Set: 7.9ms
[2022-04-27T05:40:10.790+0000][2093.654s] GC(1090)   Post Evacuate Collection Set: 1.1ms
[2022-04-27T05:40:10.791+0000][2093.654s] GC(1090)   Other: 0.8ms
[2022-04-27T05:40:10.791+0000][2093.654s] GC(1090) Eden regions: 262->0(254)
[2022-04-27T05:40:10.791+0000][2093.655s] GC(1090) Survivor regions: 21->20(36)
[2022-04-27T05:40:10.791+0000][2093.655s] GC(1090) Old regions: 135->141
[2022-04-27T05:40:10.792+0000][2093.655s] GC(1090) Humongous regions: 7->7
[2022-04-27T05:40:10.792+0000][2093.655s] GC(1090) Metaspace: 56936K->56936K(1101824K)
[2022-04-27T05:40:10.792+0000][2093.656s] GC(1090) Pause Young (Normal) (G1 Evacuation Pause) 422M->166M(512M) 12.092ms
[2022-04-27T05:40:10.792+0000][2093.656s] GC(1090) User=0.07s Sys=0.00s Real=0.02s
[2022-04-27T05:40:12.352+0000][2095.216s] GC(1091) Pause Young (Normal) (G1 Evacuation Pause)
[2022-04-27T05:40:12.352+0000][2095.216s] GC(1091) Using 8 workers of 8 for evacuation
[2022-04-27T05:40:12.360+0000][2095.224s] GC(1091)   Pre Evacuate Collection Set: 0.0ms
[2022-04-27T05:40:12.361+0000][2095.224s] GC(1091)   Evacuate Collection Set: 6.4ms
[2022-04-27T05:40:12.361+0000][2095.225s] GC(1091)   Post Evacuate Collection Set: 1.1ms
[2022-04-27T05:40:12.362+0000][2095.225s] GC(1091)   Other: 0.7ms
[2022-04-27T05:40:12.362+0000][2095.226s] GC(1091) Eden regions: 254->0(250)
[2022-04-27T05:40:12.362+0000][2095.226s] GC(1091) Survivor regions: 20->19(35)
[2022-04-27T05:40:12.363+0000][2095.226s] GC(1091) Old regions: 141->146
[2022-04-27T05:40:12.363+0000][2095.227s] GC(1091) Humongous regions: 7->7
[2022-04-27T05:40:12.363+0000][2095.227s] GC(1091) Metaspace: 56936K->56936K(1101824K)
[2022-04-27T05:40:12.364+0000][2095.227s] GC(1091) Pause Young (Normal) (G1 Evacuation Pause) 420M->169M(512M) 11.593ms
[2022-04-27T05:40:12.364+0000][2095.228s] GC(1091) User=0.05s Sys=0.00s Real=0.01s
[2022-04-27T05:40:13.883+0000][2096.747s] GC(1092) Pause Young (Normal) (G1 Evacuation Pause)
[2022-04-27T05:40:13.884+0000][2096.748s] GC(1092) Using 8 workers of 8 for evacuation
[2022-04-27T05:40:13.894+0000][2096.758s] GC(1092)   Pre Evacuate Collection Set: 0.0ms
[2022-04-27T05:40:13.895+0000][2096.758s] GC(1092)   Evacuate Collection Set: 8.5ms
[2022-04-27T05:40:13.895+0000][2096.759s] GC(1092)   Post Evacuate Collection Set: 1.4ms
[2022-04-27T05:40:13.896+0000][2096.759s] GC(1092)   Other: 1.1ms
[2022-04-27T05:40:13.896+0000][2096.760s] GC(1092) Eden regions: 250->0(242)
[2022-04-27T05:40:13.896+0000][2096.760s] GC(1092) Survivor regions: 19->21(34)
[2022-04-27T05:40:13.897+0000][2096.760s] GC(1092) Old regions: 146->151
[2022-04-27T05:40:13.897+0000][2096.761s] GC(1092) Humongous regions: 7->7
[2022-04-27T05:40:13.898+0000][2096.761s] GC(1092) Metaspace: 56936K->56936K(1101824K)
[2022-04-27T05:40:13.898+0000][2096.762s] GC(1092) Pause Young (Normal) (G1 Evacuation Pause) 419M->176M(512M) 14.481ms
[2022-04-27T05:40:13.898+0000][2096.762s] GC(1092) User=0.07s Sys=0.00s Real=0.01s
[2022-04-27T05:40:15.438+0000][2098.302s] GC(1093) Pause Young (Normal) (G1 Evacuation Pause)
[2022-04-27T05:40:15.439+0000][2098.302s] GC(1093) Using 8 workers of 8 for evacuation
[2022-04-27T05:40:15.448+0000][2098.312s] GC(1093)   Pre Evacuate Collection Set: 0.0ms
[2022-04-27T05:40:15.449+0000][2098.312s] GC(1093)   Evacuate Collection Set: 7.6ms
[2022-04-27T05:40:15.449+0000][2098.313s] GC(1093)   Post Evacuate Collection Set: 1.3ms
[2022-04-27T05:40:15.449+0000][2098.313s] GC(1093)   Other: 1.0ms
[2022-04-27T05:40:15.450+0000][2098.313s] GC(1093) Eden regions: 242->0(238)
[2022-04-27T05:40:15.450+0000][2098.314s] GC(1093) Survivor regions: 21->20(33)
[2022-04-27T05:40:15.450+0000][2098.314s] GC(1093) Old regions: 151->157
[2022-04-27T05:40:15.451+0000][2098.314s] GC(1093) Humongous regions: 7->7
[2022-04-27T05:40:15.451+0000][2098.315s] GC(1093) Metaspace: 56936K->56936K(1101824K)
[2022-04-27T05:40:15.451+0000][2098.315s] GC(1093) Pause Young (Normal) (G1 Evacuation Pause) 418M->182M(512M) 12.871ms
[2022-04-27T05:40:15.452+0000][2098.315s] GC(1093) User=0.07s Sys=0.00s Real=0.02s
[2022-04-27T05:40:16.605+0000][2099.468s] GC(1094) Pause Young (Normal) (G1 Evacuation Pause)
[2022-04-27T05:40:16.605+0000][2099.469s] GC(1094) Using 8 workers of 8 for evacuation
[2022-04-27T05:40:16.612+0000][2099.476s] GC(1094)   Pre Evacuate Collection Set: 0.0ms
[2022-04-27T05:40:16.613+0000][2099.476s] GC(1094)   Evacuate Collection Set: 5.5ms
[2022-04-27T05:40:16.613+0000][2099.477s] GC(1094)   Post Evacuate Collection Set: 1.2ms
[2022-04-27T05:40:16.614+0000][2099.477s] GC(1094)   Other: 1.1ms
[2022-04-27T05:40:16.614+0000][2099.478s] GC(1094) Eden regions: 238->0(242)
[2022-04-27T05:40:16.614+0000][2099.478s] GC(1094) Survivor regions: 20->14(33)
[2022-04-27T05:40:16.615+0000][2099.478s] GC(1094) Old regions: 157->163
[2022-04-27T05:40:16.615+0000][2099.479s] GC(1094) Humongous regions: 7->7
[2022-04-27T05:40:16.615+0000][2099.479s] GC(1094) Metaspace: 56936K->56936K(1101824K)
[2022-04-27T05:40:16.616+0000][2099.479s] GC(1094) Pause Young (Normal) (G1 Evacuation Pause) 420M->182M(512M) 10.984ms
[2022-04-27T05:40:16.616+0000][2099.480s] GC(1094) User=0.05s Sys=0.00s Real=0.01s
[2022-04-27T05:40:17.731+0000][2100.594s] GC(1095) Pause Young (Normal) (G1 Evacuation Pause)
[2022-04-27T05:40:17.731+0000][2100.595s] GC(1095) Using 8 workers of 8 for evacuation
[2022-04-27T05:40:17.740+0000][2100.604s] GC(1095)   Pre Evacuate Collection Set: 0.1ms
[2022-04-27T05:40:17.741+0000][2100.604s] GC(1095)   Evacuate Collection Set: 5.6ms
[2022-04-27T05:40:17.741+0000][2100.604s] GC(1095)   Post Evacuate Collection Set: 2.7ms
[2022-04-27T05:40:17.741+0000][2100.605s] GC(1095)   Other: 1.0ms
[2022-04-27T05:40:17.742+0000][2100.605s] GC(1095) Eden regions: 242->0(238)
[2022-04-27T05:40:17.742+0000][2100.605s] GC(1095) Survivor regions: 14->21(32)
[2022-04-27T05:40:17.742+0000][2100.606s] GC(1095) Old regions: 163->163
[2022-04-27T05:40:17.742+0000][2100.606s] GC(1095) Humongous regions: 7->7
[2022-04-27T05:40:17.743+0000][2100.606s] GC(1095) Metaspace: 56936K->56936K(1101824K)
[2022-04-27T05:40:17.743+0000][2100.607s] GC(1095) Pause Young (Normal) (G1 Evacuation Pause) 424M->188M(512M) 12.306ms
[2022-04-27T05:40:17.743+0000][2100.607s] GC(1095) User=0.06s Sys=0.00s Real=0.01s
[2022-04-27T05:40:19.114+0000][2101.978s] GC(1096) Pause Young (Normal) (G1 Evacuation Pause)
[2022-04-27T05:40:19.115+0000][2101.978s] GC(1096) Using 8 workers of 8 for evacuation
[2022-04-27T05:40:19.123+0000][2101.987s] GC(1096)   Pre Evacuate Collection Set: 0.0ms
[2022-04-27T05:40:19.123+0000][2101.987s] GC(1096)   Evacuate Collection Set: 6.7ms
[2022-04-27T05:40:19.124+0000][2101.987s] GC(1096)   Post Evacuate Collection Set: 1.0ms
[2022-04-27T05:40:19.124+0000][2101.988s] GC(1096)   Other: 0.8ms
[2022-04-27T05:40:19.124+0000][2101.988s] GC(1096) Eden regions: 238->0(234)
[2022-04-27T05:40:19.125+0000][2101.988s] GC(1096) Survivor regions: 21->19(33)
[2022-04-27T05:40:19.125+0000][2101.988s] GC(1096) Old regions: 163->170
[2022-04-27T05:40:19.125+0000][2101.989s] GC(1096) Humongous regions: 7->7
[2022-04-27T05:40:19.125+0000][2101.989s] GC(1096) Metaspace: 56936K->56936K(1101824K)
[2022-04-27T05:40:19.126+0000][2101.989s] GC(1096) Pause Young (Normal) (G1 Evacuation Pause) 426M->193M(512M) 11.272ms
[2022-04-27T05:40:19.126+0000][2101.990s] GC(1096) User=0.06s Sys=0.00s Real=0.01s
[2022-04-27T05:40:20.462+0000][2103.325s] GC(1097) Pause Young (Concurrent Start) (G1 Evacuation Pause)
[2022-04-27T05:40:20.462+0000][2103.326s] GC(1097) Using 8 workers of 8 for evacuation
[2022-04-27T05:40:20.475+0000][2103.339s] GC(1097)   Pre Evacuate Collection Set: 0.1ms
[2022-04-27T05:40:20.476+0000][2103.340s] GC(1097)   Evacuate Collection Set: 12.2ms
[2022-04-27T05:40:20.476+0000][2103.340s] GC(1097)   Post Evacuate Collection Set: 0.9ms
[2022-04-27T05:40:20.477+0000][2103.340s] GC(1097)   Other: 0.7ms
[2022-04-27T05:40:20.477+0000][2103.341s] GC(1097) Eden regions: 234->0(224)
[2022-04-27T05:40:20.477+0000][2103.341s] GC(1097) Survivor regions: 19->22(32)
[2022-04-27T05:40:20.478+0000][2103.341s] GC(1097) Old regions: 170->176
[2022-04-27T05:40:20.478+0000][2103.342s] GC(1097) Humongous regions: 7->7
[2022-04-27T05:40:20.478+0000][2103.342s] GC(1097) Metaspace: 56936K->56936K(1101824K)
[2022-04-27T05:40:20.479+0000][2103.342s] GC(1097) Pause Young (Concurrent Start) (G1 Evacuation Pause) 427M->202M(512M) 17.091ms
[2022-04-27T05:40:20.479+0000][2103.343s] GC(1097) User=0.06s Sys=0.00s Real=0.01s
[2022-04-27T05:40:20.479+0000][2103.343s] GC(1098) Concurrent Cycle
[2022-04-27T05:40:20.479+0000][2103.343s] GC(1098) Concurrent Clear Claimed Marks
[2022-04-27T05:40:20.480+0000][2103.343s] GC(1098) Concurrent Clear Claimed Marks 0.351ms
[2022-04-27T05:40:20.480+0000][2103.344s] GC(1098) Concurrent Scan Root Regions
[2022-04-27T05:40:20.484+0000][2103.348s] GC(1098) Concurrent Scan Root Regions 4.330ms
[2022-04-27T05:40:20.485+0000][2103.348s] GC(1098) Concurrent Mark (2103.348s)
[2022-04-27T05:40:20.485+0000][2103.349s] GC(1098) Concurrent Mark From Roots
[2022-04-27T05:40:20.485+0000][2103.349s] GC(1098) Using 2 workers of 2 for marking
[2022-04-27T05:40:20.525+0000][2103.388s] GC(1098) Concurrent Mark From Roots 39.475ms
[2022-04-27T05:40:20.525+0000][2103.389s] GC(1098) Concurrent Preclean
[2022-04-27T05:40:20.525+0000][2103.389s] GC(1098) Concurrent Preclean 0.556ms
[2022-04-27T05:40:20.526+0000][2103.389s] GC(1098) Concurrent Mark (2103.348s, 2103.389s) 41.022ms
[2022-04-27T05:40:20.526+0000][2103.390s] GC(1098) Pause Remark
[2022-04-27T05:40:20.541+0000][2103.405s] GC(1098) Cleaned string and symbol table, strings: 24910 processed, 0 removed, symbols: 137611 processed, 5 removed
[2022-04-27T05:40:20.542+0000][2103.406s] GC(1098) Pause Remark 216M->194M(512M) 15.586ms
[2022-04-27T05:40:20.542+0000][2103.406s] GC(1098) User=0.11s Sys=0.00s Real=0.02s
[2022-04-27T05:40:20.543+0000][2103.406s] GC(1098) Concurrent Rebuild Remembered Sets
[2022-04-27T05:40:20.574+0000][2103.438s] GC(1098) Concurrent Rebuild Remembered Sets 31.718ms
[2022-04-27T05:40:20.575+0000][2103.439s] GC(1098) Pause Cleanup
[2022-04-27T05:40:20.576+0000][2103.439s] GC(1098) Pause Cleanup 201M->201M(512M) 0.591ms
[2022-04-27T05:40:20.576+0000][2103.440s] GC(1098) User=0.00s Sys=0.00s Real=0.00s
[2022-04-27T05:40:20.577+0000][2103.440s] GC(1098) Concurrent Cleanup for Next Mark
[2022-04-27T05:40:20.578+0000][2103.441s] GC(1098) Concurrent Cleanup for Next Mark 1.092ms
[2022-04-27T05:40:20.578+0000][2103.442s] GC(1098) Concurrent Cycle 98.702ms
[2022-04-27T05:40:21.906+0000][2104.770s] GC(1099) Pause Young (Prepare Mixed) (G1 Evacuation Pause)
[2022-04-27T05:40:21.907+0000][2104.770s] GC(1099) Using 8 workers of 8 for evacuation
[2022-04-27T05:40:21.918+0000][2104.781s] GC(1099)   Pre Evacuate Collection Set: 0.0ms
[2022-04-27T05:40:21.918+0000][2104.782s] GC(1099)   Evacuate Collection Set: 7.1ms
[2022-04-27T05:40:21.918+0000][2104.782s] GC(1099)   Post Evacuate Collection Set: 3.2ms
[2022-04-27T05:40:21.919+0000][2104.782s] GC(1099)   Other: 1.0ms
[2022-04-27T05:40:21.919+0000][2104.783s] GC(1099) Eden regions: 224->0(7)
[2022-04-27T05:40:21.919+0000][2104.783s] GC(1099) Survivor regions: 22->18(31)
[2022-04-27T05:40:21.920+0000][2104.783s] GC(1099) Old regions: 154->163
[2022-04-27T05:40:21.920+0000][2104.784s] GC(1099) Humongous regions: 7->7
[2022-04-27T05:40:21.921+0000][2104.784s] GC(1099) Metaspace: 56936K->56936K(1101824K)
[2022-04-27T05:40:21.921+0000][2104.785s] GC(1099) Pause Young (Prepare Mixed) (G1 Evacuation Pause) 404M->185M(512M) 14.718ms
[2022-04-27T05:40:21.921+0000][2104.785s] GC(1099) User=0.08s Sys=0.00s Real=0.02s
[2022-04-27T05:40:21.932+0000][2104.795s] GC(1100) Pause Young (Mixed) (G1 Evacuation Pause)
[2022-04-27T05:40:21.932+0000][2104.796s] GC(1100) Using 8 workers of 8 for evacuation
[2022-04-27T05:40:21.940+0000][2104.803s] GC(1100)   Pre Evacuate Collection Set: 0.0ms
[2022-04-27T05:40:21.940+0000][2104.804s] GC(1100)   Evacuate Collection Set: 6.3ms
[2022-04-27T05:40:21.941+0000][2104.804s] GC(1100)   Post Evacuate Collection Set: 0.6ms
[2022-04-27T05:40:21.941+0000][2104.805s] GC(1100)   Other: 1.0ms
[2022-04-27T05:40:21.941+0000][2104.805s] GC(1100) Eden regions: 7->0(255)
[2022-04-27T05:40:21.942+0000][2104.805s] GC(1100) Survivor regions: 18->2(4)
[2022-04-27T05:40:21.942+0000][2104.806s] GC(1100) Old regions: 163->150
[2022-04-27T05:40:21.942+0000][2104.806s] GC(1100) Humongous regions: 7->7
[2022-04-27T05:40:21.943+0000][2104.806s] GC(1100) Metaspace: 56936K->56936K(1101824K)
[2022-04-27T05:40:21.943+0000][2104.807s] GC(1100) Pause Young (Mixed) (G1 Evacuation Pause) 192M->156M(512M) 11.383ms
[2022-04-27T05:40:21.944+0000][2104.807s] GC(1100) User=0.05s Sys=0.00s Real=0.01s
[2022-04-27T05:40:23.398+0000][2106.262s] GC(1101) Pause Young (Normal) (G1 Evacuation Pause)
[2022-04-27T05:40:23.399+0000][2106.262s] GC(1101) Using 8 workers of 8 for evacuation
[2022-04-27T05:40:23.410+0000][2106.274s] GC(1101)   Pre Evacuate Collection Set: 0.0ms
[2022-04-27T05:40:23.411+0000][2106.275s] GC(1101)   Evacuate Collection Set: 8.4ms
[2022-04-27T05:40:23.411+0000][2106.275s] GC(1101)   Post Evacuate Collection Set: 2.8ms
[2022-04-27T05:40:23.412+0000][2106.275s] GC(1101)   Other: 0.9ms
[2022-04-27T05:40:23.412+0000][2106.276s] GC(1101) Eden regions: 255->0(248)
[2022-04-27T05:40:23.412+0000][2106.276s] GC(1101) Survivor regions: 2->14(33)
[2022-04-27T05:40:23.413+0000][2106.276s] GC(1101) Old regions: 150->150
[2022-04-27T05:40:23.413+0000][2106.277s] GC(1101) Humongous regions: 7->7
[2022-04-27T05:40:23.413+0000][2106.277s] GC(1101) Metaspace: 56936K->56936K(1101824K)
[2022-04-27T05:40:23.413+0000][2106.277s] GC(1101) Pause Young (Normal) (G1 Evacuation Pause) 411M->168M(512M) 15.113ms
[2022-04-27T05:40:23.414+0000][2106.277s] GC(1101) User=0.08s Sys=0.00s Real=0.02s
[2022-04-27T05:40:24.525+0000][2107.389s] GC(1102) Pause Young (Normal) (G1 Evacuation Pause)
[2022-04-27T05:40:24.526+0000][2107.389s] GC(1102) Using 8 workers of 8 for evacuation
[2022-04-27T05:40:24.531+0000][2107.395s] GC(1102)   Pre Evacuate Collection Set: 0.0ms
[2022-04-27T05:40:24.532+0000][2107.396s] GC(1102)   Evacuate Collection Set: 4.2ms
[2022-04-27T05:40:24.532+0000][2107.396s] GC(1102)   Post Evacuate Collection Set: 1.1ms
[2022-04-27T05:40:24.533+0000][2107.396s] GC(1102)   Other: 0.8ms
[2022-04-27T05:40:24.533+0000][2107.397s] GC(1102) Eden regions: 248->0(249)
[2022-04-27T05:40:24.533+0000][2107.397s] GC(1102) Survivor regions: 14->15(33)
[2022-04-27T05:40:24.534+0000][2107.397s] GC(1102) Old regions: 150->150
[2022-04-27T05:40:24.534+0000][2107.398s] GC(1102) Humongous regions: 7->7
[2022-04-27T05:40:24.534+0000][2107.398s] GC(1102) Metaspace: 56936K->56936K(1101824K)
[2022-04-27T05:40:24.535+0000][2107.398s] GC(1102) Pause Young (Normal) (G1 Evacuation Pause) 416M->169M(512M) 9.362ms
[2022-04-27T05:40:24.535+0000][2107.399s] GC(1102) User=0.02s Sys=0.01s Real=0.01s
[2022-04-27T05:40:25.725+0000][2108.588s] GC(1103) Pause Young (Normal) (G1 Evacuation Pause)
[2022-04-27T05:40:25.725+0000][2108.589s] GC(1103) Using 8 workers of 8 for evacuation
[2022-04-27T05:40:25.731+0000][2108.595s] GC(1103)   Pre Evacuate Collection Set: 0.0ms
[2022-04-27T05:40:25.732+0000][2108.595s] GC(1103)   Evacuate Collection Set: 4.8ms
[2022-04-27T05:40:25.732+0000][2108.596s] GC(1103)   Post Evacuate Collection Set: 1.0ms
[2022-04-27T05:40:25.732+0000][2108.596s] GC(1103)   Other: 1.0ms
[2022-04-27T05:40:25.733+0000][2108.596s] GC(1103) Eden regions: 249->0(250)
[2022-04-27T05:40:25.733+0000][2108.596s] GC(1103) Survivor regions: 15->19(33)
[2022-04-27T05:40:25.733+0000][2108.597s] GC(1103) Old regions: 150->150
[2022-04-27T05:40:25.733+0000][2108.597s] GC(1103) Humongous regions: 7->7
[2022-04-27T05:40:25.734+0000][2108.597s] GC(1103) Metaspace: 56936K->56936K(1101824K)
[2022-04-27T05:40:25.734+0000][2108.598s] GC(1103) Pause Young (Normal) (G1 Evacuation Pause) 418M->173M(512M) 9.464ms
[2022-04-27T05:40:25.734+0000][2108.598s] GC(1103) User=0.04s Sys=0.01s Real=0.01s
[2022-04-27T05:40:27.176+0000][2110.040s] GC(1104) Pause Young (Normal) (G1 Evacuation Pause)
[2022-04-27T05:40:27.177+0000][2110.040s] GC(1104) Using 8 workers of 8 for evacuation
[2022-04-27T05:40:27.187+0000][2110.050s] GC(1104)   Pre Evacuate Collection Set: 0.0ms
[2022-04-27T05:40:27.187+0000][2110.051s] GC(1104)   Evacuate Collection Set: 7.9ms
[2022-04-27T05:40:27.187+0000][2110.051s] GC(1104)   Post Evacuate Collection Set: 1.4ms
[2022-04-27T05:40:27.188+0000][2110.051s] GC(1104)   Other: 0.9ms
[2022-04-27T05:40:27.188+0000][2110.051s] GC(1104) Eden regions: 250->0(243)
[2022-04-27T05:40:27.188+0000][2110.052s] GC(1104) Survivor regions: 19->23(34)
[2022-04-27T05:40:27.188+0000][2110.052s] GC(1104) Old regions: 150->157
[2022-04-27T05:40:27.189+0000][2110.052s] GC(1104) Humongous regions: 7->7
[2022-04-27T05:40:27.189+0000][2110.053s] GC(1104) Metaspace: 56936K->56936K(1101824K)
[2022-04-27T05:40:27.189+0000][2110.053s] GC(1104) Pause Young (Normal) (G1 Evacuation Pause) 423M->184M(512M) 12.573ms
[2022-04-27T05:40:27.189+0000][2110.053s] GC(1104) User=0.07s Sys=0.00s Real=0.01s
[2022-04-27T05:40:28.646+0000][2111.510s] GC(1105) Pause Young (Normal) (G1 Evacuation Pause)
[2022-04-27T05:40:28.647+0000][2111.510s] GC(1105) Using 8 workers of 8 for evacuation
[2022-04-27T05:40:28.657+0000][2111.520s] GC(1105)   Pre Evacuate Collection Set: 0.0ms
[2022-04-27T05:40:28.657+0000][2111.521s] GC(1105)   Evacuate Collection Set: 8.6ms
[2022-04-27T05:40:28.657+0000][2111.521s] GC(1105)   Post Evacuate Collection Set: 1.0ms
[2022-04-27T05:40:28.658+0000][2111.521s] GC(1105)   Other: 0.7ms
[2022-04-27T05:40:28.658+0000][2111.522s] GC(1105) Eden regions: 243->0(233)
[2022-04-27T05:40:28.659+0000][2111.522s] GC(1105) Survivor regions: 23->25(34)
[2022-04-27T05:40:28.659+0000][2111.523s] GC(1105) Old regions: 157->163
[2022-04-27T05:40:28.659+0000][2111.523s] GC(1105) Humongous regions: 7->7
[2022-04-27T05:40:28.660+0000][2111.523s] GC(1105) Metaspace: 56936K->56936K(1101824K)
[2022-04-27T05:40:28.660+0000][2111.524s] GC(1105) Pause Young (Normal) (G1 Evacuation Pause) 427M->192M(512M) 13.619ms
[2022-04-27T05:40:28.660+0000][2111.524s] GC(1105) User=0.07s Sys=0.00s Real=0.01s
[2022-04-27T05:40:30.014+0000][2112.878s] GC(1106) Pause Young (Concurrent Start) (G1 Evacuation Pause)
[2022-04-27T05:40:30.014+0000][2112.878s] GC(1106) Using 8 workers of 8 for evacuation
[2022-04-27T05:40:30.033+0000][2112.897s] GC(1106)   Pre Evacuate Collection Set: 0.1ms
[2022-04-27T05:40:30.034+0000][2112.897s] GC(1106)   Evacuate Collection Set: 12.3ms
[2022-04-27T05:40:30.034+0000][2112.898s] GC(1106)   Post Evacuate Collection Set: 6.0ms
[2022-04-27T05:40:30.034+0000][2112.898s] GC(1106)   Other: 0.7ms
[2022-04-27T05:40:30.035+0000][2112.898s] GC(1106) Eden regions: 233->0(232)
[2022-04-27T05:40:30.035+0000][2112.899s] GC(1106) Survivor regions: 25->16(33)
[2022-04-27T05:40:30.035+0000][2112.899s] GC(1106) Old regions: 163->173
[2022-04-27T05:40:30.036+0000][2112.899s] GC(1106) Humongous regions: 7->7
[2022-04-27T05:40:30.036+0000][2112.900s] GC(1106) Metaspace: 56936K->56936K(1101824K)
[2022-04-27T05:40:30.036+0000][2112.900s] GC(1106) Pause Young (Concurrent Start) (G1 Evacuation Pause) 425M->193M(512M) 21.996ms
[2022-04-27T05:40:30.037+0000][2112.900s] GC(1106) User=0.09s Sys=0.01s Real=0.02s
[2022-04-27T05:40:30.037+0000][2112.900s] GC(1107) Concurrent Cycle
[2022-04-27T05:40:30.037+0000][2112.901s] GC(1107) Concurrent Clear Claimed Marks
[2022-04-27T05:40:30.037+0000][2112.901s] GC(1107) Concurrent Clear Claimed Marks 0.273ms
[2022-04-27T05:40:30.038+0000][2112.901s] GC(1107) Concurrent Scan Root Regions
[2022-04-27T05:40:30.040+0000][2112.904s] GC(1107) Concurrent Scan Root Regions 2.488ms
[2022-04-27T05:40:30.040+0000][2112.904s] GC(1107) Concurrent Mark (2112.904s)
[2022-04-27T05:40:30.041+0000][2112.904s] GC(1107) Concurrent Mark From Roots
[2022-04-27T05:40:30.041+0000][2112.905s] GC(1107) Using 2 workers of 2 for marking
[2022-04-27T05:40:30.070+0000][2112.934s] GC(1107) Concurrent Mark From Roots 29.720ms
[2022-04-27T05:40:30.071+0000][2112.934s] GC(1107) Concurrent Preclean
[2022-04-27T05:40:30.071+0000][2112.935s] GC(1107) Concurrent Preclean 0.462ms
[2022-04-27T05:40:30.072+0000][2112.935s] GC(1107) Concurrent Mark (2112.904s, 2112.935s) 31.067ms
[2022-04-27T05:40:30.072+0000][2112.936s] GC(1107) Pause Remark
[2022-04-27T05:40:30.085+0000][2112.948s] GC(1107) Cleaned string and symbol table, strings: 24912 processed, 0 removed, symbols: 137612 processed, 7 removed
[2022-04-27T05:40:30.086+0000][2112.949s] GC(1107) Pause Remark 201M->162M(512M) 13.471ms
[2022-04-27T05:40:30.086+0000][2112.950s] GC(1107) User=0.09s Sys=0.00s Real=0.01s
[2022-04-27T05:40:30.086+0000][2112.950s] GC(1107) Concurrent Rebuild Remembered Sets
[2022-04-27T05:40:30.112+0000][2112.975s] GC(1107) Concurrent Rebuild Remembered Sets 25.377ms
[2022-04-27T05:40:30.113+0000][2112.976s] GC(1107) Pause Cleanup
[2022-04-27T05:40:30.113+0000][2112.977s] GC(1107) Pause Cleanup 170M->170M(512M) 0.519ms
[2022-04-27T05:40:30.113+0000][2112.977s] GC(1107) User=0.01s Sys=0.00s Real=0.00s
[2022-04-27T05:40:30.114+0000][2112.977s] GC(1107) Concurrent Cleanup for Next Mark
[2022-04-27T05:40:30.115+0000][2112.979s] GC(1107) Concurrent Cleanup for Next Mark 1.088ms
[2022-04-27T05:40:30.115+0000][2112.979s] GC(1107) Concurrent Cycle 78.391ms
[2022-04-27T05:44:52.397+0000][2375.260s] GC(1108) Pause Young (Prepare Mixed) (G1 Evacuation Pause)
[2022-04-27T05:44:52.397+0000][2375.261s] GC(1108) Using 8 workers of 8 for evacuation
[2022-04-27T05:44:52.410+0000][2375.273s] GC(1108)   Pre Evacuate Collection Set: 0.2ms
[2022-04-27T05:44:52.410+0000][2375.274s] GC(1108)   Evacuate Collection Set: 6.6ms
[2022-04-27T05:44:52.410+0000][2375.274s] GC(1108)   Post Evacuate Collection Set: 4.9ms
[2022-04-27T05:44:52.411+0000][2375.274s] GC(1108)   Other: 1.3ms
[2022-04-27T05:44:52.411+0000][2375.274s] GC(1108) Eden regions: 232->0(5)
[2022-04-27T05:44:52.411+0000][2375.275s] GC(1108) Survivor regions: 16->20(31)
[2022-04-27T05:44:52.411+0000][2375.275s] GC(1108) Old regions: 134->134
[2022-04-27T05:44:52.411+0000][2375.275s] GC(1108) Humongous regions: 7->7
[2022-04-27T05:44:52.412+0000][2375.275s] GC(1108) Metaspace: 56939K->56939K(1101824K)
[2022-04-27T05:44:52.412+0000][2375.276s] GC(1108) Pause Young (Prepare Mixed) (G1 Evacuation Pause) 386M->158M(512M) 15.369ms
[2022-04-27T05:44:52.412+0000][2375.276s] GC(1108) User=0.07s Sys=0.01s Real=0.02s
[2022-04-27T05:44:52.446+0000][2375.309s] GC(1109) Pause Young (Mixed) (G1 Evacuation Pause)
[2022-04-27T05:44:52.446+0000][2375.310s] GC(1109) Using 8 workers of 8 for evacuation
[2022-04-27T05:44:52.451+0000][2375.315s] GC(1109)   Pre Evacuate Collection Set: 0.1ms
[2022-04-27T05:44:52.452+0000][2375.315s] GC(1109)   Evacuate Collection Set: 4.4ms
[2022-04-27T05:44:52.452+0000][2375.316s] GC(1109)   Post Evacuate Collection Set: 0.8ms
[2022-04-27T05:44:52.452+0000][2375.316s] GC(1109)   Other: 0.5ms
[2022-04-27T05:44:52.453+0000][2375.316s] GC(1109) Eden regions: 5->0(281)
[2022-04-27T05:44:52.453+0000][2375.316s] GC(1109) Survivor regions: 20->2(4)
[2022-04-27T05:44:52.453+0000][2375.317s] GC(1109) Old regions: 134->114
[2022-04-27T05:44:52.453+0000][2375.317s] GC(1109) Humongous regions: 7->7
[2022-04-27T05:44:52.453+0000][2375.317s] GC(1109) Metaspace: 56939K->56939K(1101824K)
[2022-04-27T05:44:52.453+0000][2375.317s] GC(1109) Pause Young (Mixed) (G1 Evacuation Pause) 163M->120M(512M) 7.669ms
[2022-04-27T05:44:52.454+0000][2375.317s] GC(1109) User=0.03s Sys=0.01s Real=0.01s
[2022-04-27T05:44:54.954+0000][2377.818s] GC(1110) Pause Young (Normal) (G1 Evacuation Pause)
[2022-04-27T05:44:54.954+0000][2377.818s] GC(1110) Using 8 workers of 8 for evacuation
[2022-04-27T05:44:54.959+0000][2377.823s] GC(1110)   Pre Evacuate Collection Set: 0.0ms
[2022-04-27T05:44:54.960+0000][2377.823s] GC(1110)   Evacuate Collection Set: 3.2ms
[2022-04-27T05:44:54.960+0000][2377.824s] GC(1110)   Post Evacuate Collection Set: 1.3ms
[2022-04-27T05:44:54.960+0000][2377.824s] GC(1110)   Other: 0.7ms
[2022-04-27T05:44:54.961+0000][2377.825s] GC(1110) Eden regions: 281->0(281)
[2022-04-27T05:44:54.961+0000][2377.825s] GC(1110) Survivor regions: 2->9(36)
[2022-04-27T05:44:54.962+0000][2377.825s] GC(1110) Old regions: 114->114
[2022-04-27T05:44:54.962+0000][2377.826s] GC(1110) Humongous regions: 7->7
[2022-04-27T05:44:54.962+0000][2377.826s] GC(1110) Metaspace: 56939K->56939K(1101824K)
[2022-04-27T05:44:54.963+0000][2377.826s] GC(1110) Pause Young (Normal) (G1 Evacuation Pause) 401M->128M(512M) 8.685ms
[2022-04-27T05:44:54.963+0000][2377.827s] GC(1110) User=0.02s Sys=0.01s Real=0.01s
[2022-04-27T05:44:56.495+0000][2379.359s] GC(1111) Pause Young (Normal) (G1 Evacuation Pause)
[2022-04-27T05:44:56.495+0000][2379.359s] GC(1111) Using 8 workers of 8 for evacuation
[2022-04-27T05:44:56.504+0000][2379.368s] GC(1111)   Pre Evacuate Collection Set: 0.0ms
[2022-04-27T05:44:56.505+0000][2379.368s] GC(1111)   Evacuate Collection Set: 7.3ms
[2022-04-27T05:44:56.505+0000][2379.369s] GC(1111)   Post Evacuate Collection Set: 1.1ms
[2022-04-27T05:44:56.506+0000][2379.369s] GC(1111)   Other: 1.0ms
[2022-04-27T05:44:56.506+0000][2379.370s] GC(1111) Eden regions: 281->0(272)
[2022-04-27T05:44:56.506+0000][2379.370s] GC(1111) Survivor regions: 9->21(37)
[2022-04-27T05:44:56.507+0000][2379.370s] GC(1111) Old regions: 114->114
[2022-04-27T05:44:56.507+0000][2379.371s] GC(1111) Humongous regions: 7->7
[2022-04-27T05:44:56.507+0000][2379.371s] GC(1111) Metaspace: 56939K->56939K(1101824K)
[2022-04-27T05:44:56.508+0000][2379.371s] GC(1111) Pause Young (Normal) (G1 Evacuation Pause) 409M->139M(512M) 12.704ms
[2022-04-27T05:44:56.508+0000][2379.372s] GC(1111) User=0.05s Sys=0.00s Real=0.01s
[2022-04-27T05:44:58.042+0000][2380.905s] GC(1112) Pause Young (Concurrent Start) (G1 Evacuation Pause)
[2022-04-27T05:44:58.042+0000][2380.906s] GC(1112) Using 8 workers of 8 for evacuation
[2022-04-27T05:44:58.057+0000][2380.921s] GC(1112)   Pre Evacuate Collection Set: 0.1ms
[2022-04-27T05:44:58.058+0000][2380.921s] GC(1112)   Evacuate Collection Set: 13.4ms
[2022-04-27T05:44:58.058+0000][2380.922s] GC(1112)   Post Evacuate Collection Set: 1.1ms
[2022-04-27T05:44:58.058+0000][2380.922s] GC(1112)   Other: 1.0ms
[2022-04-27T05:44:58.059+0000][2380.922s] GC(1112) Eden regions: 272->0(269)
[2022-04-27T05:44:58.059+0000][2380.923s] GC(1112) Survivor regions: 21->20(37)
[2022-04-27T05:44:58.059+0000][2380.923s] GC(1112) Old regions: 114->120
[2022-04-27T05:44:58.060+0000][2380.923s] GC(1112) Humongous regions: 7->7
[2022-04-27T05:44:58.060+0000][2380.924s] GC(1112) Metaspace: 56939K->56939K(1101824K)
[2022-04-27T05:44:58.060+0000][2380.924s] GC(1112) Pause Young (Concurrent Start) (G1 Evacuation Pause) 411M->144M(512M) 18.590ms
[2022-04-27T05:44:58.061+0000][2380.924s] GC(1112) User=0.04s Sys=0.00s Real=0.01s
[2022-04-27T05:44:58.061+0000][2380.925s] GC(1113) Concurrent Cycle
[2022-04-27T05:44:58.061+0000][2380.925s] GC(1113) Concurrent Clear Claimed Marks
[2022-04-27T05:44:58.062+0000][2380.925s] GC(1113) Concurrent Clear Claimed Marks 0.406ms
[2022-04-27T05:44:58.062+0000][2380.926s] GC(1113) Concurrent Scan Root Regions
[2022-04-27T05:44:58.066+0000][2380.930s] GC(1113) Concurrent Scan Root Regions 4.357ms
[2022-04-27T05:44:58.067+0000][2380.930s] GC(1113) Concurrent Mark (2380.930s)
[2022-04-27T05:44:58.067+0000][2380.931s] GC(1113) Concurrent Mark From Roots
[2022-04-27T05:44:58.067+0000][2380.931s] GC(1113) Using 2 workers of 2 for marking
[2022-04-27T05:44:58.109+0000][2380.973s] GC(1113) Concurrent Mark From Roots 42.384ms
[2022-04-27T05:44:58.110+0000][2380.974s] GC(1113) Concurrent Preclean
[2022-04-27T05:44:58.111+0000][2380.974s] GC(1113) Concurrent Preclean 0.781ms
[2022-04-27T05:44:58.111+0000][2380.975s] GC(1113) Concurrent Mark (2380.930s, 2380.975s) 44.236ms
[2022-04-27T05:44:58.112+0000][2380.975s] GC(1113) Pause Remark
[2022-04-27T05:44:58.127+0000][2380.991s] GC(1113) Cleaned string and symbol table, strings: 24914 processed, 0 removed, symbols: 137610 processed, 11 removed
[2022-04-27T05:44:58.128+0000][2380.992s] GC(1113) Pause Remark 157M->130M(512M) 16.554ms
[2022-04-27T05:44:58.129+0000][2380.992s] GC(1113) User=0.10s Sys=0.00s Real=0.01s
[2022-04-27T05:44:58.129+0000][2380.993s] GC(1113) Concurrent Rebuild Remembered Sets
[2022-04-27T05:44:58.150+0000][2381.013s] GC(1113) Concurrent Rebuild Remembered Sets 20.418ms
[2022-04-27T05:44:58.151+0000][2381.014s] GC(1113) Pause Cleanup
[2022-04-27T05:44:58.151+0000][2381.015s] GC(1113) Pause Cleanup 134M->134M(512M) 0.632ms
[2022-04-27T05:44:58.152+0000][2381.015s] GC(1113) User=0.00s Sys=0.00s Real=0.01s
[2022-04-27T05:44:58.152+0000][2381.016s] GC(1113) Concurrent Cleanup for Next Mark
[2022-04-27T05:44:58.153+0000][2381.017s] GC(1113) Concurrent Cleanup for Next Mark 1.253ms
[2022-04-27T05:44:58.154+0000][2381.017s] GC(1113) Concurrent Cycle 92.779ms
[2022-04-27T05:44:59.598+0000][2382.461s] GC(1114) Pause Young (Prepare Mixed) (G1 Evacuation Pause)
[2022-04-27T05:44:59.598+0000][2382.462s] GC(1114) Using 8 workers of 8 for evacuation
[2022-04-27T05:44:59.607+0000][2382.471s] GC(1114)   Pre Evacuate Collection Set: 0.0ms
[2022-04-27T05:44:59.608+0000][2382.471s] GC(1114)   Evacuate Collection Set: 7.4ms
[2022-04-27T05:44:59.608+0000][2382.472s] GC(1114)   Post Evacuate Collection Set: 1.2ms
[2022-04-27T05:44:59.608+0000][2382.472s] GC(1114)   Other: 0.7ms
[2022-04-27T05:44:59.609+0000][2382.472s] GC(1114) Eden regions: 269->0(5)
[2022-04-27T05:44:59.609+0000][2382.473s] GC(1114) Survivor regions: 20->20(37)
[2022-04-27T05:44:59.609+0000][2382.473s] GC(1114) Old regions: 93->100
[2022-04-27T05:44:59.610+0000][2382.473s] GC(1114) Humongous regions: 7->7
[2022-04-27T05:44:59.610+0000][2382.474s] GC(1114) Metaspace: 56939K->56939K(1101824K)
[2022-04-27T05:44:59.610+0000][2382.474s] GC(1114) Pause Young (Prepare Mixed) (G1 Evacuation Pause) 386M->124M(512M) 12.585ms
[2022-04-27T05:44:59.611+0000][2382.474s] GC(1114) User=0.07s Sys=0.00s Real=0.01s
[2022-04-27T05:44:59.618+0000][2382.481s] GC(1115) Pause Young (Mixed) (G1 Evacuation Pause)
[2022-04-27T05:44:59.618+0000][2382.482s] GC(1115) Using 8 workers of 8 for evacuation
[2022-04-27T05:44:59.625+0000][2382.488s] GC(1115)   Pre Evacuate Collection Set: 0.0ms
[2022-04-27T05:44:59.625+0000][2382.489s] GC(1115)   Evacuate Collection Set: 5.4ms
[2022-04-27T05:44:59.625+0000][2382.489s] GC(1115)   Post Evacuate Collection Set: 0.7ms
[2022-04-27T05:44:59.626+0000][2382.489s] GC(1115)   Other: 0.9ms
[2022-04-27T05:44:59.626+0000][2382.490s] GC(1115) Eden regions: 5->0(289)
[2022-04-27T05:44:59.626+0000][2382.490s] GC(1115) Survivor regions: 20->1(4)
[2022-04-27T05:44:59.627+0000][2382.490s] GC(1115) Old regions: 100->111
[2022-04-27T05:44:59.627+0000][2382.491s] GC(1115) Humongous regions: 7->7
[2022-04-27T05:44:59.627+0000][2382.491s] GC(1115) Metaspace: 56939K->56939K(1101824K)
[2022-04-27T05:44:59.628+0000][2382.491s] GC(1115) Pause Young (Mixed) (G1 Evacuation Pause) 129M->117M(512M) 10.006ms
[2022-04-27T05:44:59.628+0000][2382.492s] GC(1115) User=0.05s Sys=0.00s Real=0.01s
[2022-04-27T05:45:01.173+0000][2384.036s] GC(1116) Pause Young (Normal) (G1 Evacuation Pause)
[2022-04-27T05:45:01.173+0000][2384.037s] GC(1116) Using 8 workers of 8 for evacuation
[2022-04-27T05:45:01.179+0000][2384.042s] GC(1116)   Pre Evacuate Collection Set: 0.0ms
[2022-04-27T05:45:01.179+0000][2384.043s] GC(1116)   Evacuate Collection Set: 3.9ms
[2022-04-27T05:45:01.179+0000][2384.043s] GC(1116)   Post Evacuate Collection Set: 1.2ms
[2022-04-27T05:45:01.180+0000][2384.043s] GC(1116)   Other: 0.8ms
[2022-04-27T05:45:01.180+0000][2384.044s] GC(1116) Eden regions: 289->0(286)
[2022-04-27T05:45:01.180+0000][2384.044s] GC(1116) Survivor regions: 1->11(37)
[2022-04-27T05:45:01.181+0000][2384.044s] GC(1116) Old regions: 111->111
[2022-04-27T05:45:01.181+0000][2384.045s] GC(1116) Humongous regions: 7->7
[2022-04-27T05:45:01.181+0000][2384.045s] GC(1116) Metaspace: 56939K->56939K(1101824K)
[2022-04-27T05:45:01.182+0000][2384.045s] GC(1116) Pause Young (Normal) (G1 Evacuation Pause) 406M->126M(512M) 8.828ms
[2022-04-27T05:45:01.182+0000][2384.046s] GC(1116) User=0.04s Sys=0.00s Real=0.01s
[2022-04-27T05:45:02.718+0000][2385.582s] GC(1117) Pause Young (Normal) (G1 Evacuation Pause)
[2022-04-27T05:45:02.719+0000][2385.582s] GC(1117) Using 8 workers of 8 for evacuation
[2022-04-27T05:45:02.729+0000][2385.593s] GC(1117)   Pre Evacuate Collection Set: 0.0ms
[2022-04-27T05:45:02.730+0000][2385.593s] GC(1117)   Evacuate Collection Set: 9.0ms
[2022-04-27T05:45:02.730+0000][2385.594s] GC(1117)   Post Evacuate Collection Set: 1.1ms
[2022-04-27T05:45:02.730+0000][2385.594s] GC(1117)   Other: 0.8ms
[2022-04-27T05:45:02.731+0000][2385.594s] GC(1117) Eden regions: 286->0(283)
[2022-04-27T05:45:02.731+0000][2385.594s] GC(1117) Survivor regions: 11->18(38)
[2022-04-27T05:45:02.731+0000][2385.595s] GC(1117) Old regions: 111->111
[2022-04-27T05:45:02.732+0000][2385.595s] GC(1117) Humongous regions: 7->7
[2022-04-27T05:45:02.732+0000][2385.596s] GC(1117) Metaspace: 56939K->56939K(1101824K)
[2022-04-27T05:45:02.733+0000][2385.596s] GC(1117) Pause Young (Normal) (G1 Evacuation Pause) 412M->134M(512M) 14.254ms
[2022-04-27T05:45:02.733+0000][2385.597s] GC(1117) User=0.07s Sys=0.00s Real=0.02s
[2022-04-27T05:45:04.291+0000][2387.154s] GC(1118) Pause Young (Concurrent Start) (G1 Evacuation Pause)
[2022-04-27T05:45:04.291+0000][2387.155s] GC(1118) Using 8 workers of 8 for evacuation
[2022-04-27T05:45:04.306+0000][2387.169s] GC(1118)   Pre Evacuate Collection Set: 0.1ms
[2022-04-27T05:45:04.306+0000][2387.170s] GC(1118)   Evacuate Collection Set: 13.1ms
[2022-04-27T05:45:04.307+0000][2387.171s] GC(1118)   Post Evacuate Collection Set: 1.1ms
[2022-04-27T05:45:04.307+0000][2387.171s] GC(1118)   Other: 0.7ms
[2022-04-27T05:45:04.308+0000][2387.171s] GC(1118) Eden regions: 283->0(280)
[2022-04-27T05:45:04.308+0000][2387.172s] GC(1118) Survivor regions: 18->25(38)
[2022-04-27T05:45:04.309+0000][2387.172s] GC(1118) Old regions: 111->111
[2022-04-27T05:45:04.309+0000][2387.173s] GC(1118) Humongous regions: 7->7
[2022-04-27T05:45:04.309+0000][2387.173s] GC(1118) Metaspace: 56939K->56939K(1101824K)
[2022-04-27T05:45:04.310+0000][2387.174s] GC(1118) Pause Young (Concurrent Start) (G1 Evacuation Pause) 417M->141M(512M) 19.023ms
[2022-04-27T05:45:04.310+0000][2387.174s] GC(1118) User=0.04s Sys=0.00s Real=0.01s
[2022-04-27T05:45:04.311+0000][2387.174s] GC(1119) Concurrent Cycle
[2022-04-27T05:45:04.311+0000][2387.175s] GC(1119) Concurrent Clear Claimed Marks
[2022-04-27T05:45:04.311+0000][2387.175s] GC(1119) Concurrent Clear Claimed Marks 0.329ms
[2022-04-27T05:45:04.312+0000][2387.175s] GC(1119) Concurrent Scan Root Regions
[2022-04-27T05:45:04.317+0000][2387.181s] GC(1119) Concurrent Scan Root Regions 5.714ms
[2022-04-27T05:45:04.318+0000][2387.181s] GC(1119) Concurrent Mark (2387.181s)
[2022-04-27T05:45:04.318+0000][2387.182s] GC(1119) Concurrent Mark From Roots
[2022-04-27T05:45:04.318+0000][2387.182s] GC(1119) Using 2 workers of 2 for marking
[2022-04-27T05:45:04.351+0000][2387.215s] GC(1119) Concurrent Mark From Roots 33.111ms
[2022-04-27T05:45:04.351+0000][2387.215s] GC(1119) Concurrent Preclean
[2022-04-27T05:45:04.352+0000][2387.216s] GC(1119) Concurrent Preclean 0.660ms
[2022-04-27T05:45:04.353+0000][2387.216s] GC(1119) Concurrent Mark (2387.181s, 2387.216s) 34.947ms
[2022-04-27T05:45:04.353+0000][2387.217s] GC(1119) Pause Remark
[2022-04-27T05:45:04.365+0000][2387.229s] GC(1119) Cleaned string and symbol table, strings: 24915 processed, 0 removed, symbols: 137603 processed, 6 removed
[2022-04-27T05:45:04.366+0000][2387.230s] GC(1119) Pause Remark 155M->147M(512M) 12.579ms
[2022-04-27T05:45:04.366+0000][2387.230s] GC(1119) User=0.08s Sys=0.00s Real=0.01s
[2022-04-27T05:45:04.367+0000][2387.231s] GC(1119) Concurrent Rebuild Remembered Sets
[2022-04-27T05:45:04.387+0000][2387.251s] GC(1119) Concurrent Rebuild Remembered Sets 19.946ms
[2022-04-27T05:45:04.388+0000][2387.252s] GC(1119) Pause Cleanup
[2022-04-27T05:45:04.389+0000][2387.252s] GC(1119) Pause Cleanup 149M->149M(512M) 0.681ms
[2022-04-27T05:45:04.389+0000][2387.253s] GC(1119) User=0.01s Sys=0.00s Real=0.00s
[2022-04-27T05:45:04.389+0000][2387.253s] GC(1119) Concurrent Cleanup for Next Mark
[2022-04-27T05:45:04.391+0000][2387.255s] GC(1119) Concurrent Cleanup for Next Mark 1.382ms
[2022-04-27T05:45:04.391+0000][2387.255s] GC(1119) Concurrent Cycle 80.592ms
[2022-04-27T05:48:08.611+0000][2571.474s] GC(1120) Pause Young (Prepare Mixed) (G1 Evacuation Pause)
[2022-04-27T05:48:08.611+0000][2571.475s] GC(1120) Using 8 workers of 8 for evacuation
[2022-04-27T05:48:08.623+0000][2571.487s] GC(1120)   Pre Evacuate Collection Set: 0.0ms
[2022-04-27T05:48:08.624+0000][2571.487s] GC(1120)   Evacuate Collection Set: 6.3ms
[2022-04-27T05:48:08.624+0000][2571.488s] GC(1120)   Post Evacuate Collection Set: 5.4ms
[2022-04-27T05:48:08.624+0000][2571.488s] GC(1120)   Other: 0.8ms
[2022-04-27T05:48:08.625+0000][2571.488s] GC(1120) Eden regions: 280->0(1)
[2022-04-27T05:48:08.625+0000][2571.489s] GC(1120) Survivor regions: 25->25(39)
[2022-04-27T05:48:08.626+0000][2571.489s] GC(1120) Old regions: 103->110
[2022-04-27T05:48:08.626+0000][2571.490s] GC(1120) Humongous regions: 7->7
[2022-04-27T05:48:08.626+0000][2571.490s] GC(1120) Metaspace: 56939K->56939K(1101824K)
[2022-04-27T05:48:08.627+0000][2571.490s] GC(1120) Pause Young (Prepare Mixed) (G1 Evacuation Pause) 413M->139M(512M) 16.094ms
[2022-04-27T05:48:08.627+0000][2571.491s] GC(1120) User=0.09s Sys=0.00s Real=0.02s
[2022-04-27T05:48:08.630+0000][2571.493s] GC(1121) Pause Young (Mixed) (G1 Evacuation Pause)
[2022-04-27T05:48:08.630+0000][2571.494s] GC(1121) Using 8 workers of 8 for evacuation
[2022-04-27T05:48:08.640+0000][2571.503s] GC(1121)   Pre Evacuate Collection Set: 0.0ms
[2022-04-27T05:48:08.640+0000][2571.504s] GC(1121)   Evacuate Collection Set: 8.4ms
[2022-04-27T05:48:08.641+0000][2571.504s] GC(1121)   Post Evacuate Collection Set: 0.7ms
[2022-04-27T05:48:08.641+0000][2571.505s] GC(1121)   Other: 0.9ms
[2022-04-27T05:48:08.641+0000][2571.505s] GC(1121) Eden regions: 1->0(288)
[2022-04-27T05:48:08.642+0000][2571.505s] GC(1121) Survivor regions: 25->2(4)
[2022-04-27T05:48:08.642+0000][2571.506s] GC(1121) Old regions: 110->119
[2022-04-27T05:48:08.642+0000][2571.506s] GC(1121) Humongous regions: 7->7
[2022-04-27T05:48:08.643+0000][2571.506s] GC(1121) Metaspace: 56939K->56939K(1101824K)
[2022-04-27T05:48:08.643+0000][2571.507s] GC(1121) Pause Young (Mixed) (G1 Evacuation Pause) 140M->125M(512M) 13.593ms
[2022-04-27T05:48:08.643+0000][2571.507s] GC(1121) User=0.07s Sys=0.00s Real=0.02s
[2022-04-27T05:48:10.740+0000][2573.604s] GC(1122) Pause Young (Normal) (G1 Evacuation Pause)
[2022-04-27T05:48:10.740+0000][2573.604s] GC(1122) Using 8 workers of 8 for evacuation
[2022-04-27T05:48:10.745+0000][2573.609s] GC(1122)   Pre Evacuate Collection Set: 0.0ms
[2022-04-27T05:48:10.745+0000][2573.609s] GC(1122)   Evacuate Collection Set: 3.2ms
[2022-04-27T05:48:10.746+0000][2573.609s] GC(1122)   Post Evacuate Collection Set: 1.2ms
[2022-04-27T05:48:10.746+0000][2573.610s] GC(1122)   Other: 0.6ms
[2022-04-27T05:48:10.747+0000][2573.610s] GC(1122) Eden regions: 288->0(286)
[2022-04-27T05:48:10.747+0000][2573.611s] GC(1122) Survivor regions: 2->9(37)
[2022-04-27T05:48:10.747+0000][2573.611s] GC(1122) Old regions: 119->119
[2022-04-27T05:48:10.748+0000][2573.611s] GC(1122) Humongous regions: 7->7
[2022-04-27T05:48:10.748+0000][2573.611s] GC(1122) Metaspace: 56939K->56939K(1101824K)
[2022-04-27T05:48:10.748+0000][2573.612s] GC(1122) Pause Young (Normal) (G1 Evacuation Pause) 413M->131M(512M) 8.054ms
[2022-04-27T05:48:10.748+0000][2573.612s] GC(1122) User=0.03s Sys=0.00s Real=0.01s
[2022-04-27T05:48:12.670+0000][2575.534s] GC(1123) Pause Young (Normal) (G1 Evacuation Pause)
[2022-04-27T05:48:12.671+0000][2575.534s] GC(1123) Using 8 workers of 8 for evacuation
[2022-04-27T05:48:12.678+0000][2575.541s] GC(1123)   Pre Evacuate Collection Set: 0.0ms
[2022-04-27T05:48:12.678+0000][2575.542s] GC(1123)   Evacuate Collection Set: 4.7ms
[2022-04-27T05:48:12.679+0000][2575.542s] GC(1123)   Post Evacuate Collection Set: 1.9ms
[2022-04-27T05:48:12.679+0000][2575.543s] GC(1123)   Other: 0.8ms
[2022-04-27T05:48:12.680+0000][2575.543s] GC(1123) Eden regions: 286->0(285)
[2022-04-27T05:48:12.680+0000][2575.544s] GC(1123) Survivor regions: 9->15(37)
[2022-04-27T05:48:12.680+0000][2575.544s] GC(1123) Old regions: 119->119
[2022-04-27T05:48:12.681+0000][2575.544s] GC(1123) Humongous regions: 7->7
[2022-04-27T05:48:12.681+0000][2575.545s] GC(1123) Metaspace: 56939K->56939K(1101824K)
[2022-04-27T05:48:12.681+0000][2575.545s] GC(1123) Pause Young (Normal) (G1 Evacuation Pause) 417M->138M(512M) 10.964ms
[2022-04-27T05:48:12.682+0000][2575.545s] GC(1123) User=0.05s Sys=0.00s Real=0.02s
[2022-04-27T05:48:14.322+0000][2577.186s] GC(1124) Pause Young (Concurrent Start) (G1 Evacuation Pause)
[2022-04-27T05:48:14.323+0000][2577.186s] GC(1124) Using 8 workers of 8 for evacuation
[2022-04-27T05:48:14.337+0000][2577.201s] GC(1124)   Pre Evacuate Collection Set: 0.1ms
[2022-04-27T05:48:14.338+0000][2577.201s] GC(1124)   Evacuate Collection Set: 12.3ms
[2022-04-27T05:48:14.338+0000][2577.202s] GC(1124)   Post Evacuate Collection Set: 1.4ms
[2022-04-27T05:48:14.338+0000][2577.202s] GC(1124)   Other: 0.9ms
[2022-04-27T05:48:14.339+0000][2577.202s] GC(1124) Eden regions: 285->0(282)
[2022-04-27T05:48:14.339+0000][2577.203s] GC(1124) Survivor regions: 15->22(38)
[2022-04-27T05:48:14.339+0000][2577.203s] GC(1124) Old regions: 119->119
[2022-04-27T05:48:14.340+0000][2577.203s] GC(1124) Humongous regions: 7->7
[2022-04-27T05:48:14.340+0000][2577.204s] GC(1124) Metaspace: 56939K->56939K(1101824K)
[2022-04-27T05:48:14.341+0000][2577.204s] GC(1124) Pause Young (Concurrent Start) (G1 Evacuation Pause) 423M->145M(512M) 18.130ms
[2022-04-27T05:48:14.341+0000][2577.205s] GC(1124) User=0.04s Sys=0.00s Real=0.02s
[2022-04-27T05:48:14.341+0000][2577.205s] GC(1125) Concurrent Cycle
[2022-04-27T05:48:14.342+0000][2577.205s] GC(1125) Concurrent Clear Claimed Marks
[2022-04-27T05:48:14.342+0000][2577.206s] GC(1125) Concurrent Clear Claimed Marks 0.484ms
[2022-04-27T05:48:14.342+0000][2577.206s] GC(1125) Concurrent Scan Root Regions
[2022-04-27T05:48:14.348+0000][2577.212s] GC(1125) Concurrent Scan Root Regions 5.688ms
[2022-04-27T05:48:14.348+0000][2577.212s] GC(1125) Concurrent Mark (2577.212s)
[2022-04-27T05:48:14.349+0000][2577.212s] GC(1125) Concurrent Mark From Roots
[2022-04-27T05:48:14.349+0000][2577.212s] GC(1125) Using 2 workers of 2 for marking
[2022-04-27T05:48:14.389+0000][2577.253s] GC(1125) Concurrent Mark From Roots 40.657ms
[2022-04-27T05:48:14.390+0000][2577.253s] GC(1125) Concurrent Preclean
[2022-04-27T05:48:14.390+0000][2577.254s] GC(1125) Concurrent Preclean 0.578ms
[2022-04-27T05:48:14.391+0000][2577.254s] GC(1125) Concurrent Mark (2577.212s, 2577.254s) 42.216ms
[2022-04-27T05:48:14.391+0000][2577.255s] GC(1125) Pause Remark
[2022-04-27T05:48:14.404+0000][2577.267s] GC(1125) Cleaned string and symbol table, strings: 24918 processed, 0 removed, symbols: 137601 processed, 3 removed
[2022-04-27T05:48:14.405+0000][2577.268s] GC(1125) Pause Remark 155M->141M(512M) 13.534ms
[2022-04-27T05:48:14.405+0000][2577.269s] GC(1125) User=0.09s Sys=0.00s Real=0.01s
[2022-04-27T05:48:14.406+0000][2577.269s] GC(1125) Concurrent Rebuild Remembered Sets
[2022-04-27T05:48:14.429+0000][2577.292s] GC(1125) Concurrent Rebuild Remembered Sets 22.860ms
[2022-04-27T05:48:14.429+0000][2577.293s] GC(1125) Pause Cleanup
[2022-04-27T05:48:14.430+0000][2577.294s] GC(1125) Pause Cleanup 149M->149M(512M) 0.603ms
[2022-04-27T05:48:14.430+0000][2577.294s] GC(1125) User=0.00s Sys=0.00s Real=0.00s
[2022-04-27T05:48:14.431+0000][2577.294s] GC(1125) Concurrent Cleanup for Next Mark
[2022-04-27T05:48:14.432+0000][2577.296s] GC(1125) Concurrent Cleanup for Next Mark 1.266ms
[2022-04-27T05:48:14.432+0000][2577.296s] GC(1125) Concurrent Cycle 90.920ms
[2022-04-27T05:48:16.004+0000][2578.868s] GC(1126) Pause Young (Prepare Mixed) (G1 Evacuation Pause)
[2022-04-27T05:48:16.005+0000][2578.868s] GC(1126) Using 8 workers of 8 for evacuation
[2022-04-27T05:48:16.013+0000][2578.877s] GC(1126)   Pre Evacuate Collection Set: 0.0ms
[2022-04-27T05:48:16.014+0000][2578.878s] GC(1126)   Evacuate Collection Set: 4.6ms
[2022-04-27T05:48:16.014+0000][2578.878s] GC(1126)   Post Evacuate Collection Set: 4.0ms
[2022-04-27T05:48:16.015+0000][2578.879s] GC(1126)   Other: 0.5ms
[2022-04-27T05:48:16.015+0000][2578.879s] GC(1126) Eden regions: 282->0(5)
[2022-04-27T05:48:16.016+0000][2578.879s] GC(1126) Survivor regions: 22->20(38)
[2022-04-27T05:48:16.016+0000][2578.880s] GC(1126) Old regions: 104->110
[2022-04-27T05:48:16.017+0000][2578.880s] GC(1126) Humongous regions: 7->7
[2022-04-27T05:48:16.017+0000][2578.881s] GC(1126) Metaspace: 56939K->56939K(1101824K)
[2022-04-27T05:48:16.017+0000][2578.881s] GC(1126) Pause Young (Prepare Mixed) (G1 Evacuation Pause) 413M->135M(512M) 12.946ms
[2022-04-27T05:48:16.018+0000][2578.881s] GC(1126) User=0.06s Sys=0.00s Real=0.01s
[2022-04-27T05:48:16.044+0000][2578.908s] GC(1127) Pause Young (Mixed) (G1 Evacuation Pause)
[2022-04-27T05:48:16.045+0000][2578.908s] GC(1127) Using 8 workers of 8 for evacuation
[2022-04-27T05:48:16.050+0000][2578.914s] GC(1127)   Pre Evacuate Collection Set: 0.0ms
[2022-04-27T05:48:16.050+0000][2578.914s] GC(1127)   Evacuate Collection Set: 4.0ms
[2022-04-27T05:48:16.051+0000][2578.915s] GC(1127)   Post Evacuate Collection Set: 0.8ms
[2022-04-27T05:48:16.051+0000][2578.915s] GC(1127)   Other: 1.1ms
[2022-04-27T05:48:16.052+0000][2578.915s] GC(1127) Eden regions: 5->0(303)
[2022-04-27T05:48:16.052+0000][2578.916s] GC(1127) Survivor regions: 20->4(4)
[2022-04-27T05:48:16.053+0000][2578.916s] GC(1127) Old regions: 110->93
[2022-04-27T05:48:16.053+0000][2578.916s] GC(1127) Humongous regions: 7->7
[2022-04-27T05:48:16.053+0000][2578.917s] GC(1127) Metaspace: 56939K->56939K(1101824K)
[2022-04-27T05:48:16.054+0000][2578.917s] GC(1127) Pause Young (Mixed) (G1 Evacuation Pause) 140M->101M(512M) 9.433ms
[2022-04-27T05:48:16.054+0000][2578.918s] GC(1127) User=0.04s Sys=0.00s Real=0.01s
[2022-04-27T05:48:17.783+0000][2580.647s] GC(1128) Pause Young (Normal) (G1 Evacuation Pause)
[2022-04-27T05:48:17.784+0000][2580.647s] GC(1128) Using 8 workers of 8 for evacuation
[2022-04-27T05:48:17.790+0000][2580.654s] GC(1128)   Pre Evacuate Collection Set: 0.0ms
[2022-04-27T05:48:17.791+0000][2580.654s] GC(1128)   Evacuate Collection Set: 5.0ms
[2022-04-27T05:48:17.791+0000][2580.654s] GC(1128)   Post Evacuate Collection Set: 1.1ms
[2022-04-27T05:48:17.791+0000][2580.655s] GC(1128)   Other: 1.1ms
[2022-04-27T05:48:17.791+0000][2580.655s] GC(1128) Eden regions: 303->0(296)
[2022-04-27T05:48:17.792+0000][2580.655s] GC(1128) Survivor regions: 4->11(39)
[2022-04-27T05:48:17.792+0000][2580.656s] GC(1128) Old regions: 93->93
[2022-04-27T05:48:17.792+0000][2580.656s] GC(1128) Humongous regions: 7->7
[2022-04-27T05:48:17.793+0000][2580.656s] GC(1128) Metaspace: 56939K->56939K(1101824K)
[2022-04-27T05:48:17.793+0000][2580.657s] GC(1128) Pause Young (Normal) (G1 Evacuation Pause) 404M->108M(512M) 9.886ms
[2022-04-27T05:48:17.793+0000][2580.657s] GC(1128) User=0.04s Sys=0.00s Real=0.01s
[2022-04-27T05:48:19.437+0000][2582.300s] GC(1129) Pause Young (Normal) (G1 Evacuation Pause)
[2022-04-27T05:48:19.437+0000][2582.301s] GC(1129) Using 8 workers of 8 for evacuation
[2022-04-27T05:48:19.446+0000][2582.309s] GC(1129)   Pre Evacuate Collection Set: 0.0ms
[2022-04-27T05:48:19.446+0000][2582.310s] GC(1129)   Evacuate Collection Set: 6.9ms
[2022-04-27T05:48:19.446+0000][2582.310s] GC(1129)   Post Evacuate Collection Set: 1.1ms
[2022-04-27T05:48:19.447+0000][2582.310s] GC(1129)   Other: 1.0ms
[2022-04-27T05:48:19.447+0000][2582.311s] GC(1129) Eden regions: 296->0(286)
[2022-04-27T05:48:19.447+0000][2582.311s] GC(1129) Survivor regions: 11->21(39)
[2022-04-27T05:48:19.448+0000][2582.311s] GC(1129) Old regions: 93->93
[2022-04-27T05:48:19.448+0000][2582.312s] GC(1129) Humongous regions: 7->7
[2022-04-27T05:48:19.448+0000][2582.312s] GC(1129) Metaspace: 56939K->56939K(1101824K)
[2022-04-27T05:48:19.449+0000][2582.312s] GC(1129) Pause Young (Normal) (G1 Evacuation Pause) 404M->118M(512M) 12.206ms
[2022-04-27T05:48:19.449+0000][2582.313s] GC(1129) User=0.05s Sys=0.00s Real=0.01s
[2022-04-27T05:48:21.061+0000][2583.924s] GC(1130) Pause Young (Concurrent Start) (G1 Evacuation Pause)
[2022-04-27T05:48:21.061+0000][2583.925s] GC(1130) Using 8 workers of 8 for evacuation
[2022-04-27T05:48:21.081+0000][2583.945s] GC(1130)   Pre Evacuate Collection Set: 0.1ms
[2022-04-27T05:48:21.082+0000][2583.945s] GC(1130)   Evacuate Collection Set: 16.7ms
[2022-04-27T05:48:21.082+0000][2583.946s] GC(1130)   Post Evacuate Collection Set: 3.3ms
[2022-04-27T05:48:21.082+0000][2583.946s] GC(1130)   Other: 0.8ms
[2022-04-27T05:48:21.083+0000][2583.946s] GC(1130) Eden regions: 286->0(291)
[2022-04-27T05:48:21.083+0000][2583.947s] GC(1130) Survivor regions: 21->16(39)
[2022-04-27T05:48:21.083+0000][2583.947s] GC(1130) Old regions: 93->100
[2022-04-27T05:48:21.083+0000][2583.947s] GC(1130) Humongous regions: 7->7
[2022-04-27T05:48:21.084+0000][2583.947s] GC(1130) Metaspace: 56939K->56939K(1101824K)
[2022-04-27T05:48:21.084+0000][2583.948s] GC(1130) Pause Young (Concurrent Start) (G1 Evacuation Pause) 404M->120M(512M) 23.446ms
[2022-04-27T05:48:21.084+0000][2583.948s] GC(1130) User=0.10s Sys=0.00s Real=0.03s
[2022-04-27T05:48:21.085+0000][2583.949s] GC(1131) Concurrent Cycle
[2022-04-27T05:48:21.085+0000][2583.949s] GC(1131) Concurrent Clear Claimed Marks
[2022-04-27T05:48:21.086+0000][2583.949s] GC(1131) Concurrent Clear Claimed Marks 0.556ms
[2022-04-27T05:48:21.086+0000][2583.950s] GC(1131) Concurrent Scan Root Regions
[2022-04-27T05:48:21.090+0000][2583.954s] GC(1131) Concurrent Scan Root Regions 4.316ms
[2022-04-27T05:48:21.091+0000][2583.954s] GC(1131) Concurrent Mark (2583.954s)
[2022-04-27T05:48:21.091+0000][2583.955s] GC(1131) Concurrent Mark From Roots
[2022-04-27T05:48:21.092+0000][2583.956s] GC(1131) Using 2 workers of 2 for marking
[2022-04-27T05:48:21.133+0000][2583.996s] GC(1131) Concurrent Mark From Roots 41.754ms
[2022-04-27T05:48:21.133+0000][2583.997s] GC(1131) Concurrent Preclean
[2022-04-27T05:48:21.134+0000][2583.997s] GC(1131) Concurrent Preclean 0.552ms
[2022-04-27T05:48:21.134+0000][2583.998s] GC(1131) Concurrent Mark (2583.954s, 2583.998s) 43.549ms
[2022-04-27T05:48:21.135+0000][2583.998s] GC(1131) Pause Remark
[2022-04-27T05:48:21.150+0000][2584.014s] GC(1131) Cleaned string and symbol table, strings: 24939 processed, 0 removed, symbols: 137602 processed, 5 removed
[2022-04-27T05:48:21.151+0000][2584.014s] GC(1131) Pause Remark 129M->123M(512M) 15.944ms
[2022-04-27T05:48:21.151+0000][2584.015s] GC(1131) User=0.10s Sys=0.02s Real=0.02s
[2022-04-27T05:48:21.151+0000][2584.015s] GC(1131) Concurrent Rebuild Remembered Sets
[2022-04-27T05:48:21.172+0000][2584.036s] GC(1131) Concurrent Rebuild Remembered Sets 20.771ms
[2022-04-27T05:48:21.172+0000][2584.036s] GC(1131) Pause Cleanup
[2022-04-27T05:48:21.173+0000][2584.036s] GC(1131) Pause Cleanup 133M->133M(512M) 0.359ms
[2022-04-27T05:48:21.173+0000][2584.037s] GC(1131) User=0.00s Sys=0.00s Real=0.00s
[2022-04-27T05:48:21.173+0000][2584.037s] GC(1131) Concurrent Cleanup for Next Mark
[2022-04-27T05:48:21.175+0000][2584.038s] GC(1131) Concurrent Cleanup for Next Mark 1.574ms
[2022-04-27T05:48:21.175+0000][2584.039s] GC(1131) Concurrent Cycle 90.120ms
[2022-04-27T05:49:24.844+0000][2647.708s] GC(1132) Pause Young (Prepare Mixed) (G1 Evacuation Pause)
[2022-04-27T05:49:24.844+0000][2647.708s] GC(1132) Using 8 workers of 8 for evacuation
[2022-04-27T05:49:24.860+0000][2647.724s] GC(1132)   Pre Evacuate Collection Set: 0.0ms
[2022-04-27T05:49:24.861+0000][2647.724s] GC(1132)   Evacuate Collection Set: 7.3ms
[2022-04-27T05:49:24.861+0000][2647.725s] GC(1132)   Post Evacuate Collection Set: 7.9ms
[2022-04-27T05:49:24.861+0000][2647.725s] GC(1132)   Other: 0.8ms
[2022-04-27T05:49:24.862+0000][2647.725s] GC(1132) Eden regions: 291->0(1)
[2022-04-27T05:49:24.862+0000][2647.726s] GC(1132) Survivor regions: 16->27(39)
[2022-04-27T05:49:24.862+0000][2647.726s] GC(1132) Old regions: 94->94
[2022-04-27T05:49:24.863+0000][2647.726s] GC(1132) Humongous regions: 7->7
[2022-04-27T05:49:24.863+0000][2647.727s] GC(1132) Metaspace: 56941K->56941K(1101824K)
[2022-04-27T05:49:24.863+0000][2647.727s] GC(1132) Pause Young (Prepare Mixed) (G1 Evacuation Pause) 405M->125M(512M) 19.412ms
[2022-04-27T05:49:24.864+0000][2647.727s] GC(1132) User=0.10s Sys=0.00s Real=0.02s
[2022-04-27T05:49:24.867+0000][2647.730s] GC(1133) Pause Young (Mixed) (G1 Evacuation Pause)
[2022-04-27T05:49:24.867+0000][2647.731s] GC(1133) Using 8 workers of 8 for evacuation
[2022-04-27T05:49:24.876+0000][2647.739s] GC(1133)   Pre Evacuate Collection Set: 0.0ms
[2022-04-27T05:49:24.876+0000][2647.740s] GC(1133)   Evacuate Collection Set: 7.2ms
[2022-04-27T05:49:24.876+0000][2647.740s] GC(1133)   Post Evacuate Collection Set: 0.9ms
[2022-04-27T05:49:24.877+0000][2647.741s] GC(1133)   Other: 0.8ms
[2022-04-27T05:49:24.877+0000][2647.741s] GC(1133) Eden regions: 1->0(303)
[2022-04-27T05:49:24.878+0000][2647.741s] GC(1133) Survivor regions: 27->2(4)
[2022-04-27T05:49:24.878+0000][2647.742s] GC(1133) Old regions: 94->106
[2022-04-27T05:49:24.878+0000][2647.742s] GC(1133) Humongous regions: 7->7
[2022-04-27T05:49:24.878+0000][2647.742s] GC(1133) Metaspace: 56941K->56941K(1101824K)
[2022-04-27T05:49:24.879+0000][2647.742s] GC(1133) Pause Young (Mixed) (G1 Evacuation Pause) 126M->112M(512M) 12.025ms
[2022-04-27T05:49:24.879+0000][2647.743s] GC(1133) User=0.06s Sys=0.00s Real=0.01s
[2022-04-27T05:49:27.434+0000][2650.298s] GC(1134) Pause Young (Normal) (G1 Evacuation Pause)
[2022-04-27T05:49:27.434+0000][2650.298s] GC(1134) Using 8 workers of 8 for evacuation
[2022-04-27T05:49:27.442+0000][2650.306s] GC(1134)   Pre Evacuate Collection Set: 0.0ms
[2022-04-27T05:49:27.442+0000][2650.306s] GC(1134)   Evacuate Collection Set: 5.7ms
[2022-04-27T05:49:27.443+0000][2650.306s] GC(1134)   Post Evacuate Collection Set: 1.2ms
[2022-04-27T05:49:27.443+0000][2650.307s] GC(1134)   Other: 0.9ms
[2022-04-27T05:49:27.444+0000][2650.307s] GC(1134) Eden regions: 303->0(292)
[2022-04-27T05:49:27.444+0000][2650.308s] GC(1134) Survivor regions: 2->15(39)
[2022-04-27T05:49:27.444+0000][2650.308s] GC(1134) Old regions: 106->106
[2022-04-27T05:49:27.445+0000][2650.308s] GC(1134) Humongous regions: 7->7
[2022-04-27T05:49:27.445+0000][2650.309s] GC(1134) Metaspace: 56941K->56941K(1101824K)
[2022-04-27T05:49:27.445+0000][2650.309s] GC(1134) Pause Young (Normal) (G1 Evacuation Pause) 415M->125M(512M) 11.248ms
[2022-04-27T05:49:27.446+0000][2650.309s] GC(1134) User=0.05s Sys=0.00s Real=0.01s
[2022-04-27T05:49:29.122+0000][2651.986s] GC(1135) Pause Young (Normal) (G1 Evacuation Pause)
[2022-04-27T05:49:29.122+0000][2651.986s] GC(1135) Using 8 workers of 8 for evacuation
[2022-04-27T05:49:29.131+0000][2651.995s] GC(1135)   Pre Evacuate Collection Set: 0.0ms
[2022-04-27T05:49:29.131+0000][2651.995s] GC(1135)   Evacuate Collection Set: 6.9ms
[2022-04-27T05:49:29.132+0000][2651.995s] GC(1135)   Post Evacuate Collection Set: 1.2ms
[2022-04-27T05:49:29.132+0000][2651.996s] GC(1135)   Other: 1.0ms
[2022-04-27T05:49:29.132+0000][2651.996s] GC(1135) Eden regions: 292->0(286)
[2022-04-27T05:49:29.132+0000][2651.996s] GC(1135) Survivor regions: 15->21(39)
[2022-04-27T05:49:29.133+0000][2651.996s] GC(1135) Old regions: 106->106
[2022-04-27T05:49:29.133+0000][2651.997s] GC(1135) Humongous regions: 7->7
[2022-04-27T05:49:29.133+0000][2651.997s] GC(1135) Metaspace: 56941K->56941K(1101824K)
[2022-04-27T05:49:29.133+0000][2651.997s] GC(1135) Pause Young (Normal) (G1 Evacuation Pause) 417M->132M(512M) 11.394ms
[2022-04-27T05:49:29.134+0000][2651.997s] GC(1135) User=0.05s Sys=0.02s Real=0.01s
[2022-04-27T05:49:30.765+0000][2653.629s] GC(1136) Pause Young (Concurrent Start) (G1 Evacuation Pause)
[2022-04-27T05:49:30.765+0000][2653.629s] GC(1136) Using 8 workers of 8 for evacuation
[2022-04-27T05:49:30.778+0000][2653.641s] GC(1136)   Pre Evacuate Collection Set: 0.1ms
[2022-04-27T05:49:30.778+0000][2653.642s] GC(1136)   Evacuate Collection Set: 10.2ms
[2022-04-27T05:49:30.779+0000][2653.642s] GC(1136)   Post Evacuate Collection Set: 1.2ms
[2022-04-27T05:49:30.779+0000][2653.643s] GC(1136)   Other: 1.1ms
[2022-04-27T05:49:30.779+0000][2653.643s] GC(1136) Eden regions: 286->0(288)
[2022-04-27T05:49:30.780+0000][2653.644s] GC(1136) Survivor regions: 21->16(39)
[2022-04-27T05:49:30.780+0000][2653.644s] GC(1136) Old regions: 106->113
[2022-04-27T05:49:30.781+0000][2653.644s] GC(1136) Humongous regions: 7->7
[2022-04-27T05:49:30.781+0000][2653.645s] GC(1136) Metaspace: 56941K->56941K(1101824K)
[2022-04-27T05:49:30.781+0000][2653.645s] GC(1136) Pause Young (Concurrent Start) (G1 Evacuation Pause) 418M->133M(512M) 16.259ms
[2022-04-27T05:49:30.782+0000][2653.645s] GC(1136) User=0.04s Sys=0.00s Real=0.02s
[2022-04-27T05:49:30.782+0000][2653.646s] GC(1137) Concurrent Cycle
[2022-04-27T05:49:30.782+0000][2653.646s] GC(1137) Concurrent Clear Claimed Marks
[2022-04-27T05:49:30.783+0000][2653.646s] GC(1137) Concurrent Clear Claimed Marks 0.387ms
[2022-04-27T05:49:30.783+0000][2653.647s] GC(1137) Concurrent Scan Root Regions
[2022-04-27T05:49:30.786+0000][2653.650s] GC(1137) Concurrent Scan Root Regions 3.200ms
[2022-04-27T05:49:30.787+0000][2653.650s] GC(1137) Concurrent Mark (2653.650s)
[2022-04-27T05:49:30.787+0000][2653.651s] GC(1137) Concurrent Mark From Roots
[2022-04-27T05:49:30.787+0000][2653.651s] GC(1137) Using 2 workers of 2 for marking
[2022-04-27T05:49:30.818+0000][2653.682s] GC(1137) Concurrent Mark From Roots 31.484ms
[2022-04-27T05:49:30.819+0000][2653.683s] GC(1137) Concurrent Preclean
[2022-04-27T05:49:30.820+0000][2653.683s] GC(1137) Concurrent Preclean 0.631ms
[2022-04-27T05:49:30.820+0000][2653.683s] GC(1137) Concurrent Mark (2653.650s, 2653.683s) 33.209ms
[2022-04-27T05:49:30.821+0000][2653.684s] GC(1137) Pause Remark
[2022-04-27T05:49:30.832+0000][2653.696s] GC(1137) Cleaned string and symbol table, strings: 24939 processed, 0 removed, symbols: 137601 processed, 4 removed
[2022-04-27T05:49:30.833+0000][2653.697s] GC(1137) Pause Remark 142M->130M(512M) 12.633ms
[2022-04-27T05:49:30.834+0000][2653.697s] GC(1137) User=0.09s Sys=0.00s Real=0.02s
[2022-04-27T05:49:30.834+0000][2653.698s] GC(1137) Concurrent Rebuild Remembered Sets
[2022-04-27T05:49:30.856+0000][2653.720s] GC(1137) Concurrent Rebuild Remembered Sets 21.647ms
[2022-04-27T05:49:30.857+0000][2653.720s] GC(1137) Pause Cleanup
[2022-04-27T05:49:30.857+0000][2653.721s] GC(1137) Pause Cleanup 141M->141M(512M) 0.625ms
[2022-04-27T05:49:30.858+0000][2653.721s] GC(1137) User=0.00s Sys=0.00s Real=0.00s
[2022-04-27T05:49:30.858+0000][2653.722s] GC(1137) Concurrent Cleanup for Next Mark
[2022-04-27T05:49:30.874+0000][2653.738s] GC(1137) Concurrent Cleanup for Next Mark 16.303ms
[2022-04-27T05:49:30.875+0000][2653.738s] GC(1137) Concurrent Cycle 92.683ms
[2022-04-27T05:49:32.410+0000][2655.274s] GC(1138) Pause Young (Prepare Mixed) (G1 Evacuation Pause)
[2022-04-27T05:49:32.410+0000][2655.274s] GC(1138) Using 8 workers of 8 for evacuation
[2022-04-27T05:49:32.420+0000][2655.284s] GC(1138)   Pre Evacuate Collection Set: 0.0ms
[2022-04-27T05:49:32.421+0000][2655.284s] GC(1138)   Evacuate Collection Set: 5.6ms
[2022-04-27T05:49:32.421+0000][2655.285s] GC(1138)   Post Evacuate Collection Set: 3.4ms
[2022-04-27T05:49:32.421+0000][2655.285s] GC(1138)   Other: 0.9ms
[2022-04-27T05:49:32.422+0000][2655.286s] GC(1138) Eden regions: 288->0(1)
[2022-04-27T05:49:32.422+0000][2655.286s] GC(1138) Survivor regions: 16->24(38)
[2022-04-27T05:49:32.422+0000][2655.286s] GC(1138) Old regions: 101->101
[2022-04-27T05:49:32.423+0000][2655.286s] GC(1138) Humongous regions: 7->7
[2022-04-27T05:49:32.423+0000][2655.287s] GC(1138) Metaspace: 56941K->56941K(1101824K)
[2022-04-27T05:49:32.423+0000][2655.287s] GC(1138) Pause Young (Prepare Mixed) (G1 Evacuation Pause) 409M->129M(512M) 13.284ms
[2022-04-27T05:49:32.424+0000][2655.287s] GC(1138) User=0.06s Sys=0.01s Real=0.02s
[2022-04-27T05:49:32.429+0000][2655.292s] GC(1139) Pause Young (Mixed) (G1 Evacuation Pause)
[2022-04-27T05:49:32.429+0000][2655.293s] GC(1139) Using 8 workers of 8 for evacuation
[2022-04-27T05:49:32.436+0000][2655.300s] GC(1139)   Pre Evacuate Collection Set: 0.0ms
[2022-04-27T05:49:32.437+0000][2655.300s] GC(1139)   Evacuate Collection Set: 5.6ms
[2022-04-27T05:49:32.437+0000][2655.301s] GC(1139)   Post Evacuate Collection Set: 1.0ms
[2022-04-27T05:49:32.437+0000][2655.301s] GC(1139)   Other: 0.8ms
[2022-04-27T05:49:32.438+0000][2655.301s] GC(1139) Eden regions: 1->0(305)
[2022-04-27T05:49:32.438+0000][2655.302s] GC(1139) Survivor regions: 24->2(4)
[2022-04-27T05:49:32.438+0000][2655.302s] GC(1139) Old regions: 101->104
[2022-04-27T05:49:32.439+0000][2655.302s] GC(1139) Humongous regions: 7->7
[2022-04-27T05:49:32.439+0000][2655.303s] GC(1139) Metaspace: 56941K->56941K(1101824K)
[2022-04-27T05:49:32.439+0000][2655.303s] GC(1139) Pause Young (Mixed) (G1 Evacuation Pause) 130M->111M(512M) 10.577ms
[2022-04-27T05:49:32.440+0000][2655.303s] GC(1139) User=0.05s Sys=0.00s Real=0.01s
[2022-04-27T05:49:34.143+0000][2657.006s] GC(1140) Pause Young (Normal) (G1 Evacuation Pause)
[2022-04-27T05:49:34.143+0000][2657.007s] GC(1140) Using 8 workers of 8 for evacuation
[2022-04-27T05:49:34.151+0000][2657.014s] GC(1140)   Pre Evacuate Collection Set: 0.0ms
[2022-04-27T05:49:34.151+0000][2657.015s] GC(1140)   Evacuate Collection Set: 5.6ms
[2022-04-27T05:49:34.152+0000][2657.015s] GC(1140)   Post Evacuate Collection Set: 1.8ms
[2022-04-27T05:49:34.152+0000][2657.016s] GC(1140)   Other: 0.9ms
[2022-04-27T05:49:34.152+0000][2657.016s] GC(1140) Eden regions: 305->0(293)
[2022-04-27T05:49:34.153+0000][2657.016s] GC(1140) Survivor regions: 2->14(39)
[2022-04-27T05:49:34.153+0000][2657.017s] GC(1140) Old regions: 104->104
[2022-04-27T05:49:34.153+0000][2657.017s] GC(1140) Humongous regions: 7->7
[2022-04-27T05:49:34.154+0000][2657.017s] GC(1140) Metaspace: 56941K->56941K(1101824K)
[2022-04-27T05:49:34.154+0000][2657.018s] GC(1140) Pause Young (Normal) (G1 Evacuation Pause) 416M->123M(512M) 11.429ms
[2022-04-27T05:49:34.154+0000][2657.018s] GC(1140) User=0.05s Sys=0.00s Real=0.01s
[2022-04-27T05:49:35.942+0000][2658.805s] GC(1141) Pause Young (Normal) (G1 Evacuation Pause)
[2022-04-27T05:49:35.942+0000][2658.806s] GC(1141) Using 8 workers of 8 for evacuation
[2022-04-27T05:49:35.954+0000][2658.818s] GC(1141)   Pre Evacuate Collection Set: 0.0ms
[2022-04-27T05:49:35.954+0000][2658.818s] GC(1141)   Evacuate Collection Set: 9.3ms
[2022-04-27T05:49:35.955+0000][2658.818s] GC(1141)   Post Evacuate Collection Set: 2.0ms
[2022-04-27T05:49:35.955+0000][2658.819s] GC(1141)   Other: 0.8ms
[2022-04-27T05:49:35.955+0000][2658.819s] GC(1141) Eden regions: 293->0(282)
[2022-04-27T05:49:35.956+0000][2658.819s] GC(1141) Survivor regions: 14->25(39)
[2022-04-27T05:49:35.956+0000][2658.820s] GC(1141) Old regions: 104->104
[2022-04-27T05:49:35.956+0000][2658.820s] GC(1141) Humongous regions: 7->7
[2022-04-27T05:49:35.957+0000][2658.820s] GC(1141) Metaspace: 56941K->56941K(1101824K)
[2022-04-27T05:49:35.957+0000][2658.821s] GC(1141) Pause Young (Normal) (G1 Evacuation Pause) 416M->133M(512M) 15.123ms
[2022-04-27T05:49:35.957+0000][2658.821s] GC(1141) User=0.08s Sys=0.00s Real=0.01s
[2022-04-27T05:49:37.622+0000][2660.485s] GC(1142) Pause Young (Concurrent Start) (G1 Evacuation Pause)
[2022-04-27T05:49:37.622+0000][2660.485s] GC(1142) Using 8 workers of 8 for evacuation
[2022-04-27T05:49:37.637+0000][2660.501s] GC(1142)   Pre Evacuate Collection Set: 0.1ms
[2022-04-27T05:49:37.638+0000][2660.501s] GC(1142)   Evacuate Collection Set: 13.7ms
[2022-04-27T05:49:37.638+0000][2660.502s] GC(1142)   Post Evacuate Collection Set: 1.2ms
[2022-04-27T05:49:37.639+0000][2660.502s] GC(1142)   Other: 0.8ms
[2022-04-27T05:49:37.639+0000][2660.503s] GC(1142) Eden regions: 282->0(278)
[2022-04-27T05:49:37.639+0000][2660.503s] GC(1142) Survivor regions: 25->22(39)
[2022-04-27T05:49:37.640+0000][2660.503s] GC(1142) Old regions: 104->113
[2022-04-27T05:49:37.640+0000][2660.504s] GC(1142) Humongous regions: 7->7
[2022-04-27T05:49:37.640+0000][2660.504s] GC(1142) Metaspace: 56941K->56941K(1101824K)
[2022-04-27T05:49:37.641+0000][2660.504s] GC(1142) Pause Young (Concurrent Start) (G1 Evacuation Pause) 415M->140M(512M) 19.187ms
[2022-04-27T05:49:37.641+0000][2660.505s] GC(1142) User=0.06s Sys=0.01s Real=0.02s
[2022-04-27T05:49:37.642+0000][2660.505s] GC(1143) Concurrent Cycle
[2022-04-27T05:49:37.642+0000][2660.506s] GC(1143) Concurrent Clear Claimed Marks
[2022-04-27T05:49:37.642+0000][2660.506s] GC(1143) Concurrent Clear Claimed Marks 0.435ms
[2022-04-27T05:49:37.643+0000][2660.506s] GC(1143) Concurrent Scan Root Regions
[2022-04-27T05:49:37.647+0000][2660.511s] GC(1143) Concurrent Scan Root Regions 4.311ms
[2022-04-27T05:49:37.647+0000][2660.511s] GC(1143) Concurrent Mark (2660.511s)
[2022-04-27T05:49:37.648+0000][2660.511s] GC(1143) Concurrent Mark From Roots
[2022-04-27T05:49:37.648+0000][2660.512s] GC(1143) Using 2 workers of 2 for marking
[2022-04-27T05:49:37.682+0000][2660.546s] GC(1143) Concurrent Mark From Roots 34.464ms
[2022-04-27T05:49:37.683+0000][2660.546s] GC(1143) Concurrent Preclean
[2022-04-27T05:49:37.683+0000][2660.547s] GC(1143) Concurrent Preclean 0.570ms
[2022-04-27T05:49:37.684+0000][2660.547s] GC(1143) Concurrent Mark (2660.511s, 2660.547s) 36.143ms
[2022-04-27T05:49:37.684+0000][2660.548s] GC(1143) Pause Remark
[2022-04-27T05:49:37.695+0000][2660.559s] GC(1143) Cleaned string and symbol table, strings: 24939 processed, 0 removed, symbols: 137601 processed, 4 removed
[2022-04-27T05:49:37.696+0000][2660.560s] GC(1143) Pause Remark 153M->143M(512M) 11.957ms
[2022-04-27T05:49:37.697+0000][2660.560s] GC(1143) User=0.08s Sys=0.00s Real=0.01s
[2022-04-27T05:49:37.697+0000][2660.561s] GC(1143) Concurrent Rebuild Remembered Sets
[2022-04-27T05:49:37.719+0000][2660.583s] GC(1143) Concurrent Rebuild Remembered Sets 21.758ms
[2022-04-27T05:49:37.720+0000][2660.584s] GC(1143) Pause Cleanup
[2022-04-27T05:49:37.721+0000][2660.584s] GC(1143) Pause Cleanup 147M->147M(512M) 0.650ms
[2022-04-27T05:49:37.721+0000][2660.584s] GC(1143) User=0.00s Sys=0.00s Real=0.01s
[2022-04-27T05:49:37.721+0000][2660.585s] GC(1143) Concurrent Cleanup for Next Mark
[2022-04-27T05:49:37.736+0000][2660.600s] GC(1143) Concurrent Cleanup for Next Mark 14.657ms
[2022-04-27T05:49:37.736+0000][2660.600s] GC(1143) Concurrent Cycle 94.833ms
[2022-04-27T06:00:03.237+0000][3286.100s] Heap
[2022-04-27T06:00:03.237+0000][3286.101s]  garbage-first heap   total 524288K, used 358034K [0x00000000e0000000, 0x0000000100000000)
[2022-04-27T06:00:03.237+0000][3286.101s]   region size 1024K, 243 young (248832K), 22 survivors (22528K)
[2022-04-27T06:00:03.238+0000][3286.102s]  Metaspace       used 57044K, capacity 58386K, committed 58960K, reserved 1101824K
[2022-04-27T06:00:03.238+0000][3286.102s]   class space    used 6210K, capacity 6705K, committed 6912K, reserved 1048576K
